ABERDEEN
ABERDEENSHIRE
ABERGAVENNY
ABERSYCHAN
ABERTAWE
ABERTILLERY
ABINGDON
ACCRINGTON
ACKWORTH
ACTON
ADDINGHAM
ADELAIDE
ADELPHI
ADLINGTON
ALABAMA
ALBANY
ALCESTER
ALDEBURGH
ALDENHAM
ALDERLEY EDGE
ALDERMANBURY
ALDERSHOT
ALEXANDRIA
ALFORD
ALFRETON
ALLAHABAD
ALLOA
ALNWICK
ALSTON
ALTERSTONE
ALTINGHAM
ALTON
ALTRINCHAM
AMBLE
AMBLESIDE
AMERSHAM
AMPTHILL
AMSTERDAM
ANDOVER
ANDROSSAN
ANERLEY
ANNANDALE
ANTWERP
APIA
APPLEBY
ARBROATH
ARDINGLY
ARMLEY
ARUNDEL
ASHBOURNE
ASHBURTON
ASHBY-DE-LA-ZOUCH
ASHFORD
ASHTEAD
ASHTON
ASHTON-UNDER-LYME
ASHTON-UNDER-LYNE
ASTON
ASTON CROSS
ATHENS
ATHERSTONE
ATHERTON
ATTERCLIFFE
AUCKLAND
AXBRIDGE
AXMINSTER
AYLESBURY
AYR
BACUP
BAGALORE
BAKEWELL
BALA
BALDOCK
BALSALL HEATH
BALTIMORE
BANBURY
BANGALORE
BANGOR
BARBICAN
BARKING
BARNARD CASTLE
BARNES
BARNET
BARNSLEY
BARNSTAPLE
BARRHEAD
BARROW
BARROW-IN-FURNESS
BARRY DOCK TOWN
BARTHOLOMEW CLOSE
BARTON ON HUMBER
BARTON-UPON-HUMBER
BASINGSTOKE
BASINGTON
BATH
BATHGATE
BATLEY
BATTERSEA RISE
BAYSWATER
BEAUMARIS
BEBINGTON
BECCLES
BECKENHAM
BEDALE
BEDFORD
BEDWORTH
BEESTON
BELFAST
BELLARY
BELPER
BEMERSLEY
BEMROSE
BENSHAM
BERKELEY
BERKHAMSTED
BERLIN
BERMONDSEY
BERNE
BERWICK
BERWICK-UPON-TWEED
BETHLEHEM
BEVERLEY
BEWDLEY
BEXHILL-ON-SEA
BEXLEY
BEXLEYHEATH
BICESTER
BIDDULPH
BIDEFORD
BIDFORD
BIGGLESWADE
BILSTON
BINGLEY
BIRKENHEAD
BIRMINGHAM
BIRSTALL
BIRTLEY
BISHOP AUCKLAND
BISHOP STORTFORD
BISHOP'S CASTLE
BISHOPWEARMOUTH
BLACK HEATH
BLACKBURN
BLACKFRIARS
BLACKHEATH
BLACKPOOL
BLAKENEY
BLANDFORD
BLOEMFONTEIN
BLUE TOWN
BLYTH
BOCKING
BODMIN
BOGNOR
BOGNOR REGIS
BOLLINGTON
BOLOGNA
BOLTON
BOMBAY
BONTHE
BOOTLE
BORDEAUX
BOREHAM WOOD
BORNEMOUTH
BOROUGH OF SALISBURY
BOROUGH OF WALSALL
BOSCOMBE
BOSTON
BOSTON SPA
BOURNEMOUTH
BOWDON
BRACKLEY
BRADFORD
BRADFORD-ON-AVON
BRAINTREE
BRAMPTON-BIERLOW
BRANDSBY
BRANKSOME
BRANTWOOD
BRECON
BRENT
BRENTFORD
BRENTWOOD
BREWOOD
BRIDGEND
BRIDGETOWN
BRIDGEWATER
BRIDGNORTH
BRIDGWATER
BRIDLINGTON
BRIDLINGTON-QUAY
BRIDPORT
BRIERHILL
BRIERLEY HILL
BRIGG
BRIGHOUSE
BRIGHTON
BRILL
BRISBANE
BRISTOL
BRIXHAM
BRIXTON
BROADMOOR
BROADSTAIRS
BROADWAY
BROCKHURST HILL
BROCKLEY
BROMLEY
BROMPTON
BROMSGROVE
BROMYARD
BROWNHILLS
BRUGES
BRUSSELS
BRUXELLES
BUCKFASTLEIGH
BUCKHURST HILL
BUCKINGHAM
BUCKLERSBURY
BUDAPEST
BUDLEIGH SALTERTON
BUILTH WELLS
BURNEY
BURNHAM
BURNHAM-ON-SEA
BURNLEY
BURNTISLAND
BURSLEM
BURTON
BURTON-UPON-TRENT
BURY
BURY SAINT EDMUNDS
BURY ST EDMUNDS
BUXTON
CADBURY
CAERLEON
CAERNARFON
CAERNARVON
CALAIS
CALCUTTA
CALLINGTON
CALNE
CALTON
CAMBERLEY
CAMBERWELL
CAMBORNE
CAMBRAI
CAMBRIDGE
CAMDEN
CAMDEN-TOWN
CAMELFORD
CAMPBELTOWN
CANNING TOWN
CANNOCK
CANTERBURY
CANTON
CAPE COLONY
CAPE TOWN
CARDIFF
CARDIFF (CAERDYD)
CARLISLE
CARMARTHEN
CARNARVON
CARNFORTH
CARNMARTH
CARSHALTON
CASTLE CARY
CASTLE DONINGTON
CASTLEBAR
CASTLEFORD
CASTLETOWN
CATERHAM
CHALFONT ST. GILES
CHAPEL-EN-LE-FRITH
CHARD
CHARLESTON
CHARLESTOWN
CHATHAM
CHATTERIS
CHEADLE
CHEAM
CHEETHAM
CHELMSFORD
CHELSEA
CHELTENHAM
CHEPSTOW
CHERTSEY
CHESHAM
CHESTER
CHESTER-LE-STREET
CHESTERFIELD
CHICAGO
CHICHESTER
CHILWORTH
CHIPPENHAM
CHIPPING CAMPDEN
CHIPPING NORTON
CHISLEHURST
CHISLEHURST WEST
CHISWICK
CHORLEY
CHRISTCHURCH
CHUDLEIGH
CHURCH STRETTON
CINCINNATI
CINDERFORD
CIRENCESTER
CLACTON
CLACTON-ON-SEA
CLAPHAM
CLAPHAM COMMON
CLAPTON PARK
CLARE
CLAY CROSS
CLAYTON-LE-MOORS
CLECKHEATON
CLEETHORPES
CLERKENWELL
CLEVEDON
CLEVELAND
CLIFFORD CHAMBERS
CLIFTON
CLIPSTON
CLIPSTONE
CLITHEROE
CLONMEL
COALVILLE
COATBRIDGE
COCKERMOUTH
COCKINGTON
COLCHESTER
COLEBROOKE
COLEFORD
COLESHILL
COLNE
COLOGNE
COLOMBO
COLUMBUS
CONGLETON
CONNECTICUT
CONSETT
COPENHAGEN
CORFE CASTLE
CORK
CORNHILL
COVENTRY
CRADLEY HEATH
CRANBROOK
CRAWLEY
CREDITON
CREWE
CREWKERNE
CROMER
CROMFORD
CROSBY
CROWLAND
CROYDON
CURZON STREET
DALRY
DALSTON
DALTON-IN-FURNESS
DANEHILL
DARLASTON
DARLINGTON
DARTFORD
DARTMOUTH
DARWEN
DAVENPORT
DAVENTRY
DAWLISH
DEAL
DEANSGATE
DEDDINGTON
DELHI
DEMERARA
DENBIGH
DENTON
DEPTFORD
DERBY
DEREHAM
DETROIT
DEVIZES
DEVON
DEVONPORT
DEWSBURY
DIDSBURY, PARISH OF
DIJON
DINGWALL
DISS
DONCASTER
DORCHESTER
DORDRECHT
DORKING
DOUGLAS
DOVER
DOWNHAM
DOWNHAM MARKET
DRIFFIELD
DROITWICH
DROYLSDEN
DUBLIN
DUDLEY
DUKINFIELD
DULWICH
DUMFRIES
DUNDEE
DUNFERMLINE
DUNK'S GREEN
DUNKIRK
DUNMOW
DUNS
DUNSTABLE
DURBAN
DURHAM
DURSLEY
DUSSELDORF
DYFED
EALING
EARLESTOWN
EARLS BARTON
EARLSFIELD
EASINGWOLD
EAST BOWLING
EAST DEREHAM
EAST GRINSTEAD
EAST HAM
EASTBOURNE
EASTLEIGH
EASTWOOD
EASY ROW
ECCLES
EDENSOR
EDGBASTON
EDINBURGH
EDINGTON
EGHAM
EGREMONT
ELGIN
ELLAND
ELTHAM
ELY
EMSWORTH
ENFIELD
ENNIS
EPPING
EPSOM
EPWORTH
ERITH
ESSEX
ETON
ETON COLLEGE
EVESHAM
EWELL
EXETER
EXETOR
EXMOUTH
FAKENHAM
FALMOUTH
FARINGDON
FARNHAM
FARNWORTH
FAVERSHAM
FELIXSTOWE
FELLING
FELSTED
FENNY STRATFORD
FENTON
FILEY
FINCHLEY
FINDHORN
FINEDON
FINSBURY
FISHGUARD
FLEET
FLEET STREET
FLEETWOOD
FLORENCE
FOLESHILL
FOLKESTONE
FOREST GATE
FOREST HILL
FORFAR
FORMBY
FORRES
FRAMLINGHAM
FRANKFURT
FREIBURG
FRESHWATER
FRIZINGHALL
FROME
FULHAM
GAINSBOROUGH
GALASHIELS
GALLEN
GALWAY
GARSTON
GATESHEAD
GATESHEAD-ON-TYNE
GEELONG
GENEVA
GENOA
GIBRALTAR
GIESSEN
GILLINGHAM
GILMANTON
GLAMORGAN
GLASGOW
GLASTONBURY
GLENCORSE
GLOSSOP
GLOUCESTER
GODALMING
GOLSPIE
GOOLE
GORTIN
GORTON
GOSPORT
GOVAN
GOVANHILL
GRANGE
GRANTHAM
GRASMERE
GRAVESEND
GRAYS THURROCK
GREASBROUGH
GREAT GRIMSBY
GREAT HARWOOD
GREAT MALVERN
GREAT YARMOUTH
GREAT-DRIFFIELD
GREENHEYS
GREENHITHE
GREENOCK
GREENWICH
GRIMSBY
GUERNSEY
GUILDFORD
GUILFORD
GUISBOROUGH
GöTTINGEN
HACKBRIDGE
HACKNEY
HADDINGTON
HADLOW
HAGBOURNE
HAGUE
HAILEYBURY
HAILSHAM
HAJE
HALESWORTH
HALIFAX
HALLE AN DER SAALE
HALLE AN DER SALLE
HALSTEAD
HALTWHISTLE
HAMBURG
HAMMERSMITH
HAMPSTEAD
HAMPTON WICK
HANDSWORTH
HANLEY
HANTS
HARBORNE
HARBURY
HARDWICKE
HARLESTON
HARLOW
HARPENDEN
HARROGATE
HARROW
HARROW-ON-THE-HILL
HARTLAND
HARTLEPOOL
HARVARD
HARWICH
HARWICK
HASLEMERE
HASLINGDEN
HASSOCKS
HASTINGS
HAVANT
HAVERFORDWEST
HAVERHILL
HAVERING
HAWES
HAWICK
HAWKHURST
HAWORTH
HAYDOCK
HAYLE
HAYWARDS HEATH
HAZEL GROVE
HEANOR
HEATH
HEBDEN BRIDGE
HECKMONDWIKE
HEDNESFORD
HELSINGFORS
HELSINKI
HELSTON
HEMEL HEMPSTEAD
HEMSWORTH
HENDON
HENFIELD
HENLEY-ON-THAMES
HEREFORD
HERNE BAY
HERTFORD
HETTON
HEXHAM
HEYSIDE
HEYWOOD
HIBALDSTOW
HIGH WYCOMBE
HIGHBRIDGE
HIGHGATE
HIGHWORTH
HILDERTHORPE
HILLINGDON
HINCKLEY
HINDLEY
HITCHIN
HOBART
HOBART TOWN
HODDESDON
HOLBEACH
HOLDERNESS
HOLMFIRTH
HOLSWORTHY
HOLT
HOLYHEAD
HOLYWELL
HOMERTON
HONITON
HORBURY
HORLEY
HORNCASTLE
HORNSEA
HORNSEY
HORNSEY RISE
HORSFORTH
HORSHAM
HORSTED KEYNES
HORWICH
HOUGHTON-LE-SPRING
HOUNSLOW
HOVE
HOWDEN
HOXTON
HOYLAKE
HUCKNALL
HUCKNELL
HUDDERSFIELD
HULL
HULME
HUNGERFORD
HUNSTANTON
HUNTINGDON
HURSTPIERPOINT
HYDE
HYTHE
ILFORD
ILFRACOMBE
ILKESTON
ILKLEY
INDIANA
INGRAVE
INVERNESS
IPSWICH
IRONVILLE
IRRINGTON-ON-THE-HUDSON
ISLEWORTH
ISLINGTON
IVES
JARROW
JARROW-ON-TYNE
JEDBURGH
JERSEY
JHANSI
JOHANNESBURG
JOHNSTONE
KEIGHLEY
KELSO
KENDAL
KENILWORTH
KENSAL GREEN
KENSINGTON
KENTISH TOWN
KESWICK
KETTERING
KEW
KEYMER
KIDDERMINSTER
KIDMORE END
KILBURN
KILMARNOCK
KING'S LYNN
KINGS LANGLEY
KINGS LYNN
KINGS NORTON
KINGSBRIDGE
KINGSLAND
KINGSTON
KINGSTON UPON THAMES
KINGSTON-UPON-HULL
KINGSTON-UPON-THAMES
KINGSTOWN
KINGTON
KINVER
KIRKBY LONSDALE
KIRKBY-STEPHEN
KIRKGATE
KIRKWALL
KNARESBOROUGH
KNIGHTSBRIDGE
KNOTTINGLEY
KNOWLE
KNOWSLEY
KNUTSFORD
LA HAJE
LAHORE
LAMBERHURST
LAMBETH
LAMPORT
LANARKSHIRE
LANCASTER
LANDPORT
LANGHOLM
LAUNCESTON
LAUSANNE
LAXTON
LEAMINGTON
LEAMINGTON SPA
LEATHERHEAD
LECKHAMPTON
LEDBURY
LEE
LEEDS
LEEK
LEICESTER
LEIGH
LEIGHTON BUZZARD
LEIPSIG
LEIPZIG
LEISESTER
LEISTER
LEITH
LEOMINSTER
LERWICK
LESBURY
LETCHWORTH
LEVEN
LEVENSHULME
LEWES
LEWISHAM
LEYLAND
LEYTON
LEYTONSTONE
LICHFIELD
LIMAVADY
LIMERICK
LINACRE
LINCOLN
LINDFIELD
LINLITHGOWSHIRE
LINTON
LISBON
LISKEARD
LITTLEBOROUGH
LITTLEHAMPTON
LITTLEPORT
LIVERPOOL
LLANDOVERY
LLANDUDNO
LLANELLY
LLANGHOLLEN
LLANIDLOES
LODIANA
LOFTUS
LONDON
LONDON BLOOMSBURY
LONDON E.
LONDON E.C.
LONDON HIGH HOLBORN
LONDON HOLBORN-CIRCUS
LONDON LINCOLNSHIRE'S-INN-FIELDS
LONDON N.
LONDON N.E.
LONDON N.W.
LONDON PATERNOSTER ROW
LONDON S.E.
LONDON S.W.
LONDON SOHO
LONDON W.
LONDON W.C.
LONDON, BOLT COURT
LONDON, E.C.
LONDONDERRY
LONG EATON
LONGFIELD
LONGFORD
LONGTON
LONGTOWN
LOTHIAN
LOUGHBOROUGH
LOUGHTON
LOUTH
LOUVAINE
LOWES
LOWESTOFT
LUDEN
LUDLOW
LUTON
LUTTERWORTH
LYDNEY
LYME REGIS
LYMINGTON
LYMM
LYNN
LYNN REGIS
LYNTON
LYTHAM
LYTHAM SAINT ANNE'S
MABE BURNTHOUSE
MABLETHORPE
MACCLESFIELD
MADELEY
MADRAS
MADRID
MAGHULL
MAIDENHEAD
MAIDSTONE
MALDON
MALMESBURY
MALTON
MALVERN
MALVERN LINK
MANCHESTER
MANEA FEN
MANNINGTREE
MANSFIELD
MARCH
MARGATE
MARKET DEEPING
MARKET HARBOROUGH
MARKET RASEN
MARKET WEIGHTON
MARLBOROUGH
MARLEY HILL
MARSKE-BY-THE-SEA
MARTOCK
MARY-LE-STRAND
MARYLEBONE
MARYPORT
MASSACHUSETTS
MATLOCK
MAYBOLE
MEDFORD
MEERUT
MELBOURNE
MELKSHAM
MELTON
MELTON MOWBRAY
MERIDEN
MERTHYR
MERTHYR TYDFIL
MERTON
METHWOLD
MEXBOROUGH
MIDDLEBURY
MIDDLEHAM
MIDDLESBOROUGH
MIDDLESBROUGH
MIDDLESBROUGH-ON-TEES
MIDDLESEX
MIDDLETON
MIDDLEWICH
MIDHURST
MILDENHALL
MILFORD
MILL HILL
MILLGATE
MILLOM
MILVERTON
MINEHEAD
MINERAL POINT
MINORIES
MIRFIELD
MISTERTON
MITCHAM
MODBURY
MOLD
MONMOUTH
MONOGHAN
MONTREAL
MONTREUX
MONTROSE
MOORFIELD
MOORHEAD
MORECAMBE
MORETON-IN-MARSH
MORLEY
MORPETH
MOSCOW
MOSELEY
MOSSLEY
MULLINGAR
MUNICH
MUSSELBURGH
MYSORE
NAIRNSHIRE
NANTWICH
NAPIER
NAPLES
NATAL
NELSON
NEOTS
NETHERGATE
NEW BRIGHTON
NEW DELHI
NEW HAMPSHIRE
NEW HAVEN
NEW MALDEN
NEW MILLS
NEW ROCHELLE
NEW SOUTH WALES
NEW WANDSWORTH
NEW WORTLEY
NEW YORK
NEWARK
NEWARK [-ON-TRENT]
NEWBURY
NEWCASTLE
NEWCASTLE-ON-TYNE
NEWCASTLE-UNDER-LYME
NEWCASTLE-UPON-TYNE
NEWENT
NEWGATE
NEWHAM
NEWHAVEN
NEWINGTON
NEWMARKET
NEWPORT
NEWPORT PAGNELL
NEWPORT-PAGNEL
NEWQUAY
NEWTON
NEWTON ABBOT
NEWTON BUTTS
NEWTON RIGG
NEWTON-LE-WILLOWS
NEWTOWN
NICE
NORFOLK
NORLAND
NORMANTON
NORTH ELHAM
NORTH SHIELDS
NORTH WALSHAM
NORTH AND SOUTH SHIELDS
NORTHALLERTON
NORTHAMPTON
NORTHFIELD
NORTHILL
NORTHLEACH
NORTHWICH
NORTHWOOD
NORTON
NORWICH
NORWOOD
NOTTINGHAM
NUNEATON
NUNHEAD
NUREMBERG
NUTTALL
OAKFORD
OAKHAM
OAKLANDS
OBAN
OBERLIN
OFFERTON
OHIO
OLD HILL
OLDBURY
OLDHAM
OLLERTON
OLNEY
OPENSHAW
ORANGE FREE STATE
ORBISTON
ORMSKIRK
ORPINGTON
OSCOTT
OSSETT
OSWALDTWISTLE
OSWESTRY
OTLEY
OTTAWA
OTTERY
OUNDLE
OXFORD
OXTED
PADDINGTON, PARISH OF
PADIHAM
PAIGNTON
PAISLEY
PANCRAS
PARIS
PARSONSTOWN
PATELEY BRIDGE
PEEL
PEMBROKE
PENDEEN
PENDLEBURY
PENDLETON
PENISTONE
PENNSYLVANIA
PENRITH
PENRYN
PENZANCE
PERSHORE
PERTH
PETERBOROUGH
PETERHEAD
PETERSFIELD
PHILADELPHIA
PICCADILLY
PILLING
PIMLICO
PINNER
PISA
PLAISTOW
PLUMSTEAD
PLYMOUTH
PLYMPTON
POCKLINGTON
PONTARDULAIS
PONTEFRACT
PONTYPOOL
POOLE
POPLAR
PORT ELIZABETH
PORT NICHOLSON
PORT STANLEY
PORT SUNLIGHT
PORTISHEAD
PORTLAND
PORTOBELLO
PORTSEA
PORTSMOUTH
POTTERS BAR
PRESCOT
PRESTBURY
PRESTON
PRESTWICH
PRETORIA
PUDSEY
PUTNEY
QUEENSFERRY
QUEENSTOWN
QUEENWOOD
RADCLIFFE
RADSTOCK
RAMSBOTTOM
RAMSEY
RAMSGATE
RANGOON
RAWMARSH
RAWTENSTALL
READING
REDBRIDGE
REDCAR
REDCLIFFE
REDDITCH
REDHILL
REDRUTH
REIGATE
RETFORD
RHAYADER
RHODESIA
RHYL
RHYMNEY
RICHMOND
RICHMOND UPON THAMES
RICKMANSWORTH
RINGWOOD
RIPLEY
RIPON
RISHTON
RIVINGTON
ROBERTSBRIDGE
ROCHDALE
ROCHESTER
ROCK FERRY
ROEHAMPTON
ROME
ROMFORD
ROMSEY
ROSS
ROSS-ON-WYE
ROSSENDALE
ROTHERHAM
ROTHERHITHE
ROTHESAY
ROTHWELL
ROUSDON
ROYSTON
RUABON
RUDGWICK
RUE ST. HONORE
RUGBY
RUGELEY
RUNCORN
RUSHDEN
RUTHERGLEN
RUTHIN
RYDE
RYE
SABDEN
SADDLEWORTH
SAFFRON WALDEN
SAINT ALBANS
SAINT AUSTELL
SAINT HELEN'S
SAINT HELENS
SAINT HELIER
SAINT IVES
SAINT LOUIS
SAINT NEOTS
SALCOMBE
SALE
SALEM
SALFORD
SALISBURY
SALT LAKE CITY
SALTAIRE
SALTASH
SALTBURN
SALTBURN-BY-THE-SEA
SAN FRANCISCO
SANDBACH
SANDGATE
SANDOWN
SANDWICH
SAVOY
SCARBOROUGH
SCOPWICK
SCUNTHORPE
SEAFORD
SEAHAM HARBOUR
SEDBERGH
SEDGEBERROW
SELBORNE
SELBY
SELLY OAK
SERAMPORE
SETTLE
SEVENOAKS
SHACKLEWELL
SHAFTESBURY
SHANGHAI
SHANKLIN
SHEBBEAR
SHEERNESS
SHEFFIELD
SHEFFIELD MOOR
SHELTON
SHEPPERTON-ON-THAMES
SHEPTON MALLET
SHERBORNE
SHERBOURNE
SHETLAND
SHIELDHALL
SHIELDS
SHIFNAL
SHIPBOARD [THE SHIP PARAMATTA]
SHIPLEY
SHIPSTON-ON-STOUR
SHOREDITCH
SHOREHAM-BY-SEA
SHORNE
SHOTLEY BRIDGE
SHREWSBURY
SIBSEY
SIDCUP
SIDMOUTH
SILVERTON
SIMLA
SITTINGBOURNE
SKEGNESS
SKIPTON
SLAITHWAITE
SLEAFORD
SLIGO
SLINFOLD
SLOUGH
SMETHWICK
SMYRNA
SOHAM
SOLWAY
SOUTH BERSTED
SOUTH BRENT
SOUTH HAMPSTEAD
SOUTH KENSINGTON
SOUTH MOLTON
SOUTH SHIELDS
SOUTHAM
SOUTHAMPTON
SOUTHDOWN
SOUTHEND-ON-SEA
SOUTHPORT
SOUTHSEA
SOUTHWARK
SOUTHWELL
SOWERBY
SOWERBY BRIDGE
SPALDING
SPENBOROUGH
SPILSBY
SPITALFIELDS
SPRINGFIELD
ST IVES
ST MARY-LE-STRAND
ST NEOTS
ST PANCRAS
ST. ALBAN'S
ST. ALBANS
ST. ANDREWS
ST. ANNE'S-ON-THE-SEA
ST. ANNES
ST. AUSTELL
ST. CHADS
ST. CLEMENT DANES
ST. COLUMB
ST. GEORGE
ST. HELEN'S
ST. HELENS
ST. HELIER
ST. JOHN'S WOOD
ST. LEONARDS
ST. LEONARDS-ON-SEA
ST. LOUIS
ST. MARTIN
ST. MARTIN'S, PARISH OF
ST. MARY CRAY
ST. MARY-LE-STRAND
ST. NEOTS
ST. PANCRAS
ST. PETER PORT (GUERNSEY)
ST. PETERSBURG
ST. PIèRRE-LES-CALAIS
STAFFORD
STAINES
STALYBRIDGE
STAMFORD
STANNINGLEY
STAPLEHURST
STILLORGAN
STIRLING
STOCKHOLM
STOCKPORT
STOCKTON
STOCKTON-ON-TEES
STOKE NEWINGTON
STOKE-ON-TRENT
STOKESLEY
STONE
STONEHAVEN
STONEHOUSE
STONEYHURST
STONY STRATFORD
STOUPORT
STOURBRIDGE
STOURPORT
STOW-ON-THE-WOLD
STOWMARKET
STRABANE
STRAFORD-UPON-AVON
STRAND
STRATFORD
STRATFORD ST. MARY
STRATFORD-ON-AVON
STRATFORD-UPON-AVON
STREATHAM
STRENSALL
STRETFORD
STROUD
STUTTGART
SUDBURY
SUFFOLK
SUNDERLAND
SUNNYSIDE
SURBITON
SURREY
SUTHERLAND
SUTTON
SUTTON COLDFIELD
SUTTON IN ASHFIELD
SUTTON-IN-ASHFIELD
SWAFFHAM
SWANAGE
SWANLEY
SWANSCOMBE
SWANSEA
SWANTON
SWINDON
SWINTON
SYDENHAM
SYDNEY
TADCASTER
TAMESIDE
TAMWORTH
TARDEO
TAUNTON
TAVETA
TAVISTOCK
TEDDINGTON
TEIGNMOUTH
TENBURY
TENBURY WELLS
TENBY
TETBURY
TEWKESBURY
THAME
THE HAGUE
THETFORD
THIRSK
THORNE
THORNHILL
THORNTON
THORNTON CLEVELEYS
TICEHURST
TIPTON
TIVERTON
TODMORDEN
TOKYO
TONBRIDGE
TONSBRIDGE
TONYPANDY
TORMOHAM
TORONTO
TORQUAY
TORRINGTON
TOTNES
TOTTENHAM
TOWCESTER
TOWER HAMLETS
TOWN UNKNOWN
TRANSVAAL
TROWBRIDGE
TRURO
TULSE HILL
TUNBRIDGE WELLS
TUNIS
TURIN
TYLDESLEY
TYNEMOUTH
TYNESIDE
UCKFIELD
ULCEBY
ULVERSTON
UPON-UPON-SEVERN
UPPER CLEVEDON
UPPER SYDENHAM
UPPINGHAM
UPTON
USK
UTRECHT
UTTOXETER
UXBRIDGE
VALE OF EVESHAM
VALPARAISO
VANCOUVER
VAUXHALL
VENICE
VENTNOR
VIA RASELLA
VICTORIA
VIENNA
WAKEFIELD
WAKEFIKELD
WALKDEN
WALLASEY
WALLINGFORD
WALLINGTON
WALSALL
WALTHAM ABBEY
WALTHAM FOREST
WALTHAMSTOW
WALTON
WALWORTH
WANDSWORTH
WANSTEAD
WANTAGE
WARE
WAREHAM
WARLEY
WARMINSTER
WARRINGTON
WARSAW
WARWICK
WASHINGTON
WATERFORD
WATFORD
WATH UPON DEARNE
WATH-UPON-DEARNE
WEARDALE
WEDMORE
WEDNESBURY
WELHAM GREEN
WELLINGBOROUGH
WELLINGTON
WELLS
WELSHPOOL
WENLOCK
WEST BROMWICH
WEST COWES
WEST HAM
WEST HARTLEPOOL
WEST MALLING
WEST MALVERN
WEST NORWOOD
WEST SOMERSET
WEST STRAND
WESTBURY
WESTERHAM
WESTHOUGHTON
WESTMINSTER
WESTMINSTER (LONDON)
WESTON
WESTON FAVELL
WESTON-SUPER-MARE
WETHERBY
WEYBRIDGE
WEYMOUTH
WHEATON
WHITBY
WHITCHURCH
WHITEFRIARGATE
WHITEHAVEN
WICKLOW
WIDNES
WIEN VIENNA
WIGAN
WIGTON
WILLENHALL
WILLESDEN
WILMSLOW
WILTON
WIMBLEDON
WIMBORNE
WINCANTON
WINCHESTER
WINDERMERE
WINDHAM
WINDSOR
WINSFORD
WIRKSWORTH
WISBEACH
WISBECH
WITLEY
WITTERSHAM
WITTON
WOKING
WOLVERHAMPTON
WOMBWELL
WOOD GREEN
WOODBRIDGE
WOODFORD
WOODHALL SPA
WOODSTOCK
WOOLWICH
WOOLWICH COMMON
WORCESTER
WORKINGTON
WORKSOP
WORTHING
WORTLEY
WOTTON
WOTTON-UNDER-EDGE
WOVERHAMPTON
WREXHAM
WYCOMBE
WYE
WYMONDHAM
YARMOUTH
YEADON
YEOVIL
YORK
ZELLWOOD
ZURICH
