Africa
Anglesey
Angus
Argyllshire
Australia
Austria
Avon
Barnsley
Bedfordshire
Belgium
Berkshire
Birmingham
Birminghamshire
Bolton
Bournemouth
Buckinghamshire
Burma
Caernarfonshire
Cambridgeshire
Canada
Ceylon
Channel Islands
Chelmsford
Cheshire
Chesire
China
Cleveland
Cornwall
Cumberland
Cumbria
DC
Darlington
Denbighshire
Denmark
Derbyshire
Devon
Devonshire
Dorset
Dorsetshire
Dublin
Durham
East Lothian
East Riding, Yorks
East Riding, Yorkshire
England
Essex
Falkland Islands
Fife
Finland
France
Germany
Gibraltar
Glamorgan
Gloucester
Gloucestershire
Godalming
Govan
Grahamstown
Greece
Grimsby
Guernsey
Guyana
Hampshire
Herefordshire
Hertfordshire
Holland
Hong Kong
Hounslow
Hull
Humberside
Hungary
Huntingdonshire
India
Ireland
Ireland Northern
Isle of Jersey
Isle of Man
Isle of Wight
Italy
Jamaica
Japan
Jersey
Kent
Kingston upon Thames
Kingston-upon-Hull
Kingston-upon-Thames
Lahore
Lancashire
Lancaster
Leicester
Leicestershire
Leistershire
Licolnshire
Lincolnshire
Lincolnshire North
London
Manchester
Massachusetts
Massachusetts, U.S.A.
Melbourne
Merseyside
Mexico
Midddlesex
Middlesex
Middlesex, Nottingham, Nottinghamshire
Middlesex.
Middlexex
Midlothian
Monaco
Netherlands
New Zealand
Newcastle-upon-Tyne
Norfolk
North Riding, Yorkshire
North Yorkshire
Northamptonshire
Northern Ireland
Northhamptonshire
Northumberland
Norwich
Nothumberland
Nottinghamshire
Notts
Ontario
Oxfordshire
Pakistan
Paris
Pembrokshire
Pennsylvania
Perthshire
Poland
Portugal
Poughnill
Preshaw House
Queenwood College
Rhodesia
Russia
Rutland
Saint Paul's Churchyard
Salisbury
Samoa
Scotland
Scotland Argyllshire
Scotland Renfrewshire
Scotland Roxburghshire
Shelton
Shropshire
Somerset
Somersetshire
South Africa
South Yorkshire
Spain
Staffordshire
Stirlingshire
Suffolk
Surrey
Sussex
Sussex East
Sussex West
Sweden
Switzerland
Tahiti
Tasmania
Taunton
Tunisia
Turkey
Tyne  and  Wear
Tyne and Wear
U.S.A
U.S.A.
USA
Wales
Wales Carnarvonshire
Wales Flintshire
Wales Glamorgan
Wales Glamorganshire
Wales Merionethshire
Wales Monmouthshire
Wales Montgomeryshire
Wales Pembrokeshire
Warwick
Warwickshire
West Midlands
West Riding, Yorkshire
West Sussex
West Yorkshire
Westmindlands
Westmoreland
Westmorland
Wiltshire
Worcestershire
Yorkminster
Yorkshire
Yorkshire East Riding
Yorkshire North Riding
Yorkshire South
Yorkshire W.
Yorkshire West Riding
Yorkshire, East Riding
Yorkshire, North Riding
Yorkshire, West Riding
Yorktown
near Stockbridge, Hants
