'ALPHABET'
'BOOK-WORM'
'GLOW-WORM'
'GOLDNIB'
(1881)
(?)
(AUNT)
(CAP)
(CO)
(COLONEL)
(D)
(J)
(JR)
(LADY)
(LIEU
(LORD)
(MISSES)
(MM)
(MME)
(PASTEUR)
(RE
(RE)
(S)
(SARAH)
(SIR)
(SR)
(XIII)
.
1870
1872
1874
1881
1888
1890
1902
6TH
91893)
A
AARON
AB
ABBIE
ABBOTT
ABBOTTS
ABDALLAH
ABDULLAH
ABDY
ABEL
ABNER
ABRAHAM
ABRAM
ACHDEACON
ACHER
ACHILLES
ACLAND
ACTON
ADA
ADAIR
ADAM
ADAMS
ADCOCK
ADDERLEY
ADDINGTON
ADDISION
ADDISON
ADELAIDE
ADELINA
ADELINE
ADELING
ADELPHI
ADKINS
ADMA
ADMIRAL
ADMIRALTY
ADOLF
ADOLPH
ADOLPHE
ADOLPHUS
ADRIAN
ADRIANO
ADRIEN
ADY
AFRICAUNS
AGAS
AGATHA
AGNES
AGNEW
AGNUS
AGRICOLA
AGUSTUS
AIKIN
AIM
AIME
AIMEE
AINGE
AINSLIE
AINSWORTH
AIRKEN
AITKEN
AL
ALAN
ALARIC
ALARICIA
ALBAN
ALBANY
ALBERT
ALBION
ALBITE
ALCALA
ALCIBIADES
ALDERMAN
ALDINE
ALDIS
ALDOUS
ALDREN
ALDRIDGE
ALDWIN
ALE
ALEC
ALECSANDER
ALEKSANDER
ALEPH
ALERGNON
ALERT
ALEX
ALEXANDER
ALEXANDRE
ALEXIS
ALF
ALFONS
ALFORD
ALFRE
ALFRED
ALGERNON
ALICE
ALICIA
ALISON
ALLAN
ALLANSON
ALLARD
ALLDER
ALLEN
ALLEYNE
ALLINGHAM
ALLISON
ALLOM
ALLON
ALLSTON
ALLY
ALLYN
ALMA
ALMERIC
ALMORTH
ALONZO
ALOYSIUS
ALPHA
ALPHEUS
ALPHONSE
ALPHONSO
ALSAGER
ALTHOUS
ALTN
ALTRINCHAM
ALVEY
ALVIN
ALWIN
ALWYNE
ALX
ALYS
AMABEL
AMALIA
AMAND
AMANDA
AMASA
AMBASSADOR
AMBROSE
AMEDE
AMELIA
AMES
AMHERST
AMICUS
AMIRAUX
AMORY
AMOS
AMY
AMÈDÈE
ANANDA
ANATOLE
ANCHITEL
ANCHOR
ANCIENT
ANDERSON
ANDRE
ANDREAS
ANDREE
ANDREW
ANDREWS
ANDY
ANELAY
ANELEY
ANEURIN
ANFEL
ANGEL
ANGELA
ANGELICA
ANGELINA
ANGELO
ANGLIA
ANGLICUS
ANGUS
ANN
ANN'S
ANNA
ANNABEL
ANNAN
ANNE
ANNESLEY
ANNETTE
ANNIE
ANNING
ANNIS
ANSTEY
ANTHONY
ANTI
ANTOINE
ANTOINE-JACQUES
ANTOINETTE
ANTONIN
ANTONIO
ANTONY
APTHORP
ARABELLA
ARBROATH
ARC
ARCADES
ARCHAEOLOGICAL
ARCHBISHOP
ARCHBOLD
ARCHDALL
ARCHDEACON
ARCHER
ARCHIBALD
ARCHIE
ARCHINALD
ARCTURUS
ARDEN
ARDING
ARGENT
ARGONAUT
ARHUR
ARIS
ARISTIDES
ARLIDGE
ARLISS
ARMAN
ARMAND
ARMAUER
ARMIGER
ARMINIUS
ARMISTEAD
ARMITAGE
ARMSTRONG
ARMYTAGE
ARNESBY
ARNOLD
ARON
ART
ARTEMAS
ARTEMUS
ARTHER
ARTHOR
ARTHUR
ARTHURIUS
ARTIS
ARUNDELL
ASA
ASBURY
ASCOTT
ASER
ASH
ASHBY
ASHCROFT
ASHE
ASHER
ASHHURST
ASHLEIGH
ASHLEY
ASHMEAD
ASHMORE
ASHTON
ASHURST
ASHWORTH
ASKEW
ASLINE
ASPINALL
ASPLEY
ASSHTON
ASTBURY
ASTLEY
ASTON
ASTOR
ATER
ATHANASE
ATHELSTAN
ATHERLEY
ATHERSTONE
ATHERTON
ATHLETIC
ATKINSON
ATTILA
ATTWOOD
ATWOOD
AU
AUBERON
AUBERT
AUBREY
AUBYN
AUCHLAND
AUDREY
AUGSTUS
AUGUST
AUGUSTA
AUGUSTAS
AUGUSTE
AUGUSTIN
AUGUSTINE
AUGUSTUS
AULAY
AULD
AUNT
AURTHUR
AUST
AUSTEN
AUSTIN
AUSTON
AUTHUR
AVETIS
AVONSET
AXEL
AYLIFFE
AYLMER
AYMER
AYRTON
B
BHF
BAB
BABBINGTON
BABETTE
BABINGTON
BABU
BACH
BACHE
BACHMANSON
BADDESLEY
BADEN
BADINI
BAGLIVIE
BAGOT
BAGSTER
BAHARI
BAILEY
BAILLIE
BAILLY
BAINES
BAIRD
BAIRDEN
BAISLER
BAKER
BAL
BALDERSTON
BALDWIN
BALFOUR
BALL
BALLAN
BALLANTYNE
BALMAIN
BALMANNO
BALMANO
BALTHAZAR
BALZAC
BANCROFT
BANDIERA
BANESBY
BANFIELD
BANK
BANKS
BAPTIST
BAPTISTE
BARAK
BARBARA
BARBER
BARCLAY
BARDELL
BARHAM
BARING
BARKER
BARNABAS
BARNABY
BARNARD
BARNES
BARNET
BARNETT
BARNEY
BARNICOTT
BARON
BARONESS
BARR
BARRASS
BARRETT
BARRIE
BARRINGTON
BARRISTERS
BARRON
BARROW
BARRY
BART
BARTER
BARTH
BARTHOLOMEW
BARTLE
BARTLETT
BARTON
BASDEN
BASEVI
BASIL
BASON
BATE
BATEMAN
BATES
BATHHURST
BATT
BATTISTA
BAVINGTON
BAX
BAXTER
BAXTERGATE
BAYARD
BAYDEN
BAYFIELD
BAYLE
BAYLEY
BAYLIS
BAYLY
BAYNES
BAYNTON
BE
BEACH
BEALE
BEAMISH
BEAN
BEATA
BEATE
BEATRICE
BEATTY
BEAUMONT
BEAVEN
BEAVER
BEAVINGTON
BECCA
BECKET
BECKETT
BECKLES
BEDDOES
BEDE
BEDFORD
BEECHER
BEER
BEETE
BEHRENDT
BELA
BELFORT
BELGRAVE
BELL
BELLA
BELLAMY
BELLE
BELLENDEN
BELLUM
BEN
BENCE
BENDO
BENE
BENEDICT
BENEVOLUS
BENGOUGH
BENITO
BENJ
BENJAMIN
BENNET
BENNETT
BENNING
BENSON
BENTHAM
BENTLEY
BENTON
BENVENUTO
BERESFORD
BERIAH
BERICHT
BERKELEY
BERNARD
BERNHARD
BERRIDGE
BERRY
BERTA
BERTHA
BERTHOD
BERTHOLD
BERTRAM
BERTRAND
BERWICK
BESSIE
BESSY
BEST
BETA
BETHAM
BETHEL
BETHUNE
BETSY
BETTY
BEVAN
BEVERLEY
BEVERLY
BEWLEY
BHICAJI
BIANCA
BIBBINS
BICKERSTETH
BICKERTON
BICKWORD
BIDDELL
BIGELOW
BIGGS
BIGHAM
BILL
BILLIE
BILLY
BINGHAM
BINNEY
BIRBECK
BIRCH
BIRD
BIRKBECK
BIRKET
BIRKETT
BIRLEY
BIRNEY
BIRSTALL
BIRTLES
BISHOP
BISSET
BLACK
BLACKBURN
BLACKFRIARS
BLACKIE
BLACKMORE
BLACKWELL
BLAGRAVE
BLAIR
BLAIRFINDIE
BLAIRFINDLE
BLAKE
BLAKELY
BLAKEMAN
BLANCHARD
BLANCHE
BLANCO
BLAND
BLANDFORD
BLANFORD
BLAQUIERE
BLARSEY
BLATCH
BLATHWYAT
BLAZ
BLAZE
BLENNERHASSETT
BLISS
BLOMFIELD
BLONDEL
BLOOD
BLOOMFIELD
BLOOMFIELD
BLOUNDELLE
BLUDYARD
BLUEBELL
BLYTH
BOARDMAN
BOB
BOCHSA
BODELL
BODEN
BODHAM
BODLEY
BODMER
BOHAN
BOJIDAR
BOLINGBROKE
BOLTON
BON
BONAMY
BONAVIA
BOND
BONDY
BONE
BONFIELD
BONNELL
BONNET
BONNEY
BONNYCASTLE
BOOK
BOOTH
BOOTHMAN
BORIS
BORRETT
BORTHWICK
BOS
BOSCO
BOSWELL
BOTANIC
BOTTING
BOUGHTON
BOULBY
BOURKE
BOURN
BOURNE
BOUYIER
BOVERTON
BOWATER
BOWDEN
BOWDLER
BOWLES
BOWLEY
BOWLING
BOWMAN
BOWYER
BOX
BOY'S
BOYD
BOYLE
BOYVEAU
BOZZI
BR
BRACEBRIDGE
BRACKENRIDGE
BRACKETT
BRADBROOK
BRADBURY
BRADDON
BRADFORD
BRADLAUGH
BRADLEY
BRADSHAW
BRADSHAWE
BRAGGE-BATHURST
BRAILSFORD
BRAINSLEY
BRAM
BRAMWELL
BRAND
BRANDER
BRANDRETH
BRANESTON
BRANSTON
BRAXTON
BRAYLEY
BRENCHLEY
BRENDLEY
BRENDON
BRENT
BRERETON
BRET
BRETLAND
BRETT
BREWE
BREWIN
BREWSTER
BRIAN
BRIDGES
BRIGADE-SURGEON
BRIGGS
BRIGHAM
BRIGHTMORE
BRIGHTY
BRINDLEY
BRINLEY
BRINSLEY
BRINSLY
BRISBEN
BRISCO
BRITON
BRITTON
BRIVSLEY
BRO
BROADERS
BRODIE
BRODRICK
BROMLEY
BRONSON
BRONTERRE
BROOK
BROOKE
BROOKES
BROOKING
BROOKS
BROTHER
BROTHERTON
BROUGHAM
BROUGHTON
BROWN
BROWNE
BROWNELL
BROWNING
BRUCE
BRUDENELL
BRUNKER
BRUNO
BRUNTON
BRUSEY
BRYAN
BRYANT
BRYCE
BRYDON
BRYER
BRYN
BRYON
BRYSSON
BUCHANAN
BUCKAMN
BUCKEL
BUCKINGHAM
BUCKLEY
BUCKMASTER
BUDGETT
BUELL
BULLOCK
BULSTRODE
BULWER
BULWER-LYTTON
BURDETT
BURDON
BUREAUD
BURFORD
BURGES
BURGH
BURGISS
BURKE
BURKITT
BURN
BURNARD
BURNE
BURNE-JONES
BURNELL
BURNESS
BURNETT
BURNLEY
BURNS
BURNSIDE
BURR
BURROUGHES
BURSEY
BURT
BURTON
BURY
BUSHNELL
BUSSON
BUTCHER
BUTE
BUTLER
BUTTERFLY
BUTTERWORTHS
BUXTON
BY
BYAM
BYLES
BYRDE
BYRES
BYROM
BYRON
BYSSHE
BYWATER
BÈNIGNE
BÈNÈDICT
C
CABET
CADBURY
CADMAN
CADOGAN
CADWALLANDER
CAESAR
CAESER
CAIRINS
CALDER
CALDWELL
CALEB
CALLEY
CALLOW
CALROW
CALVERLEY
CALVERT
CAM
CAMDEN
CAMERON
CAMILLA
CAMILLE
CAMPANA
CAMPBELL
CANON
CANONS
CANTWELL
CAP
CAPEL
CAPERN
CAPTAIN
CAPTIN
CARDALE
CARDINAL
CARDWELL
CAREME
CAREW
CAREY
CARGILL
CARINE
CARITAS
CARL
CARLE
CARLES
CARLETON
CARLILE
CARLISLE
CARLO
CARLOS
CARLOTTA
CARLTON
CARLYLE
CARME
CARMEN
CARMICHAEL
CARNAC
CARNE
CAROL
CAROLINE
CAROLUS
CAROLYN
CARPENTER
CARR
CARRIC
CARRICK
CARRIER
CARRINGTON
CARRUTHERS
CARTER
CARTERET
CARTON
CARTWRIGHT
CARUS
CARVILL
CASH
CASHEL
CASIMIR
CASPER
CASSELL
CASSELL'S
CASSIA
CATHARINE
CATHERALL
CATHERINE
CATON
CAUTLEY
CAVALIER
CAVALIERE
CAVE
CAVENDISH
CAXTON
CECELIA
CECIL
CECILE
CEDRIC
CELESTINE
CELIA
CELICE
CELT
CERVANTES
CHA
CHAD
CHADWICK
CHALIL
CHALK
CHALMERS
CHAMBERLAIN
CHAMBERS
CHANCE
CHANCELLOR
CHANCEY
CHAND
CHANDLER
CHANDOS
CHANDRA
CHANNING
CHAPLIN
CHAPMAN
CHARLE
CHARLES
CHARLETON
CHARLIE
CHARLOTTE
CHARLTON
CHARNOCKE
CHARRINGTON
CHARTERIS
CHARTERS
CHARTLES
CHAS
CHASE
CHATER
CHAUNCEY
CHAUNCY
CHAWNER
CHERRY
CHESSBOROUGH
CHESSELL
CHESTER
CHETWODE
CHEVALIER
CHEYNE
CHIEF
CHILD
CHILVER
CHIPPENDALE
CHIPPENDALL
CHISHOLM
CHOATE
CHOLMELEY
CHOLMONDELEY
CHRIS
CHRIST
CHRISTABEL
CHRISTI
CHRISTIAN
CHRISTIE
CHRISTINA
CHRISTINE
CHRISTOFER
CHRISTOHER
CHRISTOPH
CHRISTOPHER
CHRISTOPHOR
CHRISTY
CHUBB
CHUNI
CHURCHILL
CHURCHMAN
CHURTON
CHYNE
CIE
CL
CLAIR
CLAPHAM
CLARA
CLARE
CLARENCE
CLARISSA
CLARK
CLARKE
CLARKSON
CLAUD
CLAUDE
CLAUDIUS
CLAURDE
CLAVERING
CLAY
CLAYE
CLAYTON
CLEESON
CLEGHORN
CLEMENCE
CLEMENS
CLEMENT
CLEMENTINA
CLEMENTINE
CLEMENTS
CLENNELL
CLERC
CLERK
CLEVELAND
CLEVERING
CLIFFE
CLIFFORD
CLIFFORD'S
CLIFTON
CLINTON
CLIO
CLIVE
CLOUDESLEY
CLUB
CLYDE
CLÈMENT
CO
CO)
COBB
COBBAN
COBBE
COBBETT
COBURN
COCKBILL
CODRINTON
CODY
COIT
COLBORNE
COLBOURNE
COLBURN
COLCOTT
COLE
COLEMAN
COLERIDGE
COLIN
COLLEGE
COLLET
COLLETT
COLLEY
COLLINGS
COLLINGWOOD
COLLINS
COLLIS
COLLYER
COLNE
COLONEL
COLQUHOUN
COLSTON
COLT
COLTHURST
COLVIN
COMBE
COMERFORD
COMMANDER
COMMITTEE
COMPANY
COMPER
COMPTON
COMTESSE
COMYN
COMYNS
CON
CONAN
CONAN-DOYLE
CONCORDIA
CONDELL
CONDY
CONELLY
CONGREVE
CONOLLY
CONRAD
CONSTABLE
CONSTANCE
CONSTANTIN-FRANCOIS
CONSTANTINE
CONSTINE
CONYERS
COOK
COOKE
COOKSON
COOPER
COPE
COPELAND
COPLEY
COPLY
CORA
CORALIE
CORDE
CORDY
CORMELL
CORNELIA
CORNELIUS
CORNET
CORNEWALL
CORNISH
CORNWALL
CORNWALLIS
CORONAT
COSMO
COTTER
COTTON
COTTRELL
COULSON
COULTON
COUNCIL
COUNCILHOUSE
COUNT
COUNTESS
COUNTY
COURT
COURTENAY
COURTHOPE
COUSIN
COUTANCHE
COUTTS
COVENTRY
COWDEN
COWELL
COWIE
COWLEY
COWPER
COX
COXHEAD
CRABB
CRABBE
CRADOCK
CRAIG
CRAIGIE
CRAMER
CRANDON
CRANMER
CRAUFURD
CRAVEN
CRAWFORD
CRIBB
CRICHTON
CRISPE
CRISTABEL
CRITCHLEY
CRITICUS
CRITTENDEN
CROAL
CROCHLEY
CROFT
CROFTON
CROKER
CROMPTON
CROMWELL
CROOM
CROSBIE
CROSBY
CROSS
CROUMBIE
CROWELL
CROWTHER
CROYDON
CRUIKSHANK
CRUM
CUBITT
CUCHEVAL
CULLEN
CULLEY
CULLIFORD
CULLING
CUMBERLAND
CUMMING
CUNE
CUNINGHAME
CUNNINGHAM
CUNNINGHAME
CURLING
CURRIE
CURSON
CURTIS
CURWEN
CUSACK
CUST
CUTCLIFFE
CUTHBERT
CUTHELL
CUTLAS
CUTTING
CUTTS
CYRIL
CYRILL
CYRUS
CÈSAR
D
D'
D'ALPHONSE
D'ARBLAY-FRANCES
D'ARCY
D'ARROS
D'OYLY
D'ARCY
D)
DA
DABBER
DACID
DACRE
DAGLEAS
DAIN
DAISY
DALBERG
DALE
DALLING
DALTON
DAME
DAMER
DAMPIER
DAN
DANA
DANDESON
DANDO
DANGLE
DANIEL
DANIELSSON
DANTE
DANVERS
DANZY
DARBY
DARGAVILLE
DARK
DARLEY
DARLING
DARTON
DARWIN
DASHWOOD
DAUBENTONS
DAVENANT
DAVENPORT
DAVID
DAVIDS
DAVIDSON
DAVIES
DAVIS
DAVISON
DAVYDD
DAVYS
DAWSON
DAY
DAYRELL
DE
DEKEWER
DEACON
DEADY
DEAN
DEANE
DEAS
DECIMUS
DEL
DELAVAL
DELCROIX
DELIA
DELIANSON
DELMAR
DELMEGE
DELTA
DEMETRIOS
DEMETRIUS
DEMOCRITUS
DEMPSEY
DENDY
DENHAM
DENIJS
DENIS
DENISON
DENNETT
DENNING
DENNIS
DENNY
DENTON
DENYS
DERBY
DEREK
DERWENT
DES
DESBOROUGH
DESMOND
DEVEREUX
DEVIN
DEVIZES
DEVONSHIRE
DEWE
DEWI
DEWING
DIANA
DIAZ
DIBDIN
DICK
DICKENS
DICKERSON
DICKEY
DICKSON
DIETRICH
DIEUDONNE
DIGBY
DIGHTON
DILKE
DILLON
DINAH
DINGWALL
DINNEN
DIOCESE
DION
DIONYSIUS
DISBROWE
DISCIPULUS
DISRAELI
DISTRICT
DIVISION
DIX
DIXON
DOBSON
DODDRIDGE
DODSON
DOHERTY
DOIG
DOLLIE
DOM
DOMELA
DOMETT
DOMINE
DOMINICK
DOMINIQUE
DON
DONA
DONALD
DONALDSON
DONE
DONNA
DORA
DORIS
DORNAN
DOROTHEA
DOROTHY
DOUGLAS
DOUGLASS
DOUGLES
DOVE
DOW
DOWER
DOWNSIDE
DRAMATIC
DRAMATICUS
DRAPER
DREW
DREWEATT
DREWRY
DRINKER
DRINKWATER
DRUCK
DRUMMOND
DRYPOINT
DRYSDALE
DUBBE
DUBOYS
DUC
DUCKWORTH
DUDLEY
DUFF
DUFFUS
DUFFY
DUGALD
DUHOT
DUKE
DUNBAR
DUNCAN
DUNCOMBE
DUNDAS
DUNINGHAM
DUNLOP
DUNMORE
DUNN
DUNNING
DUPRÈ
DURHAM
DURRANT
DUTTON
DWIGHT
DYCE
DYER
DYKE
DYKES
DYSHE
E
EADIE
EAGLE
EAR
EARDLEY
EARL
EARLE
EARLY
EARNEST
EARNSHAW
EAST
EASTLAND
EASTON
EATON
EBEN
EBENEEZER
EBENEZER
ED
EDDOWES
EDE
EDED
EDEN
EDGAR
EDGCUMBE
EDITH
EDM
EDMOND
EDMONSTONE
EDMONSTOUN
EDMUND
EDMUNDS
EDNA
EDNOR
EDOUARD
EDRIC
EDUARO
EDUCATIONAL
EDW
EDWARD
EDWARDS
EDWIN
EDWYN
EFFIE
EFFINGHAM
EGBERT
EGERTON
EGINTON
EGMONT
EHN
EIRIKR
EL
ELAINE
ELBERT
ELCOATE
ELDER
ELDON
ELDWYN
ELEANOR
ELEANORA
ELEONORE
ELFORD
ELFRIDA
ELGAR
ELI
ELIA
ELIAS
ELIEZER
ELIHU
ELIJAH
ELIMALET
ELINOR
ELIOT
ELIOTT
ELISABETH
ELISE
ELISEE
ELISHA
ELISHAMA
ELIZA
ELIZABETH
ELIZER
ELKAN
ELKIN
ELKINGHAM
ELLA
ELLACIE
ELLALINE
ELLARD
ELLEN
ELLERTON
ELLERY
ELLICE
ELLIES
ELLIOT
ELLIOTT
ELLIS
ELLISON
ELLLISON
ELLOTT
ELME
ELMSLEY
ELMSLIE
ELMUTT
ELSA
ELSIE
ELVET
ELWIN
ELWOOD
ELY
EMANUEL
EMAS
EMELIA
EMELIE
EMERALD
EMERIC
EMERICH
EMERITUS
EMERSON
EMERY
EMIL
EMILE
EMILIA
EMILIE
EMILIEN
EMILINE
EMILY
EMLYN
EMMA
EMMANUEL
EMMELINE
EMMERSON
EMMETT
EMPRESS
EMSLEY
EMSLIE
ENDSOR
ENEAN
ENEAS
ENGELS
ENGLEHEART
ENGLES
ENNEL
ENOCH
ENRICO
ENZIO
EPHRAIM
EPHRAIN
EPICURUS
ERASMUS
ERASTIAN
ERASTUS
ERIC
ERICSON
ERINA
ERLE
ERNEST
ERNESTINE
ERNESTUS
ERNET
ERNINA
ERNOLD
ERNST
ERROL
ERSKINE
ERWIN
ES
ESCOTT
ESME
ESMÈ
ESON
ESPERANCE
ESSEX
ESTELLE
ESTHER
ESTRIDGE
ETHEL
ETHELBERT
ETHELRED
ETHIL
ETTRICK
EUGEN
EUGENE
EUGENIA
EUGENIO
EUGENIUS
EUPHEMIA
EUSEBIUS
EUSTACE
EVA
EVAN
EVANCE
EVANS
EVE
EVELEIGH
EVELINE
EVELYN
EVERARD
EVERETT
EVERS
EVERY
EWALD
EWAN
EWART
EWEN
EWERC
EWERT
EWING
EXHIBITION
EYLES
EYRE
EYTON
EZEKIAL
EZEKIEL
EZRA
F
FAED
FAIRCLOUGH
FAIRFAX
FAIRFIELD
FAIRLASS
FAIRLEIGH
FAIRLESS
FAIRMAN
FAITHFUL
FALCONER
FALKNER
FANCES
FANCIS
FANCOURT
FANN
FANNIE
FANNY
FARAM
FARAN
FARJEON
FARLEY
FARLOW
FARQUARSON
FARQUHAR
FARR
FARRAN
FARRAND
FARREN
FARROW
FARRY
FATHER
FAUCET
FAULDER
FAULKNER
FAWCETT
FAWCKNER
FEARGUS
FECHHEIMER
FEDERICO
FEELING
FEENEY
FELICE
FELICIA
FELICITE
FELIPE
FELIX
FELL
FENCHURCH
FENIMORE
FENN
FENNELL
FENNING
FENTON
FENTONIA
FENWICK
FERDINAND
FERDINANDO
FERGUS
FERGUSON
FERGUSSON
FERNADEZ
FERNANDEY
FERNANDEZ
FERRAND
FERRERS
FFARINGTON
FICH
FIDELIUS
FIEDLER
FIELDING
FIGGIS
FILDES
FILIPPO
FILSON
FINCH
FINDLAY
FINEEN
FINETTA
FINGALL
FINIS
FINLAY
FINLAYSON
FIONA
FIRMSTONE
FIRTH
FISH
FISHBURN
FISHER
FITCH
FITZ
FITZEVAN
FITZALAN
FITZGERALD
FITZHARDING
FITZHERBERT
FITZJAMES
FITZPATRICK
FITZROY
FLEEMING
FLEETWOOD
FLEMING
FLETCHER
FLINDERS
FLINT
FLO
FLOOD
FLORA
FLOREAT
FLORENCE
FLORIAN
FLORIO
FLOWER
FLOYD
FO
FOAKES
FOLKESTONE
FOLKSTONE
FOLLETT
FOOTE
FORBES
FORD
FORDER
FORDYCE
FORESTER
FORRESTER
FORSELL
FORSTER
FORSYTH
FORSYTHE
FORTESCUE
FORTH
FORTHERGILL
FORTUNATO
FORTUNATUS
FOSS
FOSTER
FOSTERPATRICK
FOTHERGILL
FOUGASSE
FOULKES
FOULKS
FOUQUEAU
FOWELL
FOX
FRA
FRAMD
FRAN
FRANC
FRANCES
FRANCESCA
FRANCESCO
FRANCI
FRANCIS
FRANCISCO
FRANCISCUS
FRANCISO
FRANCK
FRANCOIS
FRANCOIS-PIERRE
FRANK
FRANKE
FRANKFORT
FRANKLIN
FRANKLYN
FRANTS
FRANZ
FRANÁOIS
FRASER
FRATER
FRAUNCES
FRAZER
FRE
FREAN
FRED
FREDERIC
FREDERICA
FREDERICK
FREDERICKA
FREDRICK
FREDRIK
FREDRIKA
FREE
FREELING
FREEMAN
FREEMMAN
FREER
FREIHERR
FRENCH
FRENCHE
FRENK
FRETFUL
FREWEN
FRIAR
FRIEDRIC
FRIEDRICH
FRIERE
FRIESE
FRITZ
FROGNALL
FROME
FROODVALE
FROWD
FRY
FRYER
FULKE
FULL
FULLER
FULLFORD
FULTON
FURNEAUX
FURNESS
FUSSELLL
FYDELL
FYFE
FYNES
FYVIE
G
GABRIEL
GABRIELE
GABRIELLE
GAETANO
GAGE
GAIL
GAILLARD
GALLEY
GALLIE
GALLOWAY
GALPHIN
GALPIN
GAMBIER
GAMBOLD
GARCIA
GARDEN
GARDINER
GARDNER
GARDNOR
GARNET
GARNETT
GARNONS
GARRATT
GARRETEE
GARRETT
GARRICK
GARRISON
GARROW
GARSHAM
GARTH
GARVIN
GASKELL
GASPAR
GASPER
GASTON
GATEHOUSE
GATHORNE
GATTY
GAVAN
GAVIN
GAWIN
GAY
GAYLORD
GE
GEE
GELASINUS
GEMMA
GENERAL
GENEVA
GENT
GEO
GEOFFREY
GEOFFROI
GEOFFRY
GEOGE
GEOGG
GEOR
GEORG
GEORGE
GEORGES
GEORGHE
GEORGIANA
GEORGINA
GERALD
GERALDINA
GERALDINE
GERARD
GERDA
GERHARD
GERHART
GERMAN
GERMANICUS
GEROGE
GERRARD
GERTRUDE
GIBBON
GIBBONS
GIBBS
GIBSON
GIDEON
GIFFORD
GIL
GILBERT
GILBORN
GILES
GILL
GILLES
GILLIAT
GILLRAY
GILMAN
GILMORE
GILPIN
GILSON
GILZEAN
GIMBER
GIOACCHINO
GIOVANNI
GIRALDUS
GIUSEPPE
GLADSTONE
GLADYS
GLANFFRWD
GLANVILL
GLANVILLE
GLANYSTWYTH
GLASSFORD
GLEE
GLEESON
GLENNY
GLENVILLE
GLOBE
GLOVER
GLUYAS
GLYN
GLYNN
GODBRANDR
GODEFROI
GODFREY
GODOLPHIN
GODWIE
GODWIN
GODWINM
GOEFFREY
GOETHE
GOLD
GOLDING
GOLDNIB
GOLDSBOROUGH
GOLDSMITH
GOLDWIN
GOLDWORTH
GOMER
GOODE
GOODFELLOW
GOODMAN
GOODWYN
GORD
GORDEN
GORDON
GORE
GORE-BOOTH
GORMAN
GOSPEL
GOTHER
GOTTFRIED
GOTTLEIB
GOTTLIEB
GOUGH
GOULD
GOVER
GOVIER
GOW
GOWANS
GOWIN
GOWING
GOY
GRABURN
GRACCHUS
GRACE
GRAHAM
GRAILY
GRAITIS
GRAM
GRANDAD
GRANDFATHER
GRANGER
GRANT
GRANTHAM
GRANTLEY
GRANVILLE
GRATTAN
GRATTON
GRAVE
GRAVES
GRAY
GREATHHEED
GREAVES
GREEN
GREENHOUGH
GREENLEAF
GREENWOOD
GREG
GREGG
GREGORY
GREGORYJOHN
GREIG
GRENFELL
GRENVILLE
GRETNA
GREVILLE
GREY
GRIEG
GRIFFIN
GRIFFITH
GRIFFITHS
GRIGOR
GRIMSHAW
GROOM
GROOMBRIDGE
GROSE
GROVE
GRUMBLETON
GUEST
GUILLOT
GUINNESS
GUNBY
GUNN
GUNNER
GUNTON
GUPPY
GURNEY
GUS
GUSTAV
GUSTAVE
GUSTAVUS
GUT
GUTHRIE
GUY
GUYOT
GWENDOLINE
GWENYNEN
GWYN
GWYNNE
GYINNESS
GYP
H
HABLOT
HACK
HACKER
HADDOCK
HADDON
HADDY
HADJI
HADLEY
HADRIAN
HAGHLINGS
HAGUE
HAILES
HAIN
HAJJI
HAL
HALDANE
HALE
HALFORD
HALIFAX
HALL
HALLAM
HALLET
HALLIDAY
HALLIWELL
HALLOWES
HALLS
HALSEY
HAMBLE
HAMBLEN
HAMERTON
HAMES
HAMILTON
HAMISH
HAMLET
HAMMON
HAMMOND
HAMPTON
HANANEL
HANBURY
HANDEL
HANDFIELD
HANDLEY
HANERY
HANILLAND
HANKINSON
HANLEY
HANNA
HANNAFORD
HANNAH
HANNEN
HANNUM
HANS
HANSFORD
HANSON
HARBUTT
HARCOURT
HARCOUT
HARDING
HARDINGE
HARDWICH
HARDWICKE
HARDY
HARE
HAREWOOD
HARGRAVE
HARGREAVES
HARKNESS
HARLAN
HARLAND
HARLEY
HARMAN
HARMER
HARMSWORTH
HARNETT
HARNEY
HAROLD
HARPER
HARRIET
HARRIETT
HARRIETTE
HARRILD
HARRINGTON
HARRIOT
HARRIS
HARRISON
HARROD
HARROUN
HARROW
HARRY
HART
HARTLEY
HARTWELL
HARTWIG
HARVEY
HARVIE
HARWOOD
HASHNU
HASLOP
HASTINGS
HASWELL
HATCHARD
HATCHARDS
HATFIELD
HATNES
HATT
HATTIE
HAUGWITZ
HAVARD
HAVELL
HAVELOCK
HAVILLAND
HAWKE
HAWKES
HAWKINS
HAWLEY
HAWTHORN
HAY
HAYDOCK
HAYDON
HAYES
HAYLETT
HAYMAN
HAYNES
HAYTER
HAYWARD
HAZEL
HAZELWOOD
HEADLAM
HEADLEY
HEADLONG
HEADON
HEALY
HEARD
HEARLE
HEARN
HEATH
HEATHCOTE
HEATHER
HEATON
HEBER
HEBSA
HECKSTALL
HECLA
HECTOR
HEDGEHOG
HEDGES
HEDLEY
HEIGH
HEINRICH
HELBERT
HELEN
HELENA
HELGA
HELIOCHROMIE
HELY
HEMMING
HEMMONS
HEMPSON
HENBREY
HENDERSON
HENDRY
HENEAGE
HENEY
HENFREY
HENGIST
HENLEN
HENLEY
HENNIKER
HENNIS
HENR
HENRI
HENRI-ROGER
HENRICH
HENRIETTA
HENRIETTE
HENRIK
HENRIQUES
HENRY
HENSLEIGH
HENSLEY
HENSLOWE
HENTHORN
HENTON
HENTY
HEPWORTH
HER
HERAUD
HERBER
HERBERT
HERBET
HERCULES
HEREFORD
HERFORD
HERMAN
HERMANN
HERNY
HERON
HERR
HERRICK
HERRIES
HERRMANN
HERRY
HERSCHELL
HERY
HESBA
HESKETH
HESLOPE
HESTER
HETHERINGTON
HETHRINGTON
HETHTON
HETTY
HEWETT
HEWITT
HEWSON
HEY
HEYDON
HEYGATE
HEYLYN
HEYMAN
HEYWOOD
HIAM
HIBBERT
HICKEY
HICKLING
HICKS
HIDE
HIGGS
HIGHNESS
HILAIRE
HILARO
HILARY
HILDA
HILDER
HILDERIC
HILES
HILEY
HILL
HILLARY
HILLIARD
HILLIER
HILTON
HINCKES
HIND
HINDE
HINDLE
HINDLY
HINDRY
HINE
HINGSTON
HINKES
HINTON
HIPPOCHIRURGIS
HIPPOLYTE
HIRA
HIRAM
HIRSCH
HIRST
HIS
HISTORIC
HISTORICUS
HO
HOBART
HOBBS
HOCKLEY
HODDER
HODGE
HODGKINSON
HODGSON
HOEL
HOFFMANNSCHE
HOGARTH
HOGG
HOHN
HOLBEIN
HOLBRECHE
HOLBROOK
HOLDEN
HOLGER
HOLL
HOLLAND
HOLLOWAY
HOLLOWES
HOLLY
HOLMAN
HOLME
HOLMES
HOLT
HOME
HONEYMAN
HONEYWOOD
HONNOR
HONOR
HONOURABLE
HONYWOOD
HOOD
HOOKER
HOOKHAM
HOOPER
HOPE
HOPKINS
HOPWOOD
HORACE
HORATIA
HORATIO
HORATION
HORATIUS
HORLIN
HORMUZD
HORNE
HORNIDGE
HORRACE
HORROCKS
HORRWITZ
HORSALL
HORSEY
HORSFALL
HORSLEY
HORTON
HOSKYNS
HOUGHTON
HOUSE
HOUSMAN
HOUSMAND
HOUSSEMAYNE
HOWARD
HOWARTH
HOWELL
HOWES
HOWGRAVE
HOWITT
HOWSE
HOWSHIP
HOY
HOYLE
HUBBARD
HUBERT
HUCK
HUDDLESTON
HUDSON
HUERY
HUFFAM
HUGH
HUGHES
HUGHLINGS
HUGO
HULDA
HULKE
HULL
HULME
HULTON-BEACKLEY
HUME
HUMFFREYS
HUMFREY
HUMPHREY
HUMPHREYS
HUMPHRIES
HUMPHRY
HUMPHRYS
HUNT
HUNTER
HUNTLEY
HUNTLY
HUREZ
HURRELL
HURRY
HURST
HUSBAND
HUSDON
HUSSEY
HUTCHESON
HUTCHINS
HUTCHINSON
HUTCHISON
HUTLEY
HUTTON
HUXLEY
HY
HYATT
HYDE
HYDRA
HYMAN
HYNES
HYPATIA
HYSLOP
I
II
III
IIL
ILP
IAGO
IAN
IBRAHIM
ICONOCLAST
IDA
IGNAZ
IGOR
IGRAM
IMMANUEL
IMPEY
IMPRIMERIE
IN
INA
INCHER
INGALTON
INGLE
INGLIS
INGOLDSBY
INGRAM
INGRESS
INIGO
INN
INNELL
INNES
INSKIP
INTERNATIONAL
IOHAN
ION
IRA
IRENAEUS
IRENE
IRONFACE
IRVIN
IRVING
IRWIN
ISA
ISAAC
ISABEL
ISABELLA
ISABELLE
ISAIAH
ISAMBARD
ISHABEL
ISHAM
ISHMAEL
ISIDOR
ISIDORE
ISKANDER
ISLA
ISLEWORTH
ISLWYN
ISMAEL
ISMAY
ISOBEL
ISRAEL
ISSAC
IVAN
IZA
IZETT
J
JOHN
J\'AIDIT
JA
JAAKOFF
JABEZ
JACK
JACKSON
JACOB
JACOOMB
JACQUES
JAMAL-AL-DIN
JAME
JAMES
JAMES-KAY
JAMESON
JAMIE
JAMIESON
JAN
JANE
JANET
JANETTA
JANIE
JANUARY
JANY
JAOQUIN
JAQUES
JAQUIN
JARDINE
JARDYNE
JARRAT
JARRATT
JARVIS
JAS
JASON
JASPER
JAY
JAYNE
JE
JEAMS
JEAN
JEAN-BAPTISTE
JEAN-JACQUES
JEAN-JOSEPH
JEANIE
JEANNE
JEANNETTE
JEARY
JEDEDIAH
JEESE
JEFFERSON
JEFFERY
JEFFREY
JEFFRIES
JEHOSHAPHAT
JEHU
JELINGER
JEMIMA
JEMZ
JENKIN
JENKINGS
JENKYN
JENNER
JENNETT
JENNIE
JENNINGS
JENNY
JEREMIAH
JEREMY
JERMANY
JEROME
JERRAD
JERSHAM
JERUSALEM
JERVIS
JERVOIS
JESPER
JESSE
JESSICA
JESSIE
JETHRO
JEX
JEX-BLAKE
JIM
JIMENEZ
JIMMIE
JIMMY
JN
JNO
JO
JOACHIM
JOAN
JOANNA
JOANNES
JOAQUIM
JOAQUIN
JOB
JOE
JOEL
JOESPH
JOHAN
JOHANN
JOHANNA
JOHANNES
JOHANNIS
JOHN
JOHN'S
JOHNATHAN
JOHNO
JOHNSON
JOHNSTON
JOHNSTONE
JON
JONAS
JONATHAN
JONATHON
JONES
JONSON
JOOHN
JOPE
JORDON
JORJ
JORY
JOS
JOSE
JOSEF
JOSEPH
JOSEPH-GIDDEN
JOSEPHA
JOSEPHINE
JOSHHUA
JOSHUA
JOSIAH
JOSÈ
JOULE
JOWETT
JOY
JOYCE
JOZÈ
JR
JUAN
JUAQUIN
JUDGE
JUDITH
JUGGINS
JULES
JULIA
JULIAN
JULIANA
JULIE
JULIET
JULIUS
JULUIS
JUN
JUNIPER
JUNIUS
JUSTICE
JUSTIN
JUSTIS
JUSTUS
JUSTYN
JUXTA
K
K'REK
KAIN
KAINS
KAMALA
KAMES
KAPLAN
KARL
KATE
KATHARINE
KATHERINE
KATHLEEN
KATHRYN
KATIE
KAUFMAN
KAVALEK
KAY
KAYE
KAZI
KEARLERY
KEARLEY
KEARSEY
KEAST
KEATING
KEATLEY
KEATS
KEBLE
KEEDY
KEELY
KEGAN
KEIGHLEY
KEIR
KEITH
KELBURNE
KELLETT
KELLIE
KELWAY
KEMBALL
KEMBLE
KEMP
KEN
KENDALL
KENDREW
KENDRICK
KENELM
KENINGALE
KENN
KENNARD
KENNEDY
KENNETH
KENNUTH
KENNY
KENRIC
KENSINGTON
KENT
KENTISH
KEOWN
KEPPEL
KER
KERCHEVER
KERRUSH
KERSEY
KERSPE
KEVIN
KEVINS
KEWER
KEYWORTH
KEZIA
KIBBLE
KIER
KIMBER
KIMBERLEY
KINETON
KING
KINGDON
KINGSBURY
KINGSLEY
KINGSMILL
KINGSTON
KINGSWAY
KINLOCH
KINNEAR
KINNERSLEY
KIRBY
KIRK
KIRKBY
KIRKE
KIRKHAM
KIRKPATRICK
KIRLY
KIRSOPP
KIT
KITCHEN
KITTO
KITZ
KNIGHT
KNOWALL
KNOX
KNUD
KNYGHTE
KNYVETT
KONRAD
KPSEPH
KRAKOW
KRISHNA
KRISTOPHER
KRUMMACHER
KUBLA
KUNO
KYLE
KYTHE
L
L'ESTRANGE
L-CO
LD
LA
LABOUCHERE
LACEY
LACY
LAD
LADBROKE
LADISLAO
LADISLAV
LADY
LAETITI
LAETITIA
LAFAYETTE
LAIBLIN
LAIDLAW
LAIRD
LAKE
LAKER
LAL
LALLA
LALOR
LAMAN
LAMB
LAMBERT
LAMBETH
LAMBTON
LAMES
LAMP
LANCE
LANCELOT
LANE
LANGDON
LANGE
LANGLANDS
LANGLEY
LANGTON
LANT
LARA
LARRETT
LASCELLES
LASENBY
LATHAM
LATHOM
LATTIMER
LAUDER
LAURA
LAUREN
LAURENCE
LAURENT
LAURIE
LAURY
LAVINGTON
LAW
LAWRENCE
LAWSO
LAWSON
LAWTON
LAYARD
LAYTON
LAZARE
LAZARUS
LAZEN
LD
LE
LEMARQUIS
LEA
LEADENHALL
LEADER
LEAKE
LEAMAN
LEANDER
LEARY
LEAVINS
LEBLANC
LEDRU
LEE
LEECH
LEES
LEGER
LEGH
LEGRAND
LEHMANN
LEICESTER
LEIGH
LEIGHTON
LEILY
LEITCH
LEITH
LELAND
LEMAN
LEMUEL
LENA
LENG
LENTHALL
LENZ
LEO
LEON
LEONARD
LEONCE
LEONE
LEONHARD
LEONI
LEONORA
LEOPOLD
LEPARD
LEPEL
LEPRIERE
LEROY
LESLEY
LESLIE
LESSINGDRUCKEREI
LESTER
LETHBRIDGE
LETITIA
LEUTY
LEVEL
LEVER
LEVESON
LEVEY
LEVI
LEVY
LEWELLYS
LEWES
LEWIS
LEX
LEY
LEYBOURN
LEYBOURNE
LEYLAND
LEYS
LI
LIBERATO
LIBERTY
LIBRARIES
LIDDELL
LIEBIG
LIEUTENANT-COLONEL
LIEWELLYN
LILIAN
LILIAS
LILLEY
LILLIAN
LILLIAS
LILLIE
LILLY
LILY
LIMITED
LIN
LINA
LINCOLN
LINDA
LINDLEY
LINDON
LINDSAY
LINKUM
LINLEY
LINNAEUS
LIONEL
LIONNEL
LISA
LISBETH
LISLE
LISTER
LITERATURE
LITITIA
LITT
LITTLE
LITTLETON
LIVINGSTON
LIZZIE
LLEWELLYN
LLEWELLYNN
LLEWELYN
LLOYD
LOCK
LOCKE
LOCKER
LOCKHARD
LOCKHART
LOCKWOOD
LOCKYER
LODGE
LOE
LOFTUS
LOGAN
LOGIE
LOIRET
LOIS
LOISE
LOM
LOMAX
LOMBE
LON
LONDON
LONDONER
LONG
LONGFELLOW
LONGMAN
LONGMANS
LONGUEVILLE
LONGWORTH
LONSDALE
LOPE
LORD
LOREILLE
LORENZO
LORIMER
LORING
LORRAIN
LORY
LOSEBY
LOTHARIO
LOTHROP
LOTTIE
LOUIE
LOUIS
LOUIS-LUCIEN
LOUISA
LOUISE
LOVE
LOVELL
LOVETT
LOW
LOWE
LOWELL
LOWER
LOWES
LOWNDS
LOWREY
LOWRY
LOWTHER
LOWTHIAN
LOXTON
LT
LTD
LUCAS
LUCIANO
LUCIE
LUCIEN
LUCIER
LUCINDA
LUCIUS
LUCRETIA
LUCY
LUDLOW
LUDVIG
LUDWIG
LUIGI
LUIS
LUKE
LUKYN
LUND
LUNN
LUPTON
LUSON
LUTHER
LUTLEY
LUTWIDGE
LUTWIG
LYDDON
LYDIA
LYDRA
LYMA
LYMAN
LYNDA
LYNN
LYON
LYONEL
LYRA
LYS
LYTTLETON
LYTTON
LÈON
M
M'ILQUHAM
MA
MD
MA
MAARTEN
MABEL
MABERLY
MAC
MACARTHUR
MACBRIDE
MACDONALD
MACGAHAN
MACKINTOSH
MACLAREN
MACNAUGHTON
MACQUORN
MACARTNEY
MACAULAY
MACAULY
MACBETH
MACBRIDE
MACDONALD
MACER
MACFIE
MACGREGOR
MACGRIGOR
MACHELL
MACINTOSH
MACK
MACKASKIE
MACKAY
MACKENZIE
MACKIE
MACKINNON
MACKINTONSH
MACKWORTH
MACLEOD
MACLEON
MACLYN
MACPHERSON
MACQUORN
MACREADY
MACVEY
MADAM
MADAME
MADAN
MADDEN
MADELAINE
MADELEINE
MADELINE
MADEMOISELLE
MADGE
MADINGER
MADISON
MADOX
MAFFEY
MAGDALEN
MAGGIE
MAGINN
MAHDI
MAHEEN
MAHONY
MAIDA
MAINWARING
MAITLAND
MAITRE
MAJESTY
MAJOR
MAKEPEACE
MALCOLM
MALCOM
MALDEN
MALDWYN
MALING
MALLARD
MALLOY
MALLYS
MALPAS
MALTMAN
MALTUS
MAMOUN
MAN
MANBY
MANDELL
MANFREDI
MANNERS
MANNEVILLE
MANNING
MANNINGTON
MANOAH
MANSEL
MANSELL
MANSFIELD
MANUEL
MANVILLE
MAPES
MARC
MARCH
MARCHANT
MARCIA
MARCUS
MARE
MARGARET
MARGERY
MARGOT
MARGRET
MARGUERITE
MARIA
MARIABELLA
MARIAN
MARIANNE
MARIE
MARIO
MARION
MARJORIE
MARK
MARKHAM
MARKT
MARMADUKE
MARMION
MARQUIS
MARQUISE
MARRION
MARRIOT
MARRIOTT
MARRY
MARRYAT
MARRYATT
MARSDEN
MARSH
MARSHALL
MARSHMAN
MARSTON
MARTHA
MARTIN
MARTINEAU
MARTINGALE
MARTYN
MARTYNE
MARV
MARWELL
MARWOOD
MARX
MARY
MARY-JANE
MARYANNE
MASETTO
MASHONALAND
MASON
MASSA
MASSEY
MASTERS
MATHER
MATHEW
MATHEWS
MATHIEU-MATHARIN
MATHIEU-MATHURIN
MATHILDE
MATILDA
MATT
MATTHEW
MATTHEWS
MATTHIAS
MATTHIEU
MAUD
MAUDE
MAULE
MAUND
MAUNDE
MAUNSELL
MAURICE
MAVOR
MAX
MAXIMILIAN
MAXWELL
MAY
MAYERS
MAYNE
MAYO
MAYSON
MAZIERE
MAZZINI
MC
MCCABE
MCCALL
MCCALLUM
MCCOOK
MCCULLAGH
MCENTAGGART
MCGEE
MCGOWAN
MCGRIGOR
MCKEEN
MCKENDRICK
MCKENNY
MCLEOD
MCNABB
MCNEILL
MCPHERSON
MCQUEEN
MCVEIGH
MCGRIGGOR
MCNEILL
MEABURN
MEAD
MEADEN
MEADOWS
MEDLAND
MEDLEN
MEDLEY
MEE
MEEK
MELDON
MELLARD
MELMOTH
MELMOUTH
MELTON
MELVIL
MELVILL
MELVILLE
MELVIN
MENAHEM
MENELLA
MENZIES
MEPHAM
MERCER
MERCIE
MERCURY
MERE
MEREDITH
MERITON
MERLE
MERLINUS
MERRILL
MERRY
MERVIN
MERYON
MESS
MESSR
MESSRS
METCALF
METHODIST
METHVEN
MEYER
MEYMOTT
MEYNELL
MEYRICK
MG
MIALL
MICA
MICHAEL
MICHAUX
MICHE
MICHEAL
MICHEL
MIDDLEMORE
MIDDLETON
MIFFLIN
MIGUEL
MIHILL
MIKE
MILBURN
MILDRED
MILES
MILFORD
MILL
MILLAIS
MILLARD
MILLBANK
MILLER
MILLET
MILLICAN
MILLICENT
MILLOT
MILLOTT
MILLS
MILMAN
MILNE
MILNER
MILNES
MILTON
MILWARD
MIMOSA
MINASSE
MINGAYE
MINIME
MINIMO
MINIMUS
MINIS
MINNA
MINNIE
MINSHALL
MINTO
MIRIAM
MIRZA
MIS
MISS
MISSING
MISTER
MITCHELL
MITRE
MM
MOBERLY
MOIR
MOLLOY
MOLYNEUX
MON
MONA
MONAGUE
MONCKTON
MONCURE
MONGREDIEU
MONIER
MONK
MONOCLE
MONRO
MONROE
MONSIGNOR
MONT
MONTAGU
MONTAGUE
MONTAQUE
MONTESQUIEU
MONTGOMERIE
MONTGOMERY
MOOCHY
MOOR
MOORE
MORDAUNT
MORDEN
MORE
MOREAU
MOREHOUSE
MORELL
MORGAN
MORICE
MORIER
MORLAIS
MORLEY
MORRANT
MORRIS
MORRISON
MORSE
MORTIMER
MORTON
MORYS
MOS
MOSES
MOSTYN
MOTES
MOUNSEY
MOUNT
MOUNTAIN
MOUNTENEY
MOUNTFORD
MOUNTSTUART
MOUSIE
MOUTARD
MOWBRAY
MOY
MOYR
MR
MRS
MUDDIMAN
MUDIE
MUIR
MUIRHEAD
MUIRSON
MULINEUX
MULLET
MULOCK
MUMFORD
MUNDEN
MUNGO
MUNRO
MURDO
MURDOCH
MURGATROYD
MURIEL
MURRAY
MURREY
MURUGESER
MUSEUMS
MUSGRAVE
MUSHAM
MUSKEIRY
MYLES
MYRON
N
NADAULD
NAMIK
NANCY
NANNIE
NAPIER
NAPOLEAN
NAPOLEON
NARCYS
NASH
NASSAU
NAT
NATHAN
NATHANIEL
NATIONAL
NAULE
NAUTON
NEALAS
NECK
NED
NEELY
NEIL
NELL
NELLA
NELLIE
NELSIE
NELSON
NEOBARD
NEPHEW
NESBIT
NESTOR
NETHERCOTT
NETTA
NEVE
NEVIL
NEVILLE
NEVISON
NEWDIGATE
NEWELL
NEWENHAM
NEWLAND
NEWMAN
NEWNES
NEWNHAM
NEWSAM
NEWSPAPER
NEWTON
NEXUS
NEY
NICHOLAS
NICHOLL
NICHOLLS
NICHOLS
NICHOLSON
NICKOLAS
NICOL
NICOLA
NICOLAS
NICOLAUS
NICOLL
NICOLLS
NICOUD
NIELS
NIGEL
NIKOLA
NIM
NINA
NINIAN
NINON
NISBET
NISTER
NOAH
NOBILIUS
NOBLE
NOEL
NOL
NOLAN
NON
NOON
NORA
NORAH
NORMA
NORMAN
NORREYS
NORRIS
NORTH
NORTHMORE
NORTHUMBERLAND
NORTON
NORWICH
NORWOOD
NOSTRA
NOTTIDGE
NOUCHETTE
NOVELLO
NOVERRE
NUGENT
NUTT
NYM
O'BRIEN
O'CONNER
O'CONNOR
O'FLAHERTIE
O'NOLAN
OAKEY
OAKLEY
OATES
OBADIAH
OCTAVE
OCTAVIA
OCTAVIUS
OCTAVUS
ODELL
OENONE
OFFICE
OFFICES
OFFLEY
OFFORD
OGDEN
OGIER
OGILVIE
OGLE
OKEDEN
OLAF
OLD
OLDFIELD
OLDRID
OLGA
OLINTHUS
OLIPHANT
OLIVE
OLIVER
OLIVER-WILLIAMS
OLIVIA
OLIVIER
OLLA
OLWEN
OMEROD
ONEBYE
ONSLOW
OPIE
ORBY
ORCHARD
ORCHART
ORD
ORDE
ORDOVEX
ORELLO
ORESTES
ORLANDO
ORMAN
ORME
ORMEROD
ORPEN
ORPHEUS
ORR
ORRIN
ORSMOND
ORSON
OSBERT
OSBORNE
OSBOURNE
OSCAR
OSKAR
OSMOND
OSMUND
OSTELL
OSWALD
OSYTH
OSZWALDT
OTHNIEL
OTHON
OTIS
OTLEY
OTTILIE
OTTLEY
OTTO
OTTOKAR
OTTOMAR
OUIDA
OUTRAM
OVERAND
OVERMEER
OWD
OWEN
OWENS
OWLS
OWYN
OXFORD
OXON
OXONIAN
P
PABLO
PACKER
PADDOCK
PADDY
PAGE
PAGET
PAINE
PAINTER
PAKENHAM
PALAFOX
PALGRAVE
PALK
PALMELLA
PALMER
PALMERSTON
PAMELA
PAN
PANTON
PAOLO
PAR
PARBURY
PARC
PARDOE
PARK
PARKER
PARKS
PARLEY
PARR
PARRY
PARS
PARSON
PARSONS
PARTON
PARVA
PARVUS
PASCAL
PASCALL
PASCHAL
PASSMORE
PASTEUR
PASTOR
PAT
PATCHETT
PATERSON
PATIENCE
PATNUM
PATON
PATRICIA
PATRICK
PATTEN
PATTERSON
PATTIE
PATTISON
PATTY
PAUL
PAULA
PAULI
PAULINE
PAWSEY
PAXSON
PAXTON
PAY
PAYN
PAYNE
PE
PEABODY
PEARCE
PEARL
PEARS
PEARSALL
PEARSE
PEARSON
PEARY
PEAT
PEATIES
PECKETT
PECKHAM
PEDERZANI
PEDR
PEGGY
PEIRCE
PELHAM
PEMBERTON
PENCIL'EM
PENDELTON
PENDEXTER
PENDLETON
PENHRYN
PENN
PENNY
PENRHYN
PENROSE
PENTLYN
PENYNGTON
PERCE
PERCEVAL
PERCIVAL
PERCIVIAL
PERCY
PEREGRINE
PEREY
PERKES
PERKIN
PERKINS
PERLER
PERLEY
PERRING
PERRONET
PERRY
PERTER
PERTINAX
PET
PETER
PETR
PETT
PETTER
PETTIT
PEWTRESS
PEYTON
PHALANX
PHELPS
PHI
PHIL
PHILA
PHILANDER
PHILANTHOS
PHILEMON
PHILIP
PHILIPP
PHILIPPE
PHILLIMORE
PHILLIP
PHILLIPS
PHILLIS
PHILLPS
PHILO
PHILO-ISRAEL
PHILPOT
PHILPOTT
PHINEAS
PHIPPS
PHIS
PHIZ
PHOEBE
PHRYGIUS
PHYLLIS
PIAZZA
PIC
PICKARD
PICKERING
PICKERSGILL
PICKHARD
PICKLES
PICKSTON
PICKWORTH
PIDWELL
PIERCE
PIERCY
PIERPOINT
PIERRE
PIERREPONT
PIERS
PIGGOT
PIGGOTT
PIGHTLING
PIGOTT
PINDER
PINHORN
PIPER
PISCIS
PITMAN
PITT
PLARR
PLINY
PLUMMER
PLUNKET
POE
POET
POGGENDORFF
POHATH
POL
POLICEMAN
POLLARD
POLLEN
POLLOCK
POLYBANK
PONSONBY
PONTIFEX
POOLE
POORTEN
POPE
PORTER
POSTLE
POTE
POTTER
POTTINGER
POULETT
POULTRY
POUTLNEY
POWELL
POWER
POWERS
POWNALL
POWYS
PRACTICAL
PRAED
PRATT
PREBENDARY
PRECENTOR
PRESCOTT
PRESS
PRESTON
PRESTWICH
PRICE
PRIDEAUX
PRIDGIN
PRIESTLEY
PRIMROSE
PRINCE
PRINCESS
PRINCIPAL
PRINGLE
PRINTER
PRINTING
PRIOLEAU
PRIOR
PRO
PROCTOR
PROFESSOR
PROGRESSIVE
PROPRIETOR
PROSPECT
PROSSER
PROTESTANT
PROUT
PROVOST
PRYCE
PUBLICATION
PUBLISHING
PULLING
PULTENEY
PUNCH
PURKESS
PURNELL
PURTON
PURVES
PUSEYITE
PYE
PYKE
PYM
PYNDAR
QUARRY
QUATREFAGES
QUEEN
QUEENIE
QUEENWOOD
QUENTIN
QUEVEDO
QUILLER
QUILLER-COUCH
QUILTER
QUINTIN
QUINTUS
QUORUM
R
RABELAIS
RACHEL
RADCLIFFE
RADFORD
RAE
RAE-BROWN
RAFFLES
RAILTON
RAINSFORD
RALLI
RALPH
RALSTON-SHEDDEN
RAM
RAMA
RAMSAY
RAMSEY
RANDAL
RANDALE
RANDALL
RANDLE
RANDOLPH
RANGELEY
RANKEN
RANKIN
RAPHAEL
RARBER
RAT
RATHBONE
RAVEN
RAWDON
RAWLINS
RAWNSLEY
RAWSON
RAY
RAYMOND
RAYNEILLIAM
RAYNER
RAYNOR
RAYON
RE
READ
READER
REAN
REAY
REBECCA
REBEKAH
REDFOORD
REDFORD
REDHEAD
REDTENBACHER:
REED
REES
REEVES
REGGIO
REGINAL
REGINALD
REID
REINHOLD
REINIER
RELFE
RELLY
REMINGTON
RENDAL
RENDEL
RENE
RENN
RENNELL
RENNIE
RENORDEN
RENTON
RENÈ
REUBEN
REVEREND
REW
REYNAUD
REYNOLDS
RHODA
RHODES
RHONDDA
RHYS
RICE
RICH
RICHARD
RICHARDS
RICHARDSON
RICHARDSON'S
RICHARS
RICHER
RICHMON
RICHMOND
RICKETTS
RIDD
RIDDELL
RIDER
RIDGARD
RIDGEWAY
RIDGWAY
RIDING
RIDLEY
RIDSDALE
RIEGO
RIGBY
RIGHT
RIGNEY
RIGOLETTE
RILAND
RILEY
RIMBAULT
RING
RINGROSE
RINTOUL
RIO
RIPLEY
RISBOROUGH
RISSIEN
RITA
RITCHIE
RITSON
RIVERS
RIVINGTON
RIVINGTONS
RIZA
ROACH
ROB
ROBBINS
ROBERT
ROBERTA
ROBERTS
ROBERTSON
ROBIN
ROBINETT
ROBINS
ROBINSON
ROBSON
ROBT
ROCHFORT
RODEN
RODERIC
RODERICK
RODRIGUEZ
ROE
ROEBUCK
ROFFEY
ROGER
ROGERS
ROLAND
ROLF
ROLLAND
ROLLINS
ROMA
ROMANY
ROMEO
ROMERIL
ROMILLY
RONALD
RONAYNE
RONEY
ROPER
ROQUE
RORBERT
RORIN
RORY
ROSA
ROSALIND
ROSAMOND
ROSAMUND
ROSARIO
ROSCOE
ROSE
ROSEMARY
ROSETTA
ROSIE
ROSS
ROSSITER
ROSSLYN
ROSTON
ROSWELL
ROUGET
ROUNDELL
ROUSE
ROUTLEDGE
ROVERT
ROWDON
ROWE
ROWLAND
ROWLANDS
ROWLANDSON
ROWLES
ROWLEY
ROY
ROYAL
ROYES
ROYSTON
RUBERT
RUBY
RUDDOCK
RUDDOLPH
RUDOLF
RUDOLPH
RUDSTON
RUDYARD
RUFE
RUFUS
RULE
RULON
RUPERT
RUSH
RUSHTON
RUSKIN
RUSSEL
RUSSELL
RUSSIA
RUSTY
RUTH
RUTHERFORD
RUTTER
RYAN
RYCROFT
RYLEY
RYMER
S
SA
SAALMULER
SABINE
SACKVILLE
SAINT
SAIRY
SALE
SALLUSTII
SALTER
SALTMARSHILIP
SALVADOR
SALVATOR
SAM
SAMEL
SAMEUL
SAMLER
SAMMUEL
SAMPSON
SAMSOM
SAMUAL
SAMUEL
SANDERS
SANDERSON
SANDOW
SANDRA
SANDS
SANDYS
SANFORD
SANGER
SANGSTER
SARA
SARAH
SARAT
SARCELLE
SAREK
SARGANT
SARGENT
SARTORIS
SATYANAND
SAUL
SAUMAREZ
SAUNDERS
SAVAGE
SAVILE
SAVILLE
SAWNEY
SAWYER
SAXON
SCAEVOLA
SCAIFE
SCARLETT
SCARTH
SCAWEN
SCHEIDER
SCHERMERHOSN
SCHOEPF
SCHOFIELD
SCHOLES
SCHOLFIELD
SCHROETER
SCHUTZ
SCHWELM
SCHWENCK
SCOTFORD
SCOTT
SCOVELL
SCRIBLERIUS
SCRIPPS
SCUDAMORE
SEAN
SEARLE
SEARLES
SEARS
SEAWARD
SEBA
SEBASTIAN
SEBASTIEN
SEDLEY
SEELEY
SEELEYS
SEERS
SEIGNELAY
SELENA
SELFE
SELINA
SELL
SELLA
SELWYN
SENEX
SENIOR
SENN
SEPHER
SEPTIMUS
SER
SERGEANT
SERJEANT
SERVO
SETH
SETON
SEVER
SEVILLE
SEWELL
SEXTON
SEYMOUR
SEYTON
SHACKELL
SHADOWRTH
SHADRACK
SHADWELL
SHADWORTH
SHAKESPEARE
SHAN
SHAPLAND
SHARMAN
SHARON
SHARP
SHARPE
SHARPLES
SHAVER
SHAW
SHEFFIELD
SHEILA
SHELDON
SHELFORD
SHELLARD
SHELLEY
SHELTON
SHEMUEL
SHENSTONE
SHEPHERD
SHERARD
SHERGOLD
SHERIDAN
SHERIFF
SHERREN
SHERRINGTON
SHERRY
SHERWIN
SHERWOOD
SHILTON
SHINE
SHINGLETON
SHIRLEY
SHIRREFS
SHORT
SHORTRIDGE
SHRAPNELL
SHURMER
SHUTE
SIBELLA
SIBELLE
SICKELMORE
SID
SIDGRAVEL
SIDNEY
SIEGFRIED
SIG
SIGERSON
SIGMOND
SIGMUND
SIGNOR
SILAS
SILK
SILVAN
SILVANUS
SILVIO
SIMEON
SIMON
SIMONDS
SIMONS
SIMPKIN
SIMPKINS
SIMPSON
SIMS
SIMSON
SINCLAIR
SINGLETON
SINL
SIR
SISSON
SISTER
SITCH
SKEFFINGTON
SKENE
SKINNER
SKIP
SKIPP
SLATER
SLATIN
SLATTERIR
SLDERMAN
SLINGSBY
SMALE
SMALLMAN
SMART
SMEDLEY
SMETHAM
SMILER
SMILEY
SMITH
SMITH]
SMYTH
SNELL
SNEYD
SNOIRE
SNOWDEN
SOAME
SOAMES
SOCIETY
SOCRATES
SODEN
SOLOMAN
SOLOMON
SOLON
SOLYMAN
SOMERS
SOMERSET
SOMES
SON
SONS
SOPHIA
SOPHIE
SOPHUS
SOPHY
SORFLEET
SOUTHERN
SOUTHEY
SOUTHWELL
SOWERBY
SOWLEY
SPARKS
SPARROW
SPEED
SPENCE
SPENCER
SPENSER
SPERTACUS
SPEX
SPINK
SPOONER
SPOTSWOOD
SPOTTISWOODE
SPRAGUE
SPRASTON
SPRENT
SPRIGGS
SPRING
SPROSTON
SPRY
SQUIRE
ST
STACEY
STACK
STACY
STAFFORD
STAINLAND
STAINTON
STAITH
STANBURY
STANDISH
STANELY
STANFIELD
STANHOPE
STANILAND
STANISLAW
STANLEY
STANNARD
STANTON
STANYAN
STAR
STARLING
STARR
STARTIN
STATION
STATISTICAL
STAWELL
STEADMAN
STEAM
STEANE
STEARNS
STEBBING
STEEPLE
STEIGENBERGER
STELLA
STENSON
STEPHAN
STEPHANA
STEPHANE
STEPHEN
STEPHENS
STEPHENSON
STEPNEY
STERLING
STERRY
STEVENS
STEVENSON
STEWARD
STEWART
STICKNEY
STILLMAN
STINSON
STIRLING
STOCK
STOCKS
STOCQUELER
STODDART
STOE
STONE
STONEMAN
STOPFORD
STORER
STORES
STOREY-CARNEGIE
STORKS
STORMONT
STORR
STOUGHTON
STOVIN
STRACHAN
STRAKER
STRANGE
STREET
STRINGER
STROBEL
STRODE
STRONG
STROUD
STUART
STUCKEY
STURGEON
STURMEY
STURMY
SUE
SUGGATE
SULLIVAN
SUMMERLY
SUMMERS
SUMNER
SUN
SUPLIZ
SUSAN
SUSANNA
SUSANNAH
SUTER
SUTHERLAND
SUTTON
SVEIN
SVETOZAR
SWAIN
SWAINE
SWAINSON
SWAMI
SWAN
SWANN
SWEET
SWEETLAND
SWIFTPRINT
SWINBURNE
SWINNERTON
SYBIL
SYDENHAM
SYDNEY
SYER
SYLANUS
SYLVAIN
SYLVANUS
SYLVESTER
SYMES
SYMONDS
SYMONS
SYSON
SYUD
T
TAIT
TALBOT
TALITHA
TALWIN
TANFIELD
TANNER
TARBET
TARVIS
TATE
TATTERSALL
TAY
TAYLOR
TEAPE
TEAST
TEDDY
TEESDALE
TEIGNMOUTH
TELESFORO
TELFORD
TELLEMACHUS
TEMPERANCE
TEMPLE
TEMULJI
TEN
TENISON
TENNISON
TENNYSON
TENSION
TERENT
TERRA
TERREL
TERRENCE
TERRIEN
TERTIUS
TESSA
TEULON
TH
THACKER
THACKERAY
THADDEUS
THAIN
THE
THEDOROVICH
THELLUSSON
THEO
THEODOR
THEODORE
THEODOSIA
THEOPHILUS
THERBER
THERESA
THISELTON
THO
THOBURN
THOLUCK
THOM
THOMA
THOMAS
THOMASINA
THOMPSON
THOMSON
THOPHILE
THORNDIKE
THORNE
THORNLEY
THORNTON
THOROLD
THORPE
THORTON
THOS
THÈODORE
TICKELEM
TIDD
TIGER
TIGHE
TILBURY
TILLING
TILLOCH
TILLOTSON
TILLOTSONS
TILLYER
TILNEY
TILSTONE
TIM
TIMES
TIMMIS
TIMMSAND
TIMOTHY
TINDAL
TINDALE
TINDALL
TINKER
TINSLEY
TINTAGEL
TITO
TITUS
TIVADAR
TIZARD
TOBIAH
TOBIAS
TODD
TODHUNTER
TOM
TOMAS
TOMKYNS
TOMMY
TONY
TORDEUX
TORRE
TORRENS
TORRINGTON
TOULMIN
TOURLE
TOUZEAU
TOWERS
TOWNSEND
TOWNSHEND
TOWSHEND
TOYNBEE
TOZER
TRACEY
TRACT
TRAILL
TRAVERS
TREACHER
TREE
TREGENNA
TREGONNING
TREHERN
TREHERNE
TRELAWNEY
TRELAWNY
TREMAINE
TRENCH
TREVELYAN
TREVENA
TREVOR
TRIST
TRISTAM
TRISTRAM
TROLLOPE
TROUNSELL
TROUT
TRUBNER
TRUDY
TRUEBA
TRUMBULL
TRURO
TRUTHFUL
TR¸BNER
TUCKER
TUDOR
TUDWAY
TUFNELL
TUNBRIDGE
TUNER
TUOHILL
TUPPER
TURNBULL
TURNER
TWEED
TWEEDIE
TY
TYAS
TYDEMAN
TYLER
TYRELL
TYRONE
TYRRELL
UGO
ULIA
ULICK
ULYSS
UNCLE
UNITARIAN
UNITED
UPCOTT
UPHAM
UPJOHN
UPTON
URBAN
UREN
URIAH
URQUHART
URSA
UVEDALE
V
VACHER
VAL
VALADON
VALENTINE
VALERIE
VALLANCE
VALLOTA
VALPY
VAN
VANCE
VANDER
VANDYKE
VANE
VANESSA
VANS
VANSITTART
VARTY
VAUGHAN
VAUGHN
VE
VEALE
VEITCH
VENEUNT
VENN
VERA
VERAT
VERAX
VERE
VERNAN
VERNON
VERO
VERTOT
VERTUMNUS
VERY
VEVA
VHARLES
VIATOR
VIC
VICARY
VICENTE
VICKERS
VICO
VICTOR
VICTORIA
VICTORO-MARIE
VIKTOR
VILLAUME
VILLIERS
VINCENT
VINCENTO
VINE
VINEY
VIOLET
VIRGIL
VIRGINIA
VIRIGINA
VIRTUE
VISCOUNT
VITA
VITTORIO
VIVIAN
VIVIEN
VIZETELLI
VIZETELLY
VLADEMAR
VOGEL
VON
VOSE
VOX
VV
VYVYAN
W
WILLIAM
WTHEO
WADDINGTON
WADE
WADHAM
WADSWORTH
WAIF
WAKEFIELD
WAKEHAM
WAKELIN
WAKEMAN
WAKLY
WAL
WALDER
WALDO
WALDORF
WALERY
WALFORD
WALKER
WALL
WALLACE
WALLER
WALLEY
WALLIS
WALMSLEY
WALPOLE
WALROND
WALSHAM
WALT
WALTER
WALTHER
WALTON
WANDA
WANFORD
WAR
WARD
WARDE
WARDLAW
WAREHAM
WAREN
WARING
WARINGTON
WARNER
WARNFORD
WARREN
WARRING
WARRINGTON
WARWICK
WASHINGTON
WAT
WATER
WATERHOUSE
WATERS
WATHEN
WATKIN
WATKINS
WATKISS
WATLING
WATLOCK
WATSON
WATTS
WAY
WEAVER
WEBB
WEBBE
WEBSTER
WEDLAKE
WEED
WEEDON
WEIGALL
WEINSTEIN
WEIR
WELBY
WELCH
WELDON
WELFORD
WELLCOME
WELLER
WELLESLEY
WELLINGTON
WELLS
WELLSMAN
WELSH
WELSHMAN
WEMYSS
WENDELL
WENLOCK
WENTWORTH
WENWORTH
WERE
WERNER
WESLEY
WEST
WESTBROOKE
WESTERN
WESTLAKE
WESTLAND
WESTLEY
WESTMORELAND
WESTON
WESTWOOD
WETTON
WHARTON
WHEELER
WHEELTON
WHELAN
WHINREY
WHITAKER
WHITE
WHITECHURCH
WHITEHALL
WHITEHORN
WHITELAW
WHITESIDE
WHITFIELD
WHITLAW
WHITLOCK
WHITMORE
WHITNEY
WHITTING
WHITTINGHAM
WHITTLE
WHITTMAN
WHITWELL
WHITWORTH
WHYTE
WICKHAM
WIG
WIGAN
WIGHT
WIL
WILBERT
WILBRAHAM
WILBUR
WILBY
WILCO
WILDE
WILDRAKE
WILFORD
WILFRED
WILFREDA
WILFRID
WILHELM
WILHELMINA
WILIAM
WILKIE
WILKINSON
WILKS
WILL
WILLAM
WILLAND
WILLES
WILLESFORD
WILLET
WILLETT
WILLIA
WILLIAM
WILLIAMINA
WILLIAMS
WILLIAMSON
WILLIAMSTOKE
WILLIAN
WILLICH
WILLIE
WILLILAM
WILLING
WILLIS
WILLLIAM
WILLMOTT
WILLOUGHBY
WILLOWTREE
WILLS
WILLSON
WILMINGTON
WILMOT
WILMOTT
WILSON
WILTSHIRE
WINDMILL
WINDSOR
WINFIELD
WINGATE
WINGROVE
WINIFRED
WINIFRIDE
WINKWORTH
WINNEY
WINSLOW
WINSOM
WINSTON
WINTER
WINTHROP
WINTON
WINWOOD
WISHART
WIT
WITHERS
WITT
WITTE
WM
WOART
WOLCOTT
WOLFE
WOLFGANG
WOLFRAM
WOLLASTON
WOLLSTONECROFT
WOLSTENHOLME
WOO
WOOD
WOODCOCK
WOODFORD
WOODROFFE
WOODROOFE
WOODS
WOODTHORPE
WOODWARD
WOOLER
WOOLF
WOOLLEN
WOOTTON
WORDSWORTH
WORLD
WORTHINGTON
WORTHY
WORTLY
WRAY
WREN
WRIGHT
WRIXON
WVYILLE
WYATT
WYCLIFFE
WYKEHAM
WYNDHAM
WYNN
WYNNE
WYNTER
WYNTHER
WYVERN
WYVILLE
WYVLLE
Y
YARDLEY
YARROW
YAT
YATES
YE
YEANESL
YEATES
YENI
YEO
YML
YOMTOB
YONGE
YORICK
YORK
YORKE
YOUMANS
YOUNG
YOUNGMAN
YOURK
YULE
YUSUF
ZACHARIAH
ZACHARY
ZADKIEL
ZAHAROFF
ZANVIL
ZAVIER
ZEAL
ZEBEDEE
ZEBULON
ZECHARIAH
ZENO
ZERAH
ZEUSCHNER
ZIPHION
ZOE
ZONA
ZULU
ZVI
[
['BERTIE']
[BRYANT]
[BURY]
[JUNIOR]
[PASTON]
[SMYTHE]
[PSEUD]
[SIC]
AL
AND
AT
DA
DE
DER
DES
DU
ES
ET
ETC
FILS
FOR
GEN
HARIETTE
IL
IL)
L'ABBE
LA
LAL
LE
MONTAGU
O'CONNOR
OF
OFFICE
OFFICES
OR
PSEU
THE
TO
TOZ
V
VON
WAY
Y
….
…MILE
‡
