@XX Africa
Anglesey
Angus
Argyllshire
@XX Australia
@XX Austria
Avon
Barnsley
Bedfordshire
@XX Belgium
Berkshire
Birmingham
Birminghamshire
Bolton
Bournemouth
Buckinghamshire
@XX Burma
Caernarfonshire
Cambridgeshire
@XX Canada
@XX Ceylon
Channel Islands
Chelmsford
Cheshire
Chesire
@XX China
Cleveland
Cornwall
@XX County Unknown
Cumberland
Cumbria
DC
Darlington
Denbighshire
@XX Denmark
Derbyshire
Devon
Devonshire
Dorset
Dorsetshire
Dublin
Durham
East Lothian
East Riding
East Riding, Yorks
East Riding, Yorkshire
@XX England
Essex
@XX Falkland Islands
Fife
@XX Finland
@XX France
@XX Germany
@XX Gibraltar
Glamorgan
Gloucester
Gloucestershire
Godalming
Govan
Grahamstown
@XX Greece
Grimsby
Guernsey
@XX Guyana
Hampshire
@XX Hampshire (Isle of Wight
Herefordshire
Hertfordshire
@XX Holland
@XX Hong Kong
Hounslow
Hull
Humberside
@XX Hungary
Huntingdonshire
@XX India
@XX Ireland
@XX Ireland Northern
Isle of Jersey
Isle of Man
Isle of Wight
@XX Italy
@XX Jamaica
@XX Japan
Jersey
Kent
Kingston upon Thames
Kingston upon Thames
Kingston-upon-Hull
Kingston-upon-Thames
@XX Lahore
Lancashire
Lancaster
Leicester
Leicestershire
Leistershire
Licolnshire
Lincolnshire
Lincolnshire North
London
Manchester
@XX Massachusetts
@XX Massachusetts, U.S.A.
@XX Melbourne
Merseyside
Mexico
@XX Midddlesex
Middlesex
Middlesex, Nottingham
@XX , Nottinghamshire
Middlesex.
@XX Middlexex
Midlothian
@XX Monaco
@XX Netherlands
@XX New Zealand
Newcastle-upon-Tyne
Norfolk
North Riding, Yorkshire
North Yorkshire
Northamptonshire
Northern Ireland
Northhamptonshire
Northumberland
Norwich
Nothumberland
Nottinghamshire
Notts
@XX Ontario
Oxfordshire
@XX Pakistan
@XX Paris
Pembrokshire
@XX Pennsylvania
Perthshire
@XX Poland
@XX Portugal
Poughnill
@XX Preshaw House
@XX Queenwood College
@XX Rhodesia
@XX Russia
Rutland
@XX Saint Paul's Churchyard
Salisbury
Samoa
Scotland
Scotland Argyllshire
Scotland Renfrewshire
Scotland Roxburghshire
Shelton
Shropshire
Somerset
Somersetshire
@XX South Africa
South Yorkshire
Spain
Staffordshire
Stirlingshire
Suffolk
Surrey
Sussex
Sussex East
Sussex West
@XX Sweden
@XX Switzerland
@XX Tahiti
@XX Tasmania
Taunton
@XX Tunisia
@XX Turkey
@XX Tyne and Wear
Tyne and Wear
@XX U.S.A
@XX U. S. A.
@XX USA
Wales
Wales Carnarvonshire
Wales Flintshire
Wales Glamorgan
Wales Glamorganshire
Wales Merionethshire
Wales Monmouthshire
Wales Montgomeryshire
Wales Pembrokeshire
Warwick
Warwickshire
West Midlands
West Riding, Yorkshire
West Sussex
West Yorkshire
Westmindlands
Westmoreland
Westmorland
Wiltshire
Worcestershire
Yorkminster
Yorkshire
Yorkshire East Riding
Yorkshire North Riding
Yorkshire South
Yorkshire W.
Yorkshire West Riding
Yorkshire, East Riding
Yorkshire, North Riding
Yorkshire, West Riding
Yorktown
@XX near Stockbridge, Hants
