@TI (Aunt)
@TI (Cap)
@TI (Co)
@TI (Colonel)
@XX (D)
@XX (J)
@TI (Lady)
@TI (Lieu)
@TI (Lord)
@TI (Misses)
@TI (Mm)
@TI (Mme)
@TI(Pasteur)
@TI (Re)
@XX (S)
@XX (Sarah)
@TI (Sir)
@TI (Sr)
Aaron
Ab
Abbie
@TI Abbott
@TI Abbotts
Abdallah
Abdullah
@GE Abdy
Abel
Abner
Abraham
Abram
@TI Achdeacon
@GE Acher
Achilles
@LA Acland
Acton
Ada
@LA Adair
Adam
@LA Adams
@LA Adcock
@LA Adderley
@LA Addington
@LA Addision
@LA Addison
@VW Adela
Adelaide
Adelina
Adeline
@XX Adeling
@GE Adelphi
@LA Adkins
@XX Adma
@TI Admiral
@XX Admiralty
Adolf
Adolph
Adolphe
Adolphus
Adrian
@VW Adriana
Adriano
@VW Aidrian
Adrien
Ady
@VW Aelfric
@VW Aeneas
@VW Aeron
@XX Africauns
@VW Agamemnon
@XX Agas
Agatha
Agnes
@LA Agnew
@XX Agnus
@VW Agravaine
@XX Agricola
@XX Agustus
@VW Aida
@LA Aikin
@VW Ailsa
@XX Aim
Aime
Aimee
@LA Ainge
Ainslie
@LA Ainsworth
@XX Airken
@LA Aitken
Al
Alan
Alaric
Alaricia
Alban
@GE Albany
Albert
@GE Albion
@XX Albite
@XX Alcala
Alcibiades
@TI Alderman
@XX Aldine
Aldis
Aldous
@LA Aldren
@LA Aldridge
Aldwin
Ale
Alec
Alecsander
Aleksander
Aleph
@XX Alergnon
@XX Alert
Alex
Alexander
@VW Alexandra
Alexandre
Alexis
Alf
Alfons
@VW Alfonse
Alford
Alfre
Alfred
Algernon
@VW Ali
Alice
Alicia
Alison
Allan
@LA Allanson
Allard
@XX Allder
Allen
Alleyne
@LA Allingham
Allison
@LA Allom
@GE Allon
@LA Allston
Ally
Allyn
Alma
Almeric
@XX Almorth
Alonzo
Aloysius
@XX Alpha
Alpheus
Alphonse
Alphonso
@GE Alsager
@XX Althous
@XX Altn
@XX Altrincham
Alvey
Alvin
Alwin
Alwyne
Alx
Alys
Amabel
@VW Amadeus
Amalia
Amand
Amanda
Amasa
@TI Ambassador
Ambrose
Amede
Amelia
@GE Ames
@GE Amherst
@XX Amicus
@XX Amiraux
Amory
Amos
Amy
Amédée
Ananda
@VW Anastasia
Anatole
@VW Anchises
@XX Anchitel
@XX Anchor
@XX Ancient
@LA Anderson
Andre
Andreas
Andree
Andrew
@LA Andrews
Andy
@LA Anelay
@LA Aneley
Aneurin
@XX Anfel
Angel
Angela
Angelica
Angelina
@VW Angelika
Angelo
@GE Anglia
Anglicus
Angus
@VW Anita
Ann
@XX Ann's
Anna
Annabel
@VW Annabella
@VW Annabelle
@VW Annabeth
@XX Annan
@VW Anann
Anne
@GE Annesley
Annette
Annie
@LA Anning
@LA Annis
@LA Anstey
@VW Anthea
Anthony
Anti
@VW Antti
Antoine
Antoine-Jacques
Antoinette
@VW Anton
@VW Antonia
Antonin
@VW Antonina
Antonio
Antony
@VW Apollo
@LA Apthorp
Arabella
@VW Araminta
@GE Arbroath
@XX Arc
@XX Arcades
@XX Archaeological
@XX Archbishop
@LA Archbold
@LA Archdall
@TI Archdeacon
@LA Archer
Archibald
Archie
@XX Archinald
@XX Arcturus
@GE Arden
@XX Arding
@LA Argent
@XX Argonaut
@XX Arhur
@VW Ariadne
@VW Ariel
Aris
Aristides
@LA Arlidge
Arliss
Arman
Armand
Armauer
@LA Armiger
Arminius
Armistead
@LA Armitage
@LA Armstrong
@LA Armytage
@GE Arnesby
Arnold
Aron
Art
Artemas
Artemus
Arther
Arthor
Arthur
Arthurius
@LA Artis
@LA Arundell
Asa
@LA Asbury
@GE Ascott
@XX Aser
Ash
@LA Ashby
@LA Ashcroft
@LA Ashe
Asher
@GE Ashhurst
Ashleigh
Ashley
@XX Ashmead
@GE Ashmore
@LA Ashton
@GE Ashurst
@LA Ashworth
@LA Askew
@LA Asline
@LA Aspinall
@GE Aspley
@XX Asshton
@GE Astbury
@LA Astley
@GE Aston
@LA Astor
Ater
Athanase
Athelstan
@LA Atherley
@GE Atherstone
@La Atherton
@XX Athletic
@LA Atkinson
Attila
@LA Attwood
@LA Atwood
@XX Au
Auberon
@LA Aubert
Aubrey
Aubyn
@XX Auchland
Audrey
Augstus
August
Augusta
Augustas
Auguste
Augustin
Augustine
Augustus
Aulay
@LA Auld
@TI Aunt
@VW Aurelia
@VW Aurelius
@LA Aurthur
@GE Aust
@LA Austen
@LA Austin
Auston
Authur
Avetis
@XX Avonset
Axel
@LA Ayliffe
@LA Aylmer
Aymer
@LA Ayrton
@XX B
@XX BHF
Bab
@LA Babbington
Babette
@LA Babington
@TI Babu
@LA Bach
@LA Bache
@XX Bachmanson
@GE Baddesley
@GE Baden
@XX Badini
@XX Baglivie
@LA Bagot
@XX Bagster
@XX Bahari
@LA Bailey
@LA Baillie
@LA Bailly
@LA Baines
@LA Baird
@XX Bairden
@XX Baisler
@LA Baker
Bal
@VW Balan
@GE Balderston
@LA Baldwin
@LA Balfour
@VW Balin
@LA Ball
@GE Ballan
@LA Ballantyne
@LA Balmain
@LA Balmanno
@XX Balmano
Balthazar
@LA Balzac
@VW Ban
@LA Bancroft
@LA Bandiera
@XX Banesby
@LA Banfield
@LA Bank
@LA Banks
@XX Baptist
@LA Baptiste
@XX Barak
Barbara
@LA Barber
@LA Barclay
@LA Bardell
@LA Barham
@LA Baring
@LA Barker
Barnabas
Barnaby
Barnard
@LA Barnes
@GE Barnet
@LA Barnett
Barney
@LA Barnicott
@TI Baron
@TI Baroness
@LA Barr
@LA Barrass
@LA Barrett
Barrie
@LA Barrington
@XX Barristers
@TI Barron
@LA Barrow
Barry
Bart
@LA Barter
@LA Barth
Bartholomew
@LA Bartle
@LA Bartlett
@LA Barton
@LA Basden
@LA Basevi
Basil
@LA Bason
@LA Bate
@LA Bateman
@LA Bates
@LA Bathhurst
@VW Bathsheba
@LA Batt
@LA Battista
@LA Bavington
@LA Bax
@LA Baxter
@XX Baxtergate
Bayard
@XX Bayden
@LA Bayfield
@LA Bayle
@LA Bayley
@LA Baylis
@LA Bayly
@LA Baynes
@LA Baynton
@XX Be
@LA Beach
@LA Beale
@LA Beamish
@LA Bean
Beata
Beate
Beatrice
@VW Beatrix
@LA Beatty
@LA Beaumont
@LA Beaven
@LA Beaver
@LA Beavington
Becca
@LA Becket
@LA Beckett
@LA Beckles
@VW Becky
@LA Beddoes
Bede
@VW Bedevere
@GE Bedford
@VW Bee
@LA Beecher
@LA Beer
@LA Beete
@LA Behrendt
Bela
@GE Belfort
@LA Belgrave
@VW Belinda
@LA Bell
Bella
@LA Bellamy
Belle
@LA Bellenden
@XX Bellum
@VW Belshazzar
Ben
@LA Bence
@XX Bendo
Bene
Benedict
Benevolus
@LA Bengough
Benito
Benj
Benjamin
@LA Bennet
@La Bennett
@LA Benning
@LA Benson
@LA Bentham
@LA Bentley
Benton
Benvenuto
@VW Beowulf
@LA Beresford
Beriah
@XX Bericht
@LA Berkeley
@VW Bernadette
Bernard
Bernhard
@LA Berridge
@LA Berry
Berta
Bertha
@LA Berthod
Berthold
Bertram
Bertrand
@GE Berwick
@VW Bess
Bessie
Bessy
@LA Best
Beta
@VW Beth
@LA Betham
@XX Bethel
@GE Bethune
Betsy
@VW Bette
Betty
@LA Bevan
Beverley
Beverly
@LA Bewley
@XX Bhicaji
Bianca
@LA Bibbins
@LA Bickersteth
@LA Bickerton
@XX Bickword
@LA Biddell
@VW Biddy
@LA Bigelow
@LA Biggs
@LA Bigham
Bill
Billie
Billy
@LA Bingham
@LA Binney
@LA Birbeck
@LA Birch
@LA Bird
@LA Birkbeck
@LA Birket
Birkett
@LA Birley
@LA Birney
@LA Birstall
@LA Birtles
@TI Bishop
@LA Bisset
@VW Bjorn
@LA Black
@GE Blackburn
@GE Blackfriars
Blackie
@LA Blackmore
@LA Blackwell
@LA Blagrave
@LA Blair
@LA Blairfindie
@XX Blairfindle
Blake
@LA Blakely
@LA Blakeman
@LA Blanchard
Blanche
@VW Blanchefleur
Blanco
@LA Bland
@LA Blandford
@LA Blanford
@LA Blaquiere
@LA Blarsey
@LA Blatch
@XX Blathwyat
Blaz
@LA Blaze
@LA Blennerhassett
Bliss
@LA Blomfield
@LA Blondel
@LA Blood
@XX BloomField
@LA Bloomfield
@VW Blossom
@LA Bloundelle
@LA Bludyard
Bluebell
Blyth
@VW Boadicea
@LA Boardman
Bob
@La Bochsa
@LA Bodell
@LA Boden
@LA Bodham
@LA Bodley
@LA Bodmer
@LA Bohan
Bojidar
@LA Bolingbroke
@GE Bolton
@LA Bon
Bonamy
@LA Bonavia
@LA Bond
@GE Bondy
@LA Bone
@LA Bonfield
@VW Boniface
@LA Bonnell
@LA Bonnet
@LA Bonney
@GE Bonnycastle
@LA Book
@LA Booth
@La Boothman
@VW Bors
Boris
@LA Borrett
@BE Borthwick
@LA Bos
@LA Bosco
@LA Boswell
@XX Botanic
@LA Botting
@GE Boughton
@GE Boulby
@LA Bourke
@LA Bourn
@LA Bourne
@XX Bouyier
@GE Boverton
@LA Bowater
@LA Bowden
@LA Bowdler
@LA Bowles
@LA Bowley
@LA Bowling
@LA Bowman
@LA Bowyer
@LA Box
@XX Boy's
@LA Boyd
@LA Boyle
@XX Boyveau
@VW Boz
@LA Bozzi
@XX Br
@GE Bracebridge
@LA Brackenridge
@LA Brackett
@LA Bradbrook
@LA Bradbury
@LA Braddon
@GE Bradford
@LA Bradlaugh
Bradley
@LA Bradshaw
@LA Bradshawe
@LA Bragge-Bathurst
@GE Brailsford
@XX Brainsley
Bram
@LA Bramwell
@LA Brand
@LA Brander
@LA Brandreth
@XX Braneston
@GE Branston
@VW Branwell
@LA Braxton
@LA Brayley
@GE Brenchley
@XX Brendley
Brendon
Brent
@LA Brereton
Bret
@LA Bretland
Brett
@XX Brewe
@LA Brewin
@LA Brewster
Brian
@LA Bridges
@VW Bridget
@XX Brigade-Surgeon
@LA Briggs
Brigham
@LA Brightmore
@LA Brighty
@VW Briony
@LA Brindley
@LA Brinley
@LA Brinsley
@LA Brinsly
@LA Brisben
@LA Brisco
@LA Briton
@LA Britton
@XX Brivsley
@XX Bro
@LA Broaders
Brodie
Brodrick
@GE Bromley
@LA Bronson
Bronterre
@VW Bronwyn
@LA Brook
Brooke
@LA Brookes
@LA Brooking
@LA Brooks
@TI Brother
@LA Brotherton
@LA Brougham
@LA Broughton
@LA Brown
@LA Browne
@LA Brownell
@LA Browning
Bruce
@LA Brudenell
@VW Brunhilde
@LA Brunker
Bruno
@LA Brunton
@LA Brusey
@VW Brutus
Bryan
@LA Bryant
Bryce
@LA Brydon
@LA Bryer
Bryn
Bryon
@LA Brysson
@LA Buchanan
@XX Buckamn
@LA Buckel
@GE Buckingham
@LA Buckley
@LA Buckmaster
@LA Budgett
@LA Buell
@VW Buenaventura
@LA Bullock
Bulstrode
@GE Bulwer
@LA Bulwer-Lytton
@LA Burdett
@LA Burdon
@LA Bureaud
@LA Burford
@LA Burges
@LA Burgh
@LA Burgiss
@LA Burke
@LA Burkitt
@LA Burn
@LA Burnard
@LA Burne
@LA Burne-Jones
@LA Burnell
@LA Burness
@LA Burnett
@GE Burnley
@LA Burns
@LA Burnside
@LA Burr
@LA Burroughes
@XX Bursey
Burt
@LA Burton
@GE Bury
@LA Bushnell
Busson
@LA Butcher
@LA Bute
@LA Butler
Butterfly
@XX Butterworths
@GE Buxton
@LA By
@LA Byam
@LA Byles
@LA Byrde
@LA Byres
@La Byrom
@LA Byron
Bysshe
@LA Bywater
Bénigne
@XX C
@LA Cabet
@LA Cadbury
@LA Cadman
@LA Cadogan
Cadwallander
Caesar
Caeser
@XX Cairins
@LA Calder
@LA Caldwell
Caleb
@VW Caliban
Calley
@LA Callow
@VW Callum
@LA Calrow
@LA Calverley
@LA Calvert
@GE Cam
@GE Camden
Cameron
Camilla
Camille
@LA Campana
Campbell
@TI Canon
@XX Canons
@LA Cantwell
@VW Canute
@XX Cap
Capel
@LA Capern
@TI Captain
@XX Captin
@LA Cardale
@TI Cardinal
@LA Cardwell
@LA Careme
@LA Carew
@LA Carey
@LA Cargill
@VW Carina
Carine
@XX Caritas
Carl
@XX Carle
@XX Carles
@LA Carleton
@LA Carlile
@LA Carlisle
Carlo
Carlos
Carlotta
Carlton
@LA Carlyle
Carme
Carmen
@LA Carmichael
@VW Carmilla
@VW Carmina
@GE Carnac
@XX Carne
Carol
@VW Carolina
Caroline
Carolus
Carolyn
@LA Carpenter
@LA Carr
@XX Carric
@LA Carrick
@VW Carrie
@LA Carrier
@LA Carrington
@LA Carruthers
@LA Carter
@LA Carteret
@XX Carton
@LA Cartwright
@LA Carus
@LA Carvill
@LA Cash
@GE Cashel
Casimir
Casper
@VW Cassandra
@LA Cassell
@XX Cassell's
@XX Cassia
@VW Cassim
@VW Cassiopeia
Catharine
@LA Catherall
Catherine
@LA Caton
@LA Cautley
Cavalier
@TI Cavaliere
@LA Cave
@LA Cavendish
@LA Caxton
Cecelia
Cecil
Cecile
@VW Cecily
Cedric
Celestine
Celia
@XX Celice
@VW Celine
@XX Celt
@LA Cervantes
@XX Cha
Chad
@LA Chadwick
@XX Chalil
@LA Chalk
@LA Chalmers
@LA Chamberlain
@LA Chambers
Chance
@LA Chancellor
Chancey
Chand
@LA Chandler
@LA Chandos
Chandra
@LA Channing
@LA Chaplin
@LA Chapman
@VW Charity
@XX Charle
@VW Charlemagne
Charles
@LA Charleton
Charlie
Charlotte
@LA Charlton
@LA Charnocke
@LA Charrington
@LA Charteris
@LA Charters
@XX Chartles
Chas
@LA Chase
@LA Chater
@LA Chauncey
@LA Chauncy
Chawner
Cherry
@XX Chessborough
@LA Chessell
@GE Chester
@GE Chetwode
@TI Chevalier
@LA Cheyne
@TI Chief
@LA Child
@LA Chilver
@LA Chippendale
@LA Chippendall
@LA Chisholm
@LA Choate
@LA Cholmeley
@LA Cholmondeley
@VW Chretien
Chris
Christ
Christabel
Christi
Christian
Christie
Christina
Christine
Christofer
Christoher
Christoph
@VW Christophe
Christopher
Christophor
Christy
@LA Chubb
Chuni
@LA Churchill
@TI Churchman
@LA Churton
@XX Chyne
@VW Cicely
@XX Cie
@VW Cinderella
@XX Cl
Clair
@GE Clapham
Clara
Clare
Clarence
Clarissa
@VW Claribel
Clark
Clarke
@LA Clarkson
Claud
Claude
@VW Claudette
@VW Claudia
Claudius
@XX Claurde
@LA Clavering
Clay
Claye
Clayton
@LA Cleeson
@LA Cleghorn
@VW Clem
Clemence
@VW Clemency
Clemens
Clement
Clementina
Clementine
@LA Clements
@LA Clennell
@VW Cleopatra
@LA Clerc
Clerk
@GE Cleveland
@XX Clevering
Cliffe
Clifford
@XX Clifford's
Clifton
Clinton
Clio
Clive
Cloudesley
@XX Club
Clyde
@VW Clytemnestra
Clément
@XX Co
@LA Cobb
@LA Cobban
@LA Cobbe
@LA Cobbett
@LA Coburn
@LACockbill
@LA Codrinton
@LA Cody
Coit
@LA Colborne
@LA Colbourne
@LA Colburn
@LA Colcott
@LA Cole
@LA Coleman
@LA Coleridge
Colin
@XX College
Collet
Collett
@VW Collette
@LA Colley
@LA Collings
@LA Collingwood
@LA Collins
Collis
@LA Collyer
@GE Colne
@TI Colonel
@LA Colquhoun
@LA Colston
@LA Colt
@LA Colthurst
@VW Columbine
@LA Colvin
@GE Combe
@LA Comerford
@TI Commander
@XX Committee
@XX Company
@LA Comper
@LA Compton
@TI Comtesse
@LA Comyn
@LA Comyns
@XX Con
Conan
@LA Conan-Doyle
Concordia
@LA Condell
@LA Condy
@LA Conelly
@LA Congreve
@LA Conolly
Conrad
@LA Constable
Constance
Constantin-Francois
Constantine
@VW Constanzia
@XX Constine
@LA Conyers
@LA Cook
@LA Cooke
@LA Cookson
@LA Cooper
@LA Cope
@VW Cophetua
@LA Copeland
@LA Copley
@LA Coply
Cora
Coralie
@XX Corde
@VW Cordelia
@LA Cordy
@XX Cormell
Cornelia
Cornelius
@TI Cornet
@LA Cornewall
@LA Cornish
@GE Cornwall
@LA Cornwallis
@XX Coronat
Cosmo
@LA Cotter
@LA Cotton
@LA Cottrell
@LA Coulson
@LA Coulton
@XX Council
@XX Councilhouse
@TI Count
@TI Countess
@XX County
@XX Court
Courtenay
@LA Courthope
@LA Cousin
@LA Coutanche
@LA Coutts
@GE Coventry
@GE Cowden
@LA Cowell
@LA Cowie
@LA Cowley
@LA Cowper
@LA Cox
@LA Coxhead
@LA Crabb
@LA Crabbe
@LA Cradock
Craig
Craigie
@LA Cramer
@LA Crandon
@LA Cranmer
@LA Craufurd
@LA Craven
@LA Crawford
@VW Cressida
@LA Cribb
@LA Crichton
@LA Crispe
@VW Crispin
Cristabel
@LA Critchley
Criticus
@LA Crittenden
@GE Croal
@XX Crochley
@LA Croft
@LA Crofton
@LA Croker
@LA Crompton
@LA Cromwell
@LA Croom
@LA Crosbie
@LA Crosby
@LA Cross
@XX Croumbie
Crowell
@LA Crowther
@GE Croydon
@LA Cruikshank
@LA Crum
@GE Cubitt
@LA Cucheval
@LA Cullen
@LA Culley
@LA Culliford
Culling
@GE Cumberland
@LA Cumming
@XX Cune
@LA Cuninghame
@LA Cunningham
@LA Cunninghame
@LA Curling
@VW Currer
@LA Currie
@LA Curson
Curtis
@LA Curwen
@LA Cusack
@LA Cust
@LA Cutcliffe
Cuthbert
@XX Cuthell
@XX Cutlas
@LA Cutting
@LA Cutts
@VW Cymbeline
Cyril
Cyrill
Cyrus
César
@XX D
@XX D'
@LA D'Alphonse
@LA D'Arblay-Frances
D'Arcy
@LA D'Arros
@LA D'Oyly
@XX D)
@XX Da
@XX Dabber
@XX Dacid
@LA Dacre
@VW Daedalus
@VW Daffyd
@LA Dagleas
@VW Dagobert
Dain
Daisy
@LA Dalberg
Dale
@LA Dalling
@LA Dalton
@TI Dame
@LA Damer
@LA Dampier
Dan
Dana
@XX Dandeson
@LA Dando
@XX Dangle
Daniel
@VW Daniella
@VW Danielle
@LA Danielsson
Dante
Danvers
@XX Danzy
@LA Darby
@GE Dargaville
@LA Dark
@LA Darley
@LA Darling
@VW Darrell
@LA Darton
@LA Darwin
@LA Dashwood
@LA Daubentons
@LA Davenant
@LA Davenport
David
@LA Davids
@LA Davidson
@LA Davies
@LA Davis
@LA Davison
Davydd
@LA Davys
@LA Dawson
@LA Day
@LA Dayrell
@XX De
@XX DeKewer
@TI Deacon
@LA Deady
Dean
Deane
@LA Deas
Decimus
@VW Deborah
Del
@XX Delaval
@LA Delcroix
Delia
@XX Delianson
@LA Delmar
@LA Delmege
@VW Delores
@XX Delta
Demetrios
Demetrius
Democritus
@LA Dempsey
@LA Dendy
@LA Denham
Denijs
Denis
@LA Denison
@LA Dennett
@LA Denning
Dennis
Denny
@GE Denton
Denys
@GE Derby
Derek
@GE Derwent
Des
@VW Desdemona
@LA Desborough
Desmond
@LA Devereux
Devin
@GE Devizes
@GE Devonshire
@XX Dewe
Dewi
Dewing
Diana
@VW Diane
@LA Diaz
@LA Dibdin
Dick
@LA Dickens
@LA Dickerson
Dickey
@LA Dickson
@VW Dicky
@VW Didier
@VW Dido
@LA Dietrich
@LA Dieudonne
Digby
Dighton
@LA Dilke
Dillon
Dinah
@LA Dingwall
@LA Dinnen
@XX Diocese
Dion
Dionysius
@LA Disbrowe
@XX Discipulus
@LA Disraeli
@XX District
@XX Division
@LA Dix
@LA Dixon
@LA Dobson
@LA Doddridge
@LA Dodson
@LA Doherty
@LA Doig
Dollie
@VW Dolly
Dom
@LA Domela
@LA Domett
@XX Domine
Dominic
Dominick
Dominique
Don
Dona
Donald
@LA Donaldson
@LA Done
Donna
Dora
@VW Dorcas
@VW Doreen
@VW Dorian
Doris
@LA Dornan
@VW Dorota
Dorothea
Dorothy
Douglas
Douglass
@LA Dougles
@LA Dove
@LA Dow
@LA Dower
@XX Downside
@VW Dracula
@XX Dramatic
@XX Dramaticus
@LA Draper
Drew
@XX Dreweatt
@LA Drewry
@XX Drinker
@LA Drinkwater
@VW Drusilla
@GE Druck
@LA Drummond
@XX Drypoint
@LA Drysdale
@XX Dubbe
@LA Duboys
@TI Duc
@LA Duckworth
Dudley
@LA Duff
@GE Duffus
@LA Duffy
Dugald
@LA Duhot
@TI Duke
@LA Dunbar
Duncan
@LA Duncombe
@LA Dundas
@XX Duningham
@VW Dunkinfield
@LA Dunlop
@LA Dunmore
@LA Dunn
@LA Dunning
@LA Dupré
@GE Durham
@LA Durrant
@LA Dutton
Dwight
@LA Dyce
@LA Dyer
@LA Dyke
@LA Dykes
@LA Dyshe
@XX E
Eadie
@LA Eagle
@XX Ear
@LA Eardley
@TI Earl
@LA Earle
@LA Early
Earnest
@LA Earnshaw
@GE East
@LA Eastland
@LA Easton
@LA Eaton
Eben
Ebeneezer
Ebenezer
Ed
@VW Eddie
@LA Eddowes
@VW Eddy
@LA Ede
@XX Eded
Eden
Edgar
@LA Edgcumbe
Edith
@XX Edm
Edmond
@LA Edmonstone
Edmonstoun
Edmund
@LA Edmunds
Edna
@XX Ednor
Edouard
@XX Edric
Eduaro
@XX Educational
@XX Edw
Edward
@LA Edwards
Edwin
Edwyn
Effie
@GE Effingham
Egbert
@LA Egerton
@LA Eginton
@VW Eglantine
@GE Egmont
@LA Ehn
Eirikr
@VW Ekaterina
@LA El
Elaine
Elbert
@LA Elcoate
@LA Elder
Eldon
Eldwyn
Eleanor
Eleanora
Eleonore
@VW Elfinella
Elford
Elfrida
@LA Elgar
Eli
Elia
Elias
Eliezer
Elihu
Elijah
@XX Elimalet
Elinor
Eliot
Eliott
Elisabeth
Elise
@XX Elisee
Elisha
Elishama
Eliza
Elizabeth
Elizer
Elkan
Elkin
Elkingham
Ella
@XX Ellacie
Ellaline
@LA Ellard
Ellen
@GE Ellerton
Ellery
@LA Ellice
@VW Ellie
Ellies
Elliot
Elliott
Ellis
@LA Ellison
@XX Elllison
@VW Eloise
Ellott
Elme
@LA Elmsley
@XX Elmslie
@XX Elmutt
Elsa
Elsie
@GE Elvet
@VW Elvira
Elwin
Elwood
@LA Ely
Emanuel
@XX Emas
Emelia
Emelie
Emerald
Emeric
Emerich
@TI Emeritus
Emerson
Emery
Emil
Emile
Emilia
Emilie
Emilien
Emiline
@VW Emilio
Emily
Emlyn
Emma
Emmanuel
Emmeline
Emmerson
Emmett
@TI Empress
@LA Emsley
@LA Emslie
Endsor
@XX Enean
@XX Eneas
@LA Engels
@LA Engleheart
@XX Engles
@VW Enid
@VW Enide
@XX Ennel
Enoch
Enrico
Enzio
@VW Enzo
Ephraim
@XX Ephrain
@VW Ephrem
Epicurus
Erasmus
@LA Erastian
@LA Erastus
Eric
@VW Erica
@LA Ericson
Erina
@LA Erle
Ernest
Ernestine
Ernestus
@XX Ernet
@XX Ernina
@XX Ernold
@VW Eros
Ernst
Errol
Erskine
Erwin
@XX Es
Escott
Esme
@VW Esmeralda
@XX Eson
@XX Esperance
@GE Essex
Estelle
Esther
@LA Estridge
@VW Ethan
Ethel
Ethelbert
@VW Ethelberta
Ethelred
@XX Ethil
@GE Ettrick
Eugen
Eugene
Eugenia
@VW Eugenie
Eugenio
Eugenius
@VW Eula
@VW Eunice
Euphemia
Eusebius
Eustace
Eva
Evan
@XX Evance
@LA Evans
Eve
Eveleigh
Eveline
Evelyn
Everard
@LA Everett
Evers
@LA Every
Ewald
Ewan
Ewart
Ewen
@XX Ewerc
@LA Ewert
@LA Ewing
@XX Exhibition
@LA Eyles
@LA Eyre
@LA Eyton
Ezekial
Ezekiel
Ezra
@XX F
@VW Fabia
@VW Fabian
@XX Faed
@LA Fairclough
@LA Fairfax
@GE Fairfield
@XX Fairlass
@LA Fairleigh
@XX Fairless
Fairman
@LA Faithful
@LAFalconer
@La Falkner
@XX Fances
@XX Fancis
@LA Fancourt
@XX Fann
Fannie
Fanny
@LA Faram
@XX Faran
@LA Farjeon
Farley
@LA Farlow
@LA Farquarson
@LA Farquhar
@LA Farr
Farran
Farrand
@LA Farren
@LA Farrow
@LA Farry
@TI Father
@XX Faucet
@LA Faulder
@LA Faulkner
@LA Fawcett
@La Fawckner
@VW Fay
@VW Faye
Feargus
@LA Fechheimer
@VW Federica
Federico
@XX Feeling
@LA Feeney
Felice
Felicia
@VW Feliciano
Felicite
@VW Felicity
Felipe
Felix
@LA Fell
@GE Fenchurch
@LA Fenimore
@VW Fenella
@LA Fenn
@LA Fennell
@VW Fennella
@LA Fenning
@LA Fenton
@XX Fentonia
@LA Fenwick
Ferdinand
Ferdinando
Fergus
@LA Ferguson
@LA Fergusson
@LA Fernadez
@XX Fernandey
@VW Fernand
@VW Fernando
@LA Fernandez
Ferrand
@LA Ferrers
@LA Ffarington
@VW Ffion
@LA Fich
Fidelius
@LA Fiedler
@LA Fielding
@LA Figgis
@LA Fildes
Filippo
@LA Filson
@LA Finch
@LA Findlay
Fineen
@XX Finetta
@VW Fingal
@GE Fingall
@XX Finis
Finlay
@LA Finlayson
Fiona
@VW Fionnghuala
@VW Fionnula
@XX Firmstone
@LA Firth
@LA Fish
@LA Fishburn
@LA Fisher
@LA Fitch
@LA Fitz
@LA FitzEvan
@LA Fitzalan
@LA Fitzgerald
@LA Fitzharding
@LA Fitzherbert
@LA Fitzjames
@LA Fitzpatrick
@LA Fitzroy
Fleeming
@LA Fleetwood
@LA Fleming
Fletcher
@VW Fleur
@GE Flinders
@LA Flint
Flo
@LA Flood
Flora
@GE Floreat
Florence
Florian
@LA Florio
@VW Florizel
@LA Flower
Floyd
@XX Fo
@LA Foakes
@GE Folkestone
@XX Folkstone
@LA Follett
@LA Foote
@LA Forbes
@LA Ford
@LA Forder
@LA Fordyce
@LA Forester
@LA Forrester
@LA Forsell
@LA Forster
@LA Forsyth
@LA Forsythe
@LA Fortescue
@GE Forth
@LA Forthergill
Fortunato
Fortunatus
@LA Foss
@LA Foster
@XX FosterPatrick
@LA Fothergill
@LA Fougasse
@LA Foulkes
@LA Foulks
@XX Fouqueau
@LA Fowell
@LA Fox
@TI Fra
@XX Framd
Fran
Franc
Frances
Francesca
Francesco
Franci
@VW Francine
Francis
Francisco
Franciscus
Franciso
Franck
Francois
Francois-Pierre
Frank
Franke
@LA Frankfort
Franklin
Franklyn
Frants
Franz
François
@VW Francoise
@LA Fraser
@TI Frater
Fraunces
@LA Frazer
@XX Fre
@LA Frean
Fred
Frederic
Frederica
Frederick
Fredericka
Fredrick
Fredrik
Fredrika
@LA Free
@LA Freeling
@LA Freeman
@XX Freemman
@LA Freer
@TI Freiherr
@LA French
@LA Frenche
@LA Frenk
Fretful
Frewen
@VW Freyr
@TI Friar
@VW Frida
Friedric
Friedrich
@LA Friere
@LA Friese
Fritz
@GE Frognall
@GE Frome
@GE Froodvale
@LA Frowd
@LA Fry
@LA Fryer
Fulke
@LA Full
@LA Fuller
@LA Fullford
Fulton
Furneaux
@LA Furness
@XX Fusselll
@LA Fydell
@GE Fyfe
Fynes
@VW Fyodor
@GE Fyvie
@XX G
Gabriel
Gabriele
Gabrielle
@VW Gabriella
Gaetano
@LA Gage
Gail
@VW Galahad
@LA Gaillard
@LA Galley
@LA Gallie
@LA Galloway
@LA Galphin
@LA Galpin
@LA Gambier
@LA Gambold
@LA Garcia
@LA Garden
@LA Gardiner
@LA Gardner
@LA Gardnor
@VW Gareth
@LA Garnet
@LA Garnett
@LA Garnons
@LA Garratt
@XX Garretee
@LA Garrett
@LA Garrick
@LA Garrison
@LA Garrow
@LA Garsham
Garth
@LA Garvin
@LA Gaskell
Gaspar
@VW Gaspard
@GE Gasper
Gaston
@GE Gatehouse
Gathorne
@LA Gatty
Gavan
Gavin
@VW Gawain
@XX Gawin
Gay
@VW Gaye
Gaylord
@XX Ge
@LA Gee
Gelasinus
Gemma
@TI General
@GE Geneva
@VW Genevieve
@GE Gent
@XX Geo
@VW Geoff
Geoffrey
Geoffroi
Geoffry
Geoge
@XX Geogg
@XX Geor
@XX Georg
George
Georges
@VW Georgette
Georghe
@VW Georgia
Georgiana
Georgina
@VW Geraint
Gerald
Geraldina
Geraldine
Gerard
Gerda
Gerhard
Gerhart
@LA German
Germanicus
@XX Geroge
Gerrard
Gertrude
@VW Gervase
@LA Gibbon
@LA Gibbons
@LA Gibbs
@LA Gibson
Gideon
@LA Gifford
Gil
Gilbert
@LA Gilborn
Giles
Gill
Gilles
@LA Gilliat
@LA Gillray
@LA Gilman
@LA Gilmore
@LA Gilpin
@LA Gilson
@XX Gilzean
@LA Gimber
Gioacchino
Giovanni
Giraldus
Giuseppe
@LA Gladstone
Gladys
@GE Glanffrwd
@LA Glanvill
@LA Glanville
@LA Glanystwyth
@LA Glassford
@XX Glee
@LA Gleeson
@LA Glenny
@LA Glenville
@VW Glenys
@XX Globe
@VW Gloria
@LA Glover
Gluyas
Glyn
Glynn
@XX Godbrandr
Godefroi
Godfrey
@LA Godolphin
@XX Godwie
@LA Godwin
@XX Godwinm
Goeffrey
@LA Goethe
@LA Gold
@LA Golding
@XX Goldnib
@LA Goldsborough
@LA Goldsmith
@LA Goldwin
@LA Goldworth
Gomer
@VW Goneril
@LA Goode
@LA Goodfellow
@LA Goodman
@LA Goodwyn
Gord
Gorden
Gordon
Gore
@LA Gore-Booth
@LA Gorman
@XX Gospel
@LA Gother
Gottfried
@XX Gottleib
Gottlieb
@LA Gough
@LA Gould
@LA Gover
@LA Govier
@LA Gow
@LA Gowans
@LA Gowin
@LA Gowing
@XX Goy
@LA Graburn
@LA Gracchus
Grace
Graham
@LA Graily
@XX Graitis
@LA Gram
@XX Grandad
@XX Grandfather
@LA Granger
Grant
@GE Grantham
Grantley
Granville
Grattan
Gratton
@LA Grave
@LA Graves
@LA Gray
@XX Greathheed
@LA Greaves
@LA Green
@LA Greenhough
@LA Greenleaf
@LA Greenwood
Greg
Gregg
@VW Gregor
Gregory
@XX GregoryJohn
@LA Greig
@LA Grenfell
@LA Grenville
@VW Greta
@VW Gretel
@GE Gretna
Greville
@LA Grey
@LA Grieg
@LA Griffin
@LA Griffith
@LA Griffiths
Grigor
@LA Grimshaw
@LA Groom
@LA Groombridge
@LA Grose
@LA Grove
@XX Grumbleton
@VW Guenevere
@LA Guest
@LA Guillot
@VW Guinevere
@LA Guinness
@LA Gunby
@LA Gunn
Gunner
@LA Gunton
@LA Guppy
@LA Gurney
Gus
Gustav
Gustave
Gustavus
@LA Gut
@LA Guthrie
Guy
@LA Guyot
Gwendoline
Gwenynen
Gwyn
Gwynne
@VW Gwynneth
@XX Gyinness
@XX Gyp
@XX H
Hablot
@LA Hack
@LA Hacker
@LA Haddock
@LA Haddon
@LA Haddy
Hadji
@LA Hadley
@LA Hadrian
@XX Haghlings
@LA Hague
@LA Hailes
@LA Hain
@XX Hajji
Hal
@LA Haldane
@LA Hale
@LA Halford
@LA Halifax
@LA Hall
@LA Hallam
@GE Hallet
@LA Halliday
@LA Halliwell
@LA Hallowes
@LA Halls
@LA Halsey
@GE Hamble
@GE Hamblen
@LA Hamerton
@LA Hames
@LA Hamilton
Hamish
Hamlet
@LA Hammon
@LA Hammond
@GE Hampton
@VW Han
@XX Hananel
@GE Hanbury
@LA Handel
@LA Handfield
@LA Handley
@XX Hanery
@XX Hanilland
@VW Hankin
@LA Hankinson
@LA Hanley
@VW Hann
@LA Hanna
@GE  Hannaford
Hannah
@LA Hannen
@LA Hannum
Hans
@VW Hansel
@LA Hansford
@LA Hanson
@VW Hanz
@XX Harbutt
@LA Harcourt
@LA Harcout
@LA Harding
@LA Hardinge
@LA Hardwich
@LA Hardwicke
@LA Hardy
@LA Hare
@VW Hareton
@LA Harewood
@LA Hargrave
@LA Hargreaves
@LA Harkness
Harlan
@LA Harland
@VW Harlequin
@LA Harley
@LA Harman
@LA Harmer
@LA Harmsworth
@LA Harnett
@LA Harney
Harold
@LA Harper
Harriet
Harriett
Harriette
@LA Harrild
@LA Harrington
Harriot
@LA Harris
Harrison
@LA Harrod
@XX Harroun
@GE Harrow
Harry
@LA Hart
@LA Hartley
@LA Hartwell
Hartwig
Harvey
Harvie
@LA Harwood
@XX Hashnu
@LA Haslop
@GE Hastings
@LA Haswell
@LA Hatchard
@XX Hatchards
@LA Hatfield
@XX Hatnes
@LA Hatt
Hattie
@LA Haugwitz
Havard
@GE Havell
Havelock
@LA Havilland
@LA Hawke
@LA Hawkes
@LA Hawkins
@LA Hawley
@LA Hawthorn
@LA Hay
@LA Haydock
@LA Haydon
@LA Hayes
@LA Haylett
@LA Hayman
@LA Haynes
@LA Hayter
@LA Hayward
Hazel
@LA Hazelwood
@LA Headlam
@LA Headley
@XX Headlong
@LA Headon
@LA Healy
@LA Heard
@LA Hearle
@LA Hearn
@LA Heath
@VW Heathcliff
@LA Heathcote
Heather
@LA Heaton
Heber
@XX Hebsa
@VW Hecate
@LA Heckstall
@XX Hecla
Hector
@VW Hecuba
@XX Hedgehog
@LA Hedges
@LA Hedley
@VW Hedwig
@VW Heidi
@XX Heigh
@VW Heike
Heinrich
Helbert
Helen
Helena
Helga
@XX Heliochromie
@VW Heloise
@VW Helmut
@LA Hely
@LA Hemming
@LA Hemmons
@XX Hempson
@XX Henbrey
@LA Henderson
@LA Hendry
Heneage
@LA Heney
@LA Henfrey
Hengist
@XX Henlen
@GE Henley
@GE Henniker
@GE Hennis
@XX Henr
Henri
Henri-Roger
Henrich
Henrietta
Henriette
Henrik
@LA Henriques
Henry
Hensleigh
@LA Hensley
@LA Henslowe
@XX Henthorn
@GE Henton
@LA Henty
@VW Hephzibah
@LA Hepworth
@XX Her
@LA Heraud
@LA Herber
Herbert
Herbet
Hercules
@GE Hereford
@GE Herford
Herman
Hermann
@VW Hermia
@VW Hermione
@VW Herne
@GE Herny
@LA Heron
@TI Herr
@LA Herrick
@LA Herries
@LA Herrmann
@XX Herry
Herschell
@XX Hery
Hesba
@LA Hesketh
@LA Heslope
Hester
@LA Hetherington
Hethrington
@XX Hethton
Hetty
@LA Hewett
@LA Hewitt
@LA Hewson
@LA Hey
@LA Heydon
@LA Heygate
@LA Heylyn
@LA Heyman
@LA Heywood
@LA Hiam
@LA Hibbert
@LA Hickey
@LA Hickling
@LA Hicks
@LA Hide
@VW Hieronymus
@LA Higgs
@TI Highness
Hilaire
Hilaro
Hilary
Hilda
Hilder
@VW Hildebrad
Hilderic
@GE Hiles
@LA Hiley
@LA Hill
Hillary
@LA Hilliard
@LA Hillier
@LA Hilton
@LA Hinckes
@LA Hind
@LA Hinde
@GE Hindle
@VW Hindley
@XX Hindly
@LA Hindry
Hine
@LA Hingston
@LA Hinkes
@LA Hinton
@XX Hippochirurgis
Hippolyte
@GE Hira
Hiram
Hirsch
@LA Hirst
@XX His
@XX Historic
@XX Historicus
@LA Ho
@GE Hobart
@LA Hobbs
@GE Hockley
@LA Hodder
@LA Hodge
@LA Hodgkinson
@LA Hodgson
Hoel
@XX Hoffmannsche
@LA Hogarth
@LA Hogg
@GE Hohn
@LA Holbein
@XX Holbreche
@LA Holbrook
@LA Holden
@LA Holger
@LA Holl
@GE Holland
@LA Holloway
@LA Hollowes
Holly
@LA Holman
@LA Holme
@LA Holmes
@LA Holt
@LA Home
@XX Honeyman
@VW Honeysuckle
@LA Honeywood
Honnor
Honor
@VW Honoria
@TI Honourable
@LA Honywood
@LA Hood
@LA Hooker
@LA Hookham
@LA Hooper
Hope
@LA Hopkins
@LA Hopwood
Horace
Horatia
Horatio
Horation
Horatius
@XX Horlin
Hormuzd
@LA Horne
@LA Hornidge
Horrace
@LA Horrocks
@XX Horrwitz
@VW Horsa
@XX Horsall
@LA Horsey
@LA Horsfall
@GE Horsley
@VW Hortense
@VW Hortensia
@LA Horton
@LA Hoskyns
@LA Houghton
@LA House
@LA Housman
@XX Housmand
Houssemayne
Howard
@GE Howarth
@LA Howell
@LA Howes
@LA Howgrave
@LA Howitt
@LA Howse
@LA Howship
@LA Hoy
@LA Hoyle
@VW Hrafnkell
@LA Hubbard
Hubert
@LA Huck
@LA Huddleston
@LA Hudson
@XX Huery
@LA Huffam
@VW Hugga
Hugh
@LA Hughes
@VW Hughie
Hughlings
Hugo
Hulda
@LA Hulke
@GE Hull
@LA Hulme
@LA Hulton-Beackley
@LA Hume
@LA Humffreys
Humfrey
Humphrey
@LA Humphreys
@LA Humphries
Humphry
@LA Humphrys
@LA Hunt
@LA Hunter
@LA Huntley
@LA Huntly
@GE Hurez
@LA Hurrell
@LA Hurry
@LA Hurst
@LA Husband
@LA Husdon
@VW Hussain
@LA Hussey
@LA Hutcheson
@LA Hutchins
@LA Hutchinson
@LA Hutchison
@LA Hutley
@LA Hutton
@LA Huxley
@XX Hy
@VW Hyacinth
@LA Hyatt
@LA Hyde
Hydra
@LA Hyman
@LA Hynes
Hypatia
@VW Hyppolita
@LA Hyslop
@XX I
@XX II
@XX III
@XX IIl
@XX ILP
Iago
@VW Iain
Ian
Ibrahim
@XX Iconoclast
Ida
@VW Ignacio
@VW Ignatius
Ignaz
Igor
@VW Igraine
Igram
@VW Imelda
Immanuel
@LA Impey
@XX Imprimerie
@XX In
Ina
@XX Incher
@VW Indicael
@VW Inga
@XX Ingalton
@LA Ingle
@LA Inglis
@VW Ingo
@VW Ingrid
@LA Ingoldsby
@LA Ingram
@LA Ingress
Inigo
@XX Inn
Innell
@LA Innes
@LA Inskip
@XX International
Iohan
@VW Iolanthe
Ion
Ira
Irenaeus
@VW Irena
Irene
@VW Irina
@VW Iris
@XX Ironface
@LA Irvin
@LA Irving
@LA Irwin
Isa
Isaac
Isabel
Isabella
Isabelle
@VW Isadora
Isaiah
Isambard
@VW Iseult
Ishabel
Isham
Ishmael
Isidor
Isidore
Iskander
Isla
@GE Isleworth
Islwyn
Ismael
Ismay
Isobel
@VW Isolde
Israel
Issac
Ivan
@VW Ivor
@GE Iza
Izett
@VW Izetta
@XX J
@XX J\'AIDIT
@XX Ja
@XX Jaakoff
Jabez
Jack
@LA Jackson
@VW Jacqueline
@VW Jacques
Jacob
@XX Jacoomb
Jacques
@VW Jacquetta
@VW Jago
Jamal-al-Din
@XX Jame
James
@XX James-Kay
@LA Jameson
Jamie
@LA Jamieson
Jan
Jane
Janet
Janetta
Janie
@VW Janis
@VW Januarius
@XX January
Jany
Jaoquin
Jaques
Jaquin
@LA Jardine
@LA Jardyne
@LA Jarrat
@LA Jarratt
@LA Jarvis
@XX Jas
Jason
Jasper
Jay
Jayne
@XX Je
@XX Jeams
Jean
Jean-Baptiste
Jean-Jacques
Jean-Joseph
Jeanie
Jeanne
Jeannette
@LA Jeary
@VW Jebediah
Jedediah
@XX Jeese
@LA Jefferson
Jeffery
Jeffrey
@LA Jeffries
Jehoshaphat
Jehu
Jelinger
@VW Jem
Jemima
@XX Jemz
@LA Jenkin
@LA Jenkings
@LA Jenkyn
@LA Jenner
@LA Jennett
Jennie
@LA Jennings
Jenny
Jeremiah
Jeremy
@XX Jermany
Jerome
Jerrad
@XX Jersham
@GE Jerusalem
@LA Jervis
@LA Jervois
Jesper
Jesse
Jessica
Jessie
@VW Jesus
Jethro
@LA Jex
@LA Jex-Blake
@VW Jezebel
Jim
@LA Jimenez
Jimmie
Jimmy
@XX Jn
@XX Jno
Jo
Joachim
Joan
Joanna
Joannes
Joaquim
Joaquin
Job
Joe
Joel
Joesph
Johan
Johann
Johanna
Johannes
@LA Johannis
John
@XX John's
Johnathan
Johno
@LA Johnson
@LA Johnston
@LA Johnstone
@VW Jolyon
Jon
Jonas
Jonathan
Jonathon
@LA Jones
@LA Jonson
@VW Jonty
Joohn
@LA Jope
@XX Jordon
@XX Jorj
@LA Jory
Jos
Jose
Josef
Joseph
@XX Joseph-Gidden
Josepha
Josephine
@XX Joshhua
Joshua
Josiah
José
@LA Joule
@LA Jowett
Joy
Joyce
Jozé
@TI Jr
Juan
Juaquin
@VW Judas
@VW Jude
@TI Judge
Judith
@VW Judy
@LA Juggins
Jules
Julia
Julian
Juliana
Julie
Juliet
Julius
@XX Juluis
@XX Jun
Juniper
Junius
@VW Juno
@TI Justice
Justin
@VW Justine
@LA Justis
Justus
Justyn
@XX Juxta
@XX K
@XX K'rek
@XX Kain
@XX Kains
@XX Kamala
@XX Kames
@LA Kaplan
@VW Karel
@VW Karen
Karl
Kate
Katharine
Katherine
Kathleen
Kathryn
Katie
@LA Kaufman
@LA Kavalek
Kay
Kaye
@TI Kazi
@XX Kearlery
@LA Kearley
@LA Kearsey
@LA Keast
@LA Keating
@LA Keatley
@LA Keats
@LA Keble
@LA Keedy
@LA Keely
@LA Kegan
@LA Keighley
Keir
Keith
@XX Kelburne
@LA Kellett
Kellie
@LA Kelway
@LA Kemball
@LA Kemble
@LA Kemp
Ken
@LA Kendall
@LA Kendrew
@LA Kendrick
Kenelm
Keningale
@GE Kenn
@LA Kennard
@LA Kennedy
Kenneth
@XX Kennuth
Kenny
@LA Kenric
@GE Kensington
@GE Kent
@LA Kentish
@LA Keown
@LA Keppel
@LA Ker
@LA Kerchever
@XX Kerrush
@LA Kersey
@XX Kerspe
Kevin
@XX Kevins
@XX Kewer
@GE Keyworth
Kezia
@LA Kibble
Kier
@LA Kimber
Kimberley
@GE Kineton
@TI King
Kingdon
@LA Kingsbury
Kingsley
Kingsmill
@GE Kingston
@GE Kingsway
@LA Kinloch
@LA Kinnear
@LA Kinnersley
@LA Kirby
Kirk
@LA Kirkby
@LA Kirke
@GE Kirkham
@LA Kirkpatrick
@XX Kirly
@LA Kirsopp
Kit
@LA Kitchen
@LA Kitto
@VW Kitty
@XX Kitz
@LA Knight
@LA Knowall
@LA Knox
@XX Knud
@VW Knut
@XX Knyghte
@LA Knyvett
Konrad
@XX Kpseph
@GE Krakow
Krishna
Kristopher
@LA Krummacher
Kubla
@XX Kuno
Kyle
Kythe
@XX L
@LA L'Estrange
@XX L-Co
@XX LD
@XX La
@LA Labouchere
@LA Lacey
@LA Lacy
@LA Lad
@GE Ladbroke
Ladislao
Ladislav
@TI Lady
@XX Laetiti
Laetitia
@LA Lafayette
@XX Laiblin
@LA Laidlaw
@TI Laird
@LA Lake
@LA Laker
@LA Lal
Lalla
Lalor
Laman
@LA Lamb
@LA Lambert
@GE Lambeth
@LA Lambton
@XX Lames
@VW Lamorak
@LA Lamp
Lance
Lancelot
@LA Lane
@LA Langdon
@LA Lange
@LA Langlands
@LA Langley
@LA Langton
Lant
Lara
@VW Larissa
Larrett
@LA Lascelles
@LA Lasenby
@LA Latham
@LA Lathom
@LA Lattimer
@LA Lauder
Laura
@VW Laurel
Lauren
Laurence
Laurent
Laurie
@LA Laury
@LA Lavington
@VW Lavinia
@LA Law
Lawrence
@XX Lawso
@LA Lawson
@LA Lawton
@LA Layard
@LA Layton
Lazare
Lazarus
@XX Lazen
@XX Ld
@LA Le
@VW Lear
@VW Leda
@XX LeMarquis
Lea
@GE Leadenhall
@LA Leader
@LA Leake
@LA Leaman
Leander
@LA Leary
@LA Leavins
@LA Leblanc
@LA Ledru
@LA Lee
@LA Leech
@LA Lees
@LA Leger
Legh
@LA Legrand
@LA Lehmann
@GE Leicester
@LA Leigh
@LA Leighton
@VW Leila
@XX Leily
@LA Leitch
@LA Leith
@LA Leland
@LA Leman
Lemuel
Lena
@LA Leng
@LA Lenthall
@GE Lenz
Leo
Leon
Leonard
Leonce
Leone
@VW Leonee
Leonhard
Leoni
@VW Leonie
Leonora
@VW Leontes
Leopold
@LA Lepard
Lepel
@XX Lepriere
Leroy
Lesley
Leslie
@XX Lessingdruckerei
Lester
@LA Lethbridge
Letitia
@LA Leuty
@XX Level
@LA Lever
@LA Leveson
@LA Levey
Levi
@LA Levy
@XX Lewellys
@LA Lewes
Lewis
@XX Lex
@LA Ley
@LA Leybourn
@LA Leybourne
@LA Leyland
@LA Leys
@LA Li
Liberato
@LA Liberty
@XX Libraries
@LA Liddell
@LA Liebig
@TI Lieutenant-Colonel
@XX Liewellyn
@VW Lil
@VW Lilia
Lilian
@VW Liliana
Lilias
@VW Lilith
@LA Lilley
Lillian
Lillias
Lillie
Lilly
Lily
@XX Limited
@LA Lin
Lina
@LA Lincoln
Linda
@LA Lindley
Lindon
Lindsay
Linkum
@LA Linley
@LA Linnaeus
Lionel
Lionnel
Lisa
Lisbeth
Lisle
@LA Lister
@XX Literature
Lititia
@LA Litt
@LA Little
@LA Littleton
@LA Livingston
@VW Liz
Lizzie
@LA Llewellyn
@LA Llewellynn
@LA Llewelyn
@LA Lloyd
@LA Lock
@LA Locke
@LA Locker
@LA Lockhard
@LA Lockhart
@LA Lockwood
@LA Lockyer
@LA Lodge
@LA Loe
@LA Loftus
@LA Logan
Logie
@GE Loiret
Lois
Loise
@VW Loki
@LA Lom
@LA Lomax
@LA Lombe
Lon
@GE London
@XX Londoner
@LA Long
@LA Longfellow
@LA Longman
@XX Longmans
@GE Longueville
@LA Longworth
@LA Lonsdale
Lope
@TI Lord
@XX Loreille
@VW Lorelei
Lorenzo
@LA Lorimer
@LA Loring
@LA Lorrain
@LA Lory
@LA Loseby
@VW Lot
Lothario
@XX Lothrop
Lottie
Louie
Louis
Louis-Lucien
Louisa
Louise
@LA Love
@LA Lovell
@LA Lovett
@LA Low
@LA Lowe
@LA Lowell
@LA Lower
@LA Lowes
@LA Lownds
@LA Lowrey
@LA Lowry
@LA Lowther
@LA Lowthian
@GE Loxton
@TI Lt
@XX Ltd
Lucas
Luciano
Lucie
Lucien
@LA Lucier
@VW Lucilla
Lucinda
Lucius
Lucretia
@VW Lucretius
Lucy
@LA Ludlow
@VW Ludmilla
@VW Ludo
@VW Ludovic
Ludvig
Ludwig
Luigi
@VW Luigina
Luis
Luke
@LA Lukyn
@LA Lund
@LA Lunn
@GE Lupton
@XX Luson
@VW Lustig
@LA Luther
@GE Lutley
Lutwidge
Lutwig
@LA Lyddon
Lydia
@XX Lydra
Lyma
@LA Lyman
Lynda
Lynn
@VW Lynette
@GE Lyon
Lyonel
Lyra
@GE Lys
@VW Lysette
@LA Lyttleton
@LA Lytton
@XX M
@XX M'Ilquham
@TI MA
@TI MD
@TI Ma
Maarten
@VW Mab
Mabel
@VW Mabell
@LA Maberly
@LA Mac
@LA MacArthur
@LA MacBride
@LA MacDonald
@LA MacGahan
@LA MacKintosh
@LA MacLaren
@LA MacNaughton
MacQuorn
@LA Macartney
@LA Macaulay
@LA Macauly
Macbeth
@LA Macbride
@LA Macdonald
@LA Macer
@LA Macfie
@LA Macgregor
@LA Macgrigor
@XX Machell
@LA Macintosh
@LA Mack
@LA Mackaskie
@LA Mackay
@LA Mackenzie
@LA Mackie
@LA Mackinnon
@XX Mackintonsh
@LA Mackworth
@LA Macleod
@XX Macleon
Maclyn
@LA Macpherson
Macquorn
@LA Macready
@LA Macvey
@TI Madam
@TI Madame
@LA Madan
@LA Madden
Madelaine
Madeleine
Madeline
@TI Mademoiselle
Madge
@LA Madinger
@LA Madison
@VW Madonna
@LA Madox
@VW Mae
@LA Maffey
Magdalen
@VW Magdalena
Maggie
@LA Maginn
Mahdi
Maheen
@LA Mahony
@GE Maida
@LA Mainwaring
@LA Maitland
@TI Maitre
@TI Majesty
@TI Major
@LA Makepeace
Malcolm
Malcom
@GE Malden
Maldwyn
@LA Maling
@LA Mallard
@LA Malloy
@XX Mallys
@GE Malpas
@LA Maltman
@LA Maltus
@VW Malvolio
Mamoun
@LA Man
@GE Manby
@LA Mandell
@VW Manfred
@LA Manfredi
@LA Manners
@GE Manneville
@LA Manning
@LA Mannington
Manoah
@LA Mansel
@LA Mansell
@LA Mansfield
Manuel
@LA Manville
@LA Mapes
@VW Mara
Marc
@VW Marcel
@VW Marcella
@LA March
@LA Marchant
Marcia
Marcus
@XX Mare
Margaret
@VW Margareta
Margery
Margot
Margret
Marguerite
Maria
Mariabella
Marian
@VW Mariana
Marianne
Marie
@VW Mariella
@VW Marielle
Mario
Marion
Marjorie
Mark
@LA Markham
Markt
Marmaduke
@LA Marmion
@TI Marquis
@TI Marquise
Marrion
@LA Marriot
@LA Marriott
@XX Marry
@LA Marryat
@LA Marryatt
@LA Marsden
@LA Marsh
@TI Marshall
@LA Marshman
@LA Marston
Martha
Martin
@LA Martineau
@LA Martingale
@La Martyn
@LA Martyne
@XX Marv
@XX Marwell
@LA Marwood
@LA Marx
Mary
Mary-Jane
@VW Maryam
Maryanne
Masetto
@GE Mashonaland
@LA Mason
@LA Massa
@LA Massey
@LA Masters
@LA Mather
Mathew
@LA Mathews
@VW Mathieu
@XX Mathieu-Matharin
@XX Mathieu-Mathurin
Mathilde
Matilda
Matt
Matthew
@LA Matthews
Matthias
Matthieu
Maud
Maude
@XX Maule
Maund
Maunde
@LA Maunsell
Maurice
@VW Mavis
@LA Mavor
Max
Maximilian
@VW Maxine
@LA Maxwell
May
@LA Mayers
@LA Mayne
@GE Mayo
@LA Mayson
Maziere
@LA Mazzini
@XX Mc
@LA McCabe
@LA McCall
@LA McCallum
@LA McCook
@LA McCullagh
@XX McEntaggart
@LA McGee
@LA McGowan
@LA McGrigor
@LA McKeen
@LA McKendrick
@LA McKenny
@LA McLeod
@LA McNabb
@LA McNeill
@LA McPherson
@LA McQueen
@LA McVeigh
@XX Mcgriggor
@LA Mcneill
@GE Meaburn
@LA Mead
@LA Meaden
@LA Meadows
@VW Medea
@LA Medland
@LA Medlen
@LA Medley
@LA Mee
@LA Meek
@VW Meg
@VW Megan
@VW Melania
@VW Melanie
@VW Melchior
@GE Meldon
Mellard
@LA Melmoth
@LA Melmouth
@GE Melton
Melvil
@LA Melvill
@LA Melville
@LA Melvin
Menahem
@VW Menelaus
Menella
@LA Menzies
@LA Mepham
@VW Mephan
@LA Mercer
@LA Mercie
@XX Mercury
@VW Mercy
@XX Mere
Meredith
Meriton
Merle
@VW Merlin
@XX Merlinus
@LA Merrill
@LA Merry
Mervin
@LA Meryon
@XX Mess
@TI Messr
@TI Messrs
@LA Metcalf
@XX Methodist
@GE Methven
@LA Meyer
@LA Meymott
@LA Meynell
@LA Meyrick
@XX Mg
@LA Miall
@XX Mica
@VW Micah
Michael
@LA Michaux
@XX Miche
@XX Micheal
Michel
@GE Middlemore
@LA Middleton
@LA Mifflin
Miguel
@XX Mihill
Mike
@LA Milburn
Mildred
Miles
@GE Milford
@LA Mill
@LA Millais
Millard
@GE Millbank
@LA Miller
@LA Millet
Millican
Millicent
@VW Millie
@XX Millot
Millott
@LA Mills
@LA Milman
@LA Milne
@LA Milner
@LA Milnes
@LA Milton
Milward
@XX Mimosa
@VW Mina
@XX Minasse
@VW Minerva
@LA Mingaye
@XX Minime
@XX Minimo
@XX Minimus
@XX Minis
Minna
Minnie
@LA Minshall
@GE Minto
@VW Miranda
Miriam
@TI Mirza
@XX Mis
@TI Miss
@XX Missing
@TI Mister
@LA Mitchell
@XX Mitre
@XX Mm
@LA Moberly
@VW Mohammad
@LA Moir
@VW Moira
@VW Mollie
@LA Molloy
@VW Molly
@LA Molyneux
@XX Mon
Mona
@XX Monague
@LA Monckton
Moncure
@XX Mongredieu
@VW Monica
@LA Monier
@LA Monk
@XX Monocle
@LA Monro
@LA Monroe
@TI Monsignor
@LA Mont
@LA Montagu
@LA Montague
@XX Montaque
@LA Montesquieu
@LA Montgomerie
Montgomery
@VW Monty
@XX Moochy
@LA Moor
@LA Moore
@LA Mordaunt
@VW Mordecai
@VW Mordred
@LA Morden
@LA More
@LA Moreau
@LA Morehouse
@LA Morell
Morgan
@VW Morgiana
@LA Morice
@LA Morier
@GE Morlais
@LA Morley
Morrant
Morris
@LA Morrison
@LA Morse
@LA Mortimer
@LA Morton
Morys
@XX Mos
Moses
Mostyn
@XX Motes
@LA Mounsey
@LA Mount
@XX Mountain
@LA Mounteney
Mountford
Mountstuart
Mousie
@XX Moutard
@LA Mowbray
@GE Moy
@XX Moyr
@TI Mr
@TI Mrs
@LA Muddiman
@LA Mudie
@LA Muir
@LA Muirhead
@LA Muirson
@XX Mulineux
@XX Mullet
@LA Mulock
@LA Mumford
@LA Munden
Mungo
@LA Munro
Murdo
@LA Murdoch
@LA Murgatroyd
Muriel
@LA Murray
@LA Murrey
@XX Murugeser
@XX Museums
@LA Musgrave
Musham
@XX Muskeiry
@VW Myfanwy
@LA Myles
@VW Myra
Myron
@XX N
@LA Nadauld
@VW Nadia
Namik
Nancy
@TI Nannie
@LA Napier
@XX Napolean
@LA Napoleon
@VW Narcissus
@XX Narcys
@LA Nash
@GE Nassau
Nat
@VW Natalia
@VW Natalie
Nathan
Nathaniel
@XX National
@VW Natty
@XX Naule
@XX Nauton
@XX Nealas
@VW Nebuchadnezzar
@XX Neck
Ned
@LA Neely
Neil
Nell
Nella
Nellie
@VW Nelly
Nelsie
@LA Nelson
@XX Neobard
@XX Nephew
@LA Nesbit
Nestor
@LA Nethercott
Netta
Neve
@XX Nevil
Neville
@LA Nevison
@LA Newdigate
@LA Newell
Newenham
Newland
@LA Newman
@GE Newnes
@GE Newnham
@GE Newsam
@XX Newspaper
@LA Newton
@XX Nexus
@LA Ney
Nicholas
@LA Nicholl
@LA Nicholls
@LA Nichols
@LA Nicholson
@VW Nickolai
Nickolas
Nicol
Nicola
Nicolas
Nicolaus
Nicoll
@LA Nicolls
@LA Nicoud
Niels
Nigel
@VW Nigella
Nikola
@VW Niles
@XX Nim
@VW Nimue
Nina
Ninian
@XX Ninon
@LA Nisbet
@XX Nister
Noah
@XX Nobilius
@LA Noble
@VW Noddy
Noel
@VW Noelle
@XX Nol
@LA Nolan
@LA Non
@LA Noon
Nora
@VW Norbert
Norah
@VW Noreen
Norma
Norman
@LA Norreys
Norris
@LA North
@LA Northmore
@GE Northumberland
@LA Norton
@GE Norwich
@GE Norwood
@XX Nostra
Nottidge
Nouchette
@LA Novello
@LA Noverre
@LA Nugent
@LA Nutt
Nym
@LA O'Brien
@LA O'Conner
@LA O'Connor
@LA O'Flahertie
@LA O'Nolan
@LA Oakey
@LA Oakley
@LA Oates
Obadiah
@VW Oberon
@XX Octave
Octavia
Octavius
Octavus
Odell
@VW Odile
@VW Odin
@VW Odysseus
Oenone
@XX Office
@XX Offices
@GE Offley
@LA Offord
@LA Ogden
Ogier
@LA Ogilvie
@LA Ogle
@LA Okeden
@VW Ola
Olaf
@LA Old
@LA Oldfield
Oldrid
Olga
Olinthus
@VW Ollie
@LA Oliphant
Olive
Oliver
@LA Oliver-Williams
Olivia
@LA Olivier
@XX Olla
Olwen
@VW Omar
@LA Omerod
@VW Ondine
@XX Onebye
@LA Onslow
@VW Ophelia
@LA Opie
@LA Orby
@LA Orchard
@LA Orchart
@LA Ord
@LA Orde
@XX Ordovex
@XX Orello
Orestes
@VW Oriana
Orlando
@LA Orman
@LA Orme
@LA Ormerod
@LA Orpen
Orpheus
@LA Orr
Orrin
@VW Orsino
@LA Orsmond
Orson
Osbert
@LA Osborne
@LA Osbourne
Oscar
Oskar
@LA Osmond
Osmund
@LA Ostell
Oswald
Osyth
@XX Oszwaldt
@VW Othello
Othniel
Othon
Otis
@GE Otley
Ottilie
@LA Ottley
Otto
Ottokar
Ottomar
@VW Ottorino
Ouida
@LA Outram
@LA Overand
@LA Overmeer
@VW Ovid
@VW Owain
@XX Owd
Owen
@LA Owens
@XX Owls
@XX Owyn
@GE Oxford
@XX Oxon
@XX Oxonian
@XX P
Pablo
@LA Packer
@LA Paddock
Paddy
@LA Page
@La Paget
@LA Paine
@LA Painter
@LA Pakenham
@XX Palafox
@LA Palgrave
@LA Palk
@XX Palmella
@LA Palmer
@LA Palmerston
Pamela
Pan
@VW Pandora
@LA Panton
Paolo
@XX Par
@VW Paracelsus
@LA Parbury
@XX Parc
@LA Pardoe
@LA Park
@LA Parker
@LA Parks
@LA Parley
@LA Parr
@LA Parry
@XX Pars
@TI Parson
@LA Parsons
@LA Parton
@XX Parva
@LA Parvus
Pascal
@LA Pascall
@LA Paschal
@LA Passmore
@LA Pasteur
@TI Pastor
Pat
@LA Patchett
@LA Paterson
Patience
@XX Patnum
@LA Paton
Patricia
Patrick
@LA Patten
@LA Patterson
Pattie
@LA Pattison
Patty
Paul
Paula
@VW Paulette
@XX Pauli
Pauline
@LA Pawsey
@LA Paxson
@LA Paxton
@LA Pay
@LA Payn
@LA Payne
@XX Pe
@LA Peabody
@LA Pearce
Pearl
@LA Pears
@LA Pearsall
@LA Pearse
@LA Pearson
@LA Peary
@LA Peat
@XX Peaties
@LA Peckett
@GE Peckham
@XX Pederzani
Pedr
@VW Peg
Peggy
@LA Peirce
@LA Pelham
@VW Pelleas
@LA Pemberton
@XX Pencil'em
@LA Pendelton
@LA Pendexter
@LA Pendleton
@VW Penelope
@XX Penhryn
@LA Penn
Penny
@GE Penrhyn
@LA Penrose
@VW Persephone
@XX Pentlyn
@LA Penyngton
Perce
@VW Perceforest
Perceval
Percival
@XX Percivial
Percy
@VW Perdita
Peregrine
@LA Perey
@LA Perkes
@LA Perkin
@LA Perkins
@LA Perler
@LA Perley
@VW Perpetua
@LA Perring
@LA Perronet
@LA Perry
@XX Perter
Pertinax
@XX Pet
Peter
Petr
@LA Pett
Petter
@LA Pettit
@XX Pewtress
@LA Peyton
@XX Phalanx
@LA Phelps
@XX Phi
Phil
Phila
@XX Philander
@XX Philanthos
Philemon
Philip
Philipp
Philippe
@LA Phillimore
Phillip
@LA Phillips
Phillis
@LA Phillps
Philo
@XX Philo-Israel
@XX Philpot
@LA Philpott
Phineas
@LA Phipps
@XX Phis
Phiz
Phoebe
@GE Phrygius
Phyllis
@VW Pia
@XX Piazza
@LA Pic
@LA Pickard
@LA Pickering
@LA Pickersgill
@LA Pickhard
@LA Pickles
@LA Pickston
@GE Pickworth
@LA Pidwell
Pierce
@LA Piercy
@LA Pierpoint
Pierre
@LA Pierrepont
Piers
@LA Piggot
@LA Piggott
@XX Pightling
@LA Pigott
@LA Pinder
@LA Pinhorn
@LA Piper
@XX Piscis
@LA Pitman
@LA Pitt
@LA Plarr
@LA Pliny
@LA Plummer
@LA Plunket
@LA Poe
@XX Poet
@LA Poggendorff
@XX Pohath
@LA Pol
@XX Policeman
@LA Pollard
@LA Pollen
@LA Pollock
@VW Polly
@VW Pollyanna
@XX Polybank
@VW Polycarp
@VW Pongo
@LA Ponsonby
Pontifex
@GE Poole
@LA Poorten
@TI Pope
@VW Poppy
@VW Porphyro
@LA Porter
@VW Portia
@LA Postle
@LA Pote
@LA Potter
@LA Pottinger
@LA Poulett
@GE Poultry
@XX Poutlney
@LA Powell
@LA Power
@LA Powers
@LA Pownall
@GE Powys
@XX Practical
@LA Praed
@LA Pratt
@TI Prebendary
@TI Precentor
@LA Prescott
@LA Press
@GE Preston
@GE Prestwich
@VW Priam
@LA Price
@LA Prideaux
Pridgin
@LA Priestley
Primrose
@TI Prince
@TI Princess
@TI Principal
@LA Pringle
@XX Printer
@XX Printing
@LA Prioleau
@TI Prior
@VW Priscilla
@XX Pro
@TI Proctor
@TI Professor
@XX Progressive
@XX Proprietor
@VW Proserpine
@GE Prospect
@VW Prospero
@LA Prosser
@XX Protestant
@LA Prout
@TI Provost
@LA Pryce
@XX Publication
@XX Publishing
@VW Puck
@LA Pulling
@LA Pulteney
@XX Punch
@LA Purkess
@LA Purnell
@LA Purton
@LA Purves
@XX Puseyite
@LA Pye
@VW Pygmalion
@LA Pyke
@LA Pym
@LA Pyndar
@VW Pyotr
@LA Quarry
@LA Quatrefages
@TI Queen
Queenie
@XX Queenwood
Quentin
@LA Quevedo
@LA Quiller
@LA Quiller-Couch
@LA Quilter
Quintin
Quintus
@XX Quorum
@XX R
@LA Rabelais
Rachel
@LA Radcliffe
@LA Radford
@LA Rae
@LA Rae-Brown
@VW Rafe
@LA Raffles
@LA Railton
@LA Rainsford
@LA Ralli
Ralph
@XX Ralston-Shedden
Ram
Rama
Ramsay
@LA Ramsey
@LA Randal
@GE Randale
@LA Randall
@LA Randle
Randolph
@GE Rangeley
@LA Ranken
@LA Rankin
@VW Raoul
Raphael
@VW Rapunzel
@XX Rarber
@XX Rat
@LA Rathbone
@LA Raven
Rawdon
@LA Rawlins
@LA Rawnsley
@LA Rawson
Ray
Raymond
@XX Rayneilliam
@LA Rayner
@LA Raynor
@XX Rayon
@XX Re
@LA Read
@LA Reader
@LA Rean
@GE Reay
Rebecca
Rebekah
@LA Redfoord
@LA Redford
@LA Redhead
@LA Redtenbacher
@LA Reed
@LA Rees
@LA Reeves
@VW Regan
@GE Reggio
@VW Regina
@XX Reginal
Reginald
@LA Reid
@LA Reinhold
Reinier
@LA Relfe
Relly
@LA Remington
@LA Rendal
@LA Rendel
Rene
Renn
Rennell
Rennie
@XX Renorden
@LA Renton
Reuben
@TI Reverend
@GE Rew
Reynaud
@LA Reynolds
@VW Rhea
@VW Rhett
@VW Rhidian
Rhoda
@GE Rhodes
@GE Rhondda
Rhys
@LA Rice
@LA Rich
Richard
@LA Richards
@LA Richardson
@XX Richardson's
@XX Richars
Richer
@VW Richmal
@XX Richmon
@GE Richmond
@LA Ricketts
@LA Ridd
@LA Riddell
@LA Rider
@XX Ridgard
@GE Ridgeway
@LA Ridgway
@LA Riding
@LA Ridley
@LA Ridsdale
@GE Riego
@LA Rigby
@LA Right
@GE Rigney
Rigolette
@LA Riland
@LA Riley
@LA Rimbault
@LA Ring
@LA Ringrose
@LA Rintoul
@GE Rio
@LA Ripley
@GE Risborough
@LA Rissien
Rita
@LA Ritchie
@LA Ritson
@LA Rivers
@LA Rivington
@XX Rivingtons
Riza
@LA Roach
Rob
@LA Robbins
Robert
Roberta
@LA Roberts
@LA Robertson
Robin
@LA Robinett
@LA Robins
Robinson
@LA Robson
@XX Robt
@GE Rochfort
@LA Roden
Roderic
Roderick
@LA Rodriguez
@LA Roe
@LA Roebuck
@GE Roffey
Roger
@LA Rogers
Roland
Rolf
Rolland
@LA Rollins
Roma
@VW Romola
@XX Romany
Romeo
@LA Romeril
Romilly
Ronald
@VW Ronan
@LA Ronayne
@LA Roney
@LA Roper
Roque
@XX Rorbert
@XX Rorin
Rory
Rosa
Rosalind
Rosamond
Rosamund
@VW Rosanna
Rosario
@LA Roscoe
Rose
@VW Rosemarie
Rosemary
@VW Rose-Red
@XX Rosetta
Rosie
@LA Ross
@LA Rossiter
@GE Rosslyn
@GE Roston
@GE Roswell
@LA Rouget
@LA Roundell
@LA Rouse
@LA Routledge
@XX Rovert
@LA Rowdon
@LA Rowe
@LA Rowland
@LA Rowlands
@LA Rowlandson
@LA Rowles
@LA Rowley
Roy
@XX Royal
@XX Royes
@GE Royston
@XX Rubert
Ruby
@LA Ruddock
Ruddolph
Rudolf
Rudolph
@GE Rudston
Rudyard
@XX Rufe
Rufus
@LA Rule
Rulon
@VW Rumplestiltskin
Rupert
@VW Ruprecht
@LA Rush
@LA Rushton
@LA Ruskin
@VW Russ
Russel
Russell
@GE Russia
@XX Rusty
Ruth
@LA Rutherford
@LA Rutter
Ryan
@LA Rycroft
@LA Ryley
@LA Rymer
@XX S
@LA Sa
@XX Saalmuler
Sabine
@LA Sackville
@VW Sadie
@VW Sagar
@TI Saint
Sairy
@GE Sale
Sallustii
@VW Sally
@LA Salter
@XX Saltmarshilip
Salvador
Salvator
Sam
@VW Samantha
@XX Samel
@XX Sameul
@XX Samler
@XX Sammuel
Sampson
@LA Samsom
@XX Samual
Samuel
@LA Sanders
@LA Sanderson
@LA Sandow
Sandra
@LA Sands
@VW Sandy
@LA Sandys
@LA Sanford
@LA Sanger
@LA Sangster
Sara
Sarah
Sarat
@XX Sarcelle
@XX Sarek
@LA Sargant
@LA Sargent
@XX Sartoris
@XX Satyanand
@VW Satyananda
Saul
@LA Saumarez
@LA Saunders
@LA Savage
@LA Savile
@LA Saville
Sawney
@LA Sawyer
@XX Saxon
@XX Scaevola
@LA Scaife
Scarlett
@LA Scarth
@LA Scawen
@VW Scheherazade
@LA Scheider
@XX Schermerhosn
@LA Schoepf
@LA Schofield
@LA Scholes
@LA Scholfield
@LA Schroeter
@LA Schutz
@GE Schwelm
Schwenck
@LA Scotford
@LA Scott
@LA Scovell
@XX Scriblerius
@LA Scripps
@LA Scudamore
Sean
@LA Searle
@LA Searles
@LA Sears
@LA Seaward
Seba
Sebastian
Sebastien
@LA Sedley
@LA Seeley
@GE Seeleys
@LA Seers
@GE Seignelay
Selena
@XX Selfe
Selina
@LA Sell
@LA Sella
Selwyn
@XX Senex
@XX Senior
@LA Senn
Sepher
Septimus
@XX Ser
@VW Serena
@VW Serge
@LA Sergeant
@TI Serjeant
Servo
Seth
@LA Seton
@GE Sever
@GE Seville
@LA Sewell
@TI Sexton
@LA Seymour
@LA Seyton
@LA Shackell
@XX Shadowrth
Shadrack
@LA Shadwell
@LA Shadworth
@LA Shakespeare
@LA Shan
@LA Shapland
@LA Sharman
Sharon
@LA Sharp
@LA Sharpe
@LA Sharples
@LA Shaver
@LA Shaw
@GE Sheffield
Sheila
Sheldon
Shelford
@LA Shellard
@LA Shelley
@LA Shelton
Shemuel
@LA Shenstone
@LA Shepherd
Sherard
@LA Shergold
Sheridan
@TI Sheriff
@VW Sherlock
Sherren
@LA Sherrington
Sherry
Sherwin
@GE Sherwood
@GE Shilton
@LA Shine
@LA Shingleton
Shirley
@LA Shirrefs
@LA Short
@GE Shortridge
@LA Shrapnell
@LA Shurmer
@LA Shute
@VW Shylock
Sibella
Sibelle
@VW Sibylla
@LA Sickelmore
Sid
@XX Sidgravel
Sidney
Siegfried
Sig
Sigerson
Sigmond
Sigmund
@TI Signor
Silas
@LA Silk
@XX Silvan
Silvanus
@VW Silvia
Silvio
Simeon
Simon
@LA Simonds
@LA Simons
@LA Simpkin
@LA Simpkins
@LA Simpson
@LA Sims
@LA Simson
@LA Sinclair
@VW Sinead
@LA Singleton
@XX Sinl
@VW Siobahn
@TI Sir
@LA Sisson
@TI Sister
@LA Sitch
@LA Skeffington
@GE Skene
@LA Skinner
Skip
Skipp
@LA Slater
@LA Slatin
@XX Slatterir
@XX Slderman
@LA Slingsby
@LA Smale
@LA Smallman
@LA Smart
@LA Smedley
@LA Smetham
@XX Smiler
@LA Smiley
@LA Smith
@XX Smith]
@LA Smyth
@LA Snell
@GE Sneyd
@XX Snoire
@GE Snowden
@VW Snow-White
@LA Soame
@LA Soames
@XX Society
Socrates
@GE Soden
Soloman
Solomon
Solon
Solyman
@LA Somers
@GE Somerset
@GE Somes
@XX Son
@XX Sons
Sophia
Sophie
Sophus
Sophy
@LA Sorfleet
@VW Sorrow
@LA Southern
@LA Southey
@LA Southwell
@LA Sowerby
@LA Sowley
@LA Sparks
@LA Sparrow
@VW Spartacus
@LA Speed
@LA Spence
Spencer
Spenser
@VW Speranza
@XX Spertacus
@XX Spex
@LA Spink
@LA Spooner
@LA Spotswood
@LA Spottiswoode
@LA Sprague
@XX Spraston
Sprent
@LA Spriggs
@La Spring
@GE Sproston
@LA Spry
@TI Squire
@TI St
Stacey
@LA Stack
Stacy
@GE Stafford
@GTE Stainland
@GE Stainton
@LA Staith
@GE Stanbury
@LA Standish
@GE Stanely
@LA Stanfield
@LA Stanhope
@LA Staniland
Stanislaw
Stanley
@LA Stannard
@GE Stanton
@LA Stanyan
@LA Star
@LA Starling
@LA Starr
@LA Startin
@LA Station
@XX Statistical
@GE Stawell
@LA Steadman
@XX Steam
@LA Steane
@LA Stearns
@GE Stebbing
@XX Steeple
@VW Stefan
@LA Steigenberger
Stella
@LA Stenson
Stephan
Stephana
Stephane
Stephen
@LA Stephens
@LA Stephenson
@GE Stepney
@LA Sterling
Sterry
@LA Stevens
@LA Stevenson
@TI Steward
@LA Stewart
@LA Stickney
@LA Stillman
@LA Stinson
Stirling
@LA Stock
@LA Stocks
@LA Stocqueler
@LA Stoddart
@XX Stoe
@LA Stone
@LA Stoneman
Stopford
@LA Storer
@LA Stores
@XX Storey-Carnegie
@LA Storks
@GE Stormont
@LA Storr
@LA Stoughton
Stovin
@LA Strachan
@LA Straker
@LA Strange
@LA Street
@VW Strephon
@LA Stringer
@LA Strobel
@LA Strode
@LA Strong
@GE Stroud
Stuart
@LA Stuckey
@La Sturgeon
@LA Sturmey
@LA Sturmy
Sue
@LA Suggate
@LA Sullivan
@LA Summerly
@LA Summers
@LA Sumner
@XX Sun
@XX Supliz
Susan
Susanna
Susannah
@LA Suter
@LA Sutherland
@GE Sutton
Svein
@VW Sven
@VW Svengali
Svetozar
@LA Swain
@LA Swaine
@LA Swainson
@TI Swami
@LA Swan
@LA Swann
@LA Sweet
@LA Sweetland
@XX Swiftprint
@LA Swinburne
@LA Swinnerton
Sybil
@LA Sydenham
Sydney
Syer
@XX Sylanus
Sylvain
Sylvanus
Sylvester
@VW Sylvia
@LA Symes
@LA Symonds
@LA Symons
@LA Syson
Syud
@XX T
@VW Tabitha
@LA Tait
@LA Talbot
Talitha
@XX Talwin
@VW Tamara
@GE Tanfield
@LA Tanner
@VW Tansy
@VW Tara
@GE Tarbet
@VW Tarquin
@XX Tarvis
@LA Tate
@VW Tatiana
@LA Tattersall
@GE Tay
@LA Taylor
@LA Teape
Teast
Teddy
@VW Teddie
@GE Teesdale
@GE Teignmouth
Telesforo
Telford
Tellemachus
Temperance
@LA Temple
Temulji
@XX Ten
@LA Tenison
@LA Tennison
@LA Tennyson
@XX Tension
@XX Terent
Terra
Terrel
Terrence
@LA Terrien
Tertius
@VW Tess
Tessa
@LA Teulon
@XX Th
@LA Thacker
@LA Thackeray
Thaddeus
@TI Thain
@XX The
@VW Theda
Thedorovich
@XX Thellusson
Theo
Theodor
Theodore
Theodosia
Theophilus
@XX Therber
Theresa
@VW Therese
@LA Thiselton
@XX Tho
@LA Thoburn
@LA Tholuck
Thom
Thoma
Thomas
Thomasina
@LA Thompson
@LA Thomson
Thophile
@VW Thor
@LA Thorndike
@LA Thorne
@LA Thornley
Thornton
@GE Thorold
@LA Thorpe
@XX Thorton
Thos
Théodore
@VW Thumbelina
@VW Tibault
@XX Tickelem
@LA Tidd
@XX Tiger
@La Tighe
@GE Tilbury
@LA Tilling
Tilloch
@LA Tillotson
@XX Tillotsons
@LA Tillyer
@LA Tilney
Tilstone
Tim
@XX Times
@LA Timmis
@VW Timon
@XX Timmsand
Timothy
@LA Tindal
@LA Tindale
@LA Tindall
@LA Tinker
@LA Tinsley
@GE Tintagel
@VW Titania
@VW Tithon
Tito
Titus
@GE Tivadar
@LA Tizard
Tobiah
Tobias
@LA Todd
Todhunter
Tom
Tomas
@LA Tomkyns
Tommy
Tony
@La Tordeux
@LA Torre
@LA Torrens
@GE Torrington
@LA Toulmin
@LA Tourle
@LA Touzeau
@LA Towers
@LA Townsend
@LA Townshend
@LA Towshend
@LA Toynbee
@LA Tozer
Tracey
@XX Tract
@LA Traill
@LA Travers
@LA Treacher
@LA Tree
@GE Tregenna
@LA Tregonning
@LA Trehern
@GE Treherne
@LA Trelawney
@LA Trelawny
@LA Tremaine
@LA Trench
@LA Trevelyan
@GE Trevena
Trevor
@VW Trilby
@XX Trist
Tristam
@VW Tristan
Tristram
@LA Trollope
@LA Trounsell
@LA Trout
@LA Trubner
Trudy
@LA Trueba
@LA Trumbull
@GE Truro
@XX Truthful
@LA Trübner
@LA Tucker
@LA Tudor
@LA Tudway
@LA Tufnell
@GE Tunbridge
@XX Tuner
@XX Tuohill
@LA Tupper
@LA Turnbull
@LA Turner
@LA Tweed
@LA Tweedie
@XX Ty
Tyas
@VW Tybalt
@LA Tydeman
@LA Tyler
Tyrell
Tyrone
@LA Tyrrell
Ugo
Ulia
Ulick
@XX Ulyss
@VW Ulysses
@TI Uncle
@XX Unitarian
@XX United
@LA Upcott
@LA Upham
@LA Upjohn
@GE Upton
Urban
Uren
Uriah
@LA Urquhart
Ursa
@VW Ursula
@VW Uther
Uvedale
@XX V
@LA Vacher
Val
@LA Valadon
@VW Valancourt
Valentine
@VW Valeria
Valerie
@GE Vallance
@XX Vallota
@LA Valpy
Van
@LA Vance
@LA Vander
@LA Vandyke
@LA Vane
Vanessa
@XX Vans
@GE Vansittart
@LA Varty
@LA Vaughan
@LA Vaughn
Ve
@LA Veale
@LA Veitch
@VW Venetia
@XX Veneunt
@LA Venn
Vera
@XX Verat
@XX Verax
Vere
@VW Verity
@LA Vernan
Vernon
@GE Vero
@VW Veronica
@LA Vertot
Vertumnus
@LA Very
@XX Veva
@XX Vharles
Viator
Vic
@LA Vicary
Vicente
@LA Vickers
@LA Vico
Victor
Victoria
@XX Victoro-Marie
Viktor
@LA Villaume
@LA Villiers
Vincent
@VW Vincente
Vincento
@LA Vine
@LA Viney
@VW Viola
Violet
@VW Violetta
Virgil
@VW Virgilia
Virginia
@XX Virigina
@LA Virtue
@TI Viscount
Vita
Vittorio
Vivian
Vivien
@XX Vizetelli
@LA Vizetelly
@VW Vlad
@XX Vlademar
@VW Vladimir
@LA Vogel
@La Von
Vose
@XX Vox
@XX Vv
Vyvyan
@XX W
@XX WTheo
@LA Waddington
Wade
@LA Wadham
@LA Wadsworth
Waif
@VW Waifer
@GE Wakefield
@LA Wakeham
@LA Wakelin
@LA Wakeman
@XX Wakly
@XX Wal
@LA Walder
Waldo
@LA Waldorf
Walery
@LA Walford
@LA Walker
@LA Wall
Wallace
@LA Waller
@LA Walley
@LA Wallis
@VW Wally
@LA Walmsley
@LA Walpole
@LA Walrond
@LA Walsham
Walt
Walter
Walther
@LA Walton
Wanda
@XX Wanford
@XX War
@LA Ward
@LA Warde
@LA Wardlaw
@GE Wareham
@GE Waren
@LA Waring
Warington
@LA Warner
@GE Warnford
Warren
@XX Warring
@GE Warrington
@GE Warwick
@LA Washington
Wat
@LA Water
@LA Waterhouse
@LA Waters
@LA Wathen
@LA Watkin
@LA Watkins
@LA Watkiss
@LA Watling
@XX Watlock
@LA Watson
@LA Watts
@LA Way
@LA Weaver
@LA Webb
@LA Webbe
@LA Webster
Wedlake
@LA Weed
@LA Weedon
@LA Weigall
@LA Weinstein
@LA Weir
@LA Welby
@LA Welch
@LA Weldon
@LA Welford
@LA Wellcome
@LA Weller
@LA Wellesley
@LA Wellington
@LA Wells
@LA Wellsman
@LA Welsh
@XX Welshman
Wemyss
@VW Wenceslas
Wendell
@GE Wenlock
Wentworth
@GE Wenworth
@GE Were
Werner
Wesley
@LA West
@LA Westbrooke
@LA Western
@LA Westlake
@GE Westland
@GE Westley
@GE Westmoreland
@LA Weston
@LA Westwood
@GE Wetton
@GE Wharton
@GE Wheeler
@GE Wheelton
@LA Whelan
@XX Whinrey
@LA Whitaker
@LA White
@GE Whitechurch
@GE Whitehall
@LA Whitehorn
@LA Whitelaw
@LA Whiteside
@LA Whitfield
@LA Whitlaw
@LA Whitlock
@LA Whitmore
Whitney
@LA Whitting
@LA Whittingham
@LA Whittle
@LA Whittman
@GE Whitwell
@LA Whitworth
@LA Whyte
@LA Wickham
@XX Wig
@GE Wigan
@LA Wight
Wil
Wilbert
@GE Wilbraham
Wilbur
@LA Wilby
@XX Wilco
@LA Wilde
Wildrake
Wilford
Wilfred
Wilfreda
Wilfrid
Wilhelm
Wilhelmina
Wiliam
Wilkie
@LA Wilkinson
@LA Wilks
Will
Willam
@GE Willand
@LA Willes
@XX Willesford
Willet
@LA Willett
Willia
William
Williamina
@LA Williams
@LA Williamson
@XX Williamstoke
Willian
@LA Willich
Willie
@XX Willilam
@GE Willing
@LA Willis
@XX Willliam
@LA Willmott
@LA Willoughby
@XX Willowtree
@LA Wills
@LA Willson
@GE Wilmington
@LA Wilmot
@LA Wilmott
@LA Wilson
@GE Wiltshire
Windmill
@GE Windsor
Winfield
Wingate
@LA Wingrove
Winifred
Winifride
@LA Winkworth
@LA Winney
@LA Winslow
@LA Winsom
Winston
@LA Winter
@LA Winthrop
@LA Winton
@LA Winwood
@LA Wishart
@LA Wit
@LA Withers
@LA Witt
@LA Witte
@XX Wm
Woart
@VW Woden
@La Wolcott
@LA Wolfe
Wolfgang
Wolfram
@LA Wollaston
@LA Wollstonecroft
@LA Wolstenholme
@LA Woo
@LA Wood
@LA Woodcock
@LA Woodford
@LA Woodroffe
@LA Woodroofe
@LA Woods
@GE Woodthorpe
@LA Woodward
@GE Wooler
@LA Woolf
@XX Woollen
@LA Wootton
@LA Wordsworth
@XX World
@LA Worthington
@LA Worthy
@XX Wortly
@LA Wray
@LA Wren
@LA Wright
@LA Wrixon
@VW Wulfric
@XX Wvyille
@LA Wyatt
@LA Wycliffe
@LA Wykeham
Wyndham
@LA Wynn
@LA Wynne
@LA Wynter
@XX Wynther
@XX LA Wyvern
Wyville
@XX Wyvlle
@VW Xan
@VW Xanthe
@VW Xavier
@XX Y
@LA Yardley
@LA Yarrow
@XX Yat
@LA Yates
@LA Ye
@XX Yeanesl
@LA Yeates
Yeni
@LA Yeo
@VW Yevgeny
@VW Yixin
@LA Yml
Yomtob
@LA Yonge
Yorick
@LA York
@LA Yorke
@LA Youmans
@LA Young
@LA Youngman
@XX Yourk
@VW Yseult
@LA Yule
Yusuf
Zachariah
@VW Zacharias
Zachary
@VW Zack
Zadkiel
@LA Zaharoff
@VW Zanabazar
Zanvil
@VW Zasu
Zavier
@XX Zeal
Zebedee
Zebulon
Zechariah
@VW Zelda
Zeno
@VW Zenon
@VW Zephania
@VW Zephaniah
Zerah
@VW Zeus
@LA Zeuschner
@XX Ziphion
Zoe
@XX Zona
@XX Zulu
Zvi
Bertie
@LA Bryant
@GE Bury
Junior
@LA Paston
@LA Smythe
@XX [pseud]
@XX [sic]
@XX al
@XX and
@XX at
@XX da
@XX de
@XX der
@XX des
@XX du
@XX es
@XX et
@XX etc
@XX fils
@XX for
@XX gen
@XX hariette
@XX il
@XX il)
@XX l'Abbe
@XX la
@XX lal
@XX le
@XX o'Connor
@XX of
@XX offices
@XX or
@XX pseu
@XX the
@XX to
@XX toz
@XX v
@XX von
@XX way
@XX y
Émile
@XX à
