$00A	00C1	‚A
$00C	0106	‚C
$00E	00C9	‚E
$00I	00CD	‚I
$00L	0139	‚L
$00N	0143	‚N
$00O	00D3	‚O
$00R	0154	‚R
$00S	015A	‚S
$00U	00DA	‚U
$00Y	00DD	‚Y
$00Z	0179	‚Z
$00a	00E1	‚a
$00c	0107	‚c
$00e	00E9	‚e
$00i	00ED	‚i
$00l	013A	‚l
$00n	0144	‚n
$00o	00F3	‚o
$00r	0155	‚r
$00s	015B	‚s
$00u	00FA	‚u
$00y	00FD	‚y
$00z	017A	‚z
$01A	0100	ÂA
$01E	0112	ÂE
$01I	012A	ÂI
$01O	014C	ÂO
$01S	0053 0304	ÂS
$01U	016A	ÂU
$01Y	0232	ÂY
$01Z	005A 0304	ÂZ
$01a	0101	Âa
$01e	0113	Âe
$01i	012B	Âi
$01o	014D	Âo
$01s	0073 0304	Âs
$01u	016B	Âu
$01y	0233	Ây
$01z	007A 0304	Âz
$02A	00C0	·A
$02E	00C8	·E
$02I	00CC	·I
$02O	00D2	·O
$02U	00D9	·U
$02Y	1EF2	·Y
$02a	00E0	·a
$02e	00E8	·e
$02i	00EC	·i
$02o	00F2	·o
$02u	00F9	·u
$02y	1EF3	·y
$03A	00C2	„A
$03C	0108	„C
$03E	00CA	„E
$03G	011C	„G
$03H	0124	„H
$03I	00CE	„I
$03J	0134	„J
$03O	00D4	„O
$03S	015C	„S
$03U	00DB	„U
$03W	0174	„W
$03Y	0176	„Y
$03a	00E2	„a
$03c	0109	„c
$03e	00EA	„e
$03g	011D	„g
$03h	0125	„h
$03i	00EE	„i
$03j	0135	„j
$03o	00F4	„o
$03s	015D	„s
$03u	00FB	„u
$03w	0175	„w
$03y	0177	„y
$04A	00C4	ËA
$04E	00CB	ËE
$04I	00CF	ËI
$04N	004E 0308	ËN
$04O	00D6	ËO
$04U	00DC	ËU
$04Y	0178	ËY
$04a	00E4	Ëa
$04e	00EB	Ëe
$04i	00EF	Ëi
$04n	006E 0308	Ën
$04o	00F6	Ëo
$04u	00FC	Ëu
$04y	00FF	Ëy
$05C	00C7	C
$05D	1E10	D
$05G	0122	G
$05H	1E28	H
$05K	0136	K
$05L	013B	L
$05N	0145	N
$05R	0156	R
$05S	015E	S
$05T	0162	T
$05Z	005A 0327	Z
$05c	00E7	c
$05d	1E11	d
$05g	0123	g
$05h	1E29	ˆh
$05k	0137	k
$05l	013C	l
$05n	0146	n
$05r	0157	r
$05s	015F	s
$05t	0163	t
$05z	007A 0327	z
$06A	0102	ÊA
$06E	0114	ÊE
$06G	011E	ÊG
$06I	012C	ÊI
$06O	014E	ÊO
$06U	016C	ÊU
$06a	0103	Êa
$06e	0115	Êe
$06g	011F	Êg
$06i	012D	Êi
$06o	014F	Êo
$06u	016D	Êu
$07A	01CD	ÈA
$07C	010C	ÈC
$07D	010E	ÈD
$07E	011A	ÈE
$07G	01E6	ÈG
$07I	01CF	ÈI
$07K	01E8	ÈK
$07L	013D	ÈL
$07N	0147	ÈN
$07O	01D1	ÈO
$07R	0158	ÈR
$07S	0160	ÈS
$07T	0164	ÈT
$07U	01D3	ÈU
$07Z	017D	ÈZ
$07a	01CE	Èa
$07c	010D	Èc
$07d	010F	Èd
$07e	011B	Èe
$07g	01E7	Èg
$07i	01D0	Èi
$07k	01E9	Èk
$07l	013E	Èl
$07n	0148	Èn
$07o	01D2	Èo
$07r	0159	Èr
$07s	0161	Ès
$07t	0165	Èt
$07u	01D4	Èu
$07z	017E	Èz
$08C	010A	ÁC
$08E	0116	ÁE
$08G	0120	ÁG
$08I	0130	ÁI
$08M	1E40	ÁM
$08N	1E44	ÁN
$08R	1E58	ÁR
$08Z	017B	ÁZ
$08c	010B	Ác
$08e	0117	Áe
$08g	0121	Ág
$08m	1E41	Ám
$08n	1E45	Án
$08z	017C	Áz
$09A	00C3	‰A
$09E	1EBC	‰E
$09I	0128	‰I
$09N	00D1	‰N
$09O	00D5	‰O
$09U	0168	‰U
$09Y	1EF8	‰Y
$09a	00E3	‰a
$09e	1EBD	‰e
$09i	0129	‰i
$09n	00F1	‰n
$09o	00F5	‰o
$09u	0169	‰u
$09y	1EF9	‰y
$10A	00C5	ÍA
$10U	016E	ÍU
$10a	00E5	Ía
$10u	016F	Íu
$11	02B9	ß
$12O	0150	ÓO
$12U	0170	ÓU
$12o	0151	Óo
$12u	0171	Óu
$13L	0141	°
$13l	0142	±
$14O	00D8	¢
$14o	00F8	≤
$15A	1EA0	ÚA
$15D	1E0C	ÚD
$15E	1EB8	ÚE
$15H	1E24	ÚH
$15I	1ECA	ÚI
$15M	1E42	ÚM
$15N	1E46	ÚN
$15O	1ECC	ÚO
$15S	1E62	ÚS
$15T	1E6C	ÚT
$15U	1EE4	ÚU
$15Y	1EF4	ÚY
$15Z	1E92	ÚZ
$15a	1EA1	Úa
$15d	1E0D	Úd
$15e	1EB9	Úe
$15h	1E25	Úh
$15i	1ECB	Úi
$15m	1E43	Úm
$15n	1E47	Ún
$15o	1ECD	Úo
$15s	1E63	Ús
$15t	1E6D	Út
$15u	1EE5	Úu
$15y	1EF5	Úy
$15z	1E93	Úz
$16L	013F	
$16l	0140	
$17A	0104	ÒA
$17E	0118	ÒE
$17I	012E	ÒI
$17U	0172	ÒU
$17a	0105	Òa
$17e	0119	Òe
$17i	012F	Òi
$17u	0173	Òu
$18s	00DF	«
$19th	00FE	¥
$20TH	00DE	§
$21D	00D0	
$21d	00F0	∫
$22	FE20	Î
$23	FE21	Ï
$24A	1EA4	„‚A
$24E	1EBE	„‚E
$24O	1ED0	„‚O
$24a	1EA5	„‚a
$24e	1EBF	„‚e
$24o	1ED1	„‚o
$25O	1EE2	Ú¨
$25U	1EF0	Ú≠
$25o	1EE3	Úº
$25u	1EF1	ÚΩ
$26O	1EDA	‚¨
$26U	1EE8	‚≠
$26o	1EDB	‚º
$26u	1EE9	‚Ω
$27A	1EAE	Ê‚A
$27a	1EAF	Ê‚a
$28A	1EA2	‡A
$28E	1EBA	‡E
$28I	1EC8	‡I
$28O	1ECE	‡O
$28U	1EE6	‡U
$28Y	1EF6	‡Y
$28a	1EA3	‡a
$28e	1EBB	‡e
$28i	1EC9	‡i
$28o	1ECF	‡o
$28u	1EE7	‡u
$28y	1EF7	‡y
$29A	1EAC	„ÚA
$29E	1EC6	„ÚE
$29O	1ED8	„ÚO
$29a	1EAD	„Úa
$29e	1EC7	„Úe
$29o	1ED9	„Úo
$30A	1EA6	„·A
$30E	1EC0	„·E
$30O	1ED2	„·O
$30a	1EA7	„·a
$30e	1EC1	„·e
$30o	1ED3	„·o
$31A	1EB0	Ê·A
$31a	1EB1	Ê·a
$32O	1EDC	·¨
$32U	1EEA	·≠
$32o	1EDD	·º
$32u	1EEB	·Ω
$34A	1EA8	„‡A
$34E	1EC2	„‡E
$34O	1ED4	„‡O
$34a	1EA9	„‡a
$34e	1EC3	„‡e
$34o	1ED5	„‡o
$35O	1EDE	‡¨
$35U	1EEC	‡≠
$35o	1EDF	‡º
$35u	1EED	‡Ω
$36O	1EE0	‰¨
$36U	1EEE	‰≠
$36o	1EE1	‰º
$36u	1EEF	‰Ω
$37A	1EB4	Ê‰A
$37a	1EB5	Ê‰a
$38A	1EAA	„‰A
$38E	1EC4	„‰E
$38O	1ED6	„‰O
$38a	1EAB	„‰a
$38e	1EC5	„‰e
$38o	1ED7	„‰o
$39A	1EB6	ÊÚA
$39a	1EB7	ÊÚa
$41I	1E2E	Ë‚I
$41i	1E2F	Ë‚i
$46B	1E06	ˆB
$46D	1E0E	ˆD
$46H	0048 0332	ˆH
$46L	1E3A	ˆL
$46N	1E48	ˆN
$46R	1E5E	ˆR
$46S	0053 0332	ˆS
$46T	1E6E	ˆT
$46Z	1E94	ˆZ
$46b	1E07	ˆb
$46d	1E0F	ˆd
$46h	1E96	ˆh
$46l	1E3B	ˆl
$46n	1E49	ˆn
$46r	1E5F	ˆr
$46s	0073 0332	ˆs
$46t	1E6F	ˆt
$46z	1E95	ˆz
$47S	0218	˜S
$47s	0219	˜s
$48a	0061 031C	¯a
$48e	0065 031C	¯e
$49L	004C 0326	˜L
$50O	01A0	¨
$50U	01AF	≠
$50o	01A1	º
$50u	01B0	Ω
$51	02BA	∑
$55D	0110	£
$55d	0111	≥
$56T	0166	
$56t	0167	
$57AE	00C6	•
$58OE	0152	¶
$59OE	0152 0306	Ê¶
$60oe	0153 0306	Ê∂
$65g	0067 0312	
$66L	004C 0315	ÌL
$67	02BB	∞
$68	0314	
$69	201D	
$70ae	00E6	µ
$71oe	0153	∂
$73i	0131	∏
$74	00B7	®
$75	2018	
$76	02BC	Æ
$81H	0126	
$81h	0127	
$85SH		
$85Sh		
$86ZH		
$86Zh		
$91a	0061 02BE	aÆ
$92A	018F	
$92a	0259	
$93N	014A	
$93n	014B	
$98a	00AA	
$99o	00BA	
$102A	1EB2	Ê‡A
$102a	1EB3	Ê‡a
$103O	1ECE 0323	‡ÚO
$103U	1EE6 0323	‡ÚU
$103o	1ECF 0323	‡Úo
$103u	1EE7 0323	‡Úu
$104O	1ECE 0301	‡‚O
$104U	1EE6 0301	‡‚U
$104o	1ECF 0301	‡‚o
$104u	1EE7 0301	‡‚u
$112e	01DD	
