		42.8333	42	N	50	0											12.8333	12	E	50	0											1000080
		42.8333	42	N	50	0											11.25	11	E	15	0											1003460
		44.25	44	N	15	0											10.05	10	E	3	0											1003473
		43.0333	43	N	2	0											9.8167	9	E	49	0											1006715
		42.25	42	N	15	0											11.1	11	E	6	0											1007187
		42.3333	42	N	20	0											10.3167	10	E	19	0											1008204
		42.7	42	N	42	0											10.4333	10	E	26	0											1012389
		44.1167	44	N	7	0											10.7167	10	E	43	0											1043080
		43.9	43	N	54	0											11	11	E	0	0											1043117
		43.4833	43	N	29	0											10.3	10	E	18	0											1043230
		42.8	42	N	48	0											11.25	11	E	15	0											1043261
		43.5167	43	N	31	0											10.3	10	E	18	0											1043270
		43.3333	43	N	20	0											10.45	10	E	27	0											1043289
		44.0667	44	N	4	0											10.25	10	E	15	0											1043291
		43.7	43	N	42	0											12.1833	12	E	11	0											1043360
		43.0333	43	N	2	0											11.6167	11	E	37	0											1043373
		44.3167	44	N	19	0											9.9833	9	E	59	0											1043381
		44.2333	44	N	14	0											9.9333	9	E	56	0											1043404
		44	44	N	0	0											11.25	11	E	15	0											1043406
		43.2667	43	N	16	0											10.6	10	E	36	0											1043500
		43.7167	43	N	43	0											10.6167	10	E	37	0											1043506
		43.4667	43	N	28	0											11.6167	11	E	37	0											1043665
		43.7333	43	N	44	0											10.5833	10	E	35	0											1043693
		43.6833	43	N	41	0											10.6167	10	E	37	0											1043728
		43.45	43	N	27	0											11.05	11	E	3	0											1043776
		43.2667	43	N	16	0											11.9667	11	E	58	0											1043808
		43.5833	43	N	35	0											10.6667	10	E	40	0											1043843
		42.7333	42	N	44	0											10.3667	10	E	22	0											1043852
		43.95	43	N	57	0											10.9	10	E	54	0											1043854
		44.2167	44	N	13	0											10.1833	10	E	11	0											1043955
		43.1667	43	N	10	0											10.6	10	E	36	0											1043975
		43.4	43	N	24	0											11.0333	11	E	2	0											1043986
		42.8833	42	N	53	0											11.5333	11	E	32	0											1043996
		42.7667	42	N	46	0											11.7	11	E	42	0											1044018
		43	43	N	0	0											11.5167	11	E	31	0											1044056
		44.1	44	N	6	0											10.4	10	E	24	0											1044058
		43.2	43	N	12	0											10.9	10	E	54	0											1044060
		43.5333	43	N	32	0											11.7667	11	E	46	0											1044073
		42.7667	42	N	46	0											10.8833	10	E	53	0											1044085
		43.3	43	N	18	0											10.5167	10	E	31	0											1044126
		43.4833	43	N	29	0											10.6333	10	E	38	0											1044204
		42.8833	42	N	53	0											11.3833	11	E	23	0											1044250
		43.9833	43	N	59	0											10.85	10	E	51	0											1044257
		43	43	N	0	0											11.2833	11	E	17	0											1044289
		43.4167	43	N	25	0											11.7167	11	E	43	0											1044293
		43.6	43	N	36	0											10.4667	10	E	28	0											1044329
		44.0833	44	N	5	0											10.1667	10	E	10	0											1044342
		43.7833	43	N	47	0											11.5833	11	E	35	0											1044363
		44.05	44	N	3	0											10.5333	10	E	32	0											1044378
		44.1333	44	N	8	0											11.3	11	E	18	0											1044419
		43.8833	43	N	53	0											11.5167	11	E	31	0											1044483
		44.15	44	N	9	0											10.1667	10	E	10	0											1044532
		43.5667	43	N	34	0											10.5167	10	E	31	0											1044568
		44.2333	44	N	14	0											10.1167	10	E	7	0											1044626
		42.9333	42	N	56	0											10.75	10	E	45	0											1044641
		42.5667	42	N	34	0											11.1667	11	E	10	0											1044654
		43.9333	43	N	56	0											11.0333	11	E	2	0											1044669
		43.95	43	N	57	0											10.1667	10	E	10	0											1044679
		44.1333	44	N	8	0											10.0333	10	E	2	0											1044682
		43.4667	43	N	28	0											11.4333	11	E	26	0											1044730
		43.5333	43	N	32	0											10.95	10	E	57	0											1044749
		44.05	44	N	3	0											10.8167	10	E	49	0											1044775
		42.9333	42	N	56	0											10.8167	10	E	49	0											1044778
		42.3833	42	N	23	0											10.9	10	E	54	0											1044816
		44.0667	44	N	4	0											10.7667	10	E	46	0											1044983
		43.3833	43	N	23	0											10.8833	10	E	53	0											1045019
		43.5667	43	N	34	0											10.5833	10	E	35	0											1045020
		43.9167	43	N	55	0											10.2333	10	E	14	0											1045050
		44	44	N	0	0											10.8333	10	E	50	0											1045051
		44.2667	44	N	16	0											10.0333	10	E	2	0											1045082
		43.9	43	N	54	0											10.2167	10	E	13	0											1045085
		42.6	42	N	36	0											11.3	11	E	18	0											1045182
		42.5833	42	N	35	0											11.5167	11	E	31	0											1045211
		42.8	42	N	48	0											10.1667	10	E	10	0											1045242
		42.8167	42	N	49	0											10.2	10	E	12	0											1045243
		42.55	42	N	33	0											10.25	10	E	15	0											1045256
		44.0333	44	N	2	0											10.05	10	E	3	0											1045258
		43.3	43	N	18	0											10.4833	10	E	29	0											1045259
		42.7167	42	N	43	0											10.9667	10	E	58	0											1045261
		44.0167	44	N	1	0											10.1	10	E	6	0											1045262
		43.9333	43	N	56	0											10.2	10	E	12	0											1045265
		43.6667	43	N	40	0											10.2667	10	E	16	0											1045266
		44.0833	44	N	5	0											11.6167	11	E	37	0											1045278
		43.8667	43	N	52	0											10.3333	10	E	20	0											1045307
		43.9333	43	N	56	0											11.0167	11	E	1	0											1045466
		42.5833	42	N	35	0											11.0833	11	E	5	0											1045544
		43.2333	43	N	14	0											11.4167	11	E	25	0											1045551
		43.1333	43	N	8	0											10.85	10	E	51	0											1045557
		43.3	43	N	18	0											10.6667	10	E	40	0											1045563
		43.6333	43	N	38	0											11.0667	11	E	4	0											1045566
		43.1333	43	N	8	0											11.1833	11	E	11	0											1045576
		43.1333	43	N	8	0											11.1333	11	E	8	0											1045577
		43.6667	43	N	40	0											10.75	10	E	45	0											1045582
		43.9	43	N	54	0											10.2	10	E	12	0											1045612
		44.3	44	N	18	0											9.8833	9	E	53	0											1045629
		44.05	44	N	3	0											10.8333	10	E	50	0											1045754
		43.4667	43	N	28	0											11.6833	11	E	41	0											1045918
		43.9667	43	N	58	0											10.4	10	E	24	0											1045931
		43.6333	43	N	38	0											11.55	11	E	33	0											1045959
		42.85	42	N	51	0											11.6833	11	E	41	0											1045962
		44.1167	44	N	7	0											10.7333	10	E	44	0											1045970
		44.1667	44	N	10	0											11.3333	11	E	20	0											1045991
		43.95	43	N	57	0											10.2333	10	E	14	0											1046000
		43.6667	43	N	40	0											12.0333	12	E	2	0											1046002
		44.0167	44	N	1	0											10.7667	10	E	46	0											1046031
		43.3	43	N	18	0											10.8667	10	E	52	0											1046075
		43.6167	43	N	37	0											10.6333	10	E	38	0											1046082
		43.9833	43	N	59	0											11.25	11	E	15	0											1046089
		43.6833	43	N	41	0											10.9	10	E	54	0											1046095
		43.9	43	N	54	0											10.5167	10	E	31	0											1046096
		43.1667	43	N	10	0											11.4667	11	E	28	0											1046097
		44.0333	44	N	2	0											10.8833	10	E	53	0											1046118
		42.3833	42	N	23	0											11.2167	11	E	13	0											1046135
		42.7667	42	N	46	0											10.4	10	E	24	0											1046139
		42.4333	42	N	26	0											11.1167	11	E	7	0											1046148
		42.7833	42	N	47	0											10.25	10	E	15	0											1046205
		43.3833	43	N	23	0											11.85	11	E	51	0											1046210
		43.85	43	N	51	0											10.9667	10	E	58	0											1046215
		43.45	43	N	27	0											10.3667	10	E	22	0											1046217
		42.9	42	N	54	0											11.7667	11	E	46	0											1046228
		42.8167	42	N	49	0											10.4333	10	E	26	0											1046288
		42.7667	42	N	46	0											10.8667	10	E	52	0											1046302
		43.0167	43	N	1	0											11.1667	11	E	10	0											1046346
		43.4	43	N	24	0											10.4667	10	E	28	0											1046384
		43.3833	43	N	23	0											10.4333	10	E	26	0											1046385
		43.3667	43	N	22	0											10.8167	10	E	49	0											1046438
		44.1	44	N	6	0											11	11	E	0	0											1046451
		43.75	43	N	45	0											10.4333	10	E	26	0											1046545
		44.05	44	N	3	0											10.7833	10	E	47	0											1046567
		43.3333	43	N	20	0											10.5	10	E	30	0											1046615
		43.1	43	N	6	0											10.5333	10	E	32	0											1046641
		43.7167	43	N	43	0											10.7667	10	E	46	0											1046703
		42.8333	42	N	50	0											11.9167	11	E	55	0											1046709
		43.4667	43	N	28	0											10.55	10	E	33	0											1046712
		43.7	43	N	42	0											10.7	10	E	42	0											1046721
		42.6833	42	N	41	0											11.3333	11	E	20	0											1046802
		42.9	42	N	54	0											10.85	10	E	51	0											1046803
		43.9833	43	N	59	0											10.3	10	E	18	0											1047001
		43.5667	43	N	34	0											11.8667	11	E	52	0											1047023
		43.0833	43	N	5	0											10.6667	10	E	40	0											1047036
		43.1833	43	N	11	0											12.0333	12	E	2	0											1047087
		43.55	43	N	33	0											11.5833	11	E	35	0											1047093
		43.6333	43	N	38	0											10.2833	10	E	17	0											1047112
		43.8333	43	N	50	0											10.2833	10	E	17	0											1047144
		43.0833	43	N	5	0											11.55	11	E	33	0											1047151
		43.75	43	N	45	0											11.5167	11	E	31	0											1047166
		43.9667	43	N	58	0											11.1167	11	E	7	0											1047269
		43.7833	43	N	47	0											10.3833	10	E	23	0											1047332
		43.95	43	N	57	0											10.7167	10	E	43	0											1047338
		43.0333	43	N	2	0											10.5833	10	E	35	0											1047352
		43.9333	43	N	56	0											11.4667	11	E	28	0											1047366
		44.2833	44	N	17	0											9.95	9	E	57	0											1047446
		44.3333	44	N	20	0											9.7667	9	E	46	0											1047514
		43.2	43	N	12	0											11.5333	11	E	32	0											1100052
		43.7	43	N	42	0											11.9333	11	E	56	0											1100124
		43.75	43	N	45	0											10.5167	10	E	31	0											1100133
		44.05	44	N	3	0											11.5	11	E	30	0											1101282
		44.4167	44	N	25	0											9.8833	9	E	53	0											1101289
		43.1	43	N	6	0											10.6167	10	E	37	0											1104120
		42.7833	42	N	47	0											10.1667	10	E	10	0											1104138
		43.05	43	N	3	0											9.8667	9	E	52	0											1104163
		42.9333	42	N	56	0											11.8667	11	E	52	0											1104192
		43.6667	43	N	40	0											12.1667	12	E	10	0											1104629
		38.2833	38	N	17	0											15.5333	15	E	32	0											1105021
		43.1667	43	N	10	0											10.95	10	E	57	0											1105368
		43.1333	43	N	8	0											11.1333	11	E	8	0											1105685
		43.7667	43	N	46	0											10.55	10	E	33	0											1106401
		44.2	44	N	12	0											11.1	11	E	6	0											1106911
		44.0333	44	N	2	0											10.9333	10	E	56	0											1108367
		43.7833	43	N	47	0											11.5833	11	E	35	0											1108368
		43.8	43	N	48	0											11.9	11	E	54	0											1108469
		43.9333	43	N	56	0											11.6667	11	E	40	0											1108487
		44.1667	44	N	10	0											11.3333	11	E	20	0											1108527
		44.2	44	N	12	0											10.4333	10	E	26	0											1108590
		44.0667	44	N	4	0											10.2833	10	E	17	0											1108724
		43.1833	43	N	11	0											10.9333	10	E	56	0											1109344
		43.3	43	N	18	0											11.1667	11	E	10	0											1109363
		43.65	43	N	39	0											11.65	11	E	39	0											1109495
		42.6333	42	N	38	0											11.0833	11	E	5	0											1109756
		43.75	43	N	45	0											11.25	11	E	15	0											1111810
		42.45	42	N	27	0											11.2333	11	E	14	0											1114802
		43.05	43	N	3	0											11.9667	11	E	58	0											1115906
		43.8167	43	N	49	0											10.3167	10	E	19	0											1117234
		43.6833	43	N	41	0											10.2833	10	E	17	0											1121388
		43.7667	43	N	46	0											11.1	11	E	6	0											1121940
		43.3	43	N	18	0											10.4833	10	E	29	0											1122612
		42.95	42	N	57	0											10.55	10	E	33	0											1123066
		43.6667	43	N	40	0											10.6333	10	E	38	0											1123775
		43.2667	43	N	16	0											11.9	11	E	54	0											1123823
		43.7667	43	N	46	0											11.2167	11	E	13	0											1124371
		44	44	N	0	0											10.5833	10	E	35	0											1126117
		44.2333	44	N	14	0											11.05	11	E	3	0											1126122
		44.05	44	N	3	0											9.9667	9	E	58	0											1126668
		43.0833	43	N	5	0											11.3667	11	E	22	0											1127088
		42.65	42	N	39	0											11	11	E	0	0											1128089
		42.9667	42	N	58	0											11.35	11	E	21	0											1128141
		43.7333	43	N	44	0											11.0167	11	E	1	0											1128558
		43.7833	43	N	47	0											10.2667	10	E	16	0											1129867
		43.7667	43	N	46	0											11.4333	11	E	26	0											1130008
		44.3	44	N	18	0											10.0667	10	E	4	0											1137022
		42.6667	42	N	40	0											11.1	11	E	6	0											4000491
		43.7833	43	N	47	0											110.5	110	E	30	0											4000862
		43.8833	43	N	53	0											104.6667	104	E	40	0											4001692
		43.15	43	N	9	0											11.0833	11	E	5	0											4002640
		46	46	N	0	0											8.4833	8	E	29	0											4002660
		44.1833	44	N	11	0											10.15	10	E	9	0											4002753
		44.0333	44	N	2	0											10.9333	10	E	56	0											4002789
		43.5833	43	N	35	0											12.0667	12	E	4	0											4007415
		43.6	43	N	36	0											10.4333	10	E	26	0											4007544
		43.4167	43	N	25	0											11	11	E	0	0											5002859
		43.7333	43	N	44	0											11.15	11	E	9	0											5002902
		44.05	44	N	3	0											100.6667	100	E	40	0											5002994
		43.4167	43	N	25	0											110	110	E	0	0											5003004
		43.1833	43	N	11	0											11.55	11	E	33	0											5003031
		42.6167	42	N	37	0											11.5333	11	E	32	0											6005278
		43.783	43	N	47	0											11.25	11	E	15	0											7000457
		43.5667	43	N	34	0											12.1333	12	E	8	0											7000478
		43.4833	43	N	29	0											12.1	12	E	6	0											7000479
		43.5333	43	N	32	0											11.8333	11	E	50	0											7003162
		43.8333	43	N	50	0											11.3333	11	E	20	0											7003163
		43.2333	43	N	14	0											10.5833	10	E	35	0											7003164
		44.0333	44	N	2	0											10.45	10	E	27	0											7003165
		43.4167	43	N	25	0											10.7167	10	E	43	0											7003166
		43.9667	43	N	58	0											10.8333	10	E	50	0											7003167
		43.2167	43	N	13	0											11.4	11	E	24	0											7003168
		43.05	43	N	3	0											11.6	11	E	36	0											7004014
		44.0167	44	N	1	0											10.15	10	E	9	0											7004249
		44.5	44	N	30	0											11.3333	11	E	20	0											7004847
		43.9167	43	N	55	0											10.9	10	E	54	0											7005060
		42.7167	42	N	43	0											12.1167	12	E	7	0											7005124
		42.9333	42	N	56	0											11.55	11	E	33	0											7006022
		43.4167	43	N	25	0											11.8833	11	E	53	0											7006072
		42.7667	42	N	46	0											11.1167	11	E	7	0											7006073
		43.55	43	N	33	0											10.3	10	E	18	0											7006074
		44.0167	44	N	1	0											10.5833	10	E	35	0											7006075
		43.8333	43	N	50	0											10.2167	10	E	13	0											7006076
		44.0833	44	N	5	0											10.1	10	E	6	0											7006077
		43.05	43	N	3	0											10.8833	10	E	53	0											7006080
		43.7167	43	N	43	0											10.4	10	E	24	0											7006082
		43.7	43	N	42	0											11.8167	11	E	49	0											7006107
		43.7167	43	N	43	0											11.7667	11	E	46	0											7006109
		43.75	43	N	45	0											11.7167	11	E	43	0											7006110
		43.8	43	N	48	0											11.7167	11	E	43	0											7006111
		43.5167	43	N	31	0											11.7	11	E	42	0											7006112
		43.5833	43	N	35	0											11.6333	11	E	38	0											7006113
		43.5167	43	N	31	0											11.5667	11	E	34	0											7006114
		43.5333	43	N	32	0											12.05	12	E	3	0											7006115
		43.6333	43	N	38	0											11.9833	11	E	59	0											7006116
		43.7	43	N	42	0											12.3	12	E	18	0											7006117
		43.3333	43	N	20	0											11.9167	11	E	55	0											7006118
		43.25	43	N	15	0											11.8167	11	E	49	0											7006119
		43.2833	43	N	17	0											11.9833	11	E	59	0											7006120
		43.3	43	N	18	0											11.7833	11	E	47	0											7006121
		43.3333	43	N	20	0											11.7167	11	E	43	0											7006123
		43.7333	43	N	44	0											11.3167	11	E	19	0											7006136
		43.75	43	N	45	0											11.3167	11	E	19	0											7006138
		43.8167	43	N	49	0											11.1333	11	E	8	0											7006139
		43.8	43	N	48	0											11.2833	11	E	17	0											7006141
		43.8333	43	N	50	0											11.2	11	E	12	0											7006142
		43.75	43	N	45	0											11.1833	11	E	11	0											7006143
		43.7	43	N	42	0											11.25	11	E	15	0											7006144
		43.55	43	N	33	0											11.1833	11	E	11	0											7006145
		43.95	43	N	57	0											11.3833	11	E	23	0											7006146
		43.9333	43	N	56	0											11.4667	11	E	28	0											7006147
		44.1167	44	N	7	0											11.3833	11	E	23	0											7006151
		43.9	43	N	54	0											11.2833	11	E	17	0											7006152
		44.1167	44	N	7	0											11.55	11	E	33	0											7006153
		44	44	N	0	0											11.35	11	E	21	0											7006157
		43.85	43	N	51	0											11.15	11	E	9	0											7006159
		43.8833	43	N	53	0											11.1	11	E	6	0											7006161
		45.6333	45	N	38	0											1.2333	1	E	14	0											7006162
		43.7333	43	N	44	0											11.0167	11	E	1	0											7006164
		43.7667	43	N	46	0											11.1167	11	E	7	0											7006165
		43.7667	43	N	46	0											10.8833	10	E	53	0											7006166
		43.6	43	N	36	0											10.9667	10	E	58	0											7006167
		43.05	43	N	3	0											9.9	9	E	54	0											7006168
		43.55	43	N	33	0											11.05	11	E	3	0											7006169
		43.7333	43	N	44	0											10.8	10	E	48	0											7006170
		43.55	43	N	33	0											10.9167	10	E	55	0											7006172
		43.7833	43	N	47	0											10.9333	10	E	56	0											7006173
		43.7833	43	N	47	0											11.0833	11	E	5	0											7006174
		42.45	42	N	27	0											11.4167	11	E	25	0											7006175
		42.45	42	N	27	0											11.1167	11	E	7	0											7006176
		42.6333	42	N	38	0											11.6667	11	E	40	0											7006177
		42.3667	42	N	22	0											10.9	10	E	54	0											7006178
		42.8667	42	N	52	0											11.5333	11	E	32	0											7006183
		42.8833	42	N	53	0											11.2833	11	E	17	0											7006184
		43.4833	43	N	29	0											10.35	10	E	21	0											7006186
		42.9333	42	N	56	0											11.2667	11	E	16	0											7006188
		42.85	42	N	51	0											10.9667	10	E	58	0											7006189
		42.7833	42	N	47	0											11.55	11	E	33	0											7006190
		43.4	43	N	24	0											10.4	10	E	24	0											7006191
		43.05	43	N	3	0											10.6167	10	E	37	0											7006192
		42.9333	42	N	56	0											10.5333	10	E	32	0											7006194
		42.9833	42	N	59	0											10.5	10	E	30	0											7006195
		42.8167	42	N	49	0											10.3333	10	E	20	0											7006196
		43.8333	43	N	50	0											10.6167	10	E	37	0											7006198
		43.9833	43	N	59	0											10.5333	10	E	32	0											7006200
		44.05	44	N	3	0											10.4333	10	E	26	0											7006201
		44.15	44	N	9	0											10.3167	10	E	19	0											7006202
		43.9333	43	N	56	0											10.3	10	E	18	0											7006204
		43.95	43	N	57	0											10.2333	10	E	14	0											7006205
		43.9833	43	N	59	0											10.2167	10	E	13	0											7006206
		43.8667	43	N	52	0											10.25	10	E	15	0											7006207
		44.0667	44	N	4	0											10.4833	10	E	29	0											7006242
		44.2	44	N	12	0											9.9667	9	E	58	0											7006245
		44.3833	44	N	23	0											9.8833	9	E	53	0											7006293
		43.6833	43	N	41	0											10.35	10	E	21	0											7006295
		43.7	43	N	42	0											10.5833	10	E	35	0											7006296
		43.6667	43	N	40	0											10.6333	10	E	38	0											7006299
		43.6833	43	N	41	0											10.85	10	E	51	0											7006300
		43.5333	43	N	32	0											10.6	10	E	36	0											7006301
		43.6	43	N	36	0											10.7667	10	E	46	0											7006302
		43.55	43	N	33	0											10.7167	10	E	43	0											7006303
		43.4167	43	N	25	0											10.5667	10	E	34	0											7006304
		43.4	43	N	24	0											10.8667	10	E	52	0											7006305
		43.9	43	N	54	0											10.6833	10	E	41	0											7006306
		43.8667	43	N	52	0											10.8	10	E	48	0											7006307
		43.8833	43	N	53	0											10.7667	10	E	46	0											7006308
		43.7833	43	N	47	0											11.8667	11	E	52	0											7006309
		43.6833	43	N	41	0											10.55	10	E	33	0											7006310
		43.35	43	N	21	0											11.4833	11	E	29	0											7006312
		43.15	43	N	9	0											11.3833	11	E	23	0											7006313
		43.4833	43	N	29	0											11.3833	11	E	23	0											7006314
		43.2833	43	N	17	0											11.2333	11	E	14	0											7006315
		42.8833	42	N	53	0											11.6833	11	E	41	0											7006317
		43.05	43	N	3	0											11.5	11	E	30	0											7006318
		43.1333	43	N	8	0											11.4833	11	E	29	0											7006319
		43.0667	43	N	4	0											11.6833	11	E	41	0											7006322
		43.15	43	N	9	0											11.5833	11	E	35	0											7006323
		43.3333	43	N	20	0											11.0333	11	E	2	0											7006324
		43.3833	43	N	23	0											11.2167	11	E	13	0											7006325
		43.1833	43	N	11	0											11.6667	11	E	40	0											7006326
		43.5333	43	N	32	0											11.1667	11	E	10	0											7006327
		43.4167	43	N	25	0											11.1333	11	E	8	0											7006328
		43.7167	43	N	43	0											10.8667	10	E	52	0											7006329
		43.4667	43	N	28	0											11.15	11	E	9	0											7006330
		43.2667	43	N	16	0											11.05	11	E	3	0											7006331
		43.2333	43	N	14	0											11.55	11	E	33	0											7006333
		43.4667	43	N	28	0											11.0333	11	E	2	0											7006334
		42.9833	42	N	59	0											11.8667	11	E	52	0											7006335
		43.2	43	N	12	0											11.7333	11	E	44	0											7006338
		43.1667	43	N	10	0											11.7667	11	E	46	0											7006339
		42.9667	42	N	58	0											11.9	11	E	54	0											7006341
		43.0333	43	N	2	0											11.95	11	E	57	0											7006344
		43.0833	43	N	5	0											11.7833	11	E	47	0											7006345
		42.8667	42	N	52	0											11.8833	11	E	53	0											7006346
		43.7	43	N	42	0											11.8167	11	E	49	0											7006522
		44.4	44	N	24	0											9.9	9	E	54	0											7006524
		43.05	43	N	3	0											11.8333	11	E	50	0											7006526
		43.6167	43	N	37	0											11.4667	11	E	28	0											7006528
		43.5833	43	N	35	0											11.3167	11	E	19	0											7006530
		43.25	43	N	15	0											11.8333	11	E	50	0											7006533
		43.5667	43	N	34	0											11.5333	11	E	32	0											7006537
		43.8833	43	N	53	0											11.7167	11	E	43	0											7006539
		43.8167	43	N	49	0											11.5	11	E	30	0											7006544
		43.7833	43	N	47	0											11.45	11	E	27	0											7006556
		43.7667	43	N	46	0											11.5	11	E	30	0											7006573
		43.7167	43	N	43	0											10.95	10	E	57	0											7006575
		43.7333	43	N	44	0											11.5667	11	E	34	0											7006581
		42.8	42	N	48	0											11.5	11	E	30	0											7006584
		42.55	42	N	33	0											11.1333	11	E	8	0											7006588
		44.1	44	N	6	0											11.2833	11	E	17	0											7006589
		43.2	43	N	12	0											10.7333	10	E	44	0											7006590
		43.65	43	N	39	0											11.2	11	E	12	0											7006592
		43.0167	43	N	1	0											11.6167	11	E	37	0											7007728
		43.7667	43	N	46	0											11.7833	11	E	47	0											7007731
		43.6667	43	N	40	0											11.45	11	E	27	0											7008397
		43.6833	43	N	41	0											11.5333	11	E	32	0											7008555
		43.9167	43	N	55	0											11.6167	11	E	37	0											7008900
		42.5	42	N	30	0											11.1833	11	E	11	0											7009080
		43.4167	43	N	25	0	42.583	42	N	35	0	44.066	44	N	4	0	11	11	E	0	0	10.101	10	E	6	0	11.626	11	E	37	0	7009760
		43.7167	43	N	43	0											11.45	11	E	27	0											7009957
		43.8667	43	N	52	0											11.3	11	E	18	0											7010020
		42.4	42	N	24	0											11.3	11	E	18	0											7010381
		42.8833	42	N	53	0											11.6167	11	E	37	0											7010394
		43.3167	43	N	19	0											11.3167	11	E	19	0											7011179
		42.6833	42	N	41	0											11.7167	11	E	43	0											7011181
		42.8333	42	N	50	0											11.1667	11	E	10	0											7015413
		42.3833	42	N	23	0											11.1833	11	E	11	0											7015529
		43.3667	43	N	22	0											11.3833	11	E	23	0											7017853
		43.4667	43	N	28	0											11.2833	11	E	17	0											7023825
		42.8667	42	N	52	0											11.8833	11	E	53	0											7023893
		43.1667	43	N	10	0											11.1667	11	E	10	0											7023894
		43.5	43	N	30	0											11	11	E	0	0											7024113
		43.299	43	N	18	0											11.35	11	E	21	0											7028107
		43.816	43	N	49	0											10.766	10	E	46	0											7029393
2244	683.971	44.166	44	N	10	0											10.22	10	E	13	0											7029528
