70001	undetermined	70001
70002	local language	70002
70003	local dialect	70003
70004	local patois	70004
70005	creolized language	70005
70049	Old English	70049
70050	Middle English	70050
70051	English	70051
70052	American English	70052
70053	British English	70053
70054	Irish Gaelic	70054
70055	Scots Gaelic	70055
70056	Welsh	70056
70057	Celtic language	70057
70058	Celto-Gallic dialect	70058
70059	Insular language	70059
70060	Jamaican English	70060
70061	pidgin English	70061
70062	indigenous Manx Gaelic	70062
70101	German	70101
70102	High German	70102
70103	Low German	70103
70104	Standard German	70104
70105	Germanic language	70105
70106	Bavarian	70106
70107	Swabian	70107
70108	Schwyzerd$04utsch	70108
70109	Saxon	70109
70110	Low Saxon	70110
70111	Plautdeutsch	70111
70112	Mainfrankisch	70112
70113	Yiddish	70113
70114	Letzeburgish	70114
70131	Abaza	70131
70132	Abkhaz	70132
70133	Adyghe	70133
70134	Aghul	70134
70135	Akhvakh	70135
70151	Albanian	70151
70152	Tosk Albanian	70152
70153	Alemmanic dialect	70153
70154	Andi	70154
70155	Angloromani	70155
70156	Arb$04eresh$04e	70156
70157	Archi	70157
70158	Armenian	70158
70159	Arvanitika	70159
70172	Auvergnat	70172
70173	Avar	70173
70181	Bagvalal	70181
70183	Batsi	70183
70184	Bezhta	70184
70185	Botlikh	70185
70186	Breton	70186
70187	Budukh	70187
70188	Bulgarian	70188
70189	Cal$00o	70189
70224	Chamalal	70224
70225	Cimbrian	70225
70226	Circassian	70226
70227	Cornish	70227
70228	Corsican	70228
70241	Czech	70241
70242	Czech-Slovak	70242
70243	Dargwa	70243
70244	Dido	70244
70261	Dutch	70261
70262	Flemish	70262
70263	Afrikaans	70263
70265	Extremaduran	70265
70266	Fala	70266
70271	French	70271
70272	Limousin	70272
70273	Proven$05cal	70273
70274	Languedocien	70274
70275	Norman-French	70275
70276	Luxembourgeois	70276
70277	Frankish	70277
70278	Frisian	70278
70279	French patois	70279
70280	Cajun French	70280
70282	Gascon	70282
70283	Haitian Creole French	70283
70284	Galician	70284
70285	Gallo-Romance language	70285
70301	Fula	70301
70304	Ghodoberi	70304
70305	Gheg	70305
70310	Hinukh	70310
70311	Hunzib	70311
70312	Ibero-Romance language	70312
70331	Icelandic	70331
70332	Faroese	70332
70333	Ancient Illyrian	70333
70334	Indo-European language	70334
70335	Ingrian	70335
70336	Ingush	70336
70337	Istriot	70337
70350	Italian	70350
70351	Friulian	70351
70352	Neopolitan-Calabrese	70352
70353	Venetian	70353
70354	Emiliano-Romagnolo	70354
70355	Ligurian	70355
70356	Lombard	70356
70357	Sicilian	70357
70358	Sardinian	70358
70359	Piemontese	70359
70360	Italic language	70360
70361	Etruscan	70361
70381	Lithuanian	70381
70382	Estonian	70382
70383	Baltic language	70383
70384	Judeo-Georgian	70384
70385	Judeo-Italian	70385
70386	Jutish	70386
70387	Kabardian	70387
70388	Karata	70388
70389	Karelian	70389
70390	Kashubian	70390
70391	Khanty	70391
70392	Khinalugh	70392
70393	Khvarshi	70393
70394	Knaanic	70394
70395	Kryts	70395
70397	Ladino	70397
70398	Lak	70398
70411	Greek	70411
70412	Ancient Greek	70412
70413	Attic Greek	70413
70414	Byzantine Greek	70414
70415	Doric Greek	70415
70416	Liturgical Greek	70416
70421	Serbo-Croatian	70421
70422	Serbian	70422
70423	Croatian	70423
70424	Dalmatian	70424
70425	Bosnian	70425
70426	Macedonian	70426
70431	Latin	70431
70432	Ancient Latin	70432
70433	Liturgical Latin	70433
70434	Medieval Latin	70434
70435	Latino-Faliscan	70435
70451	Latvian	70451
70452	Laz	70452
70453	Lechitic	70453
70454	Lezgian	70454
70455	Lingala	70455
70456	Lomavren	70456
70459	M$00ocheno	70459
70481	Magyar (Hungarian)	70481
70482	Mansi	70482
70484	Mingrelian	70484
70485	Mirandesa	70485
70486	Mordvinic	70486
70487	Mozarabic	70487
70488	Mari, High	70488
70489	Mari, Low	70489
70511	Danish	70511
70512	Dano-Norwegian, Bokm$10al	70512
70513	Dano-Norwegian, Riksm$10al	70513
70514	Norwegian, New (Nynorsk)	70514
70515	Finnish	70515
70516	Finno-Ugric	70516
70517	Swedish	70517
70518	Old Scandinavian	70518
70519	Lappish (Finno-Ugric)	70519
70520	Nordic language	70520
70531	Polabian	70531
70541	Polish	70541
70542	Pontic	70542
70543	Portuguese	70543
70544	Rheto-Romance language	70544
70545	Romance language	70545
70546	Romanian	70546
70547	Romanian, Macedo	70547
70548	Romanian, Megleno	70548
70549	Istro Romanian	70549
70561	Romani	70561
70562	Romani, Balkan	70562
70563	Romani, Baltic	70563
70564	Romani, Carpathian	70564
70565	Romani, Kalo Finnish	70565
70566	Romani, Sinte	70566
70567	Romani, Welsh	70567
70568	Romano-Greek	70568
70569	Romano-Serbian	70569
70570	Romansch (Rhaeto-Roman)	70570
70591	Russian	70591
70592	Belorussian	70592
70593	Rusyn, Ukrainian	70593
70594	Ukrainian	70594
70595	Ukrainian Gothic	70595
70596	Georgian	70596
70597	Chechen	70597
70611	Rutul	70611
70612	Saami	70612
70613	Samoyedic	70613
70614	Shelta	70614
70615	Shuadit	70615
70621	Slavic	70621
70622	Slavonic, Old Church	70622
70623	Slovak	70623
70624	Slovene	70624
70625	Sorbian	70625
70641	Spanish	70641
70642	Castilian	70642
70643	Catalan	70643
70644	Loreto-Ucayali Spanish	70644
70645	Basque	70645
70646	Aragonese	70646
70647	Asturian	70647
70660	Svan	70660
70661	Tabassaran	70661
70662	Tindi	70662
70663	Tsakhur	70663
70664	Tsakonian	70664
70666	Ubyx	70666
70667	Udi	70667
70668	Ugric	70668
70721	Uralic language	70721
70722	Walser	70722
70723	Yeniche	70723
70724	Yevanic	70724
70725	Zan	70725
70726	Zarphatic	70726
71011	Abnaki-Penobscot	71011
71012	Abo	71012
71013	Abron	71013
71014	Abua	71014
71015	Achi	71015
71016	Achinese	71016
71017	Achuar-Shiwiar	71017
71018	Achumawi	71018
71019	Adja	71019
71020	Adzera	71020
71021	Afade	71021
71022	Afar	71022
71023	Afitti	71023
71031	African language	71031
71032	Asian language	71032
71033	Afro-Asiatic language	71033
71042	Aguacateco	71042
71043	Ahanta	71043
71044	Ahtena	71044
71045	Ainu	71045
71046	Aizo	71046
71047	Aja	71047
71048	Aji$04e	71048
71049	Ajmeri	71049
71051	Aka-Bo	71051
71052	Akan	71052
71053	Akebou	71053
71054	Akei	71054
71055	Akwa	71055
71056	Alaba	71056
71071	Alabama	71071
71072	Alacalufan	71072
71073	Alak	71073
71074	Aleut	71074
71075	Algic	71075
71076	Algonquian	71076
71077	Altaic	71077
71078	Alutor	71078
71079	Ama	71079
71080	Amahuaca	71080
71081	Amalumute	71081
71091	Amara	71091
71092	Ambae	71092
71093	Ambelau	71093
71094	Ambele	71094
71095	Ambon	71095
71096	Ambrym	71096
71097	Amdang	71097
71131	Amharic	71131
71132	Amuzgoan	71132
71133	Andamanese	71133
71134	Andoa	71134
71135	Andra-Hus	71135
71136	Aneityum	71136
71137	Angkuic	71137
71138	Anuak	71138
71139	Anuta	71139
71140	Apache	71140
71161	Arabic	71161
71162	Arabic, Algerian	71162
71163	Arabic, Egyptian	71163
71164	Arabic, Mesopotamian	71164
71165	Arabic, Moroccan	71165
71166	Arabic, Najdi	71166
71167	Arabic, North Levantine	71167
71168	Arabic, Saidi	71168
71169	Arabic, Sanaani	71169
71170	Arabic, Sudanese	71170
71171	Arabic, Tunisian	71171
71172	Egyptian	71172
71173	Ancient Egyptian	71173
71174	Egyptian, Coptic	71174
71181	Aramaic	71181
71182	Aramaic, Samaritan	71182
71183	Western Neo- Aramaic	71183
71184	Assyrian Neo-Aramaic	71184
71185	Chaldean Neo-Aramaic	71185
71190	Araona	71190
71191	Arapaho	71191
71192	Araucanian	71192
71193	Arawak	71193
71194	Arawe	71194
71195	Arguni	71195
71196	Arikara	71196
71197	Arikem	71197
71198	Aringa	71198
71199	Aru	71199
71200	Aruak	71200
71201	Arutani	71201
71202	Ashtiani	71202
71203	Aslian	71203
71204	Assamese	71204
71205	Assiniboine	71205
71206	Arakanese	71206
71222	Atakapa	71222
71223	Atayal	71223
71224	Athapaskan	71224
71225	Atikamekw	71225
71226	Atsugewi	71226
71227	Aulua	71227
71228	Aushi	71228
71229	Austral	71229
71251	Austronesian language	71251
72161	Avatime	72161
72162	Awadhi	72162
72163	Aweti	72163
72164	Awing	72164
72165	Awjilah	72165
72166	Ayamar$00a	72166
72167	Aymaran	72167
72168	Azerbaijani	72168
72169	Azerbaijani, North	72169
72170	Azerbaijani, South	72170
72191	Aztec	72191
72192	Babango	72192
72193	Babar	72193
72194	Babatana	72194
72195	Babine	72195
72196	Babole	72196
72197	Bacama	72197
72198	Bade	72198
72199	Badeshi	72199
72200	Badyara	72200
72201	Bafut	72201
72202	Baga	72202
72203	Bagobo	72203
72204	Bagri	72204
72221	Bahasa Indonesia	72221
72222	Bahasa Malaysia	72222
72223	Bahnaric	72223
72224	Bai	72224
72225	Bainouk	72225
72226	Baka	72226
72227	Baki	72227
72228	Bakwe	72228
72229	Balaesan	72229
72230	Balanta	72230
72231	Balau	72231
72232	Balo	72232
72233	Baloi	72233
72234	Baluchi	72234
72235	Balundu-Bima	72235
72236	Bambara	72236
72237	Bambassi	72237
72238	Bambili	72238
72239	Banda	72239
72240	Bangala	72240
72241	Banjar	72241
72242	Banoni	72242
72261	Bantu	72261
72262	Bantu dialect	72262
72263	Barbacoan	72263
72264	Barein	72264
72265	Bareli	72265
72266	Bariai	72266
72267	Bariba	72267
72268	Barok	72268
72269	Basa	72269
72270	Basari	72270
72271	Bashkir	72271
72272	Bateke	72272
72273	Batu	72273
72274	Bauan	72274
72275	Bauria	72275
72277	Bayot	72277
72278	Beaver	72278
72279	Bekwel	72279
72280	Bela	72280
72281	Bella Coola	72281
72282	Bembe	72282
72283	Bena	72283
72284	Bendi	72284
72285	Bengali	72285
72310	Berber	72310
72311	Judeo-Berber	72311
72312	Berber dialects	72312
72313	Berti	72313
72314	Bete	72314
72315	Bhatneri	72315
72316	Bhilala	72316
72317	Bhili	72317
72318	Bhilori	72318
72319	Bhojpuri	72319
72320	Bhoyari	72320
72321	Biao Mien	72321
72322	Bibling	72322
72323	Bideyat	72323
72324	Bidyogo	72324
72325	Bierebo	72325
72326	Bieria	72326
72327	Bikol	72327
72328	Biloxi	72328
72329	Bima-Sumba	72329
72330	Birao	72330
72331	Birked	72331
72332	Birri	72332
72333	Birwa	72333
72334	Bisayan	72334
72335	Biseni	72335
72336	Bisu	72336
72337	Bit	72337
72338	Biu-Mandara	72338
72339	Blablanga	72339
72371	Blackfoot	72371
72372	Boano	72372
72373	Bobot	72373
72374	Bodo	72374
72375	Boga	72375
72376	Boghom	72376
72377	Bojpoori	72377
72378	Bola	72378
72379	Bole	72379
72380	Bolgar	72380
72381	Bolo	72381
72382	Bom	72382
72383	Boma	72383
72384	Bomberai	72384
72385	Bonan	72385
72386	Bondo	72386
72395	Bongo	72395
72396	Boni	72396
72397	Bontoc	72397
72398	Bringen	72398
72399	Buang	72399
72400	Bubi	72400
72401	Bughotu	72401
72402	Buka	72402
72403	Bulang	72403
72404	Bulu	72404
72405	Bunaban	72405
72406	Bunan	72406
72407	Bungu	72407
72408	Bunu	72408
72409	Burarran	72409
72410	Buriat	72410
72431	Burmese	72431
72432	Buru	72432
72433	Buso	72433
72434	Bussa	72434
72435	Busu	72435
72436	Butmas-Tur	72436
72437	Buyang	72437
72438	Bwile	72438
72439	Cacaopera	72439
72441	Caddoan	72441
72442	Cahita	72442
72443	Cahuapanan	72443
72444	Cahuilla	72444
72445	Cakchiquel	72445
72461	Calypso	72461
72462	Campa	72462
72463	Canaanite	72463
72464	Candoshi	72464
72465	Cangin	72465
72466	Caquinte	72466
72467	Car	72467
72481	Caribbean language	72481
72482	Carolinian	72482
72483	Carrier	72483
72484	Cashibo-Cacataibo	72484
72485	Cashinahua	72485
72486	Catawba	72486
72487	Cavinena	72487
72488	Cayuga	72488
72489	Cebuano	72489
72490	Chadic	72490
72491	Chagatai	72491
72492	Chagga	72492
72502	Cham	72502
72503	Chamicuro	72503
72504	Chamorro	72504
72505	Chane	72505
72506	Changthang	72506
72507	Chantel	72507
72508	Chaouia	72508
72509	Chapacura-Wanham	72509
72510	Chara	72510
72511	Chatino	72511
72512	Chehalis	72512
72531	Cherokee	72531
72532	Chetco	72532
72533	Chewong	72533
72534	Cheyenne	72534
72535	Chhattisgarhi	72535
72536	Chiang Saeng	72536
72537	Chiapaneco	72537
72538	Chibcha Cofan	72538
72539	Chibchan	72539
72540	Chichimec	72540
72541	Chickasaw	72541
72542	Chicomuceltec	72542
72543	Chilcotin	72543
72544	Chimakuan	72544
72545	Chin	72545
72546	Chinantecan	72546
72581	Chinese	72581
72582	Chinese (transliterated Wade-Giles)	72582
72583	Chinese (transliterated Pinyin)	72583
72584	Chinese, Gan	72584
72585	Chinese, Hakka	72585
72586	Chinese, Huizhou	72586
72587	Chinese, Jinyu	72587
72588	Chinese, Mandarin	72588
72589	Chinese, Min Bei	72589
72590	Chinese, Min Dong	72590
72591	Chinese, Min Nan	72591
72592	Chinese, Min Zhong	72592
72593	Chinese, Pu-Xian	72593
72594	Chinese, Wu	72594
72595	Chinese, Xiang	72595
72596	Chinese, Yue	72596
72621	Chinookan	72621
72622	Chipewyan	72622
72623	Chiru	72623
72624	Chitimacha	72624
72625	Chittagonian	72625
72626	Chiwere	72626
72627	Chochoteco	72627
72628	Choco	72628
72629	Choctaw	72629
72630	Chodri	72630
72631	Choiseul	72631
72632	Chokwe	72632
72633	Cholan	72633
72634	Chong	72634
72635	Chontal	72635
72636	Chonyi	72636
72637	Chorotega	72637
72638	Chorti	72638
72661	Chuanqiandian	72661
72662	Chujean	72662
72663	Chuka	72663
72664	Chukot	72664
72665	Chulym	72665
72666	Chumash	72666
72667	Chut	72667
72668	Chuuk	72668
72669	Chuvash	72669
72670	Chwabo	72670
72671	Clallam	72671
72672	Coahuiltecan	72672
72673	Cochimi	72673
72674	Coconucan	72674
72675	Cocopa	72675
72676	Coeur D'alene	72676
72677	Cogapacori	72677
72711	Comanche	72711
72712	Comox	72712
72713	Coos	72713
72714	Coquille	72714
72715	Cora	72715
72716	Corachol	72716
72717	Cowlitz	72717
72718	Cree	72718
72719	Creole patois	72719
72720	Criolo	72720
72721	Crow	72721
72722	Cuicateco	72722
72723	Cuoi	72723
72724	Cupan	72724
72725	Cupeno	72725
72751	Dabarre	72751
72752	Dai	72752
72753	Daic	72753
72754	Dair	72754
72755	Daju	72755
72756	Dakota	72756
72757	Daly	72757
72758	Damar	72758
72759	Danakili	72759
72760	Danau	72760
72791	Dari Persian	72791
72792	Darlong	72792
72793	Datooga	72793
72794	Daur	72794
72795	Davawenyo	72795
72796	Dayic	72796
72797	Daza	72797
72798	Deccan	72798
72799	Degexit'an	72799
72800	Dehu	72800
72801	Deori	72801
72802	Dhaiso	72802
72803	Dhanki	72803
72804	Dhatki	72804
72805	Dhegiha	72805
72806	Dhimal	72806
72807	Dhodia	72807
72808	Dida	72808
72809	Dimasa	72809
72831	Ding	72831
72832	Dinka	72832
72833	Diola	72833
72834	Dioula	72834
72835	Diri	72835
72836	Diriku	72836
72837	Divehi	72837
72838	Dizoid	72838
72839	Djamindjung	72839
72840	Djeebbana	72840
72841	Djeragan	72841
72842	Djerma	72842
72843	Dogon	72843
72844	Dogrib	72844
72845	Dolgan	72845
72846	Domari	72846
72847	Dong	72847
72848	Dongolawi	72848
72849	Dongxiang	72849
72850	Dravidian	72850
72851	Duan	72851
72852	Dubla	72852
72853	Duka	72853
72854	Dullay	72854
72855	Duma	72855
72856	Dumbea	72856
72871	Dungan	72871
72872	Dusunic	72872
72873	Duwai	72873
72874	Duwinna	72874
72875	Dzalakha	72875
72876	Dzongkha	72876
72877	Ebrie	72877
72878	Ebughu	72878
72879	Edo	72879
72880	Efai	72880
72881	Efate	72881
72882	Ega	72882
72924	Elgon	72924
72925	Ellicean	72925
72926	Emae	72926
72927	Embera	72927
72928	Embu	72928
72929	Ende	72929
72930	Endo	72930
72931	Enya	72931
72932	Epi	72932
72933	Erromanga	72933
72951	Eskimo	72951
72952	Ethiopian	72952
72953	Eton	72953
72954	Ewe	72954
72955	Eyak	72955
72956	Fam	72956
72957	Fang	72957
72961	Greenlandic	72961
72971	Fars	72971
72972	Farsi	72972
72973	Farsi, Eastern	72973
72974	Farsi, Western	72974
72975	Persian, Middle	72975
72976	Persian, Old	72976
72980	Fulani	72980
72981	Fulfulde	72981
72982	Fulfulde, Nigerian	72982
72983	Fur	72983
72984	Futunic	72984
72985	Fwai	72985
72986	Fataleka	72986
72987	Fijian	72987
72988	Fon	72988
72989	Fongoro	72989
72990	Formosan	72990
73001	Gabake-Ntshori	73001
73002	Gabri	73002
73003	Gabrielino	73003
73004	Gadaba	73004
73005	Gadang	73005
73006	Gade Lohar	73006
73007	Gafat	73007
73008	Galice	73008
73009	Gamit	73009
73010	Gan	73010
73011	Gan$00ade	73011
73012	Gana	73012
73013	Ganda	73013
73014	Gani-Khwe	73014
73015	Ganja	73015
73016	Ganza	73016
73017	Garo	73017
73041	Gawwada	73041
73042	Gazi	73042
73043	Geez	73043
73044	Gela	73044
73045	Geta'	73045
73046	Ghale	73046
73047	Ghari	73047
73048	Ghomara	73048
73049	Ghulfan	73049
73050	Gidar	73050
73051	Gilbertese	73051
73052	Girasia	73052
73053	Godie	73053
73054	Gonga	73054
73055	Gooniyandi	73055
73056	Gorum	73056
73057	Gourmantche	73057
73058	Gros Ventre	73058
73071	Guaicuruan	73071
73072	Guambiano	73072
73073	Guanche	73073
73074	Guapore	73074
73075	Guarani	73075
73076	Guarijio	73076
73077	Gujarati	73077
73078	Gujari	73078
73079	Gule	73079
73080	Gumuz	73080
73081	Gun-Gbe	73081
73082	Gungu	73082
73083	Gurage	73083
73084	Guragone	73084
73085	Gusii	73085
73086	Gwere	73086
73087	Gwich'in	73087
73088	Gwi-Khwe	73088
73121	H$00ertevin	73121
73122	Haekic	73122
73123	Hahon	73123
73124	Haida	73124
73125	Haisla	73125
73126	Hakka	73126
73127	Halang	73127
73128	Halang Doan	73128
73129	Halia	73129
73130	Halkomelem	73130
73131	Han	73131
73132	Harauti	73132
73133	Haryanvi	73133
73134	Hatsa	73134
73135	Hausa	73135
73151	Hawaiian	73151
73171	Hebrew	73171
73172	Ancient Hebrew	73172
73173	Hehe	73173
73174	Heiltsuk	73174
73175	Hema	73175
73176	Hemba	73176
73177	Herero	73177
73178	Hidatsa	73178
73179	Hiechware	73179
73180	Hiligaynon	73180
73201	Hindi	73201
73202	Hindustani	73202
73203	Hitu	73203
73204	Hmar	73204
73205	Hmong	73205
73206	Hmong-Mien	73206
73207	Hmwaveke	73207
73208	Hoamoal	73208
73209	Hocak	73209
73210	Hokan	73210
73211	Holikachuk	73211
73231	Hopi	73231
73232	Hote	73232
73233	Hoti	73233
73234	Hre	73234
73235	Hu	73235
73236	Hua	73236
73237	Huarijio	73237
73238	Huastecan	73238
73239	Huavean	73239
73240	Huichol	73240
73241	Huitoto	73241
73242	Hulaula	73242
73243	Hulung	73243
73244	Hupa	73244
73245	Huron	73245
73271	Iaai	73271
73272	Ibanag	73272
73273	Ibani	73273
73274	Ibino	73274
73275	Ibo	73275
73276	Ida'an	73276
73277	Ife	73277
73278	Ifo	73278
73279	Igbo	73279
73280	Ijo	73280
73281	Ikizu	73281
73282	Ilocano	73282
73301	Indo-Aryan language	73301
73302	Indo-Iranian language	73302
73303	Indonesian	73303
73304	Ingalik	73304
73321	Inuit	73321
73322	Iowa-Oto	73322
73323	Iroquoian	73323
73324	Irula	73324
73325	Isanzu	73325
73326	Isu	73326
73327	Itelmen	73327
73328	Itneg	73328
73329	Itza	73329
73330	Ixcatecan	73330
73331	Ixilan	73331
73351	Jacalteco	73351
73352	Jah Hut	73352
73353	Jakati	73353
73354	Janggali	73354
73371	Japanese	73371
73372	Jaqaru	73372
73373	Jarawa	73373
73391	Javanese	73391
73392	Jawe	73392
73393	Jeh	73393
73394	Jeh-Halang	73394
73395	Jemez	73395
73396	Jeng	73396
73397	Jerba	73397
73398	Jida-Abu	73398
73399	Jiiddu	73399
73400	Jimbin	73400
73401	Jimi	73401
73402	Jina	73402
73403	Jingpho	73403
73404	Jinuo	73404
73405	Jivaroan	73405
73406	Jorto	73406
73407	Juang	73407
73433	Jukun	73433
73434	Juray	73434
73435	Juruna	73435
73436	Jwira-Pepesa	73436
73451	Kabwari	73451
73452	Kachari	73452
73453	Kacipo-Balesi	73453
73454	Kadai	73454
73455	Kadaru	73455
73456	Kaikadi	73456
73457	Kaiwa	73457
73458	Kalabari	73458
73459	Kalamian	73459
73461	Kalapuyan	73461
73462	Kalenjin	73462
73463	Kalinga	73463
73464	Kamayura	73464
73466	Kambari	73466
73467	Kamuku	73467
73468	Kande	73468
73481	Kang	73481
73482	Kaniet	73482
73483	Kanikkaran	73483
73484	Kaningi	73484
73485	Kanjobalan	73485
73486	Kannada	73486
73487	Kansa	73487
73488	Kantu	73488
73489	Kanuri	73489
73490	Kanyok	73490
73491	Kaonde	73491
73492	Kapon	73492
73493	Kara	73493
73494	Karagas	73494
73495	Karanga	73495
73496	Karekare	73496
73497	Karfa	73497
73498	Karok	73498
73521	Karolanos	73521
73522	Karon	73522
73523	Kasanga	73523
73524	Kashaya	73524
73525	Kaska	73525
73526	Kasseng	73526
73527	Kataang	73527
73528	Kato	73528
73529	Katukinan	73529
73530	Kawahib	73530
73531	Kawaiisu	73531
73532	Kayeli	73532
73551	Kazakh	73551
73552	Kedang	73552
73553	Keer	73553
73555	Kekchi	73555
73556	Kelabitic	73556
73557	Kele	73557
73558	Kendeje	73558
73559	Kensiu	73559
73560	Kerek	73560
73561	Keres	73561
73562	Ket	73562
73563	Kgalagadi	73563
73564	Khakas	73564
73565	Khalkha Mongolian	73565
73566	Khami	73566
73567	Khandesi	73567
73568	Khao	73568
73569	Kharia	73569
73570	Khasian	73570
73571	Kherwari	73571
73572	Khlor	73572
73573	Khmer	73573
73574	Khmuic	73574
73591	Khoisan	73591
73592	Kikapoo	73592
73593	Kikongo	73593
73594	Kiliwa	73594
73595	Kimbu	73595
73596	Kimr$00e	73596
73597	Kingwana	73597
73598	Kiowa	73598
73599	Kiranti	73599
73600	Kir-Balar	73600
73601	Kirghiz	73601
73602	Kiribati	73602
73603	Kissi	73603
73604	Kiswahili	73604
73605	Kitsai	73605
73606	Klamath-Modoc	73606
73607	Klao	73607
73608	Koasati	73608
73609	Kobiana	73609
73610	Koch	73610
73611	Kok Borok	73611
73612	Kokola	73612
73613	Kokota	73613
73614	Kolami	73614
73615	Koli	73615
73616	Koman	73616
73617	Komo	73617
73618	Komuz	73618
73641	Kongo (Congo)	73641
73642	Koniagi	73642
73643	Konja	73643
73644	Kono	73644
73645	Konobo	73645
73646	Konso-Gidole	73646
73647	Koraga	73647
73648	Korap	73648
73671	Korean	73671
73672	Korku	73672
73673	Koro	73673
73674	Koryak	73674
73675	Kosraean	73675
73676	Kota	73676
73677	Koti	73677
73678	Kouya	73678
73679	Koyo	73679
73680	Koyukon	73680
73681	Kpelle	73681
73682	Krahn, Eastern	73682
73683	Kresh	73683
73684	Krim	73684
73685	Kugbo	73685
73686	Kuikuro-Kalapalo	73686
73687	Kuliak	73687
73688	Kumak	73688
73689	Kumiai	73689
73690	Kuna	73690
73691	Kunama	73691
73711	Kurdish	73711
73712	Kurmanji	73712
73713	Kusanda	73713
73714	Kuskokwim, Upper	73714
73715	Kuwaa	73715
73716	Kwa	73716
73717	Kwaio	73717
73718	Kwakiutl	73718
73719	Kwama	73719
73720	Kwangali	73720
73721	Kwanja	73721
73722	Kwaya	73722
73723	Kyrgyz	73723
73741	Labo	73741
73742	Labu	73742
73743	Lacandon	73743
73744	Lahu	73744
73745	Lakher	73745
73746	Lakota	73746
73747	Lalia	73747
73748	Lalung	73748
73749	Lamaholot	73749
73750	Lamang	73750
73751	Lamani	73751
73752	Lambya	73752
73753	Lamenu	73753
73754	Lametic	73754
73755	Lamkang	73755
73756	Langi	73756
73781	Lao	73781
73782	Lao Theung	73782
73783	Laopang	73783
73784	Lasgerdi	73784
73785	Latu	73785
73786	Laurentian	73786
73787	Laven	73787
73788	Lawa	73788
73789	Lehar	73789
73790	Lele	73790
73791	Lelepa	73791
73792	Lendu	73792
73793	Lengo	73793
73794	Lengola	73794
73795	Lepcha	73795
73796	Lewo	73796
73811	Liberian	73811
73812	Libinza	73812
73813	Lihir	73813
73814	Lillooet	73814
73815	Limba	73815
73816	Lipo	73816
73817	Lisela	73817
73818	Lishanid Noshan	73818
73819	Logba	73819
73820	Lolo	73820
73821	Loma	73821
73822	Longgu	73822
73823	Lorang	73823
73824	Lorung	73824
73825	Lotuxo	73825
73826	Loun	73826
73827	Low	73827
73828	Lozi	73828
73829	Lua'	73829
73830	Luba	73830
73851	Luganda	73851
73852	Luiseno	73852
73853	Luluba	73853
73854	Lumbee	73854
73855	Lunda	73855
73856	Luo	73856
73857	Luri	73857
73858	Lushai	73858
73859	Lushootseed	73859
73860	Lutos	73860
73861	Luvale	73861
73862	Luwati	73862
73863	Luyia	73863
73864	Lwalu	73864
73881	Maasai	73881
73882	Maay	73882
73883	Machiguenga	73883
73884	Machinga	73884
73885	Madeira	73885
73886	Ma'di	73886
73887	Madinka	73887
73888	Madura	73888
73889	Magadige	73889
73890	Magahat	73890
73891	Magahi	73891
73892	Magar	73892
73911	Mahorian	73911
73912	Maidu	73912
73913	Maii	73913
73914	Maipuran	73914
73915	Maithili	73915
73916	Majang	73916
73917	Majera	73917
73918	Majhi	73918
73919	Makah	73919
73920	Makonde	73920
73921	Maku	73921
73922	Malagasy	73922
73923	Malaita	73923
73924	Malango	73924
73941	Malayic language	73941
73942	Polynesian language	73942
73943	Malayo-Polynesian	73943
73944	Malay	73944
73965	Malecite-Passamaquoddy	73965
73966	Maligo	73966
73967	Malink$00e	73967
73968	Malo	73968
73969	Maltese	73969
73971	Malvi	73971
73972	Mamanwa	73972
73973	Mambila	73973
73974	Mamean	73974
73975	Manchu	73975
73977	Mandan	73977
73978	Mandar	73978
73979	Mandayan	73979
73980	Mande group	73980
73981	Manding	73981
73982	Mangala	73982
73983	Mangareva	73983
73984	Mangas	73984
73985	Mangbutu-Efe	73985
73986	Manipa	73986
73987	Manitswa	73987
73988	Manombai	73988
73989	Mansakan	73989
73990	Manus	73990
73991	Mao	73991
74021	Maori	74021
74022	Maragus	74022
74023	Mararit	74023
74024	Marathi	74024
74025	Mari	74025
74026	Maricopa	74026
74027	Maridan	74027
74028	Mariri	74028
74029	Markweta	74029
74030	Marquesan	74030
74031	Marshallese	74031
74033	Marwari	74033
74034	Masa	74034
74035	Mascoian	74035
74036	Masiwang	74036
74037	Mataco	74037
74038	Matagalpa	74038
74039	Matengo	74039
74040	Matipuhy	74040
74071	Matlatzincan	74071
74072	Mattole	74072
74073	Maviha	74073
74074	Mawchi	74074
74076	Mayan (Maya)	74076
74077	Mayo	74077
74078	Mazahua	74078
74079	Mazanderani	74079
74080	Mazatecan	74080
74081	Mbala	74081
74082	Mbara	74082
74083	Mbato	74083
74084	Mbe	74084
74085	Mbere	74085
74086	Mbo	74086
74087	Mbundu, Loanda	74087
74088	Megam	74088
74089	Mel	74089
74090	Mengisa	74090
74091	Menomini	74091
74092	Meramera	74092
74093	Merey	74093
74094	Meru	74094
74095	Mesquakie	74095
74096	Miami	74096
74097	Micmac	74097
74098	Micronesian	74098
74099	Mienic	74099
74100	Mijikenda	74100
74131	Mikasuki	74131
74132	Mimi	74132
74133	Mina	74133
74134	Minbei	74134
74135	Minchia	74135
74136	Minianka	74136
74137	Minigir	74137
74138	Minnan	74138
74139	Miskito	74139
74140	Misumalpan	74140
74141	Miwok	74141
74142	Mixe	74142
74161	Mixtec	74161
74163	Mizo	74163
74164	Mlahs$00o	74164
74165	Mnong	74165
74166	Mocho	74166
74167	Mohave	74167
74168	Mohawk	74168
74169	Mohegan	74169
74170	Mok	74170
74171	Mokilese	74171
74172	Mokulu	74172
74173	Mole-Dagbani	74173
74191	Mongolian	74191
74192	Mongour	74192
74193	Monic	74193
74194	Mon-Khmer	74194
74195	Mono	74195
74196	Monom	74196
74197	Monpa	74197
74198	Montagnais	74198
74199	Montauk	74199
74200	Mopan Maya	74200
74201	Mor$00e	74201
74202	Morouas	74202
74203	Moru	74203
74204	Motilon	74204
74205	Mun	74205
74207	Mundari	74207
74208	Munsee	74208
74209	Muong	74209
74210	Mura	74210
74211	Murle	74211
74212	Murrinh-Patha	74212
74213	Musgu	74213
74214	Muskogean	74214
74215	Muskum	74215
74217	Mwera	74217
74218	Myene	74218
74219	Mzab-Wargla	74219
74251	Na-Dene	74251
74252	Naga	74252
74253	Nago	74253
74254	Nahuatl	74254
74255	Nakanai	74255
74256	Nakara	74256
74257	Namakura	74257
74258	Nambas, Big	74258
74259	Nambiquaran	74259
74260	Nancere	74260
74261	Nandi	74261
74281	Nangikurrunggurr	74281
74282	Nanticoke	74282
74283	Napoletano-Calabrese	74283
74284	Nar Phu	74284
74285	Narango	74285
74286	Narragansett	74286
74287	Nasarian	74287
74288	Naskapi	74288
74289	Nass-Gitksian	74289
74290	Natchez	74290
74321	Australian native language	74321
74322	Nauruan	74322
74323	Navaho	74323
74324	Ndali	74324
74325	Nda'nda'	74325
74326	Ndebele	74326
74327	Ndolo	74327
74328	Ndonde	74328
74329	Ndonga	74329
74330	Nehan	74330
74331	Nemi	74331
74332	Nengone	74332
74333	Nepalese	74333
74334	New Caledonian	74334
74335	Nez Perce	74335
74336	Ngando	74336
74337	Ngasa	74337
74338	Ngeq	74338
74339	Ngero	74339
74340	Ngiemboon	74340
74341	Ngindo	74341
74342	Ngizim	74342
74343	Ngomba	74343
74344	Nicobar	74344
74371	Niger-Congo language	74371
74372	Nilo-Hamitic	74372
74373	Nilo-Saharan language	74373
74374	Nilotic language	74374
74375	Nimadi	74375
74376	Ni-Pode	74376
74377	Niuafo'ou	74377
74378	Niuatoputapu	74378
74379	Niue	74379
74380	Njebi	74380
74381	Nocaman	74381
74382	Nomatsiguenga	74382
74383	Nooksack	74383
74384	Nootka	74384
74422	Notsi	74422
74423	Ntomba	74423
74424	Nuaulu	74424
74425	Nubian	74425
74426	Nuer	74426
74427	Numee	74427
74428	Numic	74428
74429	Nungali	74429
74430	Nunusaku	74430
74431	Ny$04a	74431
74432	Nyabwa	74432
74433	Nyaheun	74433
74434	Nyakyusa	74434
74435	Nyambo	74435
74436	Nyanga	74436
74437	Nyika	74437
74438	Nyimang	74438
74439	Nyindu	74439
74440	Nyo	74440
74531	Obo	74531
74532	Odual	74532
74533	Ofo	74533
74534	Ojibwa	74534
74535	Okanagan	74535
74536	Okiek	74536
74537	Okodia	74537
74538	Okrika	74538
74539	Omaha-Ponca	74539
74540	Omotic	74540
74541	Oneida	74541
74542	Onge	74542
74543	Onondaga	74543
74544	Opata	74544
74545	Opuuo	74545
74546	Oriya	74546
74547	Ormuri	74547
74548	Orominga	74548
74549	Oromo	74549
74550	Orowe	74550
74551	Oruma	74551
74552	Osage	74552
74553	Oto-Manguean	74553
74554	Otomian	74554
74555	Otopamean	74555
74556	Otuho	74556
74557	Oyampi	74557
74558	Paezan	74558
74601	Pai	74601
74602	Paipai	74602
74603	Paiute	74603
74604	Paiwanic	74604
74605	Pak-Tong	74605
74606	Palaihninan	74606
74607	Palauan	74607
74608	Palaung	74608
74609	Palawano	74609
74610	Palyu	74610
74611	Pamean	74611
74612	Pamir	74612
74613	Pamona	74613
74614	Pandan	74614
74631	Panjabi	74631
74632	Panjabi, Eastern	74632
74633	Panjabi, Western	74633
74634	Pankhu	74634
74635	Panobo	74635
74636	Papago-Pima	74636
74637	Papapana	74637
74638	Papel	74638
74639	Papitalai	74639
74640	Parachi	74640
74641	Pardhi	74641
74642	Parenga	74642
74643	Parya	74643
74671	Pashto	74671
74672	Pashto, Northern	74672
74673	Pashto, Southern	74673
74674	Pasismanua	74674
74675	Pasto	74675
74676	Patelia	74676
74677	Pauri	74677
74678	Pauserna	74678
74679	Pawnee	74679
74680	Paya	74680
74681	Pear	74681
74682	Pedi	74682
74683	Penrhyn	74683
74684	Pentlatch	74684
74685	Penutian	74685
74687	Phai	74687
74688	Phu Thai	74688
74689	Phuan	74689
74690	Pilipino	74690
74691	Pima Bajo	74691
74692	Pingelapese	74692
74693	Pinji	74693
74694	Pipil	74694
74695	Piru	74695
74696	Pisabo	74696
74697	Piva	74697
74698	Pocom	74698
74699	Podoko	74699
74731	Pohnpeian (Ponapean)	74731
74732	Pokomo	74732
74733	Pokoot	74733
74752	Pomo	74752
74755	Ponto-Caspian	74755
74756	Popolocan	74756
74757	Potawatomi	74757
74758	Potou	74758
74759	Powhatan	74759
74760	Pulaar	74760
74761	Punjabi	74761
74762	Purubora	74762
74763	Purus	74763
74764	Pushtu	74764
74791	Qiandong	74791
74792	Qiang	74792
74793	Quapaw	74793
74794	Quechuan	74794
74795	Quiche	74795
74796	Quileute	74796
74797	Quinault	74797
74831	Rabha	74831
74832	Rajasthani	74832
74833	Rajong	74833
74834	Rakahanga-Manihiki	74834
74835	Rapa	74835
74836	Rapa Nui	74836
74837	Rarotongan	74837
74838	Rashti	74838
74840	Rauto	74840
74841	Razajerdi	74841
74842	Rendille	74842
74843	Rengao	74843
74844	Resigaro	74844
74845	Reyesano	74845
74846	Riang	74846
74847	Ririo	74847
74848	Ronga	74848
74849	Rotuman	74849
74850	Rufiji	74850
74851	Rundi	74851
74852	Rungwa	74852
74853	Rwanda	74853
74854	Ryukyuan	74854
74901	S$03o	74901
74902	Saba	74902
74903	Sabahan	74903
74904	Sa'ban	74904
74905	Sacapulteco	74905
74906	Safwa	74906
74907	Sagalla	74907
74908	Sagtengpa	74908
74909	Sahaptin	74909
74931	Saharan language	74931
74932	Saharia	74932
74933	Saho	74933
74934	Sajau Basap	74934
74935	Sakao	74935
74936	Sakata	74936
74937	Salas	74937
74938	Saleman	74938
74939	Salinan-Seri	74939
74940	Salish	74940
74942	Salivan	74942
74943	Sama	74943
74971	Samaritan	74971
74972	Samba	74972
74973	Samoan	74973
74974	Samre	74974
74975	Sandawe	74975
74976	Sanga	74976
74977	Sangho	74977
74978	Sangisari	74978
74979	Santali	74979
74980	Saparua	74980
74981	Sape	74981
74982	Sapo	74982
74983	Saposa	74983
74984	Saraiki	74984
74985	Sarcee	74985
74986	Sarua	74986
74987	Saurashtra	74987
74988	Sawai-Nuaulu	74988
74989	Sawknah	74989
74990	Sebob	74990
74991	Sechelt	74991
74992	Sedang	74992
74993	Sedang-Todrah	74993
74994	Sehwi	74994
74995	Seimat	74995
74996	Sekani	74996
74997	Seke	74997
74998	Seki	74998
74999	Selaru	74999
75000	Seluwasan	75000
75001	Seme	75001
75041	Semitic language	75041
75042	Sena	75042
75043	Senaya	75043
75044	Seneca	75044
75045	Senegambian	75045
75046	Senga	75046
75047	Sengele	75047
75048	Senhaja De Srair	75048
75049	Senoic	75049
75050	Senufo	75050
75051	Seram	75051
75052	Seri	75052
75053	Serrano	75053
75054	Setswana	75054
75055	Shahmirzadi	75055
75056	Shastan	75056
75057	Shawiya	75057
75071	Shawnee	75071
75072	Shendu	75072
75073	Sherbro	75073
75074	Shi	75074
75075	Shilluk	75075
75076	Sho	75076
75077	Shona Iranian	75077
75078	Shoshoni	75078
75079	Shua	75079
75080	Shubi	75080
75081	Shughni	75081
75082	Shuswap	75082
75101	Siberian	75101
75102	Sie	75102
75103	Sighu	75103
75104	Sikka	75104
75105	Sila	75105
75106	Simaa	75106
75107	Simba	75107
75108	Sindhi	75108
75109	Sinhala	75109
75110	Sinyar	75110
75111	Sio	75111
75112	Siouan	75112
75113	Sipacapeno	75113
75114	Siuslaw	75114
75115	Siwa	75115
75116	Skagit	75116
75117	Slavey	75117
75118	Snohomish	75118
75119	Sokoro	75119
75120	Solos	75120
75121	Somali	75121
75122	Somba	75122
75123	Sondwari	75123
75124	Song	75124
75125	Songhai	75125
75126	Songoora	75126
75127	Sonha	75127
75128	Soninke	75128
75129	Sonoran	75129
75130	Soo	75130
75131	Sora	75131
75132	Sorkhei	75132
75133	Sotho	75133
75171	South American native language	75171
75172	North American native language	75172
75173	Central American native language	75173
75174	Amerindian language	75174
75191	Sowa	75191
75192	Spokane	75192
75193	Squamish	75193
75194	Sranan	75194
75195	Sranang Tongo	75195
75196	Sre	75196
75197	Stoney	75197
75198	Subtiaba	75198
75199	Sudanic language	75199
75200	Sula	75200
75201	Sulod	75201
75202	Sumbwa	75202
75203	Sumo	75203
75204	Sunda	75204
75205	Suoy	75205
75206	Surbakhal	75206
75207	Suri	75207
75208	Surmic	75208
75209	Susu	75209
75241	Swahili	75241
75242	Swazi	75242
75243	Syriac	75243
75271	Ta Bedawie	75271
75272	Taabwa	75272
75273	Tabar	75273
75274	Tacanan	75274
75275	Tacaneco	75275
75276	Tagalog	75276
75277	Tagish	75277
75291	Tahitian	75291
75292	Tahltan	75292
75294	Taita	75294
75295	Tajik	75295
75296	Tajuasohn	75296
75297	Takic	75297
75298	Takpa	75298
75299	Takua	75299
75300	Talai	75300
75301	Taliabo	75301
75302	Talinga-Bwisi	75302
75303	Talise	75303
75304	Talur	75304
75305	Talysh	75305
75306	Tama	75306
75307	Tamajeq (Tamasheq)	75307
75308	Taman	75308
75371	Tami	75371
75372	Tamil	75372
75373	Tanaina	75373
75374	Tanapag	75374
75375	Tanema	75375
75376	Tangale	75376
75377	Tangga	75377
75378	Tangoa	75378
75379	Tanna	75379
75380	Tano	75380
75381	Tarahumaran	75381
75382	Taram	75382
75383	Tarangan	75383
75384	Tarifit	75384
75385	Taroko	75385
75386	Tasmate	75386
75389	Tati	75389
75390	Tatoga	75390
75391	Teanu	75391
75392	Tebu	75392
75393	Teda	75393
75394	Teke	75394
75395	Telugu	75395
75396	Tembo	75396
75397	Temein	75397
75398	Temne	75398
75399	Tenda	75399
75400	Tenetehara	75400
75401	Tenino	75401
75402	Tennet	75402
75403	Teop	75403
75404	Tepecano	75404
75405	Tepehuan	75405
75406	Tepiman	75406
75407	Teshenawa	75407
75408	Teso	75408
75409	Tewa	75409
75421	Tatar	75421
75422	Tatar, Judeo-Crimean	75422
75423	Judeo Tat	75423
75424	Muslim Tat	75424
75440	Tai	75440
75441	Thai	75441
75442	Thai, Northeastern	75442
75443	Tharu	75443
75444	Thavung	75444
75445	Tiatinagua	75445
75446	Tibetan	75446
75447	Tidikelt	75447
75448	Tidong	75448
75449	Tigr$00e	75449
75450	Tigrinya	75450
75451	Tillamook	75451
75452	Tiri	75452
75453	Tlapaneco	75453
75454	Tlingit	75454
75455	Tobian	75455
75456	Toda	75456
75457	Todrah	75457
75458	Toga	75458
75459	Tojolabal	75459
75460	Tokelauan	75460
75461	Tolaki	75461
75462	Tolomako	75462
75463	Tolowa	75463
75464	Tomini	75464
75465	Tomoip	75465
75481	Tongalese	75481
75482	Tongic	75482
75483	Tongwe	75483
75484	Tonkawa	75484
75485	Tooro	75485
75486	Toromono	75486
75487	Totonac	75487
75489	Towa	75489
75490	Trinitario	75490
75491	Trique	75491
75492	Trukese	75492
75493	Trukic	75493
75494	Tsaangi	75494
75495	Tsamai	75495
75496	Tsamosan	75496
75497	Tshiluba	75497
75498	Tsimshian	75498
75499	Tsogo	75499
75500	Tsonga	75500
75501	Tsouic	75501
75502	Tswana	75502
75541	Tu	75541
75542	Tuamotuan	75542
75543	Tubar	75543
75544	Tubatulabal	75544
75545	Tugun	75545
75546	Tumbuka	75546
75547	Tunebo	75547
75548	Tunica	75548
75549	Tunni	75549
75550	Tupi	75550
75571	Turkana	75571
75572	Turki	75572
75573	Turkic	75573
75574	Turkish	75574
75575	Turkish, Crimean	75575
75576	Turkmen	75576
75577	Turoyo	75577
75578	Tuscarora	75578
75579	Tutchone	75579
75580	Tutelo	75580
75581	Tutong	75581
75582	Tutuba	75582
75583	Tututni	75583
75584	Tuvaluan	75584
75585	Twana	75585
75586	Tzeltalan	75586
75587	Tzutujil	75587
75611	Uduk	75611
75612	Ulat Inai	75612
75613	Ulithian	75613
75614	Ulukwumi	75614
75615	Uma	75615
75616	Umatilla	75616
75617	Unami	75617
75618	Unua	75618
75619	Ura	75619
75620	Uralian	75620
75621	Urdu	75621
75622	Urum	75622
75623	Usakade	75623
75624	Uspanteco	75624
75641	Ute	75641
75642	Uto-Aztecan	75642
75643	Utugwang	75643
75644	Uyghur	75644
75645	Uzbek	75645
75646	Uzbek, Northern	75646
75671	Vaghua	75671
75672	Vale	75672
75673	Valpei	75673
75674	Vamale	75674
75675	Vanikoro	75675
75676	Vano	75676
75677	Varisi	75677
75678	Vasavi	75678
75679	Vasui	75679
75680	Vatrata	75680
75681	Venda	75681
75701	Viet-Muong	75701
75702	Vietnamese	75702
75703	Vilela	75703
75704	Vinza	75704
75705	Vishavan	75705
75706	Vlax	75706
75707	Vunapu	75707
75751	Wa	75751
75752	Wagdi	75752
75753	Waic	75753
75754	Wailaki	75754
75755	Wailapa	75755
75756	Wailic	75756
75757	Waimiri	75757
75758	Wakashan	75758
75759	Walla Walla	75759
75760	Wallisian	75760
75761	Wampanoag	75761
75762	Wampar	75762
75763	Wanda	75763
75764	Wandji	75764
75765	Wane	75765
75766	Wappo	75766
75767	Wasa	75767
75768	Wasco-Wishram	75768
75769	Washo	75769
75770	Watut	75770
75771	Wedu	75771
75772	Wee	75772
75773	Wemale	75773
75774	Weme-Gbe	75774
75775	Wetamut	75775
75776	Weyewa	75776
75801	Wichita	75801
75802	Willaumez	75802
75803	Winnebago	75803
75804	Wintu	75804
75805	Wiyot	75805
75806	Wobe	75806
75807	Woleaian	75807
75808	Wolof	75808
75809	Wu	75809
75810	Wudu	75810
75811	Wumbvu	75811
75812	Wusi	75812
75813	Wuvulu-Aua	75813
75814	Wyandot	75814
75871	Xaracuu	75871
75872	Xaragure	75872
75873	Xhosa	75873
75874	Xiandaohua	75874
75875	Xiang	75875
75876	Xiangxi	75876
75877	Xibe	75877
75878	Xun	75878
75879	Xwla-Gbe	75879
75921	Yaaku	75921
75922	Yakan	75922
75923	Yakima	75923
75924	Yakonan	75924
75925	Yalahatan	75925
75926	Yamdena	75926
75927	Yana	75927
75928	Yao	75928
75929	Yapese	75929
75930	Yaqui	75930
75931	Yaruma	75931
75932	Yawiyo	75932
75933	Yemba	75933
75934	Yerava	75934
75935	Yerong	75935
75936	Yiwom	75936
75937	Yokuts	75937
75938	Yombe	75938
75939	Yong	75939
75940	Yora	75940
75941	Yoruba	75941
75942	Yuaga	75942
75961	Yucatecan	75961
75962	Yucatec-Lacandon	75962
75963	Yue	75963
75964	Yugh	75964
75965	Yukaghir	75965
75966	Yuki	75966
75967	Yuman	75967
75968	Yupik	75968
75969	Yuqui	75969
75970	Yurok	75970
76031	Zaar	76031
76032	Zaghawa	76032
76033	Zamucoan	76033
76034	Zaomin	76034
76035	Zapotec	76035
76037	Zazao	76037
76038	Zemba	76038
76039	Zenaga	76039
76040	Zenati	76040
76041	Zhuang, Northern	76041
76042	Zigula-Zaramo	76042
76043	Zimba	76043
76044	Zinza	76044
76045	Zoque	76045
76046	Zuara	76046
76047	Zulu	76047
76048	test	76048
