10000000	P	7028446	1001172931
10000001	N	4001769	145167
10000000	N	4001769	145167
10000000		4001769	1001172350
10000000		4001769	1001172349
10000000	P	7028475	1001173034
10000000		7028475	1001173035
10000000	N	1029609	29956
10000000	P	7029041	1001174577
10000000	N	7029041	1001174580
10000000	N	7029041	1001174579
10000000	N	7029041	1001174578
10000000	N	7029041	1001174585
10000000	N	7029041	1001174584
10000000	N	7029041	1001174581
10000000	N	7029041	1001174583
10000000	N	7029041	1001174589
10000000	N	7002402	84709
10000001	N	7002402	84710
10000000	N	7002402	84710
10000000	N	7002402	173075
10000000	N	7002402	325204
10000000	N	7002402	325205
10000000	N	7002402	325206
10000000	N	7002402	325207
10000000	N	7002402	357514
10000000	N	1006029	6210
10000000	N	1006029	760747
10000001	N	7029364	1001175189
10000000	N	1007636	7837
10000000	N	1007636	7838
10000000	N	1007636	184005
10000001	N	4000111	143495
10000001	N	7024264	1158386
10000003	N	7024264	1158386
10000000	N	7024264	1158386
10000001	N	7024264	1158387
10000003	N	7024264	1158387
10000000	N	7024264	1158387
10000000	N	7024264	1158388
10000001	N	4001751	145149
10000001	N	4001751	156868
10000000	N	7001523	75671
10000000	N	7001523	140196
10000000	N	7001523	183947
10000000	N	7001523	327072
10000000	N	7001523	1158708
10000001	N	7001523	75671
10000000	N	7001523	327073
10000002	N	7018179	327060
10000000	N	7018180	327061
10000000	N	7018176	327052
10000000	N	7018366	327495
10000000	N	7029374	1001175228
10000000	N	7024352	1158551
10000000	N	6000509	165828
10000001	N	1000130	192
10000000	N	1000130	192
10000000	N	1000130	193
10000000	N	1000130	138895
10000000	N	1000130	138896
10000001	N	1000130	138897
10000000	N	1000130	138897
10000000	N	1000130	174651
10000000	N	1000130	174652
10000000	N	1000130	174653
10000000	N	1000130	174654
10000000	N	1000130	182253
10000000	N	1000130	184140
10000000	N	1000130	322451
10000000	N	1000130	334275
10000000	N	1000130	1156740
10000000	N	1000130	1156741
10000000	N	1000130	1158238
10000000	N	1000130	1159430
10000000	N	6004471	169790
10000001	N	7011071	42637
10000000	N	7011071	42637
10000001	N	7011071	42638
10000003	N	7011071	42638
10000000	N	7011071	42638
10000003	N	7011071	161298
10000000	N	7011071	174288
10000000	N	7011071	1156816
10000000	N	7011071	1156817
10000000	N	7011071	1156818
10000000	N	7011071	1156819
10000000	N	7011071	1156820
10000000	N	7029382	1001175262
10000000	N	7029382	1001175263
10000000	N	7029382	1001175264
10000000	N	7029382	1001175265
10000000	N	7029382	1001175266
10000000	N	7029382	1001175267
10000000	N	7029382	1001175268
10000000	N	7029382	1001175269
10000000	N	7029382	1001175270
10000000	N	7029382	1001175271
10000000	N	7029382	1001175272
10000000	N	7029382	1001175273
10000000	N	7029382	1001175274
10000000	N	7029382	1001175275
10000000	N	7029382	1001175276
10000000	N	7029382	1001175277
10000000	N	7029382	1001175278
10000000	N	7029382	1001175279
10000000	P	7029368	1001175193
10000001	N	4008119	157748
10000001	N	4008119	157749
10000000	N	4008119	1001175194
10000000	N	7029436	1001175467
10000000	N	7029436	1001175468
10000000	N	7029436	1001175469
10000000	N	7003713	36836
10000000	N	7027454	1169741
10000000	N	7027454	1169742
10000001	N	4003596	147010
10000000	N	7003637	312569
10000000	N	7003637	312570
10000003	N	5000010	158859
10000001	N	4007964	151416
10000001	N	4007964	156546
10000002	N	3000015	141846
10000002	N	3000015	141847
10000000	N	1111940	113108
10000000	N	1111940	1001175490
10000000	N	1111940	1001175489
10000000	N	6001296	166615
10000000	N	7024351	1158549
10000000	N	7024351	1158550
10000001	N	7012205	151230
10000003	N	7026969	159545
10000000	N	7026969	159545
10000000	N	7026969	319462
10000000	N	7026969	319463
10000000	N	7026969	319464
10000000	N	7026969	1154032
10000000	N	7026969	1160972
10000000	N	7026969	1168338
10000000	N	7026969	1001175717
10000000	N	7026969	1001175718
10000000	N	7026969	1001175719
10000001	N	7008048	2599
10000000	N	7008048	2599
10000000	N	7008048	315531
10000000	N	7029428	1001175432
10000000	N	7029428	1001175433
10000000	N	7029428	1001175436
10000000	N	7029428	1001175435
10000000	N	7029428	1001175434
10000001	N	4012302	155781
10000000	N	4012302	155781
10000000	P	7029399	1001175320
10000000	N	7029399	1001175322
10000000	N	7029399	1001175323
10000001	N	4010940	154412
10000000	N	4010940	154412
10000000	N	7029346	1001175134
10000000	N	7029346	1001175135
10000000	N	7029346	1001175133
10000001	N	4010368	153834
10000000	N	4010368	153834
10000000	N	7029339	1001175108
10000000	N	7029339	1001175109
10000000	N	7029339	1001175110
10000001	N	4009987	153451
10000000	N	4009987	153451
10000000	P	7029311	1001175016
10000000	N	7029311	1001175017
10000001	N	4008052	151505
10000000	P	7029068	1001174701
10000000	N	7029068	1001174702
10000001	N	4007048	150490
10000000	N	4007048	150490
10000000	P	7028831	1001174144
10000000	N	7028831	1001174145
10000000	N	7028831	1001174146
10000000	N	7028831	1001174147
10000001	N	4002989	146395
10000000	N	7027854	1170889
10000000	N	7027854	1170890
10000000	N	7027854	1170891
10000001	N	4003609	147023
10000000	N	4003609	147023
10000000	N	7027898	1171029
10000000	N	7027898	1171030
10000000	N	7027898	1171031
10000003	N	5000843	159990
10000000	N	5000843	159990
10000000	N	7026573	1167208
10000000	N	7026573	1001175772
10000000	N	7026573	1001175771
10000001	N	7008158	2825
10000000	N	7008158	2825
10000003	N	7008158	2825
10000000	N	7026574	1167211
10000000	N	7026574	1001175804
10000000	N	7026574	1001175803
10000001	N	7008169	3075
10000003	N	7008169	3075
10000000	N	7008169	3075
10000000	N	7026571	1167206
10000000	N	7026571	1001175823
10000000	N	7026571	1001175821
10000000	N	7026571	1001175822
10000001	N	7008179	3178
10000003	N	7008179	3178
10000000	N	7008179	3178
10000000	N	7026572	1167207
10000000	N	7026572	1001175828
10000000	N	7026572	1001175827
10000001	N	7008170	3180
10000003	N	7008170	3180
10000000	N	7008170	3180
10000001	N	7008095	3695
10000000	N	7008095	3695
10000000	N	7008095	10555
10000000	N	7008095	174084
10000000	N	7008095	315534
10000000	N	7008095	1001175794
10000000	N	7008095	1001175792
10000000	N	7008095	1001175793
10000000	N	7008095	1001175795
10000003	N	5000464	159450
10000000	N	5000464	315897
10000000	N	5000464	1001175796
10000000	N	5000464	159450
10000000	N	2011252	195928
10000000	N	2221247	508064
10000000	N	2221247	508065
10000000	N	7026512	1167061
10000000	N	1003565	348257
10000000	N	1094353	95281
10000000	N	1094353	364915
10000000	P	7029588	1001176169
10000000	N	7007481	109628
10000000	N	7007481	139187
10000000	N	7007481	170439
10000000	N	7024692	1160764
10000000	N	7024692	1160765
10000000	N	7024692	1160766
10000000	N	7024692	1160767
10000000	N	7024692	1160768
10000000	N	7024692	1160769
10000000	N	7024692	1160770
10000000	N	7024692	1001176239
10000000	P	7029620	1001176313
10000000	N	2505932	832868
10000000	P	7029622	1001176330
10000000	P	7028968	1001174335
10000000	N	2025018	397221
10000000	N	2025018	1154478
10000000	N	2747648	1108971
10000000	N	2747648	1108972
10000001	N	4006745	150183
10000000	N	4006745	326148
10000000	P	7029799	1001176939
10000000	P	7029807	1001177007
10000000	N	7029807	1001177009
10000000	N	7029807	1001177008
10000000	P	7029808	1001177010
10000001	N	7025560	346648
10000003	N	7025560	346648
10000000	N	7025560	346648
10000000	N	7025560	1163823
10000000	N	6002114	167433
10000000	P	7029863	1001177222
10000000	P	7029864	1001177223
10000000	N	6006046	171365
10000000	N	6006046	1001177288
10000000	N	6006046	1001177287
10000000	N	6006046	1001177286
10000000	N	6006046	1001177285
10000000	N	6006046	1001177284
10000000	N	7018690	337429
10000000	N	7018690	1001177290
10000000	N	7018690	1001177291
10000000	N	7030016	1001177777
10000000	N	6001470	166789
10000000	N	7029852	1001177178
10000003	N	7029852	1001177178
10000000	N	7029852	1001177179
10000000	N	7029852	1001177180
10000000	N	7029852	1001177181
10000001	N	4001247	144642
10000000	N	4001247	144642
10000000	N	7029908	1001177401
10000000	N	7029908	1001177402
10000001	N	4002247	145649
10000000	N	4002247	145649
10000000	N	7024773	1161469
10000000	N	7024773	1161470
10000000	N	1030535	30883
10000000	P	7029598	1001176187
10000000	N	7029598	1001176188
10000001	N	7006757	48798
10000000	N	7006757	48798
10000000	N	7024625	1160250
10000000	N	7024625	1160251
10000000	N	7024625	1160252
10000000	N	7024625	1160254
10000000	N	7024625	1160255
10000000	N	7024625	1160256
10000000	N	7024625	1160253
10000000	N	7024625	1160257
10000000	N	7009946	101323
10000003	N	7009946	161854
10000001	N	4008171	151624
10000000	N	4008171	151624
10000000	N	7026700	1167621
10000000	N	7026700	1167622
10000000	N	7030097	1001178103
10000000	P	7030097	1001178102
10000000	N	7030097	1001180990
10000001	N	4012163	155642
10000000	N	4012163	155642
10000001	N	4009207	152669
10000000	P	4009207	152669
10000000	N	4009207	1162881
10000000	N	4009207	1162882
10000000	P	7029293	1001174962
10000000	N	1030983	347080
10000000	P	7030185	1001178570
10000000	N	7001447	96385
10000000	N	7001447	166974
10000000	N	7001447	328418
10000000	N	7001447	1157045
10000000	N	1100518	101501
10000000	N	1100518	101502
10000000	N	1100518	1155424
10000000	N	1132107	133866
10000000	N	1132107	360611
10000000	N	1132107	360612
10000000	N	2786519	1153032
10000000	N	1063547	64120
10000000	N	1063545	64118
10000000	P	7031400	1001183581
10000000	N	7031400	1001183582
10000000	N	1101793	102798
10000000	N	1110275	111416
10000000	N	1110275	372093
10000000	N	1110275	372094
10000000	N	1110275	372095
10000000	N	1110275	372096
10000000	N	1110275	372097
10000000	N	2640402	986715
10000000	N	2640402	986716
10000000	N	2640402	986717
10000000	N	7029373	75671
10000000	N	7029373	140196
10000000	N	7029373	183947
10000000	N	7029373	327072
10000000	N	7029373	1158708
10000001	N	7029373	75671
10000000	N	7029373	327073
10000002	N	7029373	75671
10000000	P	7029376	1001175229
10000000	N	6005901	171220
10000000	N	7030210	1001178613
10000000	N	7030210	1001178612
10000000	N	7030210	1001178611
10000000	N	7030210	174644
10000000	N	1113185	114411
10000000	P	7030602	1001180801
10000000	N	7030602	1001180802
10000000	N	1079538	357418
10000000	N	1079538	80343
10000000	N	1079538	1001182568
10000000	N	1079538	1001182562
10000000	N	1079538	1001182561
10000000	N	1079538	1001182551
10000000	N	1079594	80401
10000000	N	1079594	357423
10000003	N	5000807	159951
10000000	P	5000807	159951
10000000	N	7026770	1167804
10000000	N	7026770	1167805
10000001	N	4007842	151292
10000000	P	4007842	151292
10000000	P	7029236	1001174905
10000001	N	7010086	29243
10000000	P	7010086	29243
10000000	P	7029222	1001174891
10000000	P	7025903	1165090
10000000	N	7025903	1165091
10000000	N	7025903	1165093
10000000	N	7025903	1165092
10000001	N	7011275	148465
10000003	N	7011275	159928
10000000	N	7025841	1164891
10000000	N	7025841	1164892
10000003	N	5000785	159925
10000000	N	5000785	159925
10000000	P	5000785	1001178311
10000000	N	7025842	1164894
10000000	N	7025842	1164895
10000003	N	5000786	159926
10000000	N	5000786	159926
10000000	P	5000786	1001178312
10000000	P	7028165	1001171863
10000000	N	7028165	1001171864
10000000	N	7028165	1001171865
10000001	N	4011157	154631
10000000	N	4011157	154631
10000000	N	7026199	1166084
10000000	N	7026199	1166085
10000000	P	7026199	1166083
10000000	N	7026199	1001178489
10000000	N	7026206	1166105
10000000	N	7026206	1166107
10000000	N	7026206	1166106
10000000	N	7023962	346631
10000000	N	7023962	346632
10000002	N	7023962	346633
10000003	N	7023962	346633
10000000	N	7023962	346634
10000000	N	7023962	346635
10000001	N	7023962	346643
10000002	N	7023962	346643
10000003	N	7023962	346643
10000000	N	7023962	346643
10000000	N	7023962	1155874
10000000	N	7023962	346630
10000001	N	7024074	1157514
10000002	N	7024074	1157514
10000003	N	7024074	1157514
10000000	N	7024074	1157514
10000000	N	7024074	1157516
10000002	N	7024074	1157517
10000003	N	7024074	1157517
10000000	N	7024074	1157518
10000000	N	7024074	1157519
10000000	N	7024074	1157520
10000000	N	7024074	1157521
10000000	N	7024074	1157515
10000000	N	6006728	172047
10000000	N	6006728	1001178612
10000000	N	6006728	1001178611
10000001	N	7002798	1795
10000000	N	6006765	1001178613
10000000	N	6006765	174644
10000000	N	7002798	1795
10000003	N	7002798	138306
10000000	N	7002798	138306
10000003	N	7002798	172566
10000000	N	7002798	1159586
10000003	N	7002798	1795
10000000	N	7002798	172566
10000000	N	7002798	1001176278
10000001	N	7024277	1158420
10000003	N	7024277	1158420
10000000	N	7024277	1158420
10000003	N	7024277	1158421
10000000	N	7024277	1158421
10000003	N	7024277	1158422
10000000	N	7024277	1158422
10000000	N	7024277	1159587
10000000	N	2010144	194820
10000000	N	2149095	426208
10000000	N	2048944	233620
10000002	N	3000893	142969
10000000	N	1111027	112178
10000000	N	6005825	171144
10000000	P	7030334	1001179128
10000000	N	6005971	171290
10000000	P	7030341	1001179142
10000000	N	7000626	181827
10000000	N	7000626	181864
10000000	N	7000626	181865
10000000	N	7000626	181866
10000000	N	7000626	181868
10000000	N	7000626	181869
10000000	N	7000626	181830
10000000	N	7000626	181867
10000000	N	6006076	171395
10000000	N	7026344	1166605
10000000	N	7026344	1166604
10000000	N	7026345	1166607
10000000	N	7026345	1001179145
10000000	P	7026345	1166606
10000000	N	7026345	1001179146
10000000	N	7026345	1001179148
10000000	N	7026345	1001179147
10000000	N	1079440	80239
10000000	N	6005479	170798
10000000	N	1086843	87713
10000000	N	6005197	170516
10000001	N	7024414	152853
10000002	N	7024414	152853
10000000	N	7024414	152853
10000001	N	7024414	156575
10000000	N	7024414	156575
10000000	P	7029453	1001175535
10000000	N	7029453	1001175537
10000000	N	7029453	1001175536
10000000	N	1086812	87681
10000000	N	1086812	350263
10000000	N	6005961	171280
10000000	N	6005961	174318
10000000	N	1099969	100934
10000000	N	6006662	171981
10000002	N	7016027	9117
10000000	N	7016027	1001179823
10000000	N	7016027	1001179822
10000000	N	2637686	983484
10000000	N	6005574	170893
10000000	N	6005574	174142
10000000	N	6005574	1001179863
10000000	N	7015540	323647
10000001	N	7015540	323649
10000000	N	7015540	323650
10000000	N	7015540	1161082
10000000	N	7015540	1161083
10000000	N	7015540	1161084
10000000	N	7015540	1161085
10000003	N	5001917	161281
10000000	N	5001917	161281
10000003	N	5001917	164433
10000000	N	5001917	164433
10000000	N	5001917	1001180058
10000000	N	5001917	1001180056
10000000	N	1042008	42407
10000000	N	1095325	96259
10000000	N	1095325	363986
10000000	P	7030518	1001180152
10000000	N	7016015	6525
10000000	N	2139967	415825
10000000	N	2714649	1071249
10000000	N	7022129	1155288
