created	2002-05-09 14:17:59	5003489982		S	2009007070	PHARPRING
created	2002-05-09 14:17:55	5003489981		S	2009007069	PHARPRING
updated	2002-05-09 14:18:09	5003489983		S	2009007069	PHARPRING
created	2002-04-30 13:20:55	5003489891		S	2009007066	PHARPRING
updated	2002-04-30 13:21:23	5003489892		S	2009007066	PHARPRING
updated	2002-04-30 13:21:53	5003489893		S	2009007066	PHARPRING
updated	2002-04-30 13:23:31	5003489894		S	2009007066	PHARPRING
updated	2002-04-30 13:20:44	5003489890		S	9006409	PHARPRING
created	2001-11-27 14:40:36	5003469383		S	2009007034	JGOODELL
updated	2002-04-30 11:34:37	5003489847		S	2009007034	PHARPRING
updated	2002-07-30 12:50:13	5004583266		S	2009007034	JGOODELL
created	2002-07-16 14:57:12	5004583237		S	2009007091	ACHIPMAN
created	2001-11-15 14:57:36	5003468765		S	2009007028	JGOODELL
updated	2002-04-08 15:54:09	5003478454		S	2009007028	JGOODELL
updated	2003-08-05 16:08:53	5004591870		S	2009007028	PHARPRING
created	2003-10-22 11:05:35	5004602045		S	2009007202	ACHIPMAN
updated	2002-04-11 16:09:23	5003479189		S	9006428	PHARPRING
created	2003-03-21 10:14:27	5004585993		S	2009007119	RJOHNSON
updated	2003-03-21 11:13:50	5004586011		S	2009007119	RJOHNSON
created	2003-03-21 10:43:15	5004586004		S	2009007120	RJOHNSON
updated	2003-03-21 11:14:05	5004586012		S	2009007120	RJOHNSON
created	2002-04-08 15:49:52	5003478450		S	2009007051	PHARPRING
updated	2002-04-08 15:50:55	5003478451		S	2009007051	PHARPRING
updated	2002-04-08 15:51:09	5003478452		S	2009007051	PHARPRING
created	2002-04-08 16:15:51	5003478518		S	2009007054	PHARPRING
updated	2002-04-11 14:57:02	5003479185		S	9006971	ACHIPMAN
updated	2002-04-11 16:39:53	5003479207		S	9006971	ACHIPMAN
updated	2004-06-03 14:43:19	5004607127		S	9006971	PHARPRING
created	2004-09-27 14:36:32	5005505646		S	2009007311	JGOODELL
created	2006-03-21 14:12:47	5005527590		S	2009007395	ABEECROFT
created	2006-03-21 14:16:42	5005527592		S	2009007396	ABEECROFT
