	Times Atlas of the World (1999)	Times Atlas of the World. 10th comprehensive edition. New York: Times Books, 1999.	M	9006943
	Times Atlas of the World (1999)	Times Atlas of the World. Tenth comprehensive edition. New York: Times Books, 1999.	M	9006868
	Domesday Book (1985)	The Domesday Book: English Hertitage, Then and Now.  Thomas Hinde,ed. New York: Crown Publishers, 1985.	N	9006866
	Domesday Book (1985)		N	9006865
	Test source #1	Test Source #1, 05/08/2002	N	2009007070
	Test source #2	Test Source #2, 05/08/2002	N	2009007069
	American Journal of Archaeology	American Journal of Archaeology and of the History of the Fine Arts. New York: Archaeological Institute of America, 1897-.	N	9006719
	American Journal of Archaeology	American Journal of Archaeology and of the History of the Fine Arts. New York: Archaeological Institute of America, 1897-.	N	9001507
	Thieme-Becker, Allgemeines Lexikon der Kunstler (1980-1986)	Thieme, Ulrich and Felix Becker, editors.  Allgemeines Lexikon der bildenden K$04unstler von der Antike bis zur Gegenwart. Reprint of 1907 edition. 37 vols. Leipzig: Veb E.A. Seemann Verlag, 1980-1986.	M	2009007066
	Thieme-Becker (1907-1950)	Thieme, Ulrich and Felix Becker, editors. Allgemeines Lexikon der Bildenden K$04unstler von der Antike bis zur Gegenwart: Unter Mitwirkung von 300 Fachgelehrten des In- und Auslandes. Leipzig: E.A. Seemann, 1907-1950.	M	9006409
	Getty Vocabulary Program	Getty Vocabulary Program.  Term warranted by consensus of editorial staff.	N	2009007034
	Vocabulary Program	Vocabulary Program	N	2009007091
	Encyclopedia Britannica Online (1994-2001)	Encyclop$70aedia Britannica. Britannica Online. Chicago: Encyclop$70aedia Britannica, Inc., 1994-2001. <http://www.eb.com/>	N	2009007028
	Britannica Online (1996)	Encyclop$70aedia Britannica. Britannica Online. Chicago: Encyclop$70aedia Britannica, Inc., 1996. <http://www.eb.com/>.	M	9006563
	Britannica Online (1998)	Encyclop$70aedia Britannica. Britannica Online. Chicago: Encyclop$70aedia Britannica, Inc., 1998. <http://www.eb.com/>.	M	9006707
	Britannica Online (2000)	Encyclop$70aedia Britannica. Britannica Online. Chicago: Encyclop$70aedia Britannica, Inc., 2000. <http://www.eb.com/>.	M	9006900
	BHA, Authority file (2003)	J. Paul Getty Trust. Bibliography of the History of Art. Authority file. [unpublished database] Los Angeles, 2003.	N	2009007202
	BHA Authority Files	Bibliography of the History of Art (BHA). (Formerly International Repertory of the Literature of Art/R$00epertoire International de la litt$00erature de l'art, and R$00epertoire de'art et d'arch$00eologie. (RILA/RAA)) Authority Files, 1975-present.	M	9006428
	Forces: U.S. & Coalition /Army. U.S. Defense Department, CNN (2003)	U.S. Defense Department, "Forces: U.S. & Coalition /Army." CNN [online], 21 March 2003. http:/www/cnn/com/SPEACIALS/2003/iraq/forces/coalition/deployment/army/camp/doha/html	N	2009007119
	Forces: U.S. & Coalition /Air Force. U.S. Defense Department, CNN (2003)	Forces: U.S. & Coalition /Air Force. U.S. Defense Department, CNN [online], 21 March 2003. http:/www/cnn/com/SPEACIALS/2003/iraq/forces/coalition/deployment/air.force/al.dhafra.html	N	2009007120
	Israel must withdraw, London Times (2002)	"Bush: Israel must withdraw." London: The Times (April 4, 2002) [online]. http://www.repubblica.it/online/	N	2009007051
	Israel must withdraw, London Times (2002)	"Bush: Israel must withdraw." London: The Times (April 4, 2002) [online]. http://www.repubblica.it/online/	N	2009007054
	African Archaeology (1998)	"African Archaeology Database." [online]. Bloomington, IN: Wisdom Tools, 1998. <http://timeweb.wisdometools.com/dbt/index.html>.	M	9006883
	African Archaeology (1998)	"African Archaeology Database." [online]. Bloomington, IN: Wisdom Tools, 1998. <http://timeweb.wisdometools.com/dbt/index.html>.	M	9006884
	Mathisen, Geography of Roman Gaul (1996)	Mathisen, Ralph W. The Geography of Roman Gaul. [online] University of South Carolina, 1996. http://www.sc.edu/ltantsoc/geogmain.htm (1July 1996).	N	9006971
	Mathisen, Geography of Roman Gaul [web site] 	Mathisen, Ralph W. Geography of Roman Gaul [web site]. Columbia, South Carolina: University of South Carolina, Society of Late Antiquity. http://www.sc.edu/ltantsoc (27 September 2004).	N	2009007311
	L.A. Inc. Convention and Visitors Bureau [online]	L.A. Inc. The Convention and Visitors Bureau [online] 2006-. www.lacvb.com (21 March 2006).	N	2009007395
	Koreatown	Koreatown.	N	2009007396
