	1		C	P	81151		7028446
	1		C	P	83002		4001769
	2		C	N	83020		4001769
	3		C	N	84561		4001769
	1		C	P	83002		7028475
	2		C	N	83020		7028475
	1		C	P	83002		1029609
the exact site of the ancient biblical and pre-biblical settlement of this name is disputed, although there has been habitation on the current site for millennia	1	9999	C	P	83002	-3000	7029041
	2		C	N	83040		7029041
	6		C	N	83152		7029041
	3		C	N	83303		7029041
	5		C	N	83325		7029041
industries include tanning, food processing, glassblowing, and the manufacture of sheepskin coats	4	9999	C	N	83377	-1000	7029041
	5		C	N	54451		7002402
	4		C	N	54461		7002402
believed to be one of the oldest cities in the world; was an ancient Canaanite royal city	1	9999	C	P	83002	-18000	7002402
	2		C	N	83030		7002402
	3		C	N	83150		7002402
	1		C	P	21472		1006029
	1		C	P	21470		7029364
	1		C	P	21471		1007636
	2		C	N	83171		1007636
	1		C	P	21470		4000111
	1		C	P	81501		7024264
	3		H	N	82121		7024264
	2		H	N	82141		7024264
	1		C	P	81100		4001751
Englishman Job Charnock established a factory on the site of several existing villages in 1690	1	9999	C	P	83002	1000	7001523
	2		C	N	83040		7001523
	4		C	N	83061		7001523
of Bengal Presidency, 1707	13	1773	H	N	83110	1707	7001523
of British India, 1773-1912	12	1912	H	N	83111	1773	7001523
	3		C	N	83113		7001523
	10		C	N	83131		7001523
	9		C	N	83321		7001523
	7		C	N	83324		7001523
exports jute, tea, hides & sugar	6	9999	C	N	83325	1700	7001523
	5		C	N	83331		7001523
	11		C	N	83360		7001523
produces crude steel & machinery	8	9999	C	N	83371	1900	7001523
	1		C	P	83002		7018179
	1		C	P	83002		7018180
English factory established here 1690	1	9999	C	P	83002	1690	7018176
	2		C	N	82471		7018366
	1		C	P	83002		7018366
	3		C	N	83323		7018366
	1		C	P	83002		7029374
	3		C	N	83030		7029374
	2		C	N	83323		7029374
	4		C	N	83331		7029374
	1		C	P	81501		7024352
	1		C	P	82141		6000509
	2		C	N	81002		1000130
proclaimed independence 1924; independence recognized 1946	1	9999	C	P	81010	1924	1000130
	3		C	N	81011		1000130
proclaimed 1911	5	1946	H	N	82141	1911	1000130
proclaimed 1924	4	9999	C	N	82171	1924	1000130
	1		C	P	22101		6004471
	4		C	N	54451		7011071
traditionally founded in 1313 BC; site of Mycenaean ruins	1	9999	C	P	83002	-1700	7011071
	2		C	N	83030		7011071
of Byzantine Hellas	5	1400	H	N	83110	400	7011071
	3		C	N	83323		7011071
site of many remains, including Tutankhamen's tomb	2	9999	C	N	54451	1800	7029382
	3		H	N	83002		7029382
important site by 3rd mill. BC; destroyed by Romans 29 BC; few villages remained by 20 BC	1	200	C	P	83210	-3500	7029382
	1		C	P	22101		7029368
	1		C	P	81100		4008119
	1		C	P	81502		7029436
	2		H	N	83002		7029436
	1		C	P	83002		7003713
	1		C	P	83002		7027454
	2		C	N	83020		7027454
	1		C	P	83002		4003596
	1		C	P	22101		7003637
	1		C	P	81006		5000010
	1		C	P	21403		4007964
	1		C	P	10001		3000015
	2		H	N	81115		1111940
	1		C	P	81508		1111940
16th-17th cen.	1	1700	H	P	81165	1500	6001296
	1		C	P	81501		7024351
during Middle Ages	1	900	H	P	81181	400	7012205
created in 1974	1	9999	C	P	81115	1974	7026969
created in 1996	2	9999	C	N	81116	1996	7026969
	4		H	N	81300		7026969
	5		H	N	82141		7026969
of North Wales; subjugated by the English in 1282	6	1282	H	N	82164	900	7026969
	3		C	N	55001		7008048
formed in 1974	1	9999	C	P	81115	1974	7008048
	2		C	N	81300		7008048
	1		C	P	83002		7029428
	2		C	N	83020		7029428
	1		C	P	83002		4012302
	1		C	P	83002		7029399
	3		C	N	83020		7029399
	1		C	P	83002		4010940
	1		C	P	83002		7029346
	2		C	N	83020		7029346
	1		C	P	83002		4010368
	1		C	P	83002		7029339
	2		C	N	83020		7029339
	1		C	P	83002		4009987
	1		C	P	83002		7029311
	2		C	N	83020		7029311
	1		C	P	83002		4008052
	1		C	P	83002		7029068
	2		C	N	83020		7029068
	1		C	P	83002		4007048
	1		H	P	83002		7028831
	2		H	N	83020		7028831
	1		C	P	83002		4002989
	1		C	P	83002		7027854
	2		C	N	83020		7027854
	1		C	P	83002		4003609
	1		C	P	83002		7027898
	2		C	N	83020		7027898
	1		C	P	83002		5000843
created 1974	1	9999	C	P	81115	1974	7026573
	3		C	N	81165		7026573
	2		C	N	81300		7026573
	4		C	N	83061		7026573
	1		C	P	81115		7008158
created 1974	1	9999	C	P	81115	1974	7026574
	1		C	P	81115		7008169
	2		C	N	83371		7008169
	3		C	N	83374		7008169
mentropolitan county since 1974	1	9999	C	P	81115	1974	7026571
	2		C	N	81300		7026571
	3		C	N	83061		7026571
	1		C	P	81115		7008179
	2		C	N	81300		7008179
	4		C	N	83131		7008179
	3		C	N	83371		7008179
created in 1974	1	9999	C	P	81115	1974	7026572
	3		C	N	55001		7008170
	1		C	P	81115		7008170
	4		C	N	81502		7008170
	2		C	N	83371		7008170
	3		C	N	21470		7008095
since 1996	1	9999	C	P	81116	1990	7008095
	4		H	N	81165		7008095
	2		C	N	81300		7008095
	1		C	P	22101		5000464
	2		H	N	81115		5000464
	2		C	N	83006		2011252
	3		C	N	83431		2011252
	1		C	P	84251		2011252
	1		C	P	83002		2221247
since April 1998	1	9999	C	P	81116	1998	7026512
	3		C	N	81300		7026512
constituted a county borough in 1904; retained until 1974; unitary status regained in 1998	2	9999	C	N	82411	1904	7026512
	1		C	P	81300		1003565
	1		C	P	83002		1094353
ca. 1400 BCE - ca. 360 CE	1	400	C	P	81501	-1400	7029588
ca. 700 BCE - 591 BCE	2	-591	H	N	83101	-750	7029588
ca. 700 BCE - 591 BCE	3	-591	H	N	83110	-750	7029588
	1		C	P	21433		7007481
	1		C	P	21433		7024692
	1		C	P	51252		7029620
	1		C	P	51252		2505932
	1		C	P	83002		7029622
	1		C	P	83002		7028968
	1		C	P	83002		2025018
	1		C	P	83002		2747648
	1		C	P	83002		4006745
	1		C	P	83002		7029799
	1		C	P	22201		7029807
	1		C	P	22201		7029808
	3		C	N	12117		7025560
	4		C	N	21301		7025560
	2		C	N	51218		7025560
	1		C	P	83002		7025560
	1		C	P	10001		6002114
	3		C	N	21423		6002114
	2		C	N	51251		6002114
	1		C	P	22201		7029863
	1		C	P	22201		7029864
	1		C	P	10001		6006046
	1		C	P	83002		7018690
	2		C	N	83030		7018690
	4		C	N	83102		7018690
	3		C	N	83110		7018690
	2		C	N	54453		7030016
	1		C	P	54454		7030016
	2		H	N	83002		6001470
was frequented in early Neolithic period	1	1000	C	P	83210	-10000	6001470
	1		C	P	83002		7029852
	1		C	P	83002		4001247
	1		C	P	83002		7029908
	1		C	P	83002		4002247
	1		C	P	83002		7024773
	1		C	P	83002		1030535
	1		C	P	83002		7029598
	1		C	P	83002		7006757
	1		C	P	51222		7024625
	3		H	N	51225		7024625
	4		H	N	51232		7024625
	2		H	N	51522		7024625
	1		C	P	51224		7009946
	2		C	N	54461		7009946
	1		C	P	83002		4008171
	1		C	P	83002		7026700
	2		C	N	83030		7026700
	1		C	P	83002		5000807
	1		C	P	83002		7026770
	2		C	N	83020		7026770
	1		C	P	83002		4007842
	1		C	P	83002		7029236
	1		C	P	83002		7010086
	1		C	P	83002		7029222
	1		C	P	83002		7025903
	1		C	P	83002		7011275
	1		C	P	83002		7025841
	1		C	P	83002		5000785
	1		C	P	83002		7025842
	1		C	P	83002		5000786
	1		C	P	83002		7028165
	2		C	N	83020		7028165
	1		C	P	83002		4011157
	1		C	P	83002		7026199
	1		C	P	83002		7030097
	2		C	N	83020		7030097
	1		C	P	83002		4012163
	1		C	P	83002		4009207
	1		C	P	83002		7029293
	1		C	P	83002		1030983
	1		C	P	83002		7030185
	2		C	N	54451		7001447
	3		H	N	54452		7001447
	4		H	N	83002		7001447
frequented by at least 3rd millenium BCE	1	-100	C	P	83210	-4000	7001447
	3		H	N	51233		1100518
	2		C	N	51234		1100518
	1		C	P	51991		1100518
	1		C	P	21105		1132107
	1		C	P	21105		2786519
	1		C	P	83002		1063547
	1		C	P	83002		1063545
	1		C	P	53126		7031400
	1		C	P	53126		1101793
	1		C	P	21441		1110275
	1		C	P	21461		2640402
Englishman Job Charnock established a factory on the site of several existing villages in 1690	1	9999	C	P	83002	1000	7029373
	2		C	N	83040		7029373
	4		C	N	83061		7029373
of Bengal Presidency, 1707	13	1773	H	N	83110	1707	7029373
of British India, 1773-1912	12	1912	H	N	83111	1773	7029373
	3		C	N	83113		7029373
	10		C	N	83131		7029373
	9		C	N	83321		7029373
	7		C	N	83324		7029373
exports jute, tea, hides and sugar	6	9999	C	N	83325	1700	7029373
	5		C	N	83331		7029373
	11		C	N	83360		7029373
produces crude steel and machinery	8	9999	C	N	83371	1900	7029373
	1		C	P	83002		7029376
	1		C	P	10001		6005901
	1		C	P	10001		7030210
	1		C	P	21121		1113185
	1		C	P	21121		7030602
	1		C	P	83002		1079538
	1		C	P	83002		1079594
	2		C	N	83020		7026199
	1		C	P	83002		7026206
	2		C	N	83020		7026206
since 1125	4	9999	C	N	81112	1125	7023962
Frankish, 6th-12th cen.	9	1179	H	N	82110	500	7023962
settled by Etruscans	6	9999	C	N	83002	-800	7023962
	1		C	P	83030		7023962
	3		C	N	83040		7023962
bishopric was established by Middle Ages, later became an archbishopric; noted for large medieval cathedral	2	9999	C	N	83154	1000	7023962
was important European banking center by 13th cen., but declined with fall of Ghibelline power in area & Black Death of 1348	10	9999	H	N	83321	1150	7023962
noted for medieval architecture & Palio horse races	7	9999	C	N	83351	1800	7023962
founded in 1240	8	9999	C	N	83361	1240	7023962
since Middle Ages, famed for architecture, sculptors & painters including Duccio, Simone Martini & the Lorenzetti	5	9999	C	N	83505	1000	7023962
since 1125	4	9999	C	N	81112	1125	7024074
Frankish, 6th-12th cen.	9	1179	H	N	82110	500	7024074
settled by Etruscans	6	9999	C	N	83002	-800	7024074
	1		C	P	83030		7024074
	3		C	N	83040		7024074
bishopric was established by Middle Ages, later became an archbishopric; noted for large medieval cathedral	2	9999	C	N	83154	1000	7024074
was important European banking center by 13th cen., but declined with fall of Ghibelline power in area & Black Death of 1348	10	9999	H	N	83321	1150	7024074
noted for medieval architecture & Palio horse races	7	9999	C	N	83351	1800	7024074
founded in 1240	8	9999	C	N	83361	1240	7024074
since Middle Ages, famed for architecture, sculptors & painters including Duccio, Simone Martini & the Lorenzetti	5	9999	C	N	83505	1000	7024074
	1		C	P	10001		6006728
	2		C	N	81100		7002798
	1		C	P	10001		6006765
ratified by regional plebiscite on October 25, 1979	1	9999	C	P	81170	1979	7002798
under Charlemagne	2	900	H	N	81141	790	7024277
	1		C	P	81501		7024277
of crown of Aragon	4	9999	H	N	82164	1150	7024277
Frankish, at least nominally; rejected under Count Borrell (died 991)	3	991	H	N	82186	900	7024277
	1		C	P	83002		2010144
	2		C	N	83511		2010144
	1		C	P	53110		2149095
	2		C	N	83511		2149095
	1		C	P	83002		2048944
	1		C	P	83002		3000893
	2		C	N	83030		3000893
	1		C	P	21454		1111027
	1		C	P	21454		6005825
of the Roman Empire, from ca. 42 CE	1	450	H	P	81161	42	7030334
	1		C	P	10001		6005971
	1		H	P	81161		7030341
	1		C	P	22101		7000626
originally settled by Berbers	5	9999	H	N	22201	-1000	7000626
Phoenician, 7th cen. BC	4	-200	H	N	81108	-600	7000626
Roman, after 46 BC; Kingdom of Libya, 1951-1963	3	1963	H	N	81161	46	7000626
Italian, 1912-1951	2	1951	H	N	81260	1912	7000626
	1		C	P	10001		6006076
	1		C	P	54451		7026344
	3		H	N	81108		7026344
	4		H	N	83030		7026344
	2		C	N	83210		7026344
	5		H	N	83325		7026344
	1		C	P	54451		7026345
	3		H	N	81108		7026345
	4		H	N	83030		7026345
	2		C	N	83210		7026345
	5		H	N	83325		7026345
	1		C	P	83002		1079440
	1		C	P	83040		6005479
	1		C	P	83002		1086843
	1		C	P	54461		6005197
	2		H	N	83110		6005197
	2		H	N	81003		7024414
began in 31 BCE, traditionally held to have ended in 4th cen. AD	3	400	C	N	81501	-31	7024414
	1		C	P	81508		7024414
	1		C	P	81508		7029453
	1		C	P	83002		1086812
	2		C	N	54455		6005961
since ca. 100 BCE	1	500	C	P	54461	200	6005961
	3		H	N	83040		6005961
founded ca. 100 BCE by King Tigranes I to be his southern capital	4	100	H	N	83110	-110	6005961
	7		H	N	14301		1099969
	8		H	N	18831		1099969
	2		C	N	51991		1099969
	4		C	N	54451		1099969
	3		C	N	54455		1099969
5th century-ca. 1525	5	1535	H	N	83002	400	1099969
	6		H	N	83040		1099969
	9		H	N	83110		1099969
	1		C	P	83210		1099969
	1		H	P	82141		6006662
	1		C	P	21471		7016027
	1		C	P	21471		2637686
	1		C	P	22101		6005574
	1		C	P	22101		7015540
was an ancient center	1	9999	C	P	83002	-2000	5001917
	2		C	N	83030		5001917
	1		C	P	83002		1042008
	1		C	P	83002		1095325
	1		C	P	21471		7016015
	1		C	P	21471		2139967
	1		C	P	83002		2714649
	1		C	P	83002		7022129
