accessed 1/02	P	2009007037	7028446	1001172931
93	P	9005213	4001769	145167
	U	9005769	4001769	145167
	U	9006249	4001769	145167
187	P	2009007033	4001769	145167
187	N	2009007033	4001769	1001172350
187	N	2009007033	4001769	1001172349
375	P	9006871	7028475	1001173034
190	P	2009007033	7028475	1001173034
190	N	2009007033	7028475	1001173035
	U	9006561	1029609	29956
Accessed 04/09/2002.	N	9006900	7029041	1001174580
Accessed 04/09/2002.	N	9006900	7029041	1001174579
Accessed 04/09/2002.	N	9006900	7029041	1001174577
Accessed 04/09/2002	N	9006900	7029041	1001174578
	N	9006879	7029041	1001174585
	N	9006879	7029041	1001174583
	N	9006879	7029041	1001174584
	N	9006879	7029041	1001174581
	N	9006900	7029041	1001174589
I-5	U	9006568	7002402	84709
	U	9001606	7002402	84710
	U	9006253	7002402	84710
	U	9006303	7002402	84710
	U	9006449	7002402	84710
82	U	9006549	7002402	84710
336	U	9006548	7002402	173075
I, 383	U	9006447	7002402	325204
380	U	9006339	7002402	325205
V, 792	U	9005014	7002402	325206
V, 792	U	9005014	7002402	325207
	U	9006561	7002402	357514
I-53	U	9006568	1006029	6210
	U	9006561	1006029	760747
216-217	U	9006449	1007636	7837
39	U	9006549	1007636	7838
216	U	9006449	1007636	184005
II, 427	U	9005014	7024264	1158386
211	U	9006281	7024264	1158386
	U	9006303	7024264	1158386
	U	9006449	7024264	1158386
191	U	9006267	7024264	1158387
	U	9006449	7024264	1158387
136	U	9006527	7024264	1158388
	U	9000086	4001751	145149
	U	9006084	4001751	145149
II, 735	U	9005014	7001523	75671
202	U	9006267	7001523	75671
I, 143-144	U	9006447	7001523	75671
538	U	9006449	7001523	75671
37	U	9006549	7001523	75671
	U	9006829	7001523	75671
I-82	U	9006541	7001523	140196
II, 735	U	9005014	7001523	183947
XV, 458	U	9005014	7001523	327072
XV, 458-459	U	9005014	7001523	327073
	U	9006829	7001523	1158708
101	U	9006449	7018179	327060
	U	9006561	7018180	327061
I-84	U	9004825	7018366	327495
I-84	U	9004825	7029374	1001175228
accessed 04/15/99	U	9006707	7024352	1158551
337	U	9006548	6000509	165828
	U	9006563	6000509	165828
676	U	9004788	1000130	192
68	U	9004966	1000130	192
I-63	U	9006546	1000130	192
272	U	9006552	1000130	193
1211	U	9006527	1000130	138895
I, 445	U	9006550	1000130	138896
68	U	9004966	1000130	138897
328	U	9006528	1000130	138897
769	U	9004954	1000130	174651
1993-07-12, III-43	U	9004964	1000130	174651
769	U	9004954	1000130	174652
781	U	9004954	1000130	174653
1993-07-12, III-43	U	9004960	1000130	174653
781	U	9006449	1000130	174654
421	U	9006281	1000130	182253
VIII, 256	U	9005014	1000130	184140
673	U	9004960	1000130	322451
	U	9006561	1000130	322451
319	U	9006541	1000130	334275
17	U	9006690	1000130	1156740
17	U	9006690	1000130	1156741
52	U	9006765	1000130	1158238
25	U	9006851	1000130	1159430
	U	9006548	6004471	169790
	U	9006295	7011071	42637
	U	9006303	7011071	42637
	U	9006444	7011071	42637
	U	9006449	7011071	42637
197	U	9006549	7011071	42637
1206	U	9006267	7011071	42638
II, 927	U	9006447	7011071	42638
	U	9006449	7011071	42638
197	U	9006549	7011071	42638
	U	9006449	7011071	161298
357	U	9006548	7011071	174288
	U	9006723	7011071	1156816
	U	9006723	7011071	1156817
	U	9006723	7011071	1156818
	U	9006723	7011071	1156819
	U	9006723	7011071	1156820
	N	9006879	7029382	1001175262
524	U	9006267	7029382	1001175263
551	U	9006528	7029382	1001175264
II, 927	U	9006447	7029382	1001175265
	U	9006723	7029382	1001175266
Acessed 05/28/2002.	N	9006392	7029382	1001175267
Accessed 05/29/2002.	N	9006879	7029382	1001175268
	N	9006527	7029382	1001175269
Accessed 05/29/2002.	N	9006879	7029382	1001175269
Accessed 05/29/2002.	N	9006879	7029382	1001175270
357	U	9006548	7029382	1001175271
193	U	9006549	7029382	1001175271
II, 927	U	9006447	7029382	1001175272
II, 927	U	9006447	7029382	1001175273
XI, 679	U	9006382	7029382	1001175274
XI, 679	U	9006382	7029382	1001175275
II, 927	U	9006447	7029382	1001175276
XI, 679	U	9006382	7029382	1001175277
XI, 679	U	9006382	7029382	1001175278
"Athens and Thebes." Accessed 05/29/2002.	N	2009007028	7029382	1001175279
910	N	9006267	7029368	1001175193
1143	N	9006267	4008119	1001175194
	N	9006428	4008119	157749
	N	9006428	4008119	157748
9 ff.	N	2009007085	7029436	1001175467
140	N	9006267	7029436	1001175468
"Berlin." Accessed 06/26/2002.	N	2009007043	7029436	1001175468
	N	2009007034	7029436	1001175469
I-19	U	9004825	7003713	36836
155	U	2009007033	7027454	1169741
252	U	9006871	7027454	1169741
155	U	2009007033	7027454	1169742
	U	9006249	4003596	147010
691	U	9006267	7003637	312569
I, 533	U	9006447	7003637	312569
146	U	9004786	7003637	312570
	U	9006303	5000010	158859
	U	9006449	4007964	151416
	N	9006428	4007964	156546
	P	9006561	1111940	113108
Accessed 07/01/2002.	P	2009007043	1111940	1001175489
Accessed 07/01/2002.	N	9006879	1111940	1001175489
1/174	P	9006447	1111940	1001175489
Accessed 07/01/2002.	N	9006879	1111940	1001175490
340	U	9006548	6001296	166615
accessed 04/15/99	U	9006707	7024351	1158549
accessed 04/15/99	U	9006707	7024351	1158550
	U	9000086	7012205	151230
	U	9006084	7012205	151230
	U	9006449	7012205	151230
199	U	9006267	7026969	159545
	U	9006449	7026969	159545
199	U	9006267	7026969	319462
199	U	9006267	7026969	319463
199	U	9006267	7026969	319464
	U	9006561	7026969	319464
	U	9006590	7026969	1154032
30	U	9005423	7026969	1160972
	U	9006982	7026969	1168338
	U	9007006	7026969	1168338
accessed 16 Dec 2002	N	2009007103	7026969	1001175717
xvii	N	9006871	7026969	1001175718
accessed 16 Dec 2002	N	2009007104	7026969	1001175719
V, 589	U	9005014	7008048	2599
16	U	9005218	7008048	2599
	U	9006249	7008048	2599
	U	9006561	7008048	2599
478	U	9006267	7008048	315531
775	P	9006871	7029428	1001175432
309	P	2009007033	7029428	1001175432
309	N	2009007033	7029428	1001175433
309	N	2009007033	7029428	1001175435
309	N	2009007033	7029428	1001175434
309	N	2009007033	7029428	1001175436
792	U	9005213	4012302	155781
	U	9006249	4012302	155781
	U	9006364	4012302	155781
309	P	2009007033	7029399	1001175320
309	N	2009007033	7029399	1001175322
309	N	2009007033	7029399	1001175323
691	N	9006871	7029399	1001175320
707	U	9005213	4010940	154412
	U	9006249	4010940	154412
308	N	2009007033	7029346	1001175134
308	N	2009007033	7029346	1001175135
640	P	9006871	7029346	1001175133
308	P	2009007033	7029346	1001175133
654	U	9005213	4010368	153834
	U	9006249	4010368	153834
630	P	9006871	7029339	1001175108
308	P	2009007033	7029339	1001175108
308	N	2009007033	7029339	1001175109
308	N	2009007033	7029339	1001175110
648	U	9005213	4009987	153451
333	U	9005742	4009987	153451
	U	9006357	4009987	153451
308	N	2009007033	7029311	1001175017
541	P	9006871	7029311	1001175016
308	P	2009007033	7029311	1001175016
	U	9006249	4008052	151505
487	P	9006871	7029068	1001174701
307	P	2009007033	7029068	1001174701
307	N	2009007033	7029068	1001174702
499	U	9005213	4007048	150490
	U	9006249	4007048	150490
306	P	2009007033	7028831	1001174144
306	N	2009007033	7028831	1001174145
306	N	2009007033	7028831	1001174146
188	P	9006871	7028831	1001174147
	U	9006249	4002989	146395
170	U	2009007033	7027854	1170889
254	U	9006871	7027854	1170889
170	U	2009007033	7027854	1170890
170	U	2009007033	7027854	1170891
259	U	9005213	4003609	147023
	U	9006249	4003609	147023
	U	9006357	4003609	147023
171	U	2009007033	7027898	1171029
324	U	9006871	7027898	1171029
171	U	2009007033	7027898	1171030
171	U	2009007033	7027898	1171031
330	U	9005213	5000843	159990
	U	9006444	5000843	159990
	U	9006983	7026573	1167208
	U	9006985	7026573	1167208
	U	9006999	7026573	1167208
accessed 16 Dec 2002	N	2009007104	7026573	1001175772
accessed 16 Dec 2002	N	2009007108	7026573	1001175772
accessed 16 Dec 2002	AP	2009007107	5000464	315897
	U	9004975	2011252	195928
GNIS6042990	U	9006553	2221247	508064
GNIS6042990	U	9006553	2221247	508065
xvii	U	9006871	7026512	1167061
	U	9006982	7026512	1167061
	U	9006983	7026512	1167061
	U	9006985	7026512	1167061
	U	9006988	7026512	1167061
I-20	U	9006541	1003565	348257
I-106	U	9006541	1094353	95281
plate 85	U	9006561	1094353	364915
accessed 15 April 2003	N	9006807	7029588	1001176169
accessed 15 April 2003	N	2009007043	7029588	1001176169
I-186	U	9006483	7007481	109628
I-183	U	9006483	7007481	139187
354	U	9006548	7007481	170439
14	U	9005423	7024692	1160764
14	U	9005423	7024692	1160765
14	U	9005423	7024692	1160766
14	U	9005423	7024692	1160767
66	U	9006549	7024692	1160768
66	U	9006549	7024692	1160769
	U	9006703	7024692	1160769
	U	9006703	7024692	1160770
accessed 10 June 2003	P	9006879	7024692	1160769
accessed 10 June 2003	AP	9006879	7024692	1001176239
accessed 3 July 2003	N	2009007149	7029620	1001176313
GNIS39011576	U	9006553	2505932	832868
Accessed 04/02/2002	N	9006879	7028968	1001174335
I-83	U	9004824	2025018	397221
I-83	U	9004824	2025018	1154478
GNIS15006820	U	9006553	2747648	1108971
GNIS15006820	U	9006553	2747648	1108972
	U	9002346	4006745	150183
	U	9002347	4006745	150183
232	U	9005417	4006745	326148
accessed 24 July 2003	P	9006879	7029799	1001176939
1, 500	P	2009007067	7029799	1001176939
	N	2009007094	7029807	1001177007
	N	2009007094	7029807	1001177009
	N	2009007094	7029807	1001177008
	N	2009007094	7029808	1001177010
	U	9006009	7025560	346648
	U	9006303	7025560	346648
35	U	9006549	7025560	346648
	U	2009007094	7025560	1163823
	U	2009007094	6002114	167433
	N	2009007094	7029863	1001177222
	N	2009007094	7029864	1001177223
	U	9006548	6006046	171365
	N	2009007094	6006046	1001177288
	N	2009007094	6006046	1001177286
	N	2009007094	6006046	1001177285
	N	2009007094	6006046	1001177287
	N	9005473	6006046	1001177284
654	U	9004960	7018690	337429
	N	2009007094	7018690	1001177291
	N	9005473	7018690	1001177290
55	U	9006237	7030016	1001177777
156	P	9006871	7030016	1001177777
160	U	9005213	6001470	166789
156	P	9006871	6001470	166789
313	N	2009007033	7029852	1001177179
313	N	2009007033	7029852	1001177180
50	P	9006871	7029852	1001177181
313	P	2009007033	7029852	1001177178
53	U	9005213	4001247	144642
	U	9006357	4001247	144642
314	N	2009007033	7029908	1001177402
133	P	9006871	7029908	1001177401
137	U	9005213	4002247	145649
	U	9006249	4002247	145649
56	U	9006549	7024773	1161469
30	U	2009007033	7024773	1161469
30	U	2009007033	7024773	1161470
173	U	9006549	1030535	30883
accessed 1 May 2003	P	9006879	7029598	1001176187
	N	9006879	7029598	1001176188
569	U	9005631	7006757	48798
222	U	9006037	7006757	48798
	U	9006303	7006757	48798
497	U	9005659	7024625	1160250
497	U	9005659	7024625	1160251
	U	2009007181	7024625	1160251
794	U	9006861	7024625	1160251
20	U	9005423	7024625	1160252
20	U	9005423	7024625	1160253
20	U	9005423	7024625	1160254
20	U	9005423	7024625	1160255
497	U	9005659	7024625	1160256
	U	2009007181	7024625	1160257
I-155	U	9006541	7009946	101323
473	U	9006025	7009946	161854
561	U	9005213	4008171	151624
	U	9006249	4008171	151624
114	U	2009007033	7026700	1167621
547	U	9006871	7026700	1167621
114	U	2009007033	7026700	1167622
775	U	9005213	5000807	159951
	U	9006444	5000807	159951
115	U	2009007033	7026770	1167804
758	U	9006871	7026770	1167804
115	U	2009007033	7026770	1167805
	U	9006249	4007842	151292
139	U	9006549	4007842	151292
529	P	9006871	7029236	1001174905
	U	9006249	7010086	29243
47	U	9006549	7010086	29243
168	P	9006871	7029222	1001174891
94	U	2009007033	7025903	1165090
363	U	9006871	7025903	1165090
94	U	2009007033	7025903	1165091
94	U	2009007033	7025903	1165093
	U	2009007094	7025903	1165092
	U	9006249	7011275	148465
	U	9006444	7011275	159928
93	U	2009007033	7025841	1164891
535	U	9006871	7025841	1164891
93	U	2009007033	7025841	1164892
548	U	9005213	5000785	159925
	U	9006444	5000785	159925
	P	2009007094	5000785	1001178311
93	U	2009007033	7025842	1164894
660	U	9006871	7025842	1164894
93	U	2009007033	7025842	1164895
678	U	9005213	5000786	159926
	U	9006444	5000786	159926
	P	2009007094	5000786	1001178312
701	P	9006871	7028165	1001171863
175	P	2009007033	7028165	1001171863
	U	2009007094	7028165	1001171865
	U	2009007094	7028165	1001171864
717	U	9005213	4011157	154631
	U	9006249	4011157	154631
102	U	2009007033	7026199	1166083
312	U	9006871	7026199	1166083
102	U	2009007033	7026199	1166084
102	U	2009007033	7026199	1166085
	N	2009007094	7026199	1001178489
102	U	2009007033	7026206	1166105
312	U	9006871	7026206	1166105
102	U	2009007033	7026206	1166106
102	U	2009007033	7026206	1166107
	U	9000000	7023962	346630
	U	9004778	7023962	346631
1508	U	9004778	7023962	346632
	U	9000010	7023962	346633
1114	U	9006449	7023962	346633
479	U	9006009	7023962	346634
	U	9000010	7023962	346635
479	U	9006009	7023962	346635
	U	9000000	7023962	346643
6 ff.	U	9000009	7023962	346643
	U	9000010	7023962	346643
passim	U	9004777	7023962	346643
	U	9005498	7023962	346643
	U	9006004	7023962	346643
479 ff.	U	9006009	7023962	346643
II, 861	U	9006447	7023962	346643
	U	9006449	7023962	346643
	U	2009007094	7023962	1155874
	U	9000000	7024074	1157514
6 ff.	U	9000009	7024074	1157514
	U	9000010	7024074	1157514
passim	U	9004777	7024074	1157514
	U	9005498	7024074	1157514
	U	9006004	7024074	1157514
479 ff.	U	9006009	7024074	1157514
II, 861	U	9006447	7024074	1157514
	U	9006449	7024074	1157514
	U	9000000	7024074	1157515
	U	9000010	7024074	1157517
1114	U	9006449	7024074	1157517
1508	U	9004778	7024074	1157518
	U	9000010	7024074	1157519
318	N	2009007033	7030097	1001178103
757	P	9006871	7030097	1001178102
318	P	2009007033	7030097	1001178102
	N	2009007094	7030097	1001180990
774	U	9005213	4012163	155642
	U	9006249	4012163	155642
618	U	9005213	4009207	152669
	U	9006249	4009207	152669
604	U	9006871	4009207	152669
70	U	2009007033	4009207	1162881
70	U	2009007033	4009207	1162882
604	P	9006871	7029293	1001174962
I-187	U	9006541	1030983	347080
accessed 12 November 2003	N	2009007178	7030185	1001178570
	U	9006561	7001447	96385
341	U	9006548	7001447	166974
I, 220	U	9006447	7001447	328418
	U	9006723	7001447	1157045
I-3	U	9004825	1100518	101501
I-3	U	9004825	1100518	101502
I, 220	U	9006447	1100518	1155424
Plate 101	U	9006037	1132107	133866
	U	9006561	1132107	360611
	U	9006561	1132107	360612
GNIS2025126	U	9006553	2786519	1153032
	U	9006561	1063547	64120
	U	9006561	1063545	64118
Accessed 9 November 2005	N	2009007315	7031400	1001183582
Accessed 9 November 2005	N	2009007178	7031400	1001183581
	U	9006561	1101793	102798
GNIS4005281	U	9006553	1110275	111416
GNIS4005281	U	9006553	1110275	372093
GNIS4005281	U	9006553	1110275	372094
GNIS4005281	U	9006553	1110275	372095
GNIS4005281	U	9006553	1110275	372096
GNIS4005281	U	9006553	1110275	372097
GNIS4036376	U	9006553	2640402	986715
GNIS4036376	U	9006553	2640402	986716
GNIS4036376	U	9006553	2640402	986717
II, 735	U	9005014	7029373	75671
202	U	9006267	7029373	75671
I, 143-144	U	9006447	7029373	75671
538; 101	U	9006449	7029373	75671
37	U	9006549	7029373	75671
	U	9006829	7029373	75671
I-82	U	9006541	7029373	140196
II, 735	U	9005014	7029373	183947
XV, 458	U	9005014	7029373	327072
XV, 458-459	U	9005014	7029373	327073
	U	9006829	7029373	1158708
	U	9006561	7029373	75671
	U	2009007094	7029376	1001175229
	U	2009007094	6005901	171220
	U	2009007094	7030210	174644
479	U	9006009	7024074	1157519
479	U	9006009	7024074	1157520
	U	9004778	7024074	1157521
	N	2009007071	7024074	1157514
	U	2009007094	7024074	1157516
	U	2009007094	6006728	172047
II, 944-945	U	9005014	7002798	1795
	U	2009007094	6006765	174644
132	U	9005163	7002798	1795
	U	9006444	7002798	1795
	U	9006449	7002798	1795
Plate 73	U	9006549	7002798	1795
II, 944-945	U	9005014	7002798	138306
	U	9006449	7002798	138306
accessed 04/15/99	U	2009007181	7002798	138306
II, 944-945	U	9005014	7002798	172566
	U	9006449	7002798	172566
	U	9006722	7002798	1159586
accessed 1 June 2003	N	2009007043	7002798	1001176278
II, 944-945	U	9005014	7024277	1158420
132	U	9005163	7024277	1158420
	U	9006444	7024277	1158420
	U	9006449	7024277	1158420
Plate 73	U	9006549	7024277	1158420
II, 944-945	U	9005014	7024277	1158421
	U	9006449	7024277	1158421
II, 944-945	U	9005014	7024277	1158422
	U	9006449	7024277	1158422
accessed 04/15/99	U	2009007181	7024277	1158422
	U	9006722	7024277	1159587
GNIS6065800	U	9006553	2010144	194820
GNIS6040801	U	9006553	2149095	426208
GNIS24009079	U	9006553	2048944	233620
	U	9006449	3000893	142969
plate 24	U	9006549	1111027	112178
	U	9006548	6005825	171144
89	P	9006548	7030334	1001179128
accessed 5 July 2004	P	2009007043	7030334	1001179128
358	U	9006548	6005971	171290
accessed 6 July 2004	P	2009007043	7030341	1001179142
	U	9006561	7000626	181827
1229	U	9006267	7000626	181830
II, 948	U	9006447	7000626	181864
1229	U	9006267	7000626	181865
639	U	9006339	7000626	181865
1229	U	9006267	7000626	181866
II, 948	U	9006447	7000626	181866
1229	U	9006267	7000626	181867
II, 948	U	9006447	7000626	181867
1229	U	9006267	7000626	181869
	U	2009007094	7000626	181868
358	U	9006548	6006076	171395
1514-15	U	9006972	7026344	1166604
	U	9006973	7026344	1166604
1514-15	U	9006972	7026344	1166605
1514-15	U	9006972	7026345	1166606
	U	9006973	7026345	1166606
1514-15	U	9006972	7026345	1166607
	N	2009007094	7026345	1001179145
	N	2009007282	7026345	1001179148
	N	2009007282	7026345	1001179147
	N	2009007282	7026345	1001179146
180	U	9006549	1079440	80239
356	U	9006548	6005479	170798
	U	9006561	1086843	87713
I, 197	U	9006447	6005197	170516
	U	9006548	7024414	152853
	N	2009007203	7024414	156575
Accessed 07/09/2002.	N	2009007043	7029453	1001175537
	N	9006267	7029453	1001175536
	N	9006267	7029453	1001175535
	N	9006447	7029453	1001175535
	U	9006561	1086812	87681
	U	9006549	1086812	350263
357	U	9006548	6005961	171280
356	U	9006548	6005961	174318
	U	9006561	1099969	100934
accessed 12 August 2004	P	2009007043	1099969	100934
360	U	9006548	6006662	171981
	U	9006449	7016027	9117
	N	2009007094	7016027	1001179823
	N	2009007094	7016027	1001179822
GNIS2019390	U	9006553	2637686	983484
	U	9006548	6005574	170893
	U	9006548	6005574	174142
"Tyrol," accessed 15 October 2004	N	2009007043	6005574	170893
40	U	9006267	7015540	323647
40	U	9006267	7015540	323650
32	U	9005423	7015540	1161082
32	U	9005423	7015540	1161083
32	U	9005423	7015540	1161084
32	U	9005423	7015540	1161085
	U	2009007203	7015540	323649
368-369	U	9006339	5001917	161281
368-369	U	9006339	5001917	164433
plate 80	N	2009007029	5001917	1001180056
63	U	9006549	1042008	42407
I-6	U	9004825	1095325	96259
	U	9006561	1095325	363986
91	U	9006449	7016015	6525
GNIS2000253	U	9006553	2139967	415825
GNIS2022396	U	9006553	2714649	1071249
196	U	9006549	7022129	1155288
90	U	9006549	1113185	114411
	N	2009007094	7030602	1001180802
accessed 14 February 2005	N	2009007306	7030602	1001180801
	U	9006561	1079538	80343
	U	9006561	1079538	357418
	N	2009007178	1079538	1001182568
	N	2009007178	1079538	1001182551
	N	2009007178	1079538	1001182561
	N	2009007178	1079538	1001182562
I-142	U	9006568	1079594	80401
160	U	9006549	1079594	357423
accessed 16 Dec 2002	N	2009007103	7026573	1001175771
VIII, 43	U	9005014	7008158	2825
	U	9006314	7008158	2825
	U	9006364	7008158	2825
	U	9006449	7008158	2825
	U	9006561	7008158	2825
	U	9006982	7026574	1167211
	U	9006983	7026574	1167211
accessed 16 Dec 2002	N	2009007108	7026574	1001175803
accessed 16 Dec 2002	N	2009007105	7026574	1001175804
accessed 16 Dec 2002	N	2009007104	7026574	1001175803
XI, 47	U	9005014	7008169	3075
	U	9006314	7008169	3075
	U	9006449	7008169	3075
187	U	9006549	7008169	3075
	U	9006982	7026571	1167206
accessed 16 Dec 2002	N	2009007108	7026571	1001175821
accessed 16 Dec 2002	N	2009007105	7026571	1001175822
	N	2009007103	7026571	1001175823
accessed 16 Dec 2002	N	2009007104	7026571	1001175821
	U	9000086	7008179	3178
XII, 594	U	9005014	7008179	3178
	U	9006249	7008179	3178
	U	9006314	7008179	3178
	U	9006449	7008179	3178
215	U	9006549	7008179	3178
	U	9006561	7008179	3178
	U	9006983	7026572	1167207
	U	9006985	7026572	1167207
accessed 16 Dec 2002	N	2009007105	7026572	1001175828
accessed 16 Dec 2002	N	2009007108	7026572	1001175827
accessed 16 Dec 2002	N	2009007104	7026572	1001175827
XII, 597	U	9005014	7008170	3180
	U	9006249	7008170	3180
	U	9006314	7008170	3180
	U	9006449	7008170	3180
215	U	9006549	7008170	3180
	U	9006561	7008170	3180
X, 733	U	9005014	7008095	3695
	U	9006249	7008095	3695
1108	U	9006267	7008095	3695
355	U	9006548	7008095	3695
182	U	9006549	7008095	3695
	U	9006590	7008095	3695
I-160	U	9006541	7008095	10555
345	U	9006548	7008095	174084
1108	U	9006267	7008095	315534
	AP	2009007106	7008095	3695
accessed 16 Dec 2002 	N	2009007108	7008095	1001175792
	AP	2009007106	7008095	1001175795
	P	2009007106	7008095	10555
xviii	N	9006871	7008095	1001175793
	N	2009007103	7008095	1001175794
accessed 16 Dec 2002	N	2009007104	7008095	1001175792
	N	2009007107	7008095	315534
	U	9006449	5000464	159450
1373	U	9006267	5000464	315897
accessed 16 Dec 2002	P	2009007107	5000464	1001175796
accessed 16 Dec 2002	N	2009007107	5000464	159450
