N	175	9006866	7028106
N	accessed 11/01	2009007028	1050277
N	accessed 11/01	2009007028	7002699
N	Accessed 05/29/2002.	2009007028	7029383
N	Accessed 05/29/2002.	2009007028	7001297
N	Accessed 05/29/2002.	2009007028	7029384
N	"India: The People." Accessed 05/03/2002.	2009007028	1111685
S	"France: the Land." Accessed 08//06/2002.	2009007028	1033969
S	"Athens and Thebes." Accessed 05/29/2002.	2009007028	7001297
S	accessed 11/01	2009007028	7002699
S	"Athens and Thebes." Accessed 05/29/2002.	2009007028	7029383
N	accessed 8 July 2003	2009007028	1001197
N	"Pale." Accessed 01/16/2001	9006563	7028471
S		9006563	1000006
S		9006563	1000065
S		9006563	1000176
S		9006563	1100515
S		9006563	1100676
S		9006563	2092258
S		9006563	2715101
S		9006563	6000246
S		9006563	6000280
S		9006563	6000362
S		9006563	6000367
S		9006563	6000390
S		9006563	6000398
S		9006563	6000504
S		9006563	6000511
S		9006563	6000518
S		9006563	6000539
S		9006563	6000546
S		9006563	6000603
S		9006563	6000604
S		9006563	6000671
S		9006563	6000680
S		9006563	6000738
S		9006563	6000790
S		9006563	6000891
S		9006563	6000902
S		9006563	6000925
S		9006563	6000972
S		9006563	6001043
S		9006563	6001102
S		9006563	6001162
S		9006563	6001169
S		9006563	6001186
S		9006563	6001215
S		9006563	6001221
S		9006563	6001232
S		9006563	6001272
S		9006563	6001297
S		9006563	6001334
S		9006563	6001406
S		9006563	6001412
S		9006563	6001424
S		9006563	6001426
S		9006563	6001427
S		9006563	6001444
S		9006563	6001447
S		9006563	6001458
S		9006563	6001493
S		9006563	6001513
S		9006563	6001548
S		9006563	6001567
S		9006563	6001590
S		9006563	6001605
S		9006563	6001671
S		9006563	6001698
S		9006563	6001715
S		9006563	6001725
S		9006563	6001749
S		9006563	6001757
S		9006563	6001781
S		9006563	6001822
S		9006563	6001826
S		9006563	6001832
S		9006563	6001902
S		9006563	6001948
S		9006563	6001970
S		9006563	6002001
S		9006563	6002007
S		9006563	6002071
S		9006563	6002081
S		9006563	6002136
S		9006563	6002142
S		9006563	6002158
S		9006563	6002185
S		9006563	6002186
S		9006563	6002201
S		9006563	6002218
S		9006563	6002223
S		9006563	6002229
S		9006563	6002235
S		9006563	6002243
S		9006563	6002246
S		9006563	6002285
S		9006563	6002296
S		9006563	6002371
S		9006563	6002377
S		9006563	6002379
S		9006563	6002381
S		9006563	6002400
S		9006563	6002411
S		9006563	6002448
S		9006563	6002500
S		9006563	6002574
S		9006563	6002604
S		9006563	6002605
S		9006563	6002660
S		9006563	6002684
S		9006563	6002692
S		9006563	6002702
S		9006563	6002713
S		9006563	6002726
S		9006563	6002730
S		9006563	6002733
S		9006563	6002739
S		9006563	6002753
S		9006563	6002755
S		9006563	6002798
S		9006563	6002839
S		9006563	6002865
S		9006563	6002893
S		9006563	6002898
S		9006563	6002927
S		9006563	6002941
S		9006563	6002956
S		9006563	6002980
S		9006563	6003057
S		9006563	6003059
S		9006563	6003071
S		9006563	6003103
S		9006563	6003165
S		9006563	6003167
S		9006563	6003187
S		9006563	6003231
S		9006563	6003238
S		9006563	6003346
S		9006563	6003668
S		9006563	6003697
S		9006563	6004345
S		9006563	6004455
S		9006563	6004750
S		9006563	6004817
S		9006563	6004853
S		9006563	6005345
S		9006563	6005470
S		9006563	6005586
S		9006563	6005660
S		9006563	6006176
S		9006563	6006287
S		9006563	7002270
S		9006563	7002851
S		9006563	7003381
S		9006563	7003980
S		9006563	7004002
S		9006563	7011439
S		9006563	7016858
S		9006563	7016898
S		9006563	7016904
S		9006563	7017451
S		9006563	7018842
S		9006563	7018970
S		9006563	7022244
S		9006563	7023807
S		9006563	7023939
S		9006563	7023940
S		9006563	7024409
S		9006563	7024415
S		9006563	7025828
S		9006563	7025844
S		9006563	7025859
S		9006563	7029378
S	"Judaea & Samaria," accessed Feb. 1998	9006563	7016849
N	accessed June 27, 2003.	9006563	1000003
N	accessed June 27, 2003	9006563	7011488
N	accessed June 27, 2003	9006563	7012258
N	accessed June 27, 2003	9006563	7006417
N	accessed June 27, 2003	9006563	7010750
N	accessed June 27, 2003	9006563	7010761
N	accessed June 27, 2003	9006563	7016987
N	accessed June 27, 2003	9006563	7010755
N	accessed 2 July 2003	9006563	7024265
S	accessed 05/19/99	9006707	1000108
S	accessed 04/07/99	9006707	1001991
S	accessed 04/07/99	9006707	1006024
S	accessed 07/05/00	9006707	1040511
S	accessed 05/19/2000	9006707	1043793
S		9006707	1076658
S	accessed 03/17/99	9006707	1088786
S	accessed 05/12/99	9006707	1109271
S	accessed 01/03/2001	9006707	1109316
S	accessed 08/30/99	9006707	1109344
S	accessed 01/20/99	9006707	1111810
S	accessed 01/20/99	9006707	1121388
S	accessed 03/16/99	9006707	1126853
S		9006707	1130850
S	accessed 03/16/99	9006707	1131759
S	accessed 8/5/98	9006707	2036371
S	accessed 09/07/99	9006707	4001269
S	accessed 04/20/2000	9006707	4006155
S	accessed 09/07/99	9006707	4011093
S	accessed 01/03/2001	9006707	4012460
S	accessed 10/30/2000	9006707	6000006
S	accessed 10/30/2000	9006707	6000008
S	accessed 10/30/2000	9006707	6000057
S	accessed 10/30/2000	9006707	6000121
S	accessed 01/17/2001, "Albret family"	9006707	6000157
S	accessed 01/17/2001	9006707	6000896
S	accessed 10/30/2000	9006707	6001970
S	accessed 09/13/99	9006707	6002725
S	accessed 10/30/2000	9006707	6002732
S	accessed 09/08/99	9006707	6002741
S	accessed 10/30/2000	9006707	6003353
S	accessed 10/30/2000	9006707	6003585
S	accessed 01/03/2001	9006707	6003638
S	accessed 10/20/2000; accessed 10/30/2000	9006707	6003714
S		9006707	6004863
S	accessed 10/09/99	9006707	6006561
S	accessed 04/06/99	9006707	7000434
S	accessed 05/30/2000	9006707	7001152
S	accessed 10/14/99	9006707	7001215
S	accessed 03/22/00	9006707	7001637
S	accessed 02/16/00	9006707	7002157
S	accessed 10/08/99	9006707	7002383
S	accessed 10/20/2000	9006707	7002416
S	accessed 01/17/2001	9006707	7002436
S	accessed 04/15/99	9006707	7002758
S	accessed 04/15/99	9006707	7002759
S	accessed 02/22/00	9006707	7002840
S	accessed 03/26/98; accessed 10/09/98	9006707	7003321
S	accessed 04/14/99	9006707	7003689
S	accessed 10/27/98	9006707	7003703
S	accessed 03/16/99	9006707	7004542
S	04/20/2000	9006707	7004569
S	accessed 04/11/00	9006707	7005479
S	accessed 10/12/98	9006707	7006470
S	accessed 05/12/99	9006707	7006669
S	accessed 02/12/1999	9006707	7006865
S		9006707	7007567
S	accessed 05/30/2000	9006707	7007607
S	accessed 09/24/99	9006707	7008257
S	accessed 01/17/2001	9006707	7008650
S	accessed 10/09/98	9006707	7009861
S	accessed 04/22/99	9006707	7010383
S	accessed 08/30/99	9006707	7010394
S	accessed 06/24/99	9006707	7010717
S	accessed 04/21/99	9006707	7011179
S	accessed 04/05/99; accessed 05/11/99	9006707	7011636
S	accessed 06/24/99	9006707	7012050
S	accessed 10/24/00	9006707	7013050
S	accessed 03/16/99; accessed 03/17/99	9006707	7014986
S		9006707	7016190
S	accessed 01/03/2001	9006707	7016642
S	accessed 03/17/99	9006707	7016708
S	accessed 03/16/99	9006707	7017955
S		9006707	7023949
S	accessed 03/17/99	9006707	7024086
S	accessed 03/17/99	9006707	7024092
S	accessed 03/17/99	9006707	7024094
S	accessed 03/30/99	9006707	7024144
S	accessed 04/06/99	9006707	7024199
S	accessed 04/06/99	9006707	7024200
S	accessed 04/06/99	9006707	7024201
S	accessed 04/06/99	9006707	7024203
S	accessed 04/06/99	9006707	7024226
S	accessed 04/14/99	9006707	7024261
S	accessed 04/21/99	9006707	7024282
S	accessed 05/12/99	9006707	7024299
S	accessed 04/22/99	9006707	7024315
S	accessed 06/07/99	9006707	7024345
S	accessed 04/14/99	9006707	7024350
S	accessed 07/14/99	9006707	7024382
S	accessed 09/08/99	9006707	7024416
S	II, 657	9006707	7024417
S	accessed 09/08/99	9006707	7024418
S	accessed 09/13/99	9006707	7024419
S	accessed 09/14/99	9006707	7024430
S	accessed 09/14/99	9006707	7024433
S	accessed 09/21/99	9006707	7024438
S	accessed 10/08/99	9006707	7024439
S	accessed 10/14/99	9006707	7024441
S	accessed 05/30/2000	9006707	7024615
S		9006707	7024625
S	accessed 08/10/00	9006707	7025010
S	accessed 08/10/00	9006707	7025011
S	accessed 08/10/00	9006707	7025012
S	accessed 08/10/00	9006707	7025013
S	accessed 09/19/2000	9006707	7025319
S		9006707	7025523
S	accessed 10/30/2000	9006707	7025558
S	accessed 10/31/2000	9006707	7025559
S	10/20/2000; accessed 10/30/2000	9006707	7025561
S	accessed 04/15/99	9006707	7029444
S	accessed 01/20/99	9006707	1000119
S	accessed 10/30/2000	9006707	1000121
S	accessed 01/20/99	9006707	1000159
S	accessed 03/22/00	9006707	1000194
S	accessed 05/30/2000	9006707	1000199
S	accessed 05/30/2000; acessed 05/30/2000	9006707	1000403
S	accessed 05/30/2000	9006707	1006233
S	accessed 08/09/2000	9006707	1006323
S	accessed 04/09/99	9006707	1012926
S	accessed 04/22/99	9006707	1028639
S	accessed 03/09/2001	9006707	1030980
S	accessed 10/08/99	9006707	1099869
S	accessed 09/21/99	9006707	1100282
S	accessed 01/03/2001	9006707	1108814
S	accessed 06/02/99; accesseed 06/02/99	9006707	1113009
S	accessed 01/18/2001	9006707	1115068
S	accessed 04/14/99	9006707	1117418
S	accessed 03/16/99	9006707	1121168
S	accessed 03/16/99	9006707	1122024
S	accessed 03/16/99; accessed 03/17/99	9006707	1127805
S	accessed 02/05/2001	9006707	1136013
S	accessed 01/21/2001	9006707	1136216
S	accessed 03/21/99	9006707	2029797
S	accessed 04/19/99	9006707	2050948
S	accessed 10/30/2000	9006707	6000434
S	accessed 09/21/99	9006707	6000511
S	accessed 11/20/2000	9006707	6000570
S	accessed 09/13/99	9006707	6002288
S	accessed 05/19/99	9006707	7000231
S	accessed 04/14/99	9006707	7001095
S	accessed 04/21/99	9006707	7001188
S	accessed 8/17/98	9006707	7001535
S	accessed 10/30/2000	9006707	7002589
S	accessed 04/15/99	9006707	7002798
S	accessed 04/15/99	9006707	7002888
S	accessed 04/14/99	9006707	7002890
S	accessed 06/24/99	9006707	7004847
S	accessed 10/27/98	9006707	7005152
S	accessed 04/29/99	9006707	7006776
S	accessed 08/13/99	9006707	7006787
S	accessed 08/13/99	9006707	7006788
S	accessed 10/25/00	9006707	7010189
S	accessed 04/22/99	9006707	7010308
S	accessed 03/04/99	9006707	7013254
S	accessed 06/02/99	9006707	7014214
S	accessed 06/08/2000	9006707	7014466
S	accessed 04/03/00	9006707	7015191
S	accessed 04/26/2000	9006707	7015397
S	accessed 03/22/00	9006707	7016463
S	accessed 10/22/99	9006707	7016735
S	accessed 04/11/00	9006707	7016845
S	accessed 11/16/98	9006707	7023981
S	accessed 02/01/99	9006707	7024079
S	accessed 03/17/99	9006707	7024083
S	accessed 03/17/99	9006707	7024084
S	accessed 03/17/99	9006707	7024085
S	accessed 03/17/99	9006707	7024087
S	accessed 03/17/99	9006707	7024088
S	accessed 03/16/99	9006707	7024090
S	accessed 03/16/99; accessed 03/17/99	9006707	7024091
S	accessed 10/23/98	9006707	7024097
S	accessed 11/16/98	9006707	7024113
S	accessed 03/25/99, "Germany, history of"	9006707	7024135
S	accessed 03/30/99	9006707	7024143
S	accessed 03/30/99	9006707	7024145
S	accessed 04/14/99	9006707	7024258
S	accessed 04/15/99	9006707	7024269
S	accessed 04/14/99	9006707	7024270
S	accessed 04/15/99	9006707	7024272
S	accessed 04/14/99	9006707	7024273
S	accessed 04/15/99	9006707	7024274
S	accessed 04/15/99	9006707	7024275
S	accessed 04/14/99	9006707	7024276
S	accessed 04/15/99	9006707	7024277
S	accessed 04/21/99	9006707	7024281
S	accessed 06/02/99	9006707	7024304
S	accessed 04/15/99	9006707	7024343
S	accessed 06/07/99	9006707	7024346
S	accessed 06/07/99	9006707	7024347
S	accessed 06/24/99	9006707	7024360
S	accessed 06/24/99	9006707	7024362
S	accessed 06/24/99	9006707	7024364
S	accessed 06/24/99	9006707	7024365
S	accessed 08/01/99	9006707	7024370
S	accessed 08/01/99	9006707	7024371
S	accessed 08/02/99	9006707	7024374
S	accessed 08/02/99	9006707	7024375
S	accessed 08/02/99	9006707	7024376
S	accessed 07/14/99	9006707	7024383
S	accessed 07/14/99	9006707	7024385
S	accessed 06/14/99; accessed 07/14/99	9006707	7024388
S	accessed 07/14/99	9006707	7024389
S	accessed 08/27/99	9006707	7024395
S	accessed 09/07/99	9006707	7024403
S	accessed 09/07/99	9006707	7024407
S	accessed 09/07/99	9006707	7024408
S	accessed 09/08/99	9006707	7024412
S	accessed 05/30/2000	9006707	7024613
S	accessed 05/30/2000	9006707	7024616
S	accessed 05/30/2000	9006707	7024617
S	accessed 05/30/2000	9006707	7024620
S	accessed 05/30/2000	9006707	7024621
S	accessed 05/30/2000	9006707	7024622
S	accessed 06/08/2000; accessed 06/09/2000	9006707	7024650
S	accessed 06/08/2000	9006707	7024651
S	accessed 06/08/2000	9006707	7024652
S	accessed 12/06/2000	9006707	7025619
S	accessed 01/03/2001	9006707	7025824
S	accessed 01/03/2001	9006707	7025826
S	accessed 01/08/2001	9006707	7025844
S	accessed 01/08/2001	9006707	7025859
S	accessed 04/15/99	9006707	7029378
N	"Lake District." Accessed 04/02/2002.	9006900	7011996
N	"Lake District." Accessed 04/02/2002.	9006900	7010206
N		9006900	7018359
N	"Nabulus." Accessed 04/09/2002.	9006900	1099904
N	Accessed 04/09/2002.	9006900	1083902
N	"Ram Allah." Accessed 04/09/2002.	9006900	1083914
N		9006900	7029048
N	Accessed 04/10/2002.	9006900	7001388
N	Accessed 04/10/2002.	9006900	4001348
S	"Po River." Accessed 04/24/2002.	9006900	7010018
N	"Po River." Accessed 04/24/2002.	9006900	7029302
N	"Po River." Accessed 04/24/2002.	9006900	7029303
S	"Po River." Accessed 04/24/2002.	9006900	7029303
N		9006900	7003924
N		9006900	7003085
N	"Po River." Accessed 0424/2002.	9006900	1135587
N	Accessed 04/25/2002.	9006900	7004935
N	accessed 04/09/2002.	9006900	7029354
N	"Low Countries." Accessed 06/27/2002.	9006900	7029439
S	"Year in Review 1996: world-affairs: Israel." Accessed 04/10/2002.	9006900	1083875
S	Accessed 04/09/2002.	9006900	1083902
S	"Palestine, history of." Accessed 04/09/2002.	9006900	1083912
S		9006900	1086264
S		9006900	1100576
S	German name	9006900	1109287
S	Accessed 05/15/2002.	9006900	4000123
S		9006900	4001348
S	accessed 03/09/2001	9006900	4001768
S	accessed 7/26/01	9006900	6002058
S	Accessed 04/10/2002.	9006900	7000243
S	Accessed 04/10/2002; Accessed 04/10/2002.	9006900	7001388
S	accessed 8/01	9006900	7002435
S	"Po River." Accessed 04/24/2002.	9006900	7003085
S	accessed 8/01	9006900	7006006
S		9006900	7010206
S	Accessed 04/02/2002.	9006900	7011996
S	Accessed 04/08/2002.	9006900	7016849
S		9006900	7026054
S		9006900	7026057
S		9006900	7026065
S		9006900	7026066
S		9006900	7026086
S	accessed 03/08/2001	9006900	7026089
S		9006900	7026128
S		9006900	7026131
S		9006900	7026148
S		9006900	7026149
S		9006900	7026162
S	accessed 7/01	9006900	7027266
S		9006900	7028850
S	Accessed 04/09/2002.	9006900	7029048
S	"Low Countries." Accessed 06/27/2002.	9006900	7029439
S	accessed 03/09/2001	9006900	1028582
S	Accessed 04//09/2002.; Accessed 04/09/2002.	9006900	1083914
S		9006428	4008494
S	accessed 05/10/2001	9006900	6000714
S	accessed 05/10/2001	9006900	6002992
S	accessed 8/01	9006900	6006211
S	Accessed 04/08/2/002.; Accessed 04082002.	9006900	7001390
S	accessed 8/01	9006900	7016180
S	accessed 03/13/2001	9006900	7016749
S	accessed 04/09/2002; Accessed 04/09/2002.	9006900	7029354
N	"Pannonia." Accessed 21 July 2003	9006900	4008442
N	accessed June 27, 2003	9006900	7006430
N	accessed June 30, 2003	9006900	1025347
N	accessed July 2, 2003	9006900	7010736
N	accessed July 2, 2003	9006900	7010752
N	accessed July 2, 2003	9006900	7006423
N	accessed July 2, 2003	9006900	7010744
N	accessed 21 July 2003	9006900	7015505
N	accessed 21 July 2003	9006900	7011498
N	"Poland". accessed 21 July 2003	9006900	7006366
N	accessed 21 July 2003	9006900	7010258
N	accessed 21 July 2003	9006900	7013079
N	"Portugal." accessed 24 July 2003	9006900	1000090
N	"Sterlitamak."  accessed 224 July 2003	9006900	1059833
N	accessed 24 July 2003	9006900	7010312
N	"Batavian Republic."  accessed 24 July 2003	9006900	4001269
N	"Belgium."  accessed 24 July 2003	9006900	1000063
N	"Brabant."  accessed 24 July 2003	9006900	7003462
N	"Wallonia."  accessed 24 July 2003	9006900	4012014
N	"Anderlecht."  accessed 24 July 2003	9006900	7007855
N	"Brussels."  accessed 24 July 2003	9006900	7007868
N	"Etterbeek."  accessed 24 July 2003	9006900	7008814
N	"Forest"  accessed 28 July 2003	9006900	7007883
N	"Ixelles"  accessed 28 July 2003	9006900	1026511
N	"Molenbeek-Saint-Jean"  accessed 28 2003	9006900	7007958
N	"Schaerbeek"  accessed 28 July 2003	9006900	1026718
N	"Uccle"  accessed 28 July 2003	9006900	7008815
N	"Brussels"  accessed 30 July 2003	9006900	4012347
N	"Antwerp"  accessed 30 July 2003	9006900	7003456
N	"Flemish Brabant"  accessed 31 July 2003	9006900	7018239
N	"Limburg"  accessed 31 July 2003	9006900	7003461
N	"East Flancers"  accessed 31 July 2003	9006900	7003457
N	"West flanders"  accessed 31 July 2003	9006900	7003458
N	"Antwerp"  accessed 31 July 2003	9006900	7007856
N	"Lier"  accessed 31 July 2003	9006900	7016996
N	"Mechelen"  accessed 04 August 2003	9006900	7008736
N	"Louvain"  accessed 04 August 2003	9006900	7007949
N	"Genk"  accessed 04 August 2003	9006900	7007886
N	"Hasselt"  accessed 04 August 2003	9006900	7006947
N	"Aalst"  accessed 04 August 2003	9006900	7006843
S		9006428	1000006
S		9006428	1000122
S		9006428	1000141
S		9006428	1000153
S		9006428	4000000
S		9006428	4000001
S		9006428	4000058
S		9006428	4000060
S		9006428	4000068
S		9006428	4000106
S		9006428	4000123
S		9006428	4000173
S		9006428	4000201
S		9006428	4000210
S		9006428	4000225
S		9006428	4000226
S		9006428	4000270
S		9006428	4000298
S		9006428	4000299
S		9006428	4000318
S		9006428	4000321
S		9006428	4000332
S		9006428	4000440
S		9006428	4000453
S		9006428	4000475
S		9006428	4000483
S		9006428	4000506
S		9006428	4000520
S		9006428	4000627
S		9006428	4000643
S		9006428	4000727
S		9006428	4000818
S		9006428	4000918
S		9006428	4000987
S		9006428	4000988
S		9006428	4001016
S		9006428	4001045
S		9006428	4001064
S		9006428	4001128
S		9006428	4001140
S		9006428	4001142
S		9006428	4001173
S		9006428	4001178
S		9006428	4001193
S		9006428	4001260
S		9006428	4001269
S		9006428	4001299
S		9006428	4001336
S		9006428	4001348
S		9006428	4001362
S		9006428	4001541
S		9006428	4001645
S		9006428	4001717
S		9006428	4001791
S		9006428	4001836
S		9006428	4001894
S		9006428	4001905
S		9006428	4001923
S		9006428	4001945
S		9006428	4001946
S		9006428	4001964
S		9006428	4001992
S		9006428	4002050
S		9006428	4002106
S		9006428	4002116
S		9006428	4002229
S		9006428	4002378
S		9006428	4002437
S		9006428	4002456
S		9006428	4002462
S		9006428	4002474
S		9006428	4002533
S		9006428	4002552
S		9006428	4002572
S		9006428	4002591
S		9006428	4002678
S		9006428	4002707
S		9006428	4002766
S		9006428	4002795
S		9006428	4002828
S		9006428	4002932
S		9006428	4002993
S		9006428	4003032
S		9006428	4003040
S		9006428	4003047
S		9006428	4003119
S		9006428	4003215
S		9006428	4003228
S		9006428	4003280
S		9006428	4003297
S		9006428	4003310
S		9006428	4003415
S		9006428	4003472
S		9006428	4003488
S		9006428	4003525
S		9006428	4003565
S		9006428	4003572
S		9006428	4003576
S		9006428	4003583
S		9006428	4003628
S		9006428	4003659
S		9006428	4003678
S		9006428	4003694
S		9006428	4003755
S		9006428	4003756
S		9006428	4003757
S		9006428	4003758
S		9006428	4003759
S		9006428	4003760
S		9006428	4003761
S		9006428	4003777
S		9006428	4003785
S		9006428	4003786
S		9006428	4003850
S		9006428	4003871
S		9006428	4003911
S		9006428	4003918
S		9006428	4003988
S		9006428	4004028
S		9006428	4004036
S		9006428	4004037
S		9006428	4004038
S		9006428	4004039
S		9006428	4004088
S		9006428	4004147
S		9006428	4004256
S		9006428	4004257
S		9006428	4004265
S		9006428	4004295
S		9006428	4004310
S		9006428	4004315
S		9006428	4004316
S		9006428	4004320
S		9006428	4004370
S		9006428	4004412
S		9006428	4004465
S		9006428	4004536
S		9006428	4004539
S		9006428	4004541
S		9006428	4004543
S		9006428	4004545
S		9006428	4004552
S		9006428	4004619
S		9006428	4004646
S		9006428	4004655
S		9006428	4004710
S		9006428	4004712
S		9006428	4004747
S		9006428	4004779
S		9006428	4004785
S		9006428	4004856
S		9006428	4004901
S		9006428	4004918
S		9006428	4004968
S		9006428	4005069
S		9006428	4005112
S		9006428	4005122
S		9006428	4005124
S		9006428	4005125
S		9006428	4005128
S		9006428	4005133
S		9006428	4005167
S		9006428	4005206
S		9006428	4005214
S		9006428	4005247
S		9006428	4005250
S		9006428	4005264
S		9006428	4005332
S		9006428	4005346
S		9006428	4005347
S		9006428	4005361
S		9006428	4005362
S		9006428	4005363
S		9006428	4005364
S		9006428	4005365
S		9006428	4005462
S		9006428	4005518
S		9006428	4005568
S		9006428	4005592
S		9006428	4005605
S		9006428	4005607
S		9006428	4005659
S		9006428	4005665
S		9006428	4005666
S		9006428	4005701
S		9006428	4005737
S		9006428	4005761
S		9006428	4005801
S		9006428	4005817
S		9006428	4005891
S		9006428	4005944
S		9006428	4005946
S		9006428	4005948
S		9006428	4005975
S		9006428	4005978
S		9006428	4005983
S		9006428	4005984
S		9006428	4005995
S		9006428	4005997
S		9006428	4005999
S		9006428	4006002
S		9006428	4006004
S		9006428	4006008
S		9006428	4006009
S		9006428	4006022
S		9006428	4006118
S		9006428	4006143
S		9006428	4006155
S		9006428	4006208
S		9006428	4006215
S		9006428	4006234
S		9006428	4006241
S		9006428	4006275
S		9006428	4006316
S		9006428	4006321
S		9006428	4006323
S		9006428	4006439
S		9006428	4006440
S		9006428	4006441
S		9006428	4006442
S		9006428	4006443
S		9006428	4006444
S		9006428	4006449
S		9006428	4006450
S		9006428	4006500
S		9006428	4006548
S		9006428	4006600
S		9006428	4006618
S		9006428	4006622
S		9006428	4006634
S		9006428	4006693
S		9006428	4006813
S		9006428	4006903
S		9006428	4006917
S		9006428	4006938
S		9006428	4006947
S		9006428	4006985
S		9006428	4007004
S		9006428	4007109
S		9006428	4007159
S		9006428	4007174
S		9006428	4007204
S		9006428	4007277
S		9006428	4007347
S		9006428	4007446
S		9006428	4007487
S		9006428	4007514
S		9006428	4007571
S		9006428	4007725
S		9006428	4007961
S		9006428	4007969
S		9006428	4007975
S		9006428	4007980
S		9006428	4007983
S		9006428	4007999
S		9006428	4008116
S		9006428	4008235
S		9006428	4008254
S		9006428	4008279
S		9006428	4008301
S		9006428	4008379
S		9006428	4008442
S		9006428	4008536
S		9006428	4008545
S		9006428	4008561
S		9006428	4008601
S		9006428	4008661
S		9006428	4008708
S		9006428	4008726
S		9006428	4008750
S		9006428	4008751
S		9006428	4008779
S		9006428	4008867
S		9006428	4008952
S		9006428	4008961
S		9006428	4009007
S		9006428	4009008
S		9006428	4009026
S		9006428	4009045
S		9006428	4009050
S		9006428	4009064
S		9006428	4009169
S		9006428	4009369
S		9006428	4009428
S		9006428	4009511
S		9006428	4009533
S		9006428	4009556
S		9006428	4009600
S		9006428	4009719
S		9006428	4009722
S		9006428	4009810
S		9006428	4009879
S		9006428	4009891
S		9006428	4009923
S		9006428	4009933
S		9006428	4009964
S		9006428	4010016
S		9006428	4010052
S		9006428	4010053
S		9006428	4010086
S		9006428	4010301
S		9006428	4010302
S		9006428	4010468
S		9006428	4010491
S		9006428	4010531
S		9006428	4010555
S		9006428	4010564
S		9006428	4010639
S		9006428	4010660
S		9006428	4010666
S		9006428	4010680
S		9006428	4010681
S		9006428	4010707
S		9006428	4010709
S		9006428	4010710
S		9006428	4010738
S		9006428	4010761
S		9006428	4010816
S		9006428	4010846
S		9006428	4010925
S		9006428	4010927
S		9006428	4010942
S		9006428	4010955
S		9006428	4010963
S		9006428	4011067
S		9006428	4011070
S		9006428	4011131
S		9006428	4011135
S		9006428	4011147
S		9006428	4011182
S		9006428	4011188
S		9006428	4011193
S		9006428	4011200
S		9006428	4011210
S		9006428	4011379
S		9006428	4011385
S		9006428	4011401
S		9006428	4011415
S		9006428	4011430
S		9006428	4011486
S		9006428	4011495
S		9006428	4011496
S		9006428	4011497
S		9006428	4011498
S		9006428	4011499
S		9006428	4011500
S		9006428	4011515
S		9006428	4011565
S		9006428	4011582
S		9006428	4011586
S		9006428	4011616
S		9006428	4011617
S		9006428	4011738
S		9006428	4011753
S		9006428	4011766
S		9006428	4011808
S		9006428	4011811
S		9006428	4011832
S		9006428	4011907
S		9006428	4011916
S		9006428	4011947
S		9006428	4011951
S		9006428	4011966
S		9006428	4011980
S		9006428	4011996
S		9006428	4012019
S		9006428	4012114
S		9006428	4012120
S		9006428	4012151
S		9006428	4012157
S		9006428	4012175
S		9006428	4012390
S		9006428	4012405
S		9006428	4012452
S		9006428	4012460
S		9006428	4012512
S		9006428	4012521
S		9006428	4012539
S		9006428	4012542
S		9006428	4012546
S		9006428	4012547
S		9006428	4012564
S		9006428	4012566
S		9006428	4012601
S		9006428	4012636
S		9006428	4012637
S		9006428	4012657
S		9006428	4012660
S		9006428	4012661
S		9006428	4012742
S		9006428	4012762
S		9006428	4012787
S		9006428	4012841
S		9006428	6006299
S		9006428	7000081
S		9006428	7000231
S		9006428	7000250
S		9006428	7000350
S		9006428	7000483
S		9006428	7000640
S		9006428	7000643
S		9006428	7000765
S		9006428	7000767
S		9006428	7000811
S		9006428	7001015
S		9006428	7001037
S		9006428	7001093
S		9006428	7001105
S		9006428	7001111
S		9006428	7001168
S		9006428	7001171
S		9006428	7001196
S		9006428	7001218
S		9006428	7001247
S		9006428	7001267
S		9006428	7001278
S		9006428	7001283
S		9006428	7001294
S		9006428	7001312
S		9006428	7001319
S		9006428	7001338
S		9006428	7001352
S		9006428	7001354
S		9006428	7001355
S		9006428	7001358
S		9006428	7001360
S		9006428	7001363
S		9006428	7001364
S		9006428	7001367
S		9006428	7001371
S		9006428	7001373
S		9006428	7001375
S		9006428	7001383
S		9006428	7001389
S		9006428	7001391
S		9006428	7001403
S		9006428	7001406
S		9006428	7001407
S		9006428	7001409
S		9006428	7001410
S		9006428	7001439
S		9006428	7001445
S		9006428	7001448
S		9006428	7001454
S		9006428	7001455
S		9006428	7001526
S		9006428	7001554
S		9006428	7001583
S		9006428	7001632
S		9006428	7001663
S		9006428	7001758
S		9006428	7001860
S		9006428	7001867
S		9006428	7001900
S		9006428	7001931
S		9006428	7001932
S		9006428	7001997
S		9006428	7002137
S		9006428	7002262
S		9006428	7002268
S		9006428	7002270
S		9006428	7002281
S		9006428	7002296
S		9006428	7002303
S		9006428	7002305
S		9006428	7002312
S		9006428	7002327
S		9006428	7002341
S		9006428	7002344
S		9006428	7002345
S		9006428	7002351
S		9006428	7002354
S		9006428	7002436
S		9006428	7002448
S		9006428	7002470
S		9006428	7002474
S		9006428	7002495
S		9006428	7002499
S		9006428	7002507
S		9006428	7002557
S		9006428	7002575
S		9006428	7002601
S		9006428	7002603
S		9006428	7002608
S		9006428	7002611
S		9006428	7002630
S		9006428	7002632
S		9006428	7002634
S		9006428	7002675
S		9006428	7002683
S		9006428	7002702
S		9006428	7002705
S		9006428	7002710
S		9006428	7002722
S		9006428	7002735
S		9006428	7002849
S		9006428	7002862
S		9006428	7002882
S		9006428	7002919
S		9006428	7003012
S		9006428	7003028
S		9006428	7003052
S		9006428	7003060
S		9006428	7003071
S		9006428	7003126
S		9006428	7003193
S		9006428	7003223
S		9006428	7003270
S		9006428	7003306
S		9006428	7003315
S		9006428	7003382
S		9006428	7003396
S		9006428	7003408
S		9006428	7003420
S		9006428	7003423
S		9006428	7003428
S		9006428	7003488
S		9006428	7003506
S		9006428	7003514
S		9006428	7003536
S		9006428	7003568
S		9006428	7003574
S		9006428	7003587
S		9006428	7003596
S		9006428	7003599
S		9006428	7003606
S		9006428	7003619
S		9006428	7003622
S		9006428	7003676
S		9006428	7003681
S		9006428	7003682
S		9006428	7003686
S		9006428	7003712
S		9006428	7003755
S		9006428	7003835
S		9006428	7003867
S		9006428	7004067
S		9006428	7004070
S		9006428	7004082
S		9006428	7004127
S		9006428	7004128
S		9006428	7004149
S		9006428	7004167
S		9006428	7004195
S		9006428	7004338
S		9006428	7004396
S		9006428	7004399
S		9006428	7004402
S		9006428	7004421
S		9006428	7004434
S		9006428	7004437
S		9006428	7004453
S		9006428	7004531
S		9006428	7004538
S		9006428	7004540
S		9006428	7004544
S		9006428	7004550
S		9006428	7004569
S		9006428	7004650
S		9006428	7004671
S		9006428	7004679
S		9006428	7004694
S		9006428	7004705
S		9006428	7004721
S		9006428	7004757
S		9006428	7004783
S		9006428	7004973
S		9006428	7004981
S		9006428	7004985
S		9006428	7005004
S		9006428	7005059
S		9006428	7005095
S		9006428	7005118
S		9006428	7005174
S		9006428	7005190
S		9006428	7005196
S		9006428	7005236
S		9006428	7005249
S		9006428	7005277
S		9006428	7005362
S		9006428	7005441
S		9006428	7005475
S		9006428	7005477
S		9006428	7005480
S		9006428	7005498
S		9006428	7005499
S		9006428	7005567
S		9006428	7005603
S		9006428	7005605
S		9006428	7005615
S		9006428	7005629
S		9006428	7005633
S		9006428	7005663
S		9006428	7005670
S		9006428	7005725
S		9006428	7005738
S		9006428	7005739
S		9006428	7005773
S		9006428	7005880
S		9006428	7005931
S		9006428	7005960
S		9006428	7005998
S		9006428	7006024
S		9006428	7006044
S		9006428	7006062
S		9006428	7006149
S		9006428	7006196
S		9006428	7006301
S		9006428	7006329
S		9006428	7006453
S		9006428	7006470
S		9006428	7006473
S		9006428	7006478
S		9006428	7006532
S		9006428	7006540
S		9006428	7006625
S		9006428	7006626
S		9006428	7006657
S		9006428	7006755
S		9006428	7006793
S		9006428	7006833
S		9006428	7006834
S		9006428	7006837
S		9006428	7006838
S		9006428	7006843
S		9006428	7006865
S		9006428	7006871
S		9006428	7006894
S		9006428	7006897
S		9006428	7006932
S		9006428	7006949
S		9006428	7006977
S		9006428	7006980
S		9006428	7007039
S		9006428	7007081
S		9006428	7007103
S		9006428	7007104
S		9006428	7007105
S		9006428	7007118
S		9006428	7007142
S		9006428	7007169
S		9006428	7007276
S		9006428	7007281
S		9006428	7007300
S		9006428	7007315
S		9006428	7007385
S		9006428	7007397
S		9006428	7007398
S		9006428	7007416
S		9006428	7007445
S		9006428	7007460
S		9006428	7007480
S		9006428	7007487
S		9006428	7007494
S		9006428	7007495
S		9006428	7007507
S		9006428	7007542
S		9006428	7007552
S		9006428	7007559
S		9006428	7007597
S		9006428	7007601
S		9006428	7007634
S		9006428	7007649
S		9006428	7007650
S		9006428	7007651
S		9006428	7007652
S		9006428	7007653
S		9006428	7007657
S		9006428	7007659
S		9006428	7007661
S		9006428	7007677
S		9006428	7007697
S		9006428	7007718
S		9006428	7007724
S		9006428	7007727
S		9006428	7007750
S		9006428	7007769
S		9006428	7007777
S		9006428	7007787
S		9006428	7007816
S		9006428	7007831
S		9006428	7007837
S		9006428	7007841
S		9006428	7007844
S		9006428	7007845
S		9006428	7007848
S		9006428	7007883
S		9006428	7007905
S		9006428	7007912
S		9006428	7007913
S		9006428	7007931
S		9006428	7007932
S		9006428	7007933
S		9006428	7007946
S		9006428	7007951
S		9006428	7007955
S		9006428	7007958
S		9006428	7007962
S		9006428	7007978
S		9006428	7008015
S		9006428	7008042
S		9006428	7008058
S		9006428	7008081
S		9006428	7008094
S		9006428	7008104
S		9006428	7008114
S		9006428	7008138
S		9006428	7008162
S		9006428	7008205
S		9006428	7008345
S		9006428	7008388
S		9006428	7008512
S		9006428	7008539
S		9006428	7008551
S		9006428	7008573
S		9006428	7008586
S		9006428	7008617
S		9006428	7008643
S		9006428	7008650
S		9006428	7008653
S		9006428	7008662
S		9006428	7008696
S		9006428	7008702
S		9006428	7008705
S		9006428	7008821
S		9006428	7008840
S		9006428	7008853
S		9006428	7008854
S		9006428	7008869
S		9006428	7008872
S		9006428	7008886
S		9006428	7008913
S		9006428	7008927
S		9006428	7008963
S		9006428	7009035
S		9006428	7009076
S		9006428	7009077
S		9006428	7009080
S		9006428	7009084
S		9006428	7009099
S		9006428	7009252
S		9006428	7009256
S		9006428	7009263
S		9006428	7009264
S		9006428	7009267
S		9006428	7009270
S		9006428	7009271
S		9006428	7009275
S		9006428	7009280
S		9006428	7009282
S		9006428	7009284
S		9006428	7009286
S		9006428	7009290
S		9006428	7009291
S		9006428	7009294
S		9006428	7009297
S		9006428	7009362
S		9006428	7009395
S		9006428	7009462
S		9006428	7009465
S		9006428	7009474
S		9006428	7009566
S		9006428	7009572
S		9006428	7009629
S		9006428	7009673
S		9006428	7009707
S		9006428	7009733
S		9006428	7009875
S		9006428	7009889
S		9006428	7009940
S		9006428	7009967
S		9006428	7009981
S		9006428	7010018
S		9006428	7010091
S		9006428	7010097
S		9006428	7010119
S		9006428	7010120
S		9006428	7010122
S		9006428	7010123
S		9006428	7010124
S		9006428	7010137
S		9006428	7010146
S		9006428	7010188
S		9006428	7010192
S		9006428	7010196
S		9006428	7010251
S		9006428	7010256
S		9006428	7010257
S		9006428	7010262
S		9006428	7010273
S		9006428	7010282
S		9006428	7010292
S		9006428	7010306
S		9006428	7010311
S		9006428	7010315
S		9006428	7010317
S		9006428	7010321
S		9006428	7010328
S		9006428	7010345
S		9006428	7010357
S		9006428	7010371
S		9006428	7010411
S		9006428	7010417
S		9006428	7010473
S		9006428	7010485
S		9006428	7010487
S		9006428	7010491
S		9006428	7010522
S		9006428	7010608
S		9006428	7010645
S		9006428	7010678
S		9006428	7010739
S		9006428	7010768
S		9006428	7010770
S		9006428	7010798
S		9006428	7010803
S		9006428	7010815
S		9006428	7010826
S		9006428	7010835
S		9006428	7010844
S		9006428	7010851
S		9006428	7010864
S		9006428	7010869
S		9006428	7010870
S		9006428	7010882
S		9006428	7010883
S		9006428	7010886
S		9006428	7010897
S		9006428	7010926
S		9006428	7010934
S		9006428	7011003
S		9006428	7011019
S		9006428	7011083
S		9006428	7011095
S		9006428	7011127
S		9006428	7011182
S		9006428	7011283
S		9006428	7011290
S		9006428	7011295
S		9006428	7011339
S		9006428	7011344
S		9006428	7011354
S		9006428	7011368
S		9006428	7011404
S		9006428	7011423
S		9006428	7011429
S		9006428	7011448
S		9006428	7011466
S		9006428	7011473
S		9006428	7011482
S		9006428	7011486
S		9006428	7011489
S		9006428	7011490
S		9006428	7011502
S		9006428	7011508
S		9006428	7011510
S		9006428	7011527
S		9006428	7011573
S		9006428	7011591
S		9006428	7011608
S		9006428	7011630
S		9006428	7011636
S		9006428	7011637
S		9006428	7011655
S		9006428	7011687
S		9006428	7011691
S		9006428	7011695
S		9006428	7011697
S		9006428	7011708
S		9006428	7011709
S		9006428	7011710
S		9006428	7011711
S		9006428	7011715
S		9006428	7011719
S		9006428	7011724
S		9006428	7011725
S		9006428	7011731
S		9006428	7011740
S		9006428	7011747
S		9006428	7011749
S		9006428	7011752
S		9006428	7011753
S		9006428	7011806
S		9006428	7011808
S		9006428	7011809
S		9006428	7011810
S		9006428	7011811
S		9006428	7011813
S		9006428	7011818
S		9006428	7011819
S		9006428	7011821
S		9006428	7011824
S		9006428	7011929
S		9006428	7012115
S		9006428	7012249
S		9006428	7012266
S		9006428	7012304
S		9006428	7012318
S		9006428	7012363
S		9006428	7012364
S		9006428	7012368
S		9006428	7012369
S		9006428	7012371
S		9006428	7012372
S		9006428	7012376
S		9006428	7012381
S		9006428	7012382
S		9006428	7012383
S		9006428	7012393
S		9006428	7012591
S		9006428	7012611
S		9006428	7012633
S		9006428	7012670
S		9006428	7012675
S		9006428	7012772
S		9006428	7012796
S		9006428	7012799
S		9006428	7012847
S		9006428	7012865
S		9006428	7012913
S		9006428	7012963
S		9006428	7012967
S		9006428	7013231
S		9006428	7013245
S		9006428	7013292
S		9006428	7013472
S		9006428	7013482
S		9006428	7013496
S		9006428	7013648
S		9006428	7013713
S		9006428	7014086
S		9006428	7014184
S		9006428	7014299
S		9006428	7014359
S		9006428	7014393
S		9006428	7014410
S		9006428	7014578
S		9006428	7014598
S		9006428	7014673
S		9006428	7014741
S		9006428	7014782
S		9006428	7014829
S		9006428	7014842
S		9006428	7015391
S		9006428	7015448
S		9006428	7015491
S		9006428	7015499
S		9006428	7015531
S		9006428	7015540
S		9006428	7015813
S		9006428	7015931
S		9006428	7016140
S		9006428	7016296
S		9006428	7016434
S		9006428	7016444
S		9006428	7016452
S		9006428	7016465
S		9006428	7016532
S		9006428	7016540
S		9006428	7016543
S		9006428	7016544
S		9006428	7016546
S		9006428	7016547
S		9006428	7016548
S		9006428	7016606
S		9006428	7016619
S		9006428	7016642
S		9006428	7016668
S		9006428	7016676
S		9006428	7016683
S		9006428	7016711
S		9006428	7016716
S		9006428	7016735
S		9006428	7016739
S		9006428	7016752
S		9006428	7016775
S		9006428	7016786
S		9006428	7016798
S		9006428	7016821
S		9006428	7016872
S		9006428	7016879
S		9006428	7016881
S		9006428	7016882
S		9006428	7016886
S		9006428	7016893
S		9006428	7016898
S		9006428	7016934
S		9006428	7017000
S		9006428	7017020
S		9006428	7017041
S		9006428	7017074
S		9006428	7017076
S		9006428	7017152
S		9006428	7017202
S		9006428	7017234
S		9006428	7017250
S		9006428	7017285
S		9006428	7017393
S		9006428	7017394
S		9006428	7017398
S		9006428	7017399
S		9006428	7017433
S		9006428	7017449
S		9006428	7017461
S		9006428	7017484
S		9006428	7017495
S		9006428	7017524
S		9006428	7017529
S		9006428	7017920
S		9006428	7017995
S		9006428	7017998
S		9006428	7018040
S		9006428	7018159
S		9006428	7018175
S		9006428	7018177
S		9006428	7018638
S		9006428	7018694
S		9006428	7018835
S		9006428	7022231
S		9006428	7023890
S		9006428	7024097
S		9006428	7024407
S		9006428	7024408
S		9006428	7024409
S		9006428	7024412
S		9006428	7024413
S		9006428	7024414
S		9006428	7024415
S		9006428	7024416
S		9006428	7024417
S		9006428	7024418
S		9006428	7024433
S		9006428	7025825
S		9006428	7029365
S		9006428	7029372
S		9006428	7029385
S		9006428	7029386
S		9006428	7029440
S		2009007051	7018359
S	accessed 12/06/2000	9006883	6000856
S	accessed 12/06/2000	9006883	6001204
S	accessed 12/06/2000	9006883	6001678
S	accessed 12/06/2000	9006883	6001603
S	accessed 01/03/2001	9006884	1110757
S	accessed 01/03/2001	9006884	6003508
S	accessed 01/03/2001	9006884	6004344
S	accessed 01/03/2001	9006884	6005710
S	accessed 01/03/2001	9006884	6005847
S	accessed 01/03/2001	9006884	6005871
S	accessed 12/03/2001	9006884	7025828
S	accessed 01/03/2001	9006884	6003819
S	accessed 01/03/2001	9006884	6004291
S	accessed 01/03/2001	9006884	6005950
S	accessed 01/03/2001	9006884	7025827
S		9006971	7026342
