			N	7012005	A	Parish/ward of the City of Norwich.	1		7028446
1000000		4001769	N	7008160	A	Suburban development near Norwich.	1		4001769
			N	7008160	A	Nearby are the remains of a motte and bailey castle.	1		7028475
1000000		1029609	N	7008160	A		1		1029609
			N	7016849	A	Hebron is one of the oldest cities in this region of Palestine, located at an altitude of 3,000 ft, at an important crossroads, in an agricultural region where grapes, cereal grains, and vegetables are produced. It is sacred to Jews, Muslims, and Christians because of its associations with the biblical patriarchs Abraham, Isaac, Jacob and with King David. The Bible first mentions Hebron in connection with Abraham; the cave of Machpelah (also called the Cave of the Patriarchs; now enclosed by the Mosque of Ibrahim) is the traditional burial place of Abraham and Sarah, Isaac, Rebecca, Jacob, and Leah. David ruled the Hebrews from Hebron for seven years before moving his capital to Jerusalem. The city has been involved in many wars in Palestine; it was taken by Judas Maccabeus in the 2nd century BCE, destroyed by the Romans, conquered by Arabs in 636 CE, taken by Crusaders in 1099, taken by Saladin in 1187, later was part of the Ottoman Empire.	1		7029041
1000000		7002402	M	7016849	A	Town 20 miles SSW of Jerusalem, one of the 4 holy cities of the Talmud; site of the Cave of Machpelah, traditional burial place of Abraham & Sarah; is a sacred place for both Jews & Muslims; site of battles with Romans, & between Muslims & Crusaders.	1		7002402
1000000		1006029	N	1010215	P		1		1006029
1000000		4000111	N	4000106	P		1		7029364
1000000		1007636	N	1010215	P	Base for seaplanes & airplanes; since 1939 important aviation station under Anglo-American joint sponsorship; site of expedition observing total solar eclipse June 8, 1937.	1		1007636
1000000		4000111	N	4000106	P		1		4000111
1000000		7024264	N	1000070	A	Historic region included kingdom founded by Germanic people 5th cen.; conquered by Merovingians & incorporated into Frankish Empire 6th cen.; divided in 9th cen. & united as Kingdom of Burgundy or Arles 933; flourished culturally 14th-15th cen.	1		7024264
1000000		4001751	N	4000225	A		1		4001751
1000000		7001523	M	1001977	A	Documented in rent-roll of Mughal emperor Akbar in 16th cen.; English East India Company founded trading post in 17th cen.; taken by Siraj-ud-daula, Nawab of Bengal in 1756; riots between Muslims & Hindus late 1940s; today is one of world's busiest ports.	1		7001523
1000000		7018179	N	7018174	A		1		7018179
1000000		7018180	N	7018172	A		1		7018180
1000000		7018176	N	7018187	A		1		7018176
1000000		7018366	N	7018186	A		1		7018366
1000000		7018366	N	7018186	A		1		7029374
1000000		7024352	N	7024350	A	Refers to the eastern Frankish kingdom during the Merovingian period; comprises area of modern northeastern France & western & central Germany; home of ancestors of Carolingian dynasty; ruled by Ripuarian (Rhineland) Franks & rival of Neustria in 7th cen. gained ascendancy over other Frankish kingdoms when Pepin II defeated Neustrians; see also Merovingian Kingdom & Frankish Empire.	1		7024352
1000000		6000509	N	6000000	A	Eastern Frankish kingdom, 6th-8th century; covering present NE France & areas of Western & Central Germany.	1		6000509
1000000		1000130	N	1000004	A	Shares history with Mongolia region; home to Neolithic cultures; center of Hunnic empire 3rd cen. BC; ruled by Turks from 4th cen.; Mongol Empire established by Genghis Khan 13th cen.; ruled by Manchus 17-19th cen.; disputed by China & Russia 20th cen.; official language is Khalkha Mongolian, though Turkic, Russian, & Chinese are also spoken.	1		1000130
1000000		6004471	N	6000000	A		1		6004471
1000000		7011071	M	7002683	A	At one time the seven-gated city of Thebes was the seat of one of the oldest and greatest powers of Greece. Only a few ruins of the city remain today on the Cadmea, the acropolis of ancient Thebes. It was named for Cadmus, the mythical founder of the city. Thebes was the main city of ancient Boeotia, and is identified with many legends, including stories of Dirce, Epigonus, Oedipus and the Sphinx. It entered a power struggle with Athens in the 6th cen. BCE. It was destroyed by Alexander the Great.	1		7011071
1000000		7001297	N	7000123	A	Ancient city of Upper Egypt, site of royal residence & center of worship of Amon; reached apex in New Kingdom (ca. 1580-1080 BC) as storehouse for wealth of defeated nations; destroyed by Romans 29 BC.	1		7029382
			N	1000000	A	Refers to the area of the Pacific Ocean that is South of the equator.	1		7029368
1000000		4008119	N	4000225	A		1		4008119
1000000		7003714	N	7003712	A	It was the eastern part of Berlin, separated from West Berlin when the city was divided after World War II. From 1961 until 1989, the Berlin Wall separated the East and West portions of Berlin; the wall was a solid ring of barriers, consisting mostly of prefabricated concrete slabs, punctuated by heavily guarded crossing points, Checkpoint Charlie on Friedrichstrasse being the most famous.	1		7029436
1000000		7003713	M	7000080	A		1		7003713
1000000		7027454	N	7008154	A	Ellel Moor is here.	1		7027454
1000000		4003596	N	4000225	A		1		4003596
1000000		7003637	N	1000003	A	Region in N Europe bordering the North Sea encompassing modern Belgium, Netherlands & Luxembourg.	263		7003637
1000000		5000010	N	5000000	A		1		5000010
1000000		4007964	N	4000225	P	Within the logic of the TGN thesaurus, the nations of North America are linked to the "continent" "North and Central America."	1		4007964
1000000		3000015	N	3000001	A		1		3000015
1000000		1111940	N	1000070	A	Refers to a region in east central France, near Charolles, Burgudy. Through the centuries, it was held by the houses Burgundy, Bourhon, and Armagnac. It was in the hands of the Spanish Hapsburgs 1500-1684, and went to France in 1761.	1		1111940
1000000		6001296	N	7010680	A	Habsburg possession by 16th century.	1		6001296
1000000		7024351	N	7024350	A	Refers to the western Frankish kingdom during the Merovingian period; comprises area of modern France west of the Meuse & north of the Loire rivers; was rival of Austrasia in 7th cen.; by 11th cen., term refered to smaller area, sometimes synonymous with Normandy.	1		7024351
1000000		1029884	N	7008166	A	Was once one village along with East Marton.	1		7030097
1000000		4012163	N	7008166	A		1		4012163
1000000		4009207	N	7008118	A	Mercian capital in the 7th century; Repton public school, founded ca. 1556, incorporates the remains of a 12th-century priory.	1		4009207
			N	7008118	A		1		7029293
1000000		1030983	N	7008160	A		1		1030983
			N	7008160	A		1		7030185
1000000		7001447	M	1001083	A	Located on W bank of Nile river; site of 5 pyramids; earliest remains date to reign of King Snefru in mid-3rd mill. BC; one pyramid is bent due to change in angle during construction; another is first known true pyramid (as opposed to step pyramids).	1		7001447
1000000		1100518	N	1001418	A	Site of 5 pyramids located on W bank of Nile River; One pyramid noted as the bent pyramid due to change in angle of construction & is only Old Kingdom pyramid to have 2 entrances; the other structures contain jewelry and other precious objects.	1		1100518
1000000		1132107	N	1000001	P	Flows across USA-Canada boundary between E Alaska & W Yukon Territory.	1		1132107
1000000		2786519	N	7006450	P		1		2786519
1000000		1063547	N	7024622	A		1		1063547
1000000		1063545	N	7024622	A		1		1063545
			N	7017300	A		1		7031400
1000000		1101793	N	7017309	A		1		1101793
1000000		1110275	N	2000092	P		1		1110275
1000000		2640402	N	2000092	P		1		2640402
1000000		7001523	M	1001977	A	India's largest city and one of its major ports. It is located on the east bank of the Hooghly River, which was once the main channel of the Ganges River, about 96 miles upstream from the head of the Bay of Bengal. It was documented in rent-roll of Mughal emperor Akbar in the 16th century. The English East India Company founded a trading post here in the 17th century, which grew up on the sites of three local villages, Sutanati, Kalikata, and Gobindapore. It was taken by Siraj-ud-daula, Nawab of Bengal in 1756. There were notable riots between Muslims and Hindus in the late 1940s.	1		7029373
			N	7001491	A		1		7029376
1000000		6005901	N	7002396	A		13		6005901
1000000		6006765	M	7002396	A		15		7030210
1000000		7012205	M	7010680	A		1		7012205
1000000		7026969	M	7002443	A	County in northwestern Wales, with an area of 983 sq mi. and administrative headquarters in Caernarfon. Most of the area lies in Snowdonia National Park and it includes Snowdon, the highest mountain in Wales. Cattle and sheep farming, and some mining, are main industries. The kingdom of Gwynedd was ruled by a dynasty claiming descent from Cunedda; the royal residence was established first at Degannwy and later at Aberffraw, in Anglesey. As an administrative region, Gwynedd was recreated as a county in 1974 and was reformed in 1996 as a smaller area, losing Anglesey, which was reinstated as a county, and part of the northeast.	1		7026969
1000000		7008048	M	7000763	A	Includes former Anglesey county, Caernarvonshire & parts of Denbighshire & Merionethshire; named after Welsh princedom of Gwynedd, which resisted forces of Edward I in 14th cen.; stronghold of Welsh culture & language; farming has decreased recently.	1		7008048
1000000		4012130	N	7019057	A	There is a moated site here.	1		7029428
1000000		4012302	N	7019057	A		1		4012302
			N	7019057	A		1		7029399
1000000		4010940	N	7019057	A		1		4010940
1000000		7010366	N	7019057	A	Adjoins Bridlington.	1		7029346
1000000		4010368	N	7019057	A		1		4010368
1000000		7010366	N	7019057	A	There is an Anglo-Saxon burial ground here.	1		7029339
1000000		4009987	N	7019057	A		1		4009987
			N	7019057	A	A Norman church here features an Anglo-Saxon cross dating to ca. 1000. The manor here is named after a nunnery founded ca. 1150.	1		7029311
1000000		4008052	N	7019057	A		1		4008052
			N	7019057	A	Moats and earthworks of a Cistercian monastery (founded 1150) are here.	1		7029068
1000000		4007048	N	7019057	A		1		4007048
			N	7019057	A	The site of the medieval village adjoins Cowlam Manor. There is a Victorian church here with a Norman font.	1		7028831
1000000		4002989	N	7019057	A		1		4002989
1000000		7027854	N	7019054	A		1		7027854
1000000		4003609	N	7008146	A		1		4003609
1000000		7027898	N	7019055	A		1		7027898
1000000		5000843	N	7008146	A		1		5000843
1000000		7026573	N	7002445	A	Metropolitan county on the northwest coast of England; it was created in 1974 from southwestern Lancashire and northwestern Cheshire. It 1996 its administrative powers shifted to the five unitary authorities of Knowsley, Sefton, Wirral, St. Helens, and Liverpool.	1		7026573
1000000		7008158	M	7000760	A	Occupies both banks of River Mersey; comprises marshlands and low cliffs; proximity to Ireland has influenced place names and culture.	1		7008158
1000000		7026574	N	7002445	A	Metropolitan county in northern England, created in 1974 from the south part of the West Riding of Yorkshire and a small part of northeastern Derbyshire. The county council was abolished in 1986and administrative powers were devolved to the unitary authorities of Sheffield, Rotherham, Doncaster, and Barnsley. Agriculture is varied with sheep farming in the west on the Pennines, dairy farming on the lower slopes, and arable farming on the lowlands in the east. Industry includes iron and steel, and engineering. The county has an area of 1562 sq km (603 sq mi).	1		7026574
1000000		7008169	M	7010455	A	Diverse terrain ranging from Pennine moorlands to river valleys & woodlands; occupied since prehistoric times & by Romans as a military post; sparsely populated until cutlery industry began at Sheffield; includes some of country's main coalfields.	1		7008169
1000000		7026571	N	7002445	A	Metropolitan county in central England, created in 1974 out of southeastern Staffordshire, northwestern Warwickshire, and part of northeastern Worcestershire; in 1986 the county council was abolished and administrative power devolved to the new unitary authorities of Wolverhampton, Walsall, Dudley, Sandwell, Birmingham, Solihull, and Coventry; has an area of 347 sq mi.	1		7026571
1000000		7008179	M	7010455	A	Sparsely populated until Saxon occupation ca. 5th cen.; called "Black Country" because of coalfields, & heavy industries in Birmingham, Dudley & Wolverhampton; important for its vast systems of canals & railways, Rover car & Cadbury chocolate factories.	1		7008179
1000000		7026572	N	7002445	A	Metropolitan county in northeastern England with an area of 787 sq mi (2039 sq km), created in 1974 from the western part of the West Riding of Yorkshire. In 1986 the county council was abolished and administrative power devolved to the new unitary authorities of Bradford, Leeds, Calderdale, Kirklees, and Wakefield. Coalmining was formerly important but has declined. West Yorkshire remains the center of the English wool textile industry.	1		7026572
1000000		7008170	M	7010463	A	Comprises deep valleys and woodlands; Pennine uplands occupied by Anglo-Saxons and Scandinavians; seat of baronial power in Middle Ages and battles during War of Roses (1455-1485); steam power, mining, and waterpower stimulated growth during Industrial Revolution.	1		7008170
1000000		7008095	M	7002444	A	Island group and administrative region are coextensive; noted for mild climate and strong winds; economy is based on fishing, agriculture, and textiles; invaded by Norsemen who ruled island until the 15th century; remained outside Scottish history and tradition.	1		7008095
1000000		5000464	N	7029508	A		1		5000464
1000000		2011252	N	2011250	A		1		2011252
1000000		2221247	N	1002858	A		1		2221247
1000000		7026512	N	7002445	A		1		7026512
1000000		1003565	N	7002396	A		5		1003565
1000000		1094353	N	1001112	A		1		1094353
			N	1001097	A	Capital and religious center of the ancient kingdom of Kush. Established in the mid 15th century BCE, by the 8th century BCE, Napata became the seat of the Kushite monarchy that conquered Egypt ca. 715 BCE. The Kushites were pushed out of Egypt by the Assyrians in 664 BCEm and in 591 BCE, Napata was destroyed. The center of Kush then moved to Mero$04e, althouth Napata was resurrected and seems to have flourished until the late 4th century CE. 	1		7029588
1000000		7007481	M	7011731	P		1		7007481
1000000		7024692	N	7004723	P		1		7024692
			N	7007706	A		1		7029620
1000000		2505932	N	1002776	A		1		2505932
			N	7008117	A		1		7029622
			N	7008117	A		1		7028968
1000000		2025018	N	7023902	A		1		2025018
1000000		2747648	N	7023902	A		1		2747648
1000000		4006745	N	7003627	A		1		4006745
			N	7003627	A		1		7029799
			N	7002396	A		171		7029807
			N	7002396	A		172		7029808
1000000		7025560	M	7002396	A		6		7025560
1000000		6002114	N	7002396	A		22		6002114
			N	7018181	A	Located in Asia.	1		7029863
			N	7018181	A	Located near four major cities.	1		7029864
1000000		6006046	N	7002396	A	added as variant name to modern nation of Jordan.	163		6006046
1000000		7018690	N	7002396	A		164		7018690
1000000		6001470	N	7008134	A	Near Findon. Considered one of Britain's greatest prehistoric hillforts.	1		7030016
1000000		6001470	N	7008134	A	Remains of an Iron Age fort that was built on the site of an early Neolithic flint mining industry.	1		6001470
1000000		5000937	N	7019038	A	There is a church here with a Saxon cross; also an impressive motte and bailey site.	1		7029852
1000000		4001247	N	7019038	A		1		4001247
1000000		4002117	N	7019038	A		1		7029908
1000000		4002247	N	7019038	A		1		4002247
1000000		7024773	N	7008103	A	Sandy Lodge is the headquarters of the Royal Society for Protection of Birds.	1		7024773
1000000		1030535	N	7008103	A		1		1030535
			N	7003635	A		1		7029598
1000000		7006757	M	1006988	A		1		7006757
1000000		7024625	N	4012792	A	Built 135-139 CE on right bank of Tiber River at Ponte Sant'Angelo; originally mausoleum of Hadrian and Antonines; converted to fortress in the 5th century; site of Pope Gregory the Great's vision of archangel Michael in 590; refuge for popes in Middle Ages; made a papal residence in the 14th century; a prison until 1901; the main drum has a diameter of 64 meters and a height of 21 meters.	1		7024625
1000000		7009946	M	7015509	A		1		7009946
1000000		4008171	N	7019020	A		1		4008171
1000000		7026700	N	7019020	A		1		7026700
1000000		5000807	N	7008132	A		1		5000807
1000000		7026770	N	7008132	A	A famous arboretum is here; also a mansion by Vulliamy (1863-70).	1		7026770
1000000		4007842	N	7008116	A		1		4007842
			N	7008116	A		1		7029236
1000000		7010086	M	7008117	A		1		7010086
			N	7008117	A		1		7029222
1000000		7025903	N	7011961	A	Ancient manor house here.	1		7025903
1000000		7011275	M	7011961	A		1		7011275
1000000		7025841	N	7011961	A	Was once one town along with South Bowood.	1		7025841
1000000		5000785	N	7011961	A		1		5000785
1000000		7025842	N	7011961	A	Was once one town along with North Bowood.	1		7025842
1000000		5000786	N	7011961	A		1		5000786
			N	7019054	A		1		7028165
1000000		4011157	N	7019054	A		1		4011157
1000000		7026199	N	7008131	A		1		7026199
1000000		7026206	N	7008131	A		1		7026206
1000000		7023962	M	7023959	A	Founded by Etruscans; ruled by Romans 3rd cen. BC & Lombards 6th cen. AD; constitution 1179; medieval seat of Ghibelline power; rival of Florence; ruled by Charles of Anjou 13th cen., Visconti of Milan early 15th cen., & Medici of Florence after 1557.	1		7023962
1000000		7024074	N	7023959	A	Founded by Etruscans; ruled by Romans 3rd cen. BC & Lombards 6th cen. AD; constitution 1179; medieval seat of Ghibelline power; rival of Florence; ruled by Charles of Anjou 13th cen., Visconti of Milan early 15th cen., & Medici of Florence after 1557.	1		7024074
1000000		6006728	N	7002396	A		16		6006728
1000000		7002798	M	1000095	A	Situated in a triangular section of northeastern Spain, Catalu$09na is historically and in modern times an autonomous region of Span. Today it is  the most highly industrialized autonomous community of Spain. Most Catalan towns are along the Mediterranean shoreline and coastal plains. Inland agricultural products include traditional wine, almonds, grapes, olive oil for export and, more recently, fruits and vegetables..	1		7002798
1000000		6006765	N	7002396	A		15		6006765
1000000		7024277	N	1000003	A	Located in area of modern Spain; one of first Roman possessions in Spain; occupied by Goths in 5th cen.; captured by Moors in 712, & by Charlemagne in late 8th cen.; united with Arag$00on under same king in 1137; independent from Spain 1640-1653; autonomy prohibited by royal decree in 1716; separatist movement revived in 19th cen.; see also modern region Catalu$09na.	1		7024277
1000000		2010144	N	1002858	A		1		2010144
1000000		2149095	N	1002858	A		1		2149095
1000000		2048944	N	7016101	A		1		2048944
1000000		3000893	N	7016101	A		1		3000893
1000000		1111027	N	7001745	P		1		1111027
1000000		6005825	N	6000443	P		1		6005825
			N	7024414	A		1		7030334
1000000		6005971	N	6000081	A	Region of Roman empire, added in AD 44.	1		6005971
			N	7024414	A	Province of the ancient Roman Empire. The emperor Diocletian (284-305 CE), in his reorganization of the empire, formed two provinces, Byzacena and Tripolitania, from the southern and eastern parts of the old province of Africa. Tripolitania included the western part of Libya. The capital was Leptis Magna.	1		7030341
1000000		7000626	N	1000172	A	Was settled by Berbers; was a Phoenician colony named for its 3 constituent cities (treis poleis), Oea (Tripoli), Leptis Magna & Sabrata; fell to Numidia 146 BC; became Roman province; had successive occupation by Vandals, Byzantines, Arabs & Ottomans.	1		7000626
1000000		6006076	N	6000081	A	District of Byzantine empire, ceded to Arabs c. 641. Under the control of the Almohads by the 12th century. Vassalized by the Turks in 1551. Italian occupation in 1911. Independence (as Libya) in  1951.	1		6006076
1000000		7026344	N	7018760	A	The archaeological site of Deultum shows the remains of an ancient Thracian town closely connected with Athens and other Mediterranean and Black Sea sites from the 7th to the 3rd century BCE. Pottery found here has been the subject of archaeometric investigation. A small Roman colony for army veterans was founded here under the Emperor Vespasian (69-79 CE). Later it became a spa for curative baths and drinks of mineral water, known as Aquakalidae. A significant amount of Imperial Roman colonial coinage has been found here. In medieval times a fortified watchtower was erected here. 	1		7026344
1000000		7026345	N	7001303	A	On the Black Sea coast in southeastern Bulgaria near modern Burgas; there is evidence of almost continuous occupation from the Bronze Age up to the 14th century CE; ancient Thracian town closely connected with Athens and other Mediterranean and Black Sea sites, 7th-3rd centuries BCE; pottery found here has been the subject of archaeometric investigation; Roman colony founded here under Vespasian (emperor 69-79 CE).	1		7026345
1000000		1079440	N	1001441	A		1		1079440
1000000		6005479	N	7016606	A	City in Assyria, added to the Roman Empire ca. 116-117 CE.	1		6005479
1000000		1086843	N	1001060	A		1		1086843
1000000		6005197	N	7016738	A	Capital of ancient Syrian province of Commagene.	1		6005197
1000000		7024414	M	7029392	A	Refers to the great empire that succeeded the Roman Republic and had its capital at Rome, Italy; it began when Octavius Caesar defeated Mark Antony and Egypt's Cleopatra in 31 BCE. At its greatest extent in the 1st century CE it included Europe from Spain to the Persian Gulf, Britain, the Arabian Peninsula, Asia Minor, and North Africa. It is traditionally held to end in the 4th century after its division into four parts by Diocletian, and a brief reunification under Constantine the Great from 324-395.	1		7024414
			N	7029392	A	Refers to the ancient state that centered on the city of Rome, from the time of the events leading up to the founding of the republic in 509 BCE, through the establishment of the empire in 27 BCE, to the final eclipse of the Empire of the West in the 5th century CE.	1		7029453
1000000		1086812	N	1001509	A		1		1086812
1000000		6005961	N	7002785	A	Founded ca. 100 BCE by King Tigranes I of Armenia (reigned 95-55 BCE) to be his southern capital. It was located on the borders of Armenia and Mesopotamia although the actual site is disputed. In 69 BCE, the Roman general Lucius Licinius Lucullus captured the city.	1		6005961
1000000		1099969	N	1000639	A	A Pre-Columbian archeological site in the highlands of southwestern Guatemala, near the city of Huehuetenango. Zaculeu was the capital of the Mam kingdom of the Mayan civilization. The site was first occupied in the 5th century, and the buildings from this era show the influence of Teotihuacan. The bulk of the site's construction dates from the Post-Classic era, from the 10th century until the early 16th century. There were a number of temple-pyramids and governmental palaces around a series of plazas, and a court for playing the Mesoamerican ball game. The site was originally fortified with walls. The city was attacked by the Conquistador Pedro de Alvarado in 1525, but the city was able to defend itself against the Spanish at first. Alvarado left his brother Gonzalo de Alvarado in charge of a seige; the city was defended by the Mam king Caibil Balam. The siege lasted a month and the Mam, reduced to starvation, surrendered in October. After this Zaculeu was abandoned, and the new city of Huehuetenango was established about 5 km away.In the late 1940s the United Fruit Company sponsored archeological excavations and restorations.	1		1099969
1000000		6006662	N	7007226	A	Commercial centre of Maya kingdom.	1		6006662
1000000		7016027	M	7019611	P		1		7016027
1000000		2637686	N	7019761	P		1		2637686
1000000		6005574	N	1000080	A	Alpine area in Italy, formerly part of Tyrol, Austria.	1		6005574
1000000		7015540	N	7003124	A	Former administrative district now part of province; German-speaking residents in conflict with language pact of 1969 between Austria and Germany. See also Austrian state of Tirol.	1		7015540
1000000		5001917	N	7002681	A	Was located in strategic place in ancient times, on road connecting Athens, Eleusis and Thebes; has remains of ancient wall and towers.	1		5001917
1000000		1042008	N	7002681	A		1		1042008
1000000		1095325	N	1001088	A		1		1095325
			N	1001088	A		1		7030518
1000000		7016015	M	7019767	P	The most westerly of the Aleutian Islands, once a prosperous Atka Aleut settlement; occupied by Japanese in June 1942 & retaken by US in May-June 1943.	1		7016015
1000000		2139967	N	7030516	P		1		2139967
1000000		2714649	N	7019760	A		1		2714649
1000000		7022129	N	2124002	A		1		7022129
1000000		1113185	N	7000507	P		1		1113185
			N	7000507	A		1		7030602
1000000		1079538	N	1000808	A		1		1079538
1000000		1079594	N	1000808	A		1		1079594
