			P	P		7012005	7028446
		C	P	P		7008160	4001769
			P	P		7008160	7028475
		C	P	P		7008160	1029609
			P	P		7016849	7029041
		C	P	P		7016849	7002402
		C	P	P		1010215	1006029
		C	P	P		4000106	7029364
		C	P	P		1010215	1007636
		C	P	P		1007636	1009242
		C	P	P		1007636	1012359
		C	P	P		1007636	1098756
		C	P	P		1007636	1098761
		C	P	P		1007636	1114429
		C	P	P		4000106	4000111
		C	P	P		1000070	7024264
		C	N	P		7024264	1035379
		C	N	P		7024264	7008221
		C	N	P		7024264	7008223
		C	N	P		7024264	7008224
		C	N	P		7024264	7008237
		C	N	P		7024264	7008242
		C	N	P		7024264	7008243
		C	N	P		7024264	7008244
		C	P	P		4000225	4001751
		C	P	P		1001977	7001523
		C	P	P		7001523	1003948
		C	P	P		7001523	1004018
		C	P	P		7001523	1004034
		C	P	P		7001523	1004237
		C	P	P		7001523	1004260
		C	P	P		7001523	1004859
		C	P	P		7001523	1005621
		C	P	P		7001523	1005686
		C	P	P		7001523	1005712
		C	P	P		7001523	1005741
		C	P	P		7001523	1116105
		C	P	P		7001523	7010431
		C	P	P		7018174	7018179
		C	P	P		7018172	7018180
		C	P	P		7018187	7018176
		C	P	P		7018186	7018366
		C	P	P		7018186	7029374
		H	P	P		7024350	7024352
		C	P	P		6000000	6000509
		C	P	P		1000004	1000130
		C	P	P		1000130	1001046
		C	P	P		1000130	1001047
		C	P	P		1000130	1001132
		C	P	P		1000130	1001133
		C	P	P		1000130	1001163
		C	P	P		1000130	1001192
		C	P	P		1000130	1001199
		C	P	P		1000130	1001202
		C	P	P		1000130	1001222
		C	P	P		1000130	1001223
		C	P	P		1000130	1001226
		C	P	P		1000130	1001227
		C	P	P		1000130	1001269
		C	P	P		1000130	1001505
		C	P	P		1000130	1001527
		C	P	P		1000130	1001559
		C	P	P		1000130	1001589
		C	P	P		1000130	1002065
		C	P	P		1000130	1103408
		C	P	P		1000130	1103642
		C	P	P		1000130	1108750
		C	P	P		1000130	1108751
		C	P	P		1000130	1108756
		C	P	P		1000130	1108834
		C	P	P		1000130	1108889
		C	P	P		1000130	1108891
		C	P	P		1000130	1109707
		C	P	P		1000130	1109954
		C	P	P		1000130	1115339
		C	P	P		1000130	1115867
		C	P	P		1000130	1116058
		C	P	P		1000130	1120791
		C	P	P		1000130	1120839
		C	P	P		1000130	1120855
		C	P	P		1000130	1120868
		C	P	P		1000130	1121613
		C	P	P		1000130	1122649
		C	P	P		1000130	1122687
		C	P	P		1000130	1122698
		C	P	P		1000130	1122838
		C	P	P		1000130	1122855
		C	P	P		1000130	1123363
		C	P	P		1000130	1123601
		C	P	P		1000130	1123669
		C	P	P		1000130	1124812
		C	P	P		1000130	1125164
		C	P	P		1000130	1128111
		C	P	P		1000130	1128140
		C	P	P		1000130	1129358
		C	P	P		1000130	1129827
		C	P	P		1000130	1130429
		C	P	P		1000130	1130502
		C	P	P		1000130	1130509
		C	P	P		1000130	1130578
		C	P	P		1000130	1131158
		C	P	P		1000130	7002013
		C	P	P		6000000	6004471
		C	P	P		7002683	7011071
		C	P	P		7000123	7029382
			P	P		1000000	7029368
		C	P	P		4000225	4008119
		H	P	P		7003712	7029436
		H	P	P		7000080	7003713
		C	P	P		7008154	7027454
		C	P	P		4000225	4003596
		C	P	P		1000003	7003637
		C	P	P		5000000	5000010
		C	P	P		4000225	4007964
		C	P	P		3000001	3000015
		C	P	P		1000070	1111940
		C	P	P		7010680	6001296
		C	P	P		7024350	7024351
		C	P	P		7010680	7012205
		C	P	P		7002443	7026969
		C	P	P		7026969	1011336
		C	P	P		7026969	1012847
		C	P	P		7026969	1064559
		C	P	P		7026969	1064561
		C	P	P		7026969	1064565
		C	P	P		7026969	1064567
		C	P	P		7026969	1064575
		C	P	P		7026969	1064578
		C	P	P		7026969	1064581
		C	P	P		7026969	1064584
		C	P	P		7026969	1064586
		C	P	P		7026969	1064631
		C	P	P		7026969	1064643
		C	P	P		7026969	1064646
		C	P	P		7026969	1064647
		C	P	P		7026969	1064681
		C	P	P		7026969	1064682
		C	P	P		7026969	1064685
		C	P	P		7026969	1064700
		C	P	P		7026969	1064701
		C	P	P		7026969	1064722
		C	P	P		7026969	1064733
		C	P	P		7026969	1064753
		C	P	P		7026969	1064759
		C	P	P		7026969	1064781
		C	P	P		7026969	1064797
		C	P	P		7026969	1064801
		C	P	P		7026969	1064838
		C	P	P		7026969	1064844
		C	P	P		7026969	1064849
		C	P	P		7026969	1064850
		C	P	P		7026969	1103749
		C	P	P		7026969	1104108
		C	P	P		7026969	1104709
		C	P	P		7026969	1106513
		C	P	P		7026969	1111405
		C	P	P		7026969	1112646
		C	P	P		7026969	1113640
		C	P	P		7026969	1113947
		C	P	P		7026969	1114919
		C	P	P		7026969	1118367
		C	P	P		7026969	1123595
		C	P	P		7026969	1123600
		C	P	P		7026969	1123650
		C	P	P		7026969	1124205
		C	P	P		7026969	1128849
		C	P	P		7026969	1131057
		C	P	P		7026969	1131857
		C	P	P		7026969	1138714
		C	P	P		7026969	4003095
		C	P	P		7026969	4006466
		C	P	P		7026969	4006476
		C	P	P		7026969	4006500
		C	P	P		7026969	4008855
		C	P	P		7026969	4011340
		C	P	P		7026969	6002322
		C	P	P		7026969	7008724
		C	P	P		7026969	7008824
		C	P	P		7026969	7008828
		C	P	P		7026969	7008846
		C	P	P		7026969	7012160
		C	P	P		7026969	7012229
		C	P	P		7026969	7017243
		C	P	P		7026969	7017287
		C	P	P		7000763	7008048
		C	P	P		7008048	4006773
		C	P	P		7019057	7029428
		C	P	P		7019057	4012302
			P	P		7019057	7029399
		C	P	P		7019057	4010940
		C	P	P		7019057	7029346
		C	P	P		7019057	4010368
		C	P	P		7019057	7029339
		C	P	P		7019057	4009987
			P	P		7019057	7029311
		C	P	P		7019057	4008052
			P	P		7019057	7029068
		C	P	P		7019057	4007048
			P	P		7019057	7028831
		C	P	P		7019057	4002989
		C	P	P		7019054	7027854
		C	P	P		7008146	4003609
		C	P	P		7019055	7027898
		C	P	P		7008146	5000843
		C	P	P		7002445	7026573
		C	P	P		7026573	1003614
		C	P	P		7026573	1003639
		C	P	P		7026573	1003641
		C	P	P		7026573	1003666
		C	P	P		7026573	1004884
		C	P	P		7000760	7008158
		C	P	P		7008158	7010610
		C	P	P		7002445	7026574
		C	N	P		7008171	7026574
		C	P	P		7026574	7019047
		C	P	P		7026574	7019048
		C	P	P		7026574	7019049
		C	P	P		7026574	7019053
		C	P	P		7010455	7008169
		C	P	P		7008169	4000356
		C	P	P		7008169	4000361
		C	P	P		7008169	4001658
		C	P	P		7008169	4001908
		C	P	P		7008169	4001992
		C	P	P		7008169	4004786
		C	P	P		7008169	4004833
		C	P	P		7008169	4005009
		C	P	P		7008169	4005115
		C	P	P		7008169	4012041
		C	P	P		7008169	4012138
		C	P	P		7008169	4012371
		C	P	P		7008169	4012378
		C	P	P		7008169	5000913
		C	P	P		7008169	5000954
		C	P	P		7002445	7026571
		C	P	P		7026571	7019026
		C	P	P		7026571	7019027
		C	P	P		7026571	7019028
		C	P	P		7026571	7019029
		C	P	P		7026571	7019030
		C	P	P		7026571	7019031
		C	P	P		7026571	7019032
		C	P	P		7010455	7008179
		C	P	P		7008179	4007816
		C	P	P		7002445	7026572
		C	N	P		7008171	7026572
		C	P	P		7026572	1003567
		C	P	P		7026572	1003573
		C	P	P		7026572	1003611
		C	P	P		7026572	7019038
		C	P	P		7026572	7019040
		C	P	P		7010463	7008170
		C	P	P		7008170	1030407
		C	P	P		7008170	4001247
		C	P	P		7008170	4002247
		C	P	P		7008170	4004142
		C	P	P		7008170	4008340
		C	P	P		7008170	4008462
		C	P	P		7008170	4010520
		C	P	P		7008170	4011251
		C	P	P		7002444	7008095
		C	P	P		7008095	1006600
		C	P	P		7008095	1007071
		C	P	P		7008095	1007097
		C	P	P		7008095	1007123
		C	P	P		7008095	1007350
		C	P	P		7008095	1008231
		C	P	P		7008095	1008236
		C	P	P		7008095	1008393
		C	P	P		7008095	1008527
		C	P	P		7008095	1009570
		C	P	P		7008095	1009599
		C	P	P		7008095	1009710
		C	P	P		7008095	1009719
		C	P	P		7008095	1009781
		C	P	P		7008095	1010199
		C	P	P		7008095	1112931
		C	P	P		7008095	1113722
		C	P	P		7008095	1114929
		C	P	P		7008095	1114946
		C	P	P		7008095	1115017
		C	P	P		7008095	1115063
		C	P	P		7008095	4009644
		C	P	P		7008095	5000464
		C	P	P		7008095	7009897
		C	P	P		7029508	5000464
		C	P	P		2011250	2011252
		C	P	P		1002858	2221247
		C	P	P		7002445	7026512
		C	P	P		7026512	1029381
		C	P	P		7026512	7010403
		C	P	P		7026512	7027478
	0	C	P	P	0	7002396	1003565
		C	P	P		1001112	1094353
		C	N	P		1000201	7029588
		C	P	P		1001097	7029588
		H	N	P		7029585	7029588
		C	P	P		7011731	7007481
		C	P	P		7004723	7024692
		C	P	P		7007706	7029620
		C	P	P		1002776	2505932
		C	P	P		7008117	7029622
		C	P	P		7023902	2025018
		C	P	P		2025018	2025019
		C	P	P		7023902	2747648
		C	P	P		7003627	4006745
		C	P	P		7003627	7029799
		C	P	P		7002396	7029807
		C	P	P		7002396	7029808
		C	P	P		7002396	7025560
		C	N	P		7018749	7025560
since when has this not been working	9999	C	P	P	-100	7002396	6002114
		C	P	P		7018181	7029863
		C	P	P		7018181	7029864
		C	P	P		7008166	7030097
		C	P	P		7008166	4012163
		C	P	P		7008118	4009207
		C	P	P		7008118	7029293
		C	P	P		7008160	1030983
		C	P	P		7008160	7030185
		C	P	P		1001083	7001447
		C	P	P		1001418	1100518
		C	P	P		1000001	1132107
		C	P	P		7006450	2786519
		C	P	P		7024622	1063547
		C	P	P		7024622	1063545
		C	P	P		7017300	7031400
		C	P	P		7017309	1101793
		C	P	P		2000092	1110275
		C	P	P		2000092	2640402
		C	P	P		1001977	7029373
		C	P	P		7029373	1003948
		C	P	P		7029373	1004018
		C	P	P		7029373	1004034
		C	P	P		7029373	1004237
		C	P	P		7029373	1004260
		C	P	P		7029373	1004859
		C	P	P		7029373	1005621
		C	P	P		7029373	1005686
		C	P	P		7029373	1005712
		C	P	P		7029373	1005741
		C	P	P		7029373	1116105
		C	P	P		7029373	7010431
		C	P	P		7001491	7029376
		C	P	P		7002396	6005901
		C	P	P		7002396	7030210
		C	N	P		6000234	7030210
		C	P	P		7000507	1113185
		C	P	P		7000507	7030602
		C	P	P		1000808	1079538
		C	P	P		1000808	1079594
		C	P	P		7002396	6006046
		C	N	P		7021554	6006046
		C	P	P		7002396	7018690
		C	P	P		7008134	7030016
		C	P	P		7008134	6001470
		C	P	P		7019038	7029852
		C	P	P		7019038	4001247
		C	P	P		7019038	7029908
		C	P	P		7019038	4002247
		C	P	P		7008103	7024773
		C	P	P		7008103	1030535
		C	P	P		7003635	7029598
		C	P	P		1006988	7006757
		H	P	P		4012792	7024625
		C	P	P		7015509	7009946
		C	P	P		7019020	4008171
		C	P	P		7019020	7026700
		C	P	P		7008132	5000807
		C	P	P		7008132	7026770
		C	P	P		7008116	4007842
		C	P	P		7008116	7029236
		C	P	P		7008117	7010086
		C	P	P		7008117	7029222
		C	P	P		7011961	7025903
		C	P	P		7011961	7011275
		C	P	P		7011961	7025841
		C	P	P		7011961	5000785
		C	P	P		7011961	7025842
		C	P	P		7011961	5000786
		C	P	P		7019054	7028165
		C	P	P		7019054	4011157
		C	P	P		7008131	7026199
		C	P	P		7008131	7026206
		C	P	P		7023959	7023962
		C	P	P		7023959	7024074
		C	P	P		7002396	6006728
		C	P	P		1000095	7002798
		C	P	P		7002798	1012643
		C	P	P		7002396	6006765
		C	N	P		6000234	6006765
		C	P	P		7002798	1105560
		C	P	P		7002798	1108849
		C	P	P		7002798	1108874
		C	P	P		7002798	1109368
		C	P	P		7002798	1122530
		C	P	P		7002798	1130756
		C	P	P		7002798	1130960
		C	P	P		7002798	7002808
		C	P	P		7002798	7002820
		C	P	P		7002798	7002844
		C	P	P		7002798	7008912
		H	P	P		1000003	7024277
		H	N	P		1000095	7024277
		C	P	P		1002858	2010144
		C	P	P		1002858	2149095
		C	P	P		7016101	2048944
		C	P	P		7016101	3000893
		C	P	P		7001745	1111027
		C	P	P		6000443	6005825
		H	N	P		6003780	7030334
from ca. 42 CE	450	H	P	P	42	7024414	7030334
		C	P	P		6000081	6005971
ca. 46-before 27 BCE	-27	H	P	P	-46	7024414	7030341
		H	N	P		6000082	7030341
		C	P	P		1000172	7000626
		C	P	P		6000081	6006076
		C	P	P		7018760	7026344
		C	P	P		7001303	7026345
		C	N	P		7018760	7026345
		C	P	P		1001441	1079440
from ca. 116-117 CE	400	H	N	P	115	7024414	6005479
		H	P	P		7016606	6005479
		C	P	P		1001060	1086843
		H	P	P		7016738	6005197
		H	P	P		7029392	7024414
		C	N	P		7029453	7024414
from 15 BCE	450	H	P	P	-15	7024414	7013254
		C	P	P		7024414	6001496
ca. 27 BCE-ca. 451 CE	451	H	P	P	-27	7024414	6002234
ca. 27 BCE-ca. 451 CE	451	H	P	P	-27	7024414	6002235
from ca. 15 BCE	450	H	P	P	-20	7024414	6004302
197 BCE-409 CE	409	H	P	P	-197	7024414	6005831
from 146 BCE	450	H	P	P	-146	7024414	6000082
by 14 CE	409	H	P	P	10	7024414	6000567
Venetia was under Roman rule by 2nd century BCE, invaded by Huns in mid-5th century CE	500	H	P	P	-300	7024414	7029452
27 BCE-409 CE	409	H	P	P	-27	7024414	7030114
35 BCE-after 395 CE	405	H	N	P	-35	7024414	4008442
		H	N	P		7024414	7015451
		H	N	P		7024414	6004562
		H	N	P		7024414	7015546
		H	N	P		7024414	7001303
from the first century CE	500	H	N	P	0	7024414	7016683
		H	N	P		7024414	7016608
		H	N	P		7024414	4004256
		C	P	P		7024414	7030316
from ca. 30 BCE	500	H	N	P	-30	7024414	7016746
		H	N	P		7024414	7030323
ca. 167 BCE-395 CE	395	H	P	P	-167	7024414	7030330
from 168 BCE	450	H	N	P	-168	7024414	7001349
became a Roman protectorate in 85 BCE, a province in 25 BCE	350	H	N	P	-85	7024414	7016662
from 17 CE	450	H	N	P	17	7024414	6003016
		C	P	P		7024414	7030331
		H	N	P		7024414	7001294
from 130 BCE	450	H	N	P	-130	7024414	7002611
from 146 BCE	450	H	P	P	-146	7024414	7030332
from 67 BCE	450	H	N	P	-67	7024414	7000643
from 30 BCE	400	H	N	P	-30	7024414	7014986
		C	N	P		7024414	7030333
		C	N	P		7024414	6003780
from ca. 42 CE	450	H	P	P	42	7024414	7030336
from ca. 42 CE	450	H	P	P	42	7024414	7030335
from the 1st century BCE	450	H	N	P	-100	7024414	7001407
ca. 46-before 27 BCE	-27	H	P	P	-46	7024414	7030339
ca. 46-before 27 BCE	-27	H	P	P	-46	7024414	7030340
ca. 46-before 27 BCE	-27	H	P	P	-46	7024414	7030342
from the 1st century BCE	500	H	N	P	-100	7024414	7002470
		C	P	P		7024414	7030345
from 17 CE	450	H	N	P	17	7024414	7016738
Roman province 114-117 CE; also controlled by Rome intermittently before and after these dates	390	H	N	P	-100	7024414	7004538
		C	P	P		7029392	7029453
		C	N	P		7029453	7024415
		C	N	P		7029453	7024407
		C	N	P		7029453	7030347
		C	P	P		1001509	1086812
		C	P	P		7002785	6005961
		C	N	P		7004538	6005961
		C	P	P		1000639	1099969
		H	P	P		7007226	6006662
		C	P	P		7019611	7016027
		C	P	P		7019761	2637686
area was transferred from Austria to Italy in 1918	9999	C	P	P	1918	1000080	6005574
		C	P	P		7003124	7015540
		C	P	P		7002681	5001917
		C	P	P		7002681	1042008
		C	P	P		1001088	1095325
		C	P	P		1001088	7030518
		C	P	P		7019767	7016015
		C	P	P		7030516	2139967
		C	P	P		7019760	2714649
		C	P	P		2124002	7022129
		C	N	P		2236159	7022129
