NA		N	1		C	NA	P			7028446	Bowthorpe	1001172931	N	V
NA			1		C	NA	P			4001769	Bowthorpe	145167	N	V
NA	recorded in 1086	NA	2	1500	H	NA	V		800	4001769	Boethorp	1001172349	N	V
NA	recorded in 1086	NA	3	1500	H	NA	V		800	4001769	Bowethorp	1001172350	N	V
NA	recorded in 1086	NA	2	1500	H	NA	V		800	7028475	Hosforda	1001173035	N	V
NA		N	1		C	NA	P			7028475	Horsford	1001173034	N	V
NA			1		C	NA	P			1029609	Horsford	29956	N	V
NA		N	1		C	NA	P			7029041	Al-khal$46il	1001174577	N	V
NA	in reference to Abraham, meaning The Beloved of [God] the Merciful	NA	2	9999	C	NA	V		-2000	7029041	Al-khal$46il Ar-ra$46hm$46an	1001174578	N	V
NA		NA	6		C	NA	V			7029041	$46Hevron	1001174579	N	V
NA		NA	7		C	NA	V			7029041	Hebron	1001174580	N	O
NA		NA	3		C	NA	V			7029041	Khalil-el-Rahman	1001174581	N	V
NA		NA	4		C	NA	V			7029041	El Khalil	1001174584	N	V
NA		NA	5		C	NA	V			7029041	El Khulil	1001174583	N	V
NA		NA	8		C	NA	V			7029041	$67Abron	1001174585	N	V
NA	name used by Crusaders	NA	9	1700	H	NA	V		900	7029041	Saint Abraham	1001174589	N	V
NA			5		C	NA	V			7002402	Al-Khal$01il	84709	N	V
NA			1		C	NA	P			7002402	Hebron	84710	N	V
NA			4		C	NA	V			7002402	Al Khalil	173075	N	V
NA			7		H	NA	V			7002402	Kirjath-Arba	325204	N	V
NA			8		H	NA	V			7002402	Kiryat Arbah	325205	N	V
NA			6		C	NA	V			7002402	Al-Khal$01il Ar-Ra$15hm$01an	325206	N	V
NA			2		C	NA	V			7002402	$46Hevron	325207	N	V
NA			3		C	NA	V			7002402	Al Khal$01il	357514	N	V
NA			2		C	NA	V			1006029	Enderbury	6210	N	V
NA			1		C	NA	P			1006029	Enderbury Atoll	760747	N	V
NA			1		C	NA	P			7029364	Enderbury Islands	1001175189	N	O
NA			1		C	NA	P			1007636	Kanton	7837	N	V
NA			2		C	NA	V			1007636	Canton	7838	N	V
NA			3		H	NA	V			1007636	Mary Island	184005	N	V
NA			1		C	NA	P			4000111	Canton	143495	N	O
NA			1		C	NA	P			7024264	Bourgogne	1158386	N	V
NA			2		C	NA	V			7024264	Burgundy	1158387	N	O
NA			3		C	NA	V			7024264	Burgund	1158388	N	O
NA			1		C	NA	P			4001751	Bourgogne, duch$00e de	145149	N	O
NA			2		C	NA	V			4001751	Burgundy, duchy of	156868	N	O
NA	probably from English pronunciation of nearby Kolikata, where the British laid anchor in the 17th cen.		1	9999	C	NA	P		1650	7001523	Calcutta	75671	N	V
NA			3		C	NA	V			7001523	Kalkutta	140196	N	V
NA	Bengali name		4	9999	C	NA	V		1800	7001523	Kalikata	183947	N	V
NA	documented in 16th cen.		6	1900	H	NA	V		1400	7001523	Kalik$01at$01a	327072	N	V
NA	name of site when it was fortified ca. 1700		5	1900	H	NA	V		1690	7001523	Fort William	327073	N	V
NA	Bengali name, approved by state senate in July, 1999		2	9999	C	NA	V		1999	7001523	Kolkata	1158708	N	V
NA			1		C	NA	P			7018179	Calcutta	327060	N	V
NA			1		C	NA	P			7018180	Calcutta	327061	N	V
NA			1		C	NA	P			7018176	Calcutta	327052	N	V
NA			1		C	NA	P			7018366	K$01alinagar	327495	N	V
NA			1		C	NA	P			7029374	K$01alinagar	1001175228	N	V
NA	meaning "new," referring to area colonized by Franks since their settlement in northern Gaul		1	900	H	NA	P		500	7024352	Austrasia	1158551	N	V
NA			1		C	NA	P			6000509	Austrasia	165828	N	O
NA			3		C	NA	V			1000130	Mongolia	192	N	O
NA			2		C	NA	V			1000130	Mongol Ard Uls	193	N	V
NA			5		C	NA	V			1000130	Mongolei	138895	N	O
NA			6		C	NA	V			1000130	Mongoli$04e	138896	N	O
NA			4		C	NA	V			1000130	Mongolie	138897	N	O
NA			14		H	NA	V			1000130	Mongolian People's Republic	174651	N	O
NA			8		C	ISO3L	V			1000130	MNG	174652	N	O
NA			15		H	NA	V			1000130	R$00epublique populaire mongole	174653	N	O
NA			16		H	NA	V			1000130	Outer Mongolia	174654	N	O
NA			12		H	NA	V			1000130	B$04ugd Nayramdakh Mongol Ard Uls	182253	N	V
NA			13		H	NA	V			1000130	B$04ugd Naramdah Mongol Ard Uls	184140	N	V
NA			1		C	NA	P			1000130	Mongol Uls	322451	N	V
NA			7		C	NA	V			1000130	Mong$00olia	334275	N	O
NA			9		C	ISO2L	V			1000130	MN	1156740	N	O
NA			10		C	ISO3N	V			1000130	ISO496	1156741	N	O
NA			11		C	FIPS	V			1000130	MG00	1158238	N	O
NA			17		C	NA	V			1000130	Mongolian	1159430	A	O
NA			1		C	NA	P			6004471	Outer Mongolia	169790	N	O
NA			1		C	NA	P			7011071	Th$00ivai	42637	N	V
NA		NA	1		C	NA	P			7027854	Elsham	1170889	N	V
NA	recorded in 1086	NA	2	1500	H	NA	V		800	7027854	Eleham	1170890	N	V
NA	recorded in 1086	NA	3	1500	H	NA	V		800	7027854	Elesham	1170891	N	V
NA		NA	1		C	NA	P			4003609	Elsham	147023	N	V
NA		NA	1		C	NA	P			7027898	Habrough	1171029	N	V
NA	recorded in 1086	NA	2	1500	H	NA	V		800	7027898	Aburne	1171030	N	V
NA	recorded in 1086	NA	3	1500	H	NA	V		800	7027898	Haburne	1171031	N	V
NA		NA	1		C	NA	P			5000843	Habrough	159990	N	V
NA		NA	1		C	NA	P			7026573	Merseyside	1167208	N	V
NA	abbreviation	NA	2	9999	C	NA	V		1800	7026573	Mersyd	1001175772	N	V
NA	abbreviation	NA	3	9999	C	NA	V		1900	7026573	MSY	1001175771	N	V
NA		NA	1		C	NA	P			7008158	Merseyside	2825	N	V
NA		NA	1		C	NA	P			7026574	South Yorkshire	1167211	N	V
NA	abbreviation	NA	2	9999	C	NA	V		1800	7026574	S York	1001175803	N	V
NA	abbreviation	NA	3	9999	C	NA	V		1800	7026574	S Yorkshire	1001175804	N	V
NA		NA	1		C	NA	P			7008169	South Yorkshire	3075	N	V
NA		NA	1		C	NA	P			7026571	West Midlands	1167206	N	V
NA	abbreviation	NA	2	9999	C	NA	V		1974	7026571	W Midlands	1001175822	N	V
NA	abbreviation	NA	3	9999	C	NA	V		1974	7026571	W Mids	1001175821	N	V
NA	abbreviation	NA	4	9999	C	NA	V		1974	7026571	WMD	1001175823	N	V
NA		NA	1		C	NA	P			7008179	West Midlands	3178	N	V
NA		NA	1		C	NA	P			7026572	West Yorkshire	1167207	N	V
NA	abbreviation	NA	2	9999	C	NA	V		1974	7026572	W Yorkshire	1001175828	N	V
NA	abbreviation	NA	3	9999	C	NA	V		1974	7026572	W York	1001175827	N	V
NA		NA	1		C	NA	P			7008170	West Yorkshire	3180	N	V
NA		NA	1		C	NA	P			7008095	Shetland	3695	N	V
NA		NA	2		C	NA	V			7008095	Shetland Islands	10555	N	V
NA		NA	8		H	NA	V			7008095	Hjaltland	174084	N	V
NA	official name until 1974	NA	7	1974	H	NA	V		1700	7008095	Zetland	315534	N	V
NA		NA	3		C	NA	V			7008095	Shetlands	1001175795	N	V
NA	abbreviation	NA	4	9999	C	NA	V		1700	7008095	Shet	1001175792	N	V
NA	abbreviation	NA	5	9999	C	NA	V		1700	7008095	Shetld	1001175793	N	V
NA	abbreviaion	NA	6	9999	C	NA	V		1900	7008095	SHI	1001175794	N	V
NA	official name until 1974	NA	3	1974	H	NA	V		1700	5000464	Zetland	159450	N	V
NA		NA	1		C	NA	P			5000464	Shetland	315897	N	V
NA		NA	2		C	NA	V			5000464	Shetland Islands	1001175796	N	V
NA		NA	1		C	NA	P			2011252	Cardiff By The Sea	195928	N	V
NA		NA	1		C	NA	P			2221247	Cardiff-by-the-Sea	508064	N	V
NA		NA	2		C	NA	V			2221247	Cardiff	508065	N	V
NA		NA	1		C	NA	P			7026512	Blackpool	1167061	N	V
NA		NA	1	0	C	NA	P		0	1003565	Blackpool	348257	N	V
NA		NA	2		C	NA	V			1094353	Maraw$01i	95281	N	V
NA		Y	1		C	NA	P			1094353	Merowe	364915	N	V
NA		Y	1		C	NA	P			7029588	Napata	1001176169	N	V
NA		NA	1		C	NA	P			7007481	San Gottardo, Passo del	109628	N	V
NA		NA	3		C	NA	V			7007481	Saint Gotthard Pass	139187	N	O
NA		NA	2		C	NA	V			7007481	St. Gotthard	170439	N	V
NA		NA	8		H	NA	V			7024692	Evelinus mons	1160764	N	O
NA		NA	7		H	NA	V			7024692	Alpes summae	1160765	N	O
NA		NA	6		C	NA	V			7024692	Gotthard	1160766	N	O
NA		NA	5		C	NA	V			7024692	Sankt Gotthard	1160767	N	O
NA		NA	4		C	NA	V			7024692	St. Gotthard	1160768	N	O
NA		NA	1		C	NA	P			7024692	San Gottardo, Passo	1160769	N	V
NA		NA	3		C	NA	V			7024692	Saint Gotthard	1160770	N	O
NA			6		C	NA	V			7011071	Thebes	42638	N	O
NA			2		C	NA	V			7011071	Th$00evai	161298	N	V
NA			3		C	NA	V			7011071	Thivai	174288	N	V
NA			4		C	NA	V			7011071	Thiva	1156816	N	V
NA			7		H	NA	V			7011071	Thebae	1156817	N	V
NA			5		C	NA	V			7011071	Thive	1156818	N	V
NA			9		H	NA	V			7011071	Theben	1156819	N	V
NA			8		H	NA	V			7011071	Thebae Boeotiae	1156820	N	V
NA			10		C	NA	V			7029382	Thebes	1001175271	N	O
NA			12		H	NA	V			7029382	Diospolis	1001175273	N	V
NA	ancient name		11	-29	H	NA	V		-600	7029382	Diospolis Magna	1001175272	N	V
NA	Roman		4	-29	C	NA	V		-300	7029382	Thebae	1001175265	N	V
NA	Biblical		15	-29	H	NA	V		-1000	7029382	No	1001175276	N	V
NA	ancient Egyptian name		16	-29	H	NA	V		-3000	7029382	Wase	1001175277	N	V
NA			17		H	NA	V			7029382	Wo$67se	1001175278	N	V
NA	used from 22nd cen. BC		13	-29	H	NA	V		-2100	7029382	Nowe	1001175274	N	V
NA			14		H	NA	V			7029382	Nuwe	1001175275	N	V
NA			2		C	NA	V			7029382	Tebe	1001175263	N	O
NA			3		C	NA	V			7029382	Th$02ebes	1001175264	N	O
NA			5		C	NA	V			7029382	Thebae Aegypti	1001175266	N	V
NA		NA	6		C	NA	V			7029382	Th$01evai	1001175267	N	V
NA		NA	2		C	NA	V			7030097	Marton, West	1001180990	N	V
NA		NA	1		C	NA	P			7030097	West Marton	1001178102	N	V
NA	recorded in the Domesday Book in 1086	NA	3	1400	H	NA	V		600	7030097	Martun	1001178103	N	V
NA		NA	1		C	NA	P			4012163	West Marton	155642	N	V
NA		NA	1		C	NA	P			4009207	Repton	152669	N	V
NA	recorded in the Domesday Book in 1086	NA	2	1500	H	NA	V		800	4009207	Rapendun	1162882	N	V
NA	recorded in the Domesday Book in 1086	NA	3	1500	H	NA	V		800	4009207	Rapendune	1162881	N	V
NA		N	1		C	NA	P			7029293	Repton	1001174962	N	V
NA		NA	1		C	NA	P			1030983	Walpole Saint Peter	347080	N	V
NA		Y	1		C	NA	P			7030185	Walpole Saint Peter	1001178570	N	V
NA		NA	1		C	NA	P			7001447	Dahsh$01ur	96385	N	V
NA		NA	2		C	NA	V			7001447	Dahshur	166974	N	V
NA		NA	3		C	NA	V			7001447	Dashur	328418	N	V
NA		NA	4		C	NA	V			7001447	Dahschur	1157045	N	O
NA		NA	1		C	NA	P			1100518	Ahr$01am$01at Dahsh$01ur	101501	N	V
NA		NA	3		C	NA	V			1100518	North and Bent Pyramids	101502	N	O
NA		NA	2		C	NA	V			1100518	Dahsh$01ur	1155424	N	V
NA		NA	1		C	NA	P			1132107	Yukon	133866	N	V
NA		NA	2		C	NA	V			1132107	Yukon, Fleuve	360611	N	V
NA		NA	3		C	NA	V			1132107	Yukon River	360612	N	V
NA		NA	1		C	NA	P			2786519	Yukon River	1153032	N	V
NA		NA	1		C	NA	P			1063547	S$04odra Sandby	64120	N	V
NA		NA	1		C	NA	P			1063545	S$04dra $10Aby	64118	N	V
NA		Y	1		C	NA	P			7031400	Plitvicka Jezera Nacionalni Park	1001183581	N	V
NA		NA	2		C	NA	V			7031400	Plitvice Lakes National Park	1001183582	N	V
NA		NA	1		C	NA	P			1101793	Plitvi$07cka Jezera Nacionalni Park	102798	N	V
NA		NA	1		C	NA	P			1110275	Coconino Plateau	111416	N	V
NA		NA	2		C	NA	V			1110275	Arizona Plateau	372093	N	V
NA		NA	3		C	NA	V			1110275	Coanini Plateau	372094	N	V
NA		NA	4		C	NA	V			1110275	Colorado Plateau	372095	N	V
NA		NA	5		C	NA	V			1110275	Plateau of Arizona	372096	N	V
NA		NA	6		C	NA	V			1110275	San Francisco Plateau	372097	N	V
NA		NA	1		C	NA	P			2640402	San Francisco Plateau	986715	N	V
NA		NA	2		C	NA	V			2640402	Colorado Plateau	986716	N	V
NA		NA	3		C	NA	V			2640402	San Francisco Mountain Plateau	986717	N	V
NA	probably from English pronunciation of nearby Kolikata, where the British laid anchor in the 17th cen.	NA	1	9999	C	NA	P		1650	7029373	Calcutta	75671	N	V
NA		NA	3		C	NA	V			7029373	Kalkutta	140196	N	V
NA	possibly derived from the Bengali word "Kalikshetra," meaning Ground of (the goddess) Kali"	NA	4	9999	C	NA	V		1800	7029373	Kalikata	183947	N	V
NA	documented in 16th cen.	NA	6	1900	H	NA	V		1400	7029373	Kalik$01at$01a	327072	N	V
NA	name of site when it was fortified ca. 1700	NA	5	1900	H	NA	V		1690	7029373	Fort William	327073	N	V
NA	Bengali name, approved by state senate in July, 1999	NA	2	9999	C	NA	V		1999	7029373	Kolkata	1158708	N	V
NA		N	1		C	NA	P			7029376	Kalkutta	1001175229	N	V
NA		NA	1		C	NA	P			6005901	junk	171220	N	O
NA		NA	2		C	NA	V			7030210	junk 1a	1001178613	A	O
NA		NA	1		C	NA	P			7030210	junk	174644	N	O
NA		NA	3		C	NA	V			7030210	junk 1	1001178611	N	O
NA		NA	4		H	NA	V			7030210	junk 2	1001178612	N	V
NA	recorded in 1086	NA	2	1500	H	NA	V		800	7029346	Siuuarbi	1001175134	N	V
NA	recorded in 1086	NA	3	1500	H	NA	V		800	7029346	Siuuardbi	1001175135	N	V
NA		NA	1		C	NA	P			4010368	Sewerby	153834	N	V
NA		NA	1	0	C	NA	P		0	7029339	Sancton	1001175108	N	V
NA	recorded in 1086	NA	2	1500	H	NA	V		800	7029339	Santune	1001175109	N	V
NA	recorded in 1086	NA	3	1500	H	NA	V		800	7029339	Santun	1001175110	N	V
NA		NA	1		C	NA	P			4009987	Sancton	153451	N	V
NA		N	1		C	NA	P			7029311	Nunburnholme	1001175016	N	V
NA	recorded in 1086	NA	2	1500	H	NA	V		800	7029311	Brunham	1001175017	N	V
NA		NA	1		C	NA	P			4008052	Nunburnholme	151505	N	V
NA		N	1		C	NA	P			7029068	Meaux	1001174701	N	V
NA	recorded in 1086	NA	2	1500	H	NA	V		800	7029068	Melse	1001174702	N	V
NA		NA	1		C	NA	P			4007048	Meaux	150490	N	V
NA		N	1		C	NA	P			7028831	Cowlam	1001174144	N	V
NA	recorded in 1086	NA	4	1500	H	NA	V		800	7028831	Coletun	1001174145	N	V
NA	recorded in 1086	NA	3	1500	H	NA	V		800	7028831	Colnun	1001174146	N	V
NA		NA	2		C	NA	V			7028831	Cowlam Village	1001174147	N	V
NA		NA	1		C	NA	P			4002989	Cowlam	146395	N	V
NA		NA	7		C	NA	V			7029382	Thiva	1001175268	N	V
NA		NA	8		C	NA	V			7029382	Theben	1001175269	N	V
NA		NA	9		C	NA	V			7029382	Thebai	1001175270	N	V
NA		NA	18		C	NA	V			7029382	Theban	1001175279	A	V
NA		NA	1		C	NA	P			7029382	Th$00ivai	1001175262	N	V
NA		N	1		C	NA	P			7029368	South Pacific Ocean	1001175193	N	V
NA			1		C	NA	P			4008119	South Pacific region	157748	N	O
NA			4		C	NA	V			4008119	South Sea Islands	157749	N	O
NA		NA	5		C	NA	V			4008119	South Seas	1001175194	N	O
NA			3	0	H	NA	V		0	7029436	Berlin, East	1001175469	N	O
NA	1945-1990	NA	2	1990	C	NA	V		1945	7029436	East Berlin	1001175468	N	O
NA		NA	1		C	NA	P			7029436	Ost-Berlin	1001175467	N	V
NA	1945-1990		1	1990	H	NA	P		1945	7003713	Berlin, Ost	36836	N	V
NA			1		C	NA	P			7027454	Ellel	1169741	N	V
NA	recorded in 1086		2	1500	H	NA	V		800	7027454	Ellhale	1169742	N	V
NA			1		C	NA	P			4003596	Ellel	147010	N	O
NA			1		C	NA	P			7003637	Low Countries	312569	N	O
NA			2		C	NA	V			7003637	The Low Countries	312570	N	O
NA			1		C	NA	P			5000010	Benelux	158859	N	O
NA			1		C	NA	P			4007964	North America	151416	N	O
NA			2		C	NA	V			4007964	Am$00erique du Nord	156546	N	O
NA			2		C	NA	V			3000015	N. America	141846	N	O
NA			1		C	NA	P			3000015	North America	141847	N	O
NA			2		C	NA	V			1111940	Charollais	113108	N	V
NA		NA	1		C	NA	P			1111940	Charolais	1001175489	N	V
NA		NA	3		C	NA	V			1111940	Le Charolais	1001175490	N	V
NA			1		C	NA	P			6001296	Charolais	166615	N	V
NA	meaning "new," referring to area colonized by Franks since their settlement in northern Gaul		1	900	C	NA	P		500	7024351	Neustria	1158549	N	V
NA	name used by Neustrian writers to refer to this area		2	900	C	NA	V		500	7024351	Francia	1158550	N	V
NA			1		C	NA	P			7012205	Neustrie	151230	N	V
NA			2		C	NA	V			7012205	Neustria	319461	N	V
NA		NA	9		H	NA	V			7026969	Caernarvonshire	159545	N	V
NA		NA	3		C	NA	V			7026969	Carnarvon	319462	N	V
NA		NA	10		H	NA	V			7026969	Carnarvonshire	319463	N	V
NA		NA	2		C	NA	V			7026969	Caernarvon	319464	N	V
NA		NA	8		H	NA	V			7026969	Caernarfonshire and Merionethshire	1154032	N	V
NA		NA	7		H	NA	V			7026969	Arvonia	1160972	N	O
NA		NA	1		C	NA	P			7026969	Gwynedd	1168338	N	V
NA	abbreviation	NA	4	9999	C	NA	V		1974	7026969	Gwyn	1001175718	N	V
NA	abbreviation	NA	5	9999	C	NA	V		1974	7026969	Gwynd	1001175719	N	V
NA	abbreviation	NA	6	9999	C	NA	V		1974	7026969	GWN	1001175717	N	V
NA		NA	1		C	NA	P			7008048	Gwynedd	2599	N	V
NA		NA	2		C	NA	V			7008048	Gwyneth	315531	N	V
NA		NA	1		C	NA	P			7029428	Winestead	1001175432	N	V
NA	recorded in 1086	NA	2	1500	H	NA	V		800	7029428	Wifestad	1001175433	N	V
NA	recorded in 1086	NA	3	1500	H	NA	V		800	7029428	Wifestede	1001175434	N	V
NA	recorded in 1086	NA	4	1500	H	NA	V		800	7029428	Wistede	1001175435	N	V
NA	recorded in 1086	NA	5	1500	H	NA	V		800	7029428	Wiuestad	1001175436	N	V
NA		NA	1		C	NA	P			4012302	Winestead	155781	N	V
NA		N	1		C	NA	P			7029399	Swine	1001175320	N	V
NA	recorded in 1086	NA	3	1500	H	NA	V		800	7029399	Suine	1001175322	N	V
NA	recorded in 1086	NA	4	1500	H	NA	V		800	7029399	Suuine	1001175323	N	V
NA		NA	1		C	NA	P			4010940	Swine	154412	N	V
NA		NA	1	0	C	NA	P		0	7029346	Sewerby	1001175133	N	V
NA		NA	2		C	NA	V			7024692	San Gottardo	1001176239	N	V
NA		N	1		C	NA	P			7029620	Mercia Ditch	1001176313	N	V
NA		NA	1		C	NA	P			2505932	Mercia Ditch	832868	N	V
NA		N	1		C	NA	P			7029622	Elterwater	1001176330	N	V
NA		N	1		C	NA	P			7028968	Elterwater	1001174335	N	V
NA		NA	1		C	NA	P			2025018	Kamuela	397221	N	V
NA		NA	2		C	NA	V			2025018	Waimea	1154478	N	V
NA		NA	1		C	NA	P			2747648	Waimea	1108971	N	V
NA		NA	2		C	NA	V			2747648	Kamuela	1108972	N	V
NA		NA	2		C	NA	V			4006745	Maarsseveen	150183	N	V
NA		NA	1		C	NA	P			4006745	Oud-Maarsseveen	326148	N	V
NA		N	1		C	NA	P			7029799	Maarseveen	1001176939	N	V
NA		Y	1		C	NA	P			7029807	Test Record	1001177007	N	V
NA		NA	2		C	NA	V			7029807	Another test	1001177008	N	V
NA		NA	3		C	NA	V			7029807	Yet another test	1001177009	N	V
NA		N	1		H	NA	P			7029808	Test Record 2	1001177010	N	V
NA		NA	2		C	NA	V			7025560	Buonconvento-test1	346648	N	V
NA		NA	1		C	NA	P			7025560	Buon Convento-test1	1163823	N	V
NA		NA	1		C	NA	P			6002114	junk	167433	N	O
NA		N	1		C	NA	P			7029863	Test notes 1	1001177222	N	V
NA		Y	1		C	NA	P			7029864	Test Notes 2	1001177223	N	V
NA		NA	1		C	NA	P			6006046	Transjordan	171365	N	O
NA		NA	2		C	NA	V			6006046	T-J	1001177288	N	V
NA		NA	3		C	NA	V			6006046	Jordan	1001177285	N	V
NA		NA	4		H	NA	V			6006046	Trans-jordan	1001177284	N	V
NA		NA	5		H	NA	V			6006046	Trans-Jordache	1001177286	N	V
NA		NA	6		H	NA	V			6006046	Transjordany	1001177287	A	V
NA		NA	1		C	NA	P			7018690	Tuscon	337429	N	V
NA		NA	2		C	NA	V			7018690	Tuscun	1001177290	N	V
NA		NA	3		H	NA	V			7018690	Tusscon	1001177291	N	V
NA		NA	1		C	NA	P			7030016	Cissbury Ring	1001177777	N	V
NA		NA	1		C	NA	P			6001470	Cissbury	166789	N	V
NA		NA	1		C	NA	P			7029852	Barwick-in-Elmet	1001177178	N	V
NA	recorded in 1086 in the Domesday Book	NA	3	1400	H	NA	V		600	7029852	Bereuuit	1001177179	N	V
NA	recorded in the Domesday Book in 1086	NA	4	1400	H	NA	V		600	7029852	Bereuuith	1001177180	N	V
NA		NA	2		C	NA	V			7029852	Barwick in Elmet	1001177181	N	V
NA		NA	1		C	NA	P			4001247	Barwick in Elmet	144642	N	V
NA		NA	1		C	NA	P			7029908	Carlton	1001177401	N	V
NA	recorded in the Domesday Book in 1086	NA	2	1400	H	NA	V		600	7029908	Carlentone	1001177402	N	V
NA		NA	1		C	NA	P			4002247	Carlton	145649	N	V
NA		NA	1		C	NA	P			7024773	Sandy	1161469	N	V
NA	recorded in 1086	NA	2	1500	H	NA	V		800	7024773	Sandeia	1161470	N	V
NA		NA	1		C	NA	P			1030535	Sandy	30883	N	V
NA		N	1		C	NA	P			7029598	Zierikzee	1001176187	N	V
NA		NA	2		C	NA	V			7029598	Zieriksee	1001176188	N	V
NA		NA	1		C	NA	P			7006757	Zierikzee	48798	N	V
NA		NA	3		C	NA	V			7024625	Mausoleo di Adriano	1160250	N	V
NA		NA	1		H	NA	P			7024625	Castel Sant'Angelo	1160251	N	V
NA		NA	4		H	NA	V			7024625	Angelicum castrum	1160252	N	V
NA		NA	5		H	NA	V			7024625	Crescentii turris	1160253	N	V
NA		NA	8		H	NA	V			7024625	Angeli castellum	1160254	N	V
NA		NA	2		C	NA	V			7024625	Torre dei Crescenzi	1160255	N	O
NA		NA	6		H	NA	V			7024625	Hadrianeum	1160256	N	V
NA		NA	7		H	NA	V			7024625	Sepulcrum Antoninorum	1160257	N	V
NA		NA	2		C	NA	V			7009946	Sant'Angelo, Castel	101323	N	V
NA		NA	1		C	NA	P			7009946	Castel Sant'Angelo	161854	N	V
NA		NA	1		C	NA	P			4008171	Oldland	151624	N	V
NA		NA	1		C	NA	P			7026700	Oldland	1167621	N	V
NA	recorded in 1086	NA	2	1500	H	NA	V		800	7026700	Aldelande	1167622	N	V
NA		NA	1		C	NA	P			5000807	Westonbirt	159951	N	V
NA		NA	1		C	NA	P			7026770	Westonbirt	1167804	N	V
NA	recorded in 1086	NA	2	1500	H	NA	V		800	7026770	Westone	1167805	N	V
NA		NA	1		C	NA	P			4007842	Newlyn	151292	N	V
NA		N	1		C	NA	P			7029236	Newlyn	1001174905	N	V
NA		NA	1		C	NA	P			7010086	Cockermouth	29243	N	V
NA		N	1		C	NA	P			7029222	Cockermouth	1001174891	N	V
NA		NA	1		C	NA	P			7025903	Hinton Saint Mary	1165090	N	V
NA	recorded in the Domesday Book in 1086	NA	4	1500	H	NA	V		800	7025903	Haintone	1165091	N	V
NA		NA	2		C	NA	V			7025903	Hinton St. Mary	1165092	N	V
NA		NA	3		C	NA	V			7025903	Hinton St Mary	1165093	N	V
NA		NA	2		C	NA	V			7011275	Hinton Saint Mary	148465	N	V
NA		NA	1		C	NA	P			7011275	Hinton St. Mary	159928	N	V
NA		NA	1		C	NA	P			7025841	North Bowood	1164891	N	V
NA	recorded in 1086	NA	2	1500	H	NA	V		800	7025841	Bovewode	1164892	N	V
NA		NA	2		C	NA	V			5000785	Bowood, North	159925	N	V
NA		NA	1		C	NA	P			5000785	North Bowood	1001178311	N	V
NA		NA	1		C	NA	P			7025842	South Bowood	1164894	N	V
NA	recorded in 1086	NA	2	1500	H	NA	V		800	7025842	Bovewode	1164895	N	V
NA		NA	2		C	NA	V			5000786	Bowood, South	159926	N	V
NA		NA	1		C	NA	P			5000786	South Bowood	1001178312	N	V
NA	recorded in 1086	NA	2	1500	H	NA	V		800	7028165	Torentone	1001171864	N	V
NA		N	1		C	NA	P			7028165	Thornton Curtis	1001171863	N	V
NA	recorded in 1086	NA	3	1500	H	NA	V		800	7028165	Torentune	1001171865	N	V
NA		NA	1		C	NA	P			4011157	Thornton Curtis	154631	N	V
NA		NA	2		H	NA	V			7026345	Develt	1001179145	N	V
NA		NA	6		H	NA	V			7026345	Colonia Flavia Pacis Deultensium	1001179146	N	O
NA		NA	3		H	NA	V			7026345	Debelt	1001179147	N	V
NA		NA	4		H	NA	V			7026345	Dovelt	1001179148	N	V
NA		NA	1		C	NA	P			1079440	Sinj$01ar	80239	N	V
NA		NA	1		H	NA	P			6005479	Singara	170798	N	O
NA		NA	1		C	NA	P			1086843	Samsat	87713	N	V
NA		NA	1		C	NA	P			6005197	Samosata	170516	N	V
NA		NA	1		H	NA	P			7024414	Roman Empire	152853	N	O
NA		NA	2		H	NA	V			7024414	Empire romain	156575	N	O
NA		NA	1		C	NA	P			7029453	Rome	1001175535	N	V
NA		NA	2		C	NA	V			7029453	Roma	1001175536	N	V
NA		Y	3		C	NA	V			7029453	Roman Republic and Empire	1001175537	N	V
NA		NA	1		C	NA	P			1086812	Siirt	87681	N	V
NA		NA	2		C	NA	V			1086812	S$73i$73irt	350263	N	V
NA		NA	1		C	NA	P			6005961	Tigranocerta	171280	N	V
NA		NA	2		C	NA	V			6005961	Siirt	174318	N	O
NA		NA	1		C	NA	P			1099969	Zaculeu	100934	N	V
NA		NA	1		H	NA	P			6006662	Zaculeu	171981	N	O
NA		NA	1		C	NA	P			7016027	Saint Paul Island	9117	N	V
NA		NA	2		C	NA	V			7016027	St. Paul Island	1001179822	N	V
NA		NA	3		C	NA	V			7016027	St Paul Island	1001179823	N	V
NA		NA	1		C	NA	P			2637686	Saint Paul Island	983484	N	V
NA		NA	1		C	NA	P			6005574	South Tyrol	170893	N	O
NA		NA	2		C	NA	V			6005574	S$04udtirol	174142	N	O
NA		NA	3		C	NA	V			6005574	Tyrol du Sud	1001179863	N	V
NA		NA	1		C	NA	P			7015540	Alto Adige	323647	N	V
NA		NA	3		C	NA	V			7015540	Tirol, South	323649	N	O
NA		NA	2		C	NA	V			7015540	South Tirol	323650	N	O
NA		NA	7		H	NA	V			7015540	Athesinus ager	1161082	N	O
NA		NA	6		H	NA	V			7015540	Athesia regio	1161083	N	O
NA		NA	5		C	NA	V			7015540	Tiroler Etschland	1161084	N	O
NA		NA	4		C	NA	V			7015540	Oberetsch	1161085	N	O
NA		NA	3		H	NA	V			5001917	Gyphtokastro	161281	N	V
NA	modern Gyphtokastro was probably ancient Eleutherai	NA	2	1500	H	NA	V		-2000	5001917	Eleutherai	164433	N	V
NA		NA	1		C	NA	P			5001917	Erythres	1001180056	N	V
NA		NA	4		C	NA	V			5001917	Erithra$00i	1001180058	N	V
NA		NA	1		C	NA	P			1042008	Erithra$00i	42407	N	V
NA		NA	2		C	NA	V			1095325	Al-Qays	96259	N	V
NA		NA	1		C	NA	P			1095325	Al Qays	363986	N	V
NA		N	1		C	NA	P			7030518	NEW SUBJECT	1001180152	N	V
NA		NA	1		C	NA	P			7016015	Attu Island	6525	N	V
NA		NA	1		C	NA	P			2139967	Attu Island	415825	N	V
NA		NA	1		C	NA	P			2714649	Tenake	1071249	N	V
NA		NA	1		C	NA	P			7022129	Tenakee Springs	1155288	N	V
NA		NA	1		C	NA	P			7026199	Great Oakley	1166083	N	V
NA	recorded in the Domesday Book in 1086	NA	3	1500	H	NA	V		800	7026199	Accleia	1166084	N	V
NA	recorded in the Domesday Book in 1086	NA	4	1500	H	NA	V		800	7026199	Adem	1166085	N	V
NA		NA	2		C	NA	V			7026199	Oakley, Great	1001178489	N	V
NA		NA	1		C	NA	P			7026206	Great Oakley	1166105	N	V
NA	recorded in 1086	NA	2	1500	H	NA	V		800	7026206	Accleia	1166106	N	V
NA	recorded in 1086	NA	3	1500	H	NA	V		800	7026206	Adem	1166107	N	V
NA		NA	2		C	NA	V			7023962	Sienna	346630	N	O
NA	medieval	NA	8	1500	H	NA	V		800	7023962	Senae	346631	N	V
NA		NA	5		H	NA	V			7023962	Sanna	346632	N	V
NA	Roman	NA	4	300	H	NA	V		-100	7023962	Saena Julia	346633	N	V
NA		NA	7		H	NA	V			7023962	Sena Julia	346634	N	V
NA	Etruscan	NA	6	-100	H	NA	V		-600	7023962	Sena	346635	N	V
NA	used since 13th cen.	NA	1	9999	C	NA	P		1200	7023962	Siena	346643	N	V
NA		NA	3		C	NA	V			7023962	siena (test)	1155874	N	V
NA	used since 13th cen.	NA	1	9999	C	NA	P		1200	7024074	Siena	1157514	N	V
NA		NA	2		C	NA	V			7024074	Sienna	1157515	N	O
NA		NA	3		C	NA	V			7024074	siena (test)	1157516	N	V
NA	Roman	NA	4	300	H	NA	V		-100	7024074	Saena Julia	1157517	N	V
NA		NA	5		H	NA	V			7024074	Sanna	1157518	N	V
NA	Etruscan	NA	6	-100	H	NA	V		-600	7024074	Sena	1157519	N	V
NA		NA	7		H	NA	V			7024074	Sena Julia	1157520	N	V
NA	medieval	NA	8	1500	H	NA	V		800	7024074	Senae	1157521	N	V
NA		NA	1		C	NA	P			6006728	junk	172047	N	V
NA		NA	2		C	NA	V			6006728	junk 1	1001178611	N	O
NA		NA	3		H	NA	V			6006728	junk 2	1001178612	N	V
NA		NA	1		C	NA	P			7002798	Catalu$09na	1795	N	V
NA		NA	2		C	NA	V			6006765	junk 1a	1001178613	A	O
NA		NA	1		C	NA	P			6006765	junk	174644	N	O
NA		NA	3		C	NA	V			7002798	Catalonia	138306	N	V
NA		NA	2		C	NA	V			7002798	Catalunya	172566	N	V
NA		NA	4		C	NA	V			7002798	Catalan	1159586	A	V
NA		NA	5		C	NA	V			7002798	Catalan Catalunya	1001176278	A	V
NA		NA	1		H	NA	P			7024277	Catalu$09na	1158420	N	V
NA		NA	2		H	NA	V			7024277	Catalunya	1158421	N	V
NA		NA	3		H	NA	V			7024277	Catalonia	1158422	N	O
NA		NA	4		C	NA	V			7024277	Catalan	1159587	A	O
NA		NA	1		C	NA	P			2010144	Barona Ranch Indian Reservation	194820	N	V
NA		NA	1		C	NA	P			2149095	Barona Indian Reservation	426208	N	V
NA		NA	1		C	NA	P			2048944	Thurmont	233620	N	V
NA		NA	1		C	NA	P			3000893	Thurmont	142969	N	V
NA		NA	1		C	NA	P			1111027	Tarim Pendi	112178	N	V
NA		NA	1		C	NA	P			6005825	Tarim Basin	171144	N	O
NA		N	1		H	NA	P			7030334	Mauretania Tingitana	1001179128	N	V
NA		NA	1		C	NA	P			6005971	Tingitana	171290	N	O
NA		N	1		H	NA	P			7030341	Tripolitania	1001179142	N	V
NA		NA	1		C	NA	P			7000626	$15Tar$01abulus	181827	N	V
NA	by Italians, from early 20th cen.	NA	4	9999	C	NA	V		1911	7000626	Tripolitania	181830	N	O
NA		NA	2		C	NA	V			7000626	Tarabalus	181864	N	V
NA		NA	3		C	NA	V			7000626	Tripoli	181865	N	O
NA	Greek	NA	7	-46	H	NA	V		-700	7000626	Tripolis	181866	N	V
NA	Roman, first under Septimus Severus	NA	5	700	H	NA	V		193	7000626	Tripolitana	181867	N	V
NA		Y	8		C	NA	V			7000626	$15Tar$01abulus region	181868	N	O
NA	Roman, 46 BC-AD 2nd cen.	NA	6	200	H	NA	V		-46	7000626	Regio Syrtica	181869	N	V
NA		NA	1		C	NA	P			1113185	Islands, Bay of	114411	N	V
NA		N	1		C	NA	P			7030602	Islands, Bay of	1001180801	N	V
NA		NA	2		C	NA	V			7030602	Bay of Islands	1001180802	N	V
NA		NA	4		C	NA	V			1079538	Kefar $67Atah	80343	N	V
NA		NA	1		C	NA	P			1079538	Qiryat Ata	357418	N	V
NA		NA	2		C	NA	V			1079538	Qiryat Atta	1001182551	N	V
NA		NA	3		C	NA	V			1079538	Kufritta	1001182561	N	V
NA		NA	6		C	NA	V			1079538	Kiryat-Ata	1001182562	N	V
NA		NA	5		C	NA	V			1079538	Kefar $67A$15t$15ta	1001182568	N	V
NA		NA	2		C	NA	V			1079594	Qiryat	80401	N	V
NA		NA	1		C	NA	P			1079594	Qiryat Ata	357423	N	V
NA		NA	1		C	NA	P			6006076	Tripolitania	171395	N	O
NA		NA	1		C	NA	P			7026344	Deultum	1166604	N	V
NA	founded late 1st cen. CE	NA	2	500	H	NA	V		69	7026344	Colonia Flavia Pacensis Deultum	1166605	N	O
NA		NA	1		H	NA	P			7026345	Deultum	1166606	N	V
NA	founded late 1st century CE	NA	5	500	H	NA	V		69	7026345	Colonia Flavia Pacensis Deultum	1166607	N	O
