	1		C	P	10002		1000000
	1		C	P	29000		1000003
	2		C	N	81002		1000080
	3		C	N	81011		1000080
established June 10, 1946	4	9999	C	N	82171	1946	1000080
unification achieved 1870	1	9999	C	P	81010	1815	1000080
Fascist, 1928-1943	5	1943	H	N	82115	1928	1000080
from 1815-1870 until 1922	6	1922	H	N	82141	1815	1000080
since Neanderthal habitation	7	9999	H	N	22201	-50000	1000080
	1		C	P	81161		1003460
	2		C	N	81300		1003460
	1		C	P	81161		1003473
	2		C	N	81300		1003473
	1		C	P	21471		1006715
	1		C	P	21471		1007187
	1		C	P	21471		1007191
artifacts have been found on land & submerged in sea	2	9999	C	N	54451	1800	1007191
	2		C	N	21471		1008204
	3		H	N	83002		1008204
abandoned in 16th cen.	1	1575	C	P	83210	1100	1008204
	1		C	P	21464		1012389
	1		C	P	83002		1043080
	1		C	P	83002		1043117
	1		C	P	83002		1043230
	1		C	P	83002		1043261
	1		C	P	83002		1043270
	1		C	P	83002		1043289
	1		C	P	83002		1043291
	1		C	P	83002		1043360
	1		C	P	83002		1043373
	1		C	P	83002		1043381
	1		C	P	83002		1043404
	1		C	P	83002		1043406
	1		C	P	83002		1043500
	1		C	P	83002		1043506
	1		C	P	83002		1043665
	1		C	P	83002		1043693
	1		C	P	83002		1043728
	1		C	P	83002		1043776
	1		C	P	83002		1043808
	1		C	P	83002		1043843
	1		C	P	83002		1043852
	1		C	P	83002		1043854
	1		C	P	83002		1043955
	1		C	P	83002		1043975
	1		C	P	83002		1043986
	1		C	P	83002		1043996
	1		C	P	83002		1044018
	1		C	P	83002		1044056
	1		C	P	83002		1044058
	1		C	P	83002		1044060
	1		C	P	83002		1044073
	1		C	P	83002		1044085
	1		C	P	83002		1044126
	1		C	P	83002		1044204
	1		C	P	83002		1044250
	1		C	P	83002		1044257
	1		C	P	83002		1044289
	1		C	P	83002		1044293
	1		C	P	83002		1044329
	1		C	P	83002		1044342
	1		C	P	83002		1044363
	1		C	P	83002		1044378
	1		C	P	83002		1044419
	1		C	P	83002		1044483
	1		C	P	83002		1044532
	1		C	P	83002		1044568
	1		C	P	83002		1044626
	1		C	P	83002		1044641
	1		C	P	83002		1044654
	1		C	P	83002		1044669
	1		C	P	83002		1044679
	1		C	P	83002		1044682
	1		C	P	83002		1044730
	1		C	P	83002		1044749
	1		C	P	83002		1044775
	1		C	P	83002		1044778
	1		C	P	83002		1044816
	1		C	P	83002		1044983
	1		C	P	83002		1045019
	1		C	P	83002		1045020
	1		C	P	83002		1045050
	1		C	P	83002		1045051
	1		C	P	83002		1045082
	1		C	P	83002		1045085
	1		C	P	83002		1045182
	1		C	P	83002		1045211
	1		C	P	83002		1045242
	1		C	P	83002		1045243
	1		C	P	83002		1045256
	1		C	P	83002		1045258
	1		C	P	83002		1045259
	1		C	P	83002		1045261
	1		C	P	83002		1045262
	1		C	P	83002		1045265
	1		C	P	83002		1045266
	1		C	P	83002		1045278
	1		C	P	83002		1045307
	1		C	P	83002		1045466
	1		C	P	83002		1045544
	1		C	P	83002		1045551
	1		C	P	83002		1045557
	1		C	P	83002		1045563
	1		C	P	83002		1045566
	1		C	P	83002		1045576
	1		C	P	83002		1045577
	1		C	P	83002		1045582
	1		C	P	83002		1045612
	1		C	P	83002		1045629
	1		C	P	83002		1045754
	1		C	P	83002		1045918
	1		C	P	83002		1045931
	1		C	P	83002		1045959
	1		C	P	83002		1045962
	1		C	P	83002		1045970
	1		C	P	83002		1045991
	1		C	P	83002		1046000
	1		C	P	83002		1046002
	1		C	P	83002		1046031
	1		C	P	83002		1046075
	1		C	P	83002		1046082
	1		C	P	83002		1046089
	1		C	P	83002		1046095
	1		C	P	83002		1046096
	1		C	P	83002		1046097
	1		C	P	83002		1046118
	1		C	P	83002		1046135
	1		C	P	83002		1046139
	1		C	P	83002		1046148
	1		C	P	83002		1046205
	1		C	P	83002		1046210
	1		C	P	83002		1046215
	1		C	P	83002		1046217
	1		C	P	83002		1046228
	1		C	P	83002		1046288
	1		C	P	83002		1046302
	1		C	P	83002		1046346
	1		C	P	83002		1046384
	1		C	P	83002		1046385
	1		C	P	83002		1046438
	1		C	P	83002		1046451
	1		C	P	83002		1046545
	1		C	P	83002		1046567
	1		C	P	83002		1046615
	1		C	P	83002		1046641
	1		C	P	83002		1046703
	1		C	P	83002		1046709
	1		C	P	83002		1046712
	1		C	P	83002		1046721
	1		C	P	83002		1046802
	1		C	P	83002		1046803
	1		C	P	83002		1047001
	1		C	P	83002		1047023
	1		C	P	83002		1047036
	1		C	P	83002		1047087
	1		C	P	83002		1047093
	1		C	P	83002		1047112
	1		C	P	83002		1047144
	1		C	P	83002		1047151
	1		C	P	83002		1047166
	1		C	P	83002		1047269
	1		C	P	83002		1047332
	1		C	P	83002		1047338
	1		C	P	83002		1047352
	1		C	P	83002		1047366
	1		C	P	83002		1047446
	1		C	P	83002		1047514
	1		C	P	54414		1100052
	1		C	P	54413		1100124
	1		C	P	54413		1100133
	1		C	P	51845		1101282
	1		C	P	51845		1101289
	1		C	P	21434		1103685
	1		C	P	21430		1104120
	1		C	P	21430		1104138
	1		C	P	21430		1104163
	1		C	P	21430		1104192
	1		C	P	21430		1104629
	1		C	P	21430		1105021
	1		C	P	21430		1105368
	1		C	P	21430		1105685
	1		C	P	21430		1106401
	1		C	P	21430		1106911
	1		C	P	21433		1108367
	1		C	P	21433		1108368
	1		C	P	21433		1108469
	1		C	P	21433		1108487
	1		C	P	21433		1108527
	1		C	P	21433		1108590
	1		C	P	21434		1108724
	1		C	P	21431		1108893
	1		C	P	21434		1109344
	1		C	P	21434		1109363
	1		C	P	21491		1109495
	1		C	P	21431		1109756
	2		C	N	21451		1111810
	1		C	P	22101		1111810
	1		C	P	22101		1112063
	1		C	P	21123		1112377
	1		C	P	21151		1114232
	1		C	P	21125		1114802
	1		C	P	21115		1115906
	1		C	P	21115		1117234
	1		C	P	21105		1121328
	1		C	P	21105		1121388
	1		C	P	21105		1121940
	1		C	P	21105		1122250
	1		C	P	21105		1122612
	1		C	P	21105		1123066
	1		C	P	21105		1123775
	1		C	P	21105		1123823
	1		C	P	21105		1124371
	1		C	P	21105		1126117
	1		C	P	21105		1126122
	1		C	P	21105		1126668
	1		C	P	21105		1127088
	1		C	P	21105		1128089
	1		C	P	21105		1128141
	1		C	P	21105		1128558
	1		C	P	21105		1129867
	1		C	P	21105		1130008
	1		C	P	83002		1137022
	1		C	P	83002		4000491
	1		C	P	83002		4000862
	1		C	P	84217		4001112
	1		C	P	83002		4001206
	1		C	P	83002		4001386
	1		C	P	83002		4001692
	1		C	P	83002		4001976
	1		C	P	83002		4002142
	1		C	P	83002		4002143
	1		C	P	83002		4002281
	1		C	P	83002		4002300
	1		C	P	83002		4002302
	1		C	P	83002		4002333
	1		C	P	83002		4002344
	1		C	P	83002		4002353
	1		C	P	83002		4002427
	1		C	P	83002		4002439
	1		C	P	83002		4002640
	1		C	P	83002		4002660
	1		C	P	83002		4002753
	1		C	P	83002		4002779
	1		C	P	83002		4002789
	1		C	P	83002		4002793
	1		C	P	83002		4002803
	1		C	P	83002		4002880
	1		C	P	83002		4003081
	1		C	P	83002		4003317
	1		C	P	83002		4003884
	1		C	P	83002		4003903
	2		H	N	82171		4003918
	1		C	P	81508		4003918
	1		C	P	83002		4003976
	1		C	P	83002		4004239
	1		C	P	83002		4004361
	1		C	P	83002		4004422
	1		C	P	83002		4004519
	1		C	P	21471		4005345
	1		C	P	83002		4006085
	1		C	P	83002		4006399
	1		C	P	83002		4006636
	1		C	P	83002		4006667
	1		C	P	83002		4006836
	1		C	P	83002		4006949
	1		C	P	83002		4006994
	1		C	P	83002		4007147
	1		C	P	83002		4007376
	1		C	P	83002		4007395
	1		C	P	83002		4007415
	1		C	P	83002		4007418
	1		C	P	83002		4007428
	1		C	P	83002		4007430
	1		C	P	83002		4007432
	1		C	P	83002		4007436
	1		C	P	83002		4007536
	1		C	P	83002		4007544
	1		C	P	83002		4007713
	1		C	P	83002		4008606
	1		C	P	83002		4008629
	2		C	N	83020		4008629
	1		C	P	83002		4008630
	1		C	P	83002		4008633
	1		C	P	83002		4008700
	1		C	P	84217		4008796
	1		C	P	83002		4008821
	1		C	P	83002		4008823
	1		C	P	83002		4008833
	1		C	P	83002		4009026
	1		C	P	83002		4009191
	1		C	P	83002		4009196
	1		C	P	84217		4009272
	1		C	P	83002		4009376
	1		C	P	83002		4009496
	1		C	P	83002		4009900
	1		C	P	83002		4009905
	1		C	P	83002		4009908
	1		C	P	83002		4009921
	1		C	P	83002		4009934
	1		C	P	83002		4009964
	1		C	P	83002		4009967
	1		C	P	83002		4009970
	1		C	P	83002		4009978
	1		C	P	83002		4009984
	1		C	P	83002		4010042
	1		C	P	83002		4010045
	1		C	P	83002		4010067
	1		C	P	83002		4010288
	1		C	P	83002		4010336
	1		C	P	83002		4010338
	1		C	P	83002		4010360
	1		C	P	83002		4010671
	1		C	P	83002		4011334
	1		C	P	83002		4011352
	2		C	N	21451		4011602
	1		C	P	22101		4011602
	1		C	P	21451		4011603
	1		C	P	83002		4011735
	1		C	P	83002		4011776
	1		C	P	83002		4011913
	1		C	P	83002		5002255
	1		C	P	83002		5002811
	1		C	P	83002		5002812
	1		C	P	83002		5002824
	1		C	P	83002		5002825
	1		C	P	83002		5002835
	1		C	P	83002		5002844
	1		C	P	83002		5002845
	1		C	P	83002		5002848
	1		C	P	84217		5002851
	1		C	P	84217		5002856
	1		C	P	83002		5002857
	1		C	P	83002		5002859
	1		C	P	51224		5002866
was a Roman center	1	9999	C	P	83002	-700	5002871
	2		C	N	83020		5002871
	1		C	P	83002		5002872
	1		C	P	83002		5002873
	1		C	P	83002		5002876
	1		C	P	21153		5002884
	1		C	P	83002		5002885
	1		C	P	83002		5002887
	1		C	P	83002		5002890
	1		C	P	83002		5002891
	1		C	P	83002		5002892
	1		C	P	83002		5002893
	1		C	P	83002		5002894
	1		C	P	83002		5002895
	1		C	P	83002		5002898
	1		C	P	83002		5002899
	1		C	P	83002		5002901
	1		C	P	83002		5002902
	1		C	P	83002		5002903
	1		C	P	84217		5002904
	1		C	P	83002		5002905
	1		C	P	83002		5002906
	1		C	P	84217		5002909
	1		C	P	83002		5002912
	1		C	P	83002		5002914
	1		C	P	83002		5002915
	1		C	P	83002		5002918
	1		C	P	83002		5002919
	1		C	P	83002		5002920
	1		C	P	83002		5002921
	1		C	P	84217		5002922
	1		C	P	83002		5002923
	1		C	P	83002		5002924
	1		C	P	83002		5002926
	1		C	P	83002		5002927
	1		C	P	83002		5002928
	1		C	P	84217		5002929
	1		C	P	51821		5002930
	1		C	P	51821		5002931
	1		C	P	83002		5002934
	1		C	P	83002		5002935
	1		C	P	83002		5002936
	1		C	P	83002		5002937
	1		C	P	83002		5002941
	1		C	P	83002		5002943
	1		C	P	83002		5002945
	1		C	P	84217		5002947
	1		C	P	83002		5002948
	1		C	P	83002		5002951
	1		C	P	83002		5002952
	1		C	P	83002		5002962
	1		C	P	21437		5002965
	1		C	P	83002		5002967
	1		C	P	83002		5002971
	1		C	P	83002		5002975
	1		C	P	83002		5002976
	1		C	P	83002		5002982
	1		C	P	83002		5002987
	1		C	P	83002		5002989
	1		C	P	83002		5002990
	1		C	P	83002		5002991
	1		C	P	83002		5002992
	1		C	P	83002		5002994
	1		C	P	83002		5002996
	1		C	P	83002		5002997
	1		C	P	83002		5003004
	1		C	P	83002		5003005
	1		C	P	83002		5003009
	1		C	P	83002		5003011
	1		C	P	83002		5003014
	1		C	P	83002		5003017
	1		C	P	83002		5003019
	1		C	P	83002		5003021
	1		C	P	83002		5003024
	1		C	P	83002		5003027
	1		C	P	83002		5003031
	1		C	P	83002		5003033
	1		C	P	83002		5003035
	1		C	P	83002		5003038
	1		C	P	54413		5003049
	1		H	P	54413		5003051
	1		C	P	52461		5003060
	1		C	P	83002		5004321
was Roman colonial settlement	1	9999	C	P	83002	-300	6005278
	2		C	N	83030		6005278
was a medieval fortification	1	9999	C	P	83002	1000	7000214
	2		C	N	83020		7000214
	5		C	N	81112		7000457
	2		C	N	83040		7000457
	16		H	N	83045		7000457
of duchy of Tuscany	15	1860	H	N	83110	1500	7000457
	3		C	N	83112		7000457
	4		C	N	83115		7000457
	7		C	N	83351		7000457
	13		C	N	83360		7000457
factories located in suburbs produce precision instruments and other items	9	9999	C	N	83371	1800	7000457
site of ancient settlement, later founded as colony by Romans in 1st century BCE, at foot of Etruscan hill town Fiesole	1	9999	C	P	83002	-1000	7000457
developed on both sides of the Arno river, is subject to periodic flooding; most bridges were destroyed in WW II	6	9999	C	N	83433	-100	7000457
bishops were established here early; today is famed for huge cathedral, baptistry and for numerous other churches	8	9999	C	N	83154	700	7000457
noted as great center of art and literature since Middle Ages, especially flourished 14th-16th centuries	10	9999	C	N	83505	1150	7000457
for road and river traffic since Roman times, now is also a major hub for rail traffic	11	9999	C	N	83131	-100	7000457
famed for traditional products, including textiles, glass, ceramics, metal wares, leatherwork, art reproductions & furniture	12	9999	C	N	83506	-1100	7000457
Florentines were leading bankers in Europe by 15th cen.	14	9999	C	N	83321	1400	7000457
developed around an oratory that was founded in 934 AD	1	9999	C	P	83002	900	7000478
	2		C	N	83030		7000478
	3		C	N	83324		7000478
	4		C	N	83377		7000478
	1		C	P	83002		7000479
	1		C	P	81161		7003162
	2		C	N	81300		7003162
	1		C	P	81161		7003163
	2		C	N	81300		7003163
	1		C	P	81161		7003164
	2		C	N	81300		7003164
	1		C	P	81161		7003165
	2		C	N	81300		7003165
	1		C	P	81161		7003166
	2		C	N	81300		7003166
	1		C	P	81161		7003167
	2		C	N	81300		7003167
	1		C	P	81161		7003168
	2		C	N	81300		7003168
	1		C	P	83002		7004014
	1		C	P	83002		7004039
documented in 882 AD	1	9999	C	P	83002	700	7004249
	2		C	N	83040		7004249
	3		C	N	83115		7004249
	7		C	N	83153		7004249
	5		C	N	83324		7004249
	6		C	N	83351		7004249
	4		C	N	83371		7004249
Villanovan graves & other sites have been excavated; noted as most important Villanovan site N of the Apennines	11	9999	C	N	54451	1855	7004847
	2		C	N	83040		7004847
	3		C	N	83112		7004847
	4		C	N	83115		7004847
	7		C	N	83303		7004847
founded by Etruscans ca. 510 BC, on site of earlier Villanovan Iron Age settlement (of Urnfield type)	1	9999	C	P	83002	-700	7004847
for one of the oldest universities in Europe, dating from 11th cen.; especially noted for legal & medical studies	5	9999	C	N	83361	1000	7004847
was on the ancient Via Aemelia, still is a major hub for road & rail traffic	6	9999	C	N	83131	-400	7004847
developed after WW I; produces agricultural machinery, railway equipment, motors, chemicals & shoes	8	9999	C	N	83371	1920	7004847
site of many museums; especially noted for painters of 16th-17th cen., including the Carracci, Guido Reni & Guercino	9	9999	C	N	83505	1000	7004847
the see of Bologna was raised to an archbishopric in 1582	10	9999	C	N	83153	1100	7004847
	1		C	P	83002		7004898
	1		C	P	83002		7004955
	2		C	N	83040		7005060
	3		C	N	83115		7005060
	5		C	N	83131		7005060
has several training institutions	6	9999	C	N	83360	1800	7005060
was a very early site; had Gallic, Ligurian, Etruscan & Roman settlements	1	9999	C	P	83002	-1000	7005060
includes shoemaking, tanning, ironworking, & glass- & lace-making; probably produced pistols (named after town) in 15th cen.	4	9999	C	N	83377	1500	7005060
established in 5th cen.; was site of famous Jansenist episcopal synod opposing devotion to Sacred Heart of Jesus in 1786	7	9999	C	N	83153	400	7005060
since medieval period, noted for architecture, sculpture & painting	8	9999	C	N	83505	1100	7005060
	2		C	N	83040		7005124
of a Lombard duchy and a Tuscan countship	8	1200	H	N	83110	1000	7005124
especially noted for white wine	3	9999	C	N	83303	-800	7005124
founded by Etruscans, later was a Roman city	1	9999	C	P	83002	-800	7005124
has long produced ceramics, wrought iron & lace	4	9999	C	N	83506	1200	7005124
famed for ornate cathedral, begun in 1290 to commemorate the miracle at nearby Bolsena	5	9999	C	N	83153	1000	7005124
cathedral is the site of the altar cloth believed to have been stained in miracle of bleeding Host at Mass in Bolsena in 1263	6	9999	C	N	83152	1300	7005124
known for museums, medieval architecture, sculpture & painting, notably frescoes by Luca Signorelli & Fra Angelico	7	9999	C	N	83505	1200	7005124
	1		C	P	83002		7006022
	2		C	N	83040		7006072
	3		C	N	83115		7006072
important center of road & rail lines	6	9999	C	N	83131	1700	7006072
	4		C	N	83303		7006072
inhabited since Etruscan period	1	9999	C	P	83002	-800	7006072
produces clothing, footware, goldware & lace	5	9999	C	N	83377	1200	7006072
cathedral begun in 1286	7	9999	C	N	83153	1100	7006072
has been noted for red-clay Arretine ware (terra sigillata ware) since time of Romans	8	9999	C	N	83506	-500	7006072
noted for Roman amphitheater & Etruscan remains	9	9999	C	N	54451	1700	7006072
noted for museums, late medieval architecture & frescoes by Piero della Francesca; birthplace of writers Petrarch & Vasari	10	9999	C	N	83505	1000	7006072
was important medieval center, modern city grew after draining of adjacent Maremma swamps after 1930	1	9999	C	P	83002	800	7006073
	2		C	N	83040		7006073
	3		C	N	83115		7006073
	5		C	N	83131		7006073
	6		C	N	83303		7006073
	4		C	N	83324		7006073
developed as a fishing village, was fortified in 14th cen.	1	9999	C	P	83002	1000	7006074
	2		C	N	83040		7006074
	3		C	N	83115		7006074
important since 16th cen., sustained by canals that link the sea to the Arno river	5	9999	C	N	83324	1500	7006074
	6		C	N	83334		7006074
was a fishing port; now is one of largest ports in Italy, originally developed commercially by Cosimo I de'Medici in 1571	4	9999	C	N	83331	800	7006074
includes metallurgical plants, petroleum refinery, steelworks & chemical-manufacturing plants	7	9999	C	N	83371	1800	7006074
for Roman Catholics from England, & for Moors & Jews from Spain & Portugal in 16th-17th cen.	8	1800	H	N	83508	1500	7006074
	1		C	P	83002		7006075
	2		C	N	83040		7006076
	3		C	N	83115		7006076
	8		C	N	83154		7006076
of Lombard dukes & Frankish counts	12	800	H	N	83183	500	7006076
using Serchio river	7	9999	C	N	83385	1500	7006076
has long been at junction of roads to Parma, Florence, Rome, Pisa & Luni; today is also a rail center	4	9999	C	N	83131	-300	7006076
for surrounding rich agricultural area, especially noted for high-quality olive oil	5	9999	C	N	83323	100	7006076
famed production of silk, flour, tobacco, paper, textiles & wine	6	9999	C	N	83377	1100	7006076
noted for palaces, medieval churches & art museums; was home of composers Luigi Boccherini & Giacomo Puccini	9	9999	C	N	83505	1100	7006076
noted for remains of Roman walls, forum & amphitheater; city retains rectangular Roman city plan	10	9999	C	N	54451	1800	7006076
most important in Tuscany 9th-10th cen., later was surpassed by Florence	11	9999	C	N	83324	800	7006076
established by Ligurians, then was an Etruscan town	1	9999	C	P	83002	-900	7006076
was an ancient center	1	9999	C	P	83002	-500	7006077
	2		C	N	83040		7006077
	4		C	N	83153		7006077
	3		C	N	83375		7006077
was probably an Etruscan center	1	9999	C	P	83002	-900	7006080
	2		C	N	83030		7006080
	4		C	N	83153		7006080
	3		C	N	83374		7006080
	2		C	N	83040		7006082
	3		C	N	83115		7006082
	8		C	N	83351		7006082
famed since medieval period	5	9999	C	N	83361	1100	7006082
home to Etruscans and possibly Ligurians, Roman colony established 180 BCE	1	9999	C	P	83002	-600	7006082
bishopric established by 313, later became archbishopric; famed for medieval cathedral, baptistry and leaning tower	4	9999	C	N	83154	313	7006082
for river and maritime traffic since city's foundation, today is also a hub for the railway	6	9999	C	N	83131	-300	7006082
for light industries; major industries were factors in city's being heavily bombed in WW II	7	9999	C	N	83371	1800	7006082
noted for art museums and architecture; was home to famous family of medieval sculptors, including Nicola and Giovanni Pisano	9	9999	C	N	83505	1000	7006082
from Etruscan era until 16th century, when Arno changed course & was impassable to galleys due to silting and altered land levels	10	1600	H	N	83331	-800	7006082
	1		C	P	83002		7006107
	1		C	P	83002		7006109
	1		C	P	83002		7006110
	1		C	P	83002		7006111
	1		C	P	83002		7006112
	1		C	P	83002		7006113
	1		C	P	83002		7006114
	1		C	P	83002		7006115
	1		C	P	83002		7006116
	1		C	P	83002		7006117
	1		C	P	83002		7006118
	1		C	P	83002		7006119
was an Etruscan center	1	9999	C	P	83002	-800	7006120
	2		C	N	83030		7006120
	3		C	N	83351		7006120
noted for ruins of cyclopean walls, Roman baths and temple	4	9999	C	N	54451	1750	7006120
	1		C	P	83002		7006121
was an ancient center	1	9999	C	P	83002	-900	7006122
	2		C	N	83030		7006122
	3		C	N	83303		7006122
	1		C	P	83002		7006123
	1		C	P	84217		7006124
	1		C	P	84217		7006125
	1		C	P	84217		7006126
	1		C	P	84217		7006128
	1		C	P	84217		7006129
	1		C	P	84217		7006130
	1		C	P	84217		7006131
	1		C	P	84217		7006132
	1		C	P	84217		7006133
	1		C	P	84217		7006134
	1		C	P	84217		7006135
	1		C	P	83002		7006136
	1		C	P	83002		7006137
	1		C	P	83002		7006138
	1		C	P	83002		7006139
	1		C	P	83002		7006140
	2		C	N	83020		7006140
	4		H	N	54331		7006141
	3		C	N	54451		7006141
was an Etruscan center	1	9999	C	P	83002	-900	7006141
	2		C	N	83030		7006141
	5		H	N	83153		7006141
was a Roman center	1	9999	C	P	83002	-500	7006142
	2		C	N	83030		7006142
noted for production of majolica (tin-glazed pottery)	3	9999	C	N	83506	1000	7006142
	1		C	P	83002		7006143
	1		C	P	83002		7006144
	1		C	P	83002		7006145
	1		C	P	83002		7006146
	1		C	P	83002		7006147
	1		C	P	83002		7006148
	1		C	P	83002		7006149
	1		C	P	83002		7006151
	1		C	P	83002		7006152
	1		C	P	83002		7006153
	1		C	P	83002		7006155
	1		C	P	83002		7006157
	1		C	P	83002		7006159
was apparently an Etruscan settlement, but was only first documented in 9th cen. AD	1	9999	C	P	83002	-800	7006161
	2		C	N	83040		7006161
is important rail link with Florence, Pistoia & Bologna	4	9999	C	N	83131	1800	7006161
	6		C	N	83153		7006161
famed for production of woolens since 13th cen.; today also produces cement & textile machinery	3	9999	C	N	83377	1200	7006161
famed for Romanesque, Gothic & Renaissance architecture, sculpture & painting	5	9999	C	N	83505	1000	7006161
	1		C	P	83002		7006162
	1		C	P	83002		7006163
	1		C	P	83002		7006164
	1		C	P	83002		7006165
	1		C	P	83002		7006166
	1		C	P	83002		7006167
	1		C	P	83002		7006168
	2		C	N	83030		7006168
	3		C	N	83331		7006168
	1		C	P	83002		7006169
	1		C	P	83002		7006170
	1		C	P	83002		7006172
was a noted medieval center	1	9999	C	P	83002	900	7006173
	2		C	N	83030		7006173
	3		C	N	83303		7006173
	1		C	P	83002		7006174
	1		C	P	83002		7006175
	1		C	P	83002		7006176
	1		C	P	83002		7006177
	1		C	P	83002		7006178
	1		C	P	83002		7006181
	1		C	P	83002		7006183
	1		C	P	83002		7006184
	1		C	P	83002		7006185
	1		C	P	83002		7006186
	2		C	N	83020		7006188
was an early medieval center	1	9999	C	P	83002	800	7006188
	2		C	N	83030		7006189
	3		H	N	83040		7006189
was an Etruscan city	1	9999	C	P	83002	-600	7006189
	1		C	P	83002		7006190
	1		C	P	83002		7006191
	1		C	P	83002		7006192
	1		C	P	83002		7006194
	2		C	N	83030		7006194
	3		C	N	83331		7006194
was an Etruscan city	1	9999	C	P	83002	-700	7006195
	2		C	N	83030		7006195
	1		C	P	83002		7006196
	1		C	P	21471		7006197
	1		C	P	83002		7006198
	1		C	P	83002		7006200
	1		C	P	83002		7006201
	1		C	P	83002		7006202
	1		C	P	83002		7006204
	1		C	P	83002		7006205
	1		C	P	83002		7006206
	2		C	N	83040		7006207
	3		C	N	83331		7006207
	5		C	N	83351		7006207
	4		C	N	83352		7006207
city of Lucca built a fortification here in 12th cen., village grew up around it in 15th cen.	1	9999	C	P	83002	1100	7006207
	1		C	P	83002		7006242
	1		C	P	83002		7006245
	1		C	P	83002		7006293
	1		C	P	83002		7006294
	1		C	P	83002		7006295
	1		C	P	83002		7006296
	1		C	P	83002		7006299
	1		C	P	83002		7006300
	1		C	P	83002		7006301
	1		C	P	83002		7006302
	1		C	P	83002		7006303
	1		C	P	83002		7006304
	1		C	P	83002		7006305
	1		C	P	83002		7006306
	1		C	P	83002		7006307
	5		H	N	54462		7006308
	2		C	N	83030		7006308
	3		C	N	83352		7006308
	4		C	N	83354		7006308
was probably known in Antiquity; was a medieval spa center	1	9999	C	P	83002	-300	7006308
	1		C	P	83002		7006309
	4		H	N	54462		7006310
documented in late 8th cen.	1	9999	C	P	83002	500	7006310
	2		C	N	83030		7006310
	3		C	N	83371		7006310
	1		C	P	83002		7006312
	3		C	N	54451		7006313
	2		C	N	83030		7006313
structures here date to at least 7th cen. BC	1	9999	C	P	83002	-800	7006313
	1		C	P	83002		7006314
	1		C	P	83002		7006315
	1		C	P	83002		7006317
	1		C	P	83002		7006318
	1		C	P	83002		7006319
	1		C	P	83002		7006320
	1		C	P	83002		7006321
	2		C	N	83030		7006322
was a medieval fortification, was greatly expanded in the 15th cen.	1	9999	C	P	83002	1000	7006322
	1		C	P	83002		7006323
	1		C	P	83002		7006324
	1		C	P	83002		7006325
	1		C	P	83002		7006326
	1		C	P	83002		7006327
	1		C	P	83002		7006328
	1		C	P	21105		7006329
had Roman settlement	1	9999	C	P	83002	-300	7006330
	2		C	N	83030		7006330
	3		C	N	83371		7006330
	1		C	P	83002		7006331
	1		C	P	83002		7006332
	1		C	P	83002		7006333
	2		C	N	83030		7006334
was an Etruscan settlement	1	9999	C	P	83002	-800	7006334
famous for medieval architecture, especially the towers (14 of the original 72 remain) that were built by rival families	3	9999	C	N	83351	1700	7006334
noted for museum & fresco paintings in various churches, especially those by Barna, Bartolo di Fredi & Benozzo Gozzoli	4	9999	C	N	83505	1800	7006334
	1		C	P	83002		7006335
	1		C	P	83002		7006336
	1		C	P	83002		7006337
	1		C	P	83002		7006338
	1		C	P	83002		7006339
	1		C	P	83002		7006341
	3		C	N	54451		7006344
	2		C	N	83030		7006344
	4		C	N	83153		7006344
was a very ancient center founded by at least 800 BC (maybe Umbran), was later an important Etruscan city	1	9999	C	P	83002	-700	7006344
	1		C	P	83002		7006345
	1		C	P	83002		7006346
	1		C	P	83002		7006520
	2		C	N	21451		7006522
	1		C	P	22101		7006522
	1		C	P	83002		7006523
	1		C	P	83002		7006524
	1		C	P	83002		7006526
	1		C	P	83002		7006528
	1		C	P	83002		7006530
	2		C	N	21451		7006531
	1		C	P	22101		7006531
	2		C	N	21451		7006533
	1		C	P	22101		7006533
	1		C	P	83002		7006537
	1		C	P	21430		7006539
	1		C	P	83002		7006543
	2		C	N	83020		7006543
	1		C	P	83002		7006544
	1		C	P	83002		7006547
	1		C	P	83002		7006548
	1		C	P	83002		7006555
	1		C	P	83002		7006556
	3		C	N	51224		7006565
documented in 1031 AD	1	9999	C	P	83002	800	7006565
	2		C	N	83020		7006565
	1		C	P	83002		7006573
	1		C	P	83002		7006574
was important medieval center	1	9999	C	P	83002	200	7006575
	2		C	N	83030		7006575
produces glass, textiles & matches	3	9999	C	N	83377	1100	7006575
noted for museum of Tuscan art & 11th-cen. collegiate church; was birthplace of composer Ferruccio Busoni	4	9999	C	N	83505	1400	7006575
	1		C	P	83002		7006579
	1		C	P	83002		7006581
	3		H	N	21324		7006582
	2		C	N	21461		7006582
	1		C	P	22101		7006582
	1		C	P	83002		7006584
	2		C	N	54451		7006588
	3		H	N	83002		7006588
founded by Etruscans, probably destroyed in 1st cen. BC	1	1	C	P	83210	-900	7006588
	1		C	P	21433		7006589
	1		C	P	83002		7006590
	2		H	N	54412		7006591
	1		C	P	83002		7006591
	1		C	P	83002		7006592
	1		C	P	83002		7007728
	2		C	N	83155		7007731
was an important medieval center	1	9999	C	P	83002	900	7007731
	1		C	P	83002		7008397
	1		C	P	83002		7008555
	1		C	P	83002		7008900
	1		C	P	21105		7009080
	2		C	N	81100		7009760
part of new kingdom of Italy from 1861	1	9999	C	P	81165	1861	7009760
	1		C	P	83002		7009957
	1		C	P	83002		7010020
	2		C	N	54451		7010381
	3		H	N	83002		7010381
a Vulci center, later an early Latin colony	1	200	C	P	83210	-900	7010381
	1		C	P	21430		7010394
since 1125	4	9999	C	N	81112	1125	7011179
Frankish, 6th-12th century	8	1179	H	N	82110	500	7011179
	2		C	N	83040		7011179
university founded in 1240	7	9999	C	N	83361	1240	7011179
settled by Etruscans (flourished 6th century BCE)	1	9999	C	P	83002	-800	7011179
noted for medieval architecture and Palio horse races	6	9999	C	N	83351	1800	7011179
bishopric was established by Middle Ages, later became an archbishopric; noted for large medieval cathedral	3	9999	C	N	83154	1000	7011179
since Middle Ages, famed for architecture, sculptors and painters including Duccio, Simone Martini and the Lorenzetti	5	9999	C	N	83505	1000	7011179
was important European banking center by 13th century, but declined with fall of Ghibelline power in area and Black Death of 1348	9	1800	H	N	83321	1150	7011179
	1		C	P	83002		7011181
	2		C	N	54451		7015413
	3		H	N	83002		7015413
founded by Etruscans, abandoned by 12th cen.	1	1150	C	P	83210	-800	7015413
	1		C	P	21430		7015529
	1		C	P	83002		7017499
	1		C	P	83002		7017500
	2		C	N	21493		7017853
	1		C	P	22101		7017853
	1		C	P	21430		7018786
	1		C	P	83002		7023825
	1		C	P	83002		7023893
	1		C	P	54414		7023894
	3		H	N	81009		7024113
	2		C	N	81501		7024113
	1		C	P	81031		7024113
	1		C	P	21471		7024602
	1		C	P	81161		7024741
	2		C	N	81300		7024741
	1		C	P	21438		7028107
	1		C	P	10003		7029392
	1		C	P	83002		7029393
founded in mid-4th century BCE	1	200	C	P	83210	-600	7029473
	2		H	N	83002		7029473
by the Etruscan Foundation, under Jane K. Whitehead since 1982	3	9999	C	N	54451	1982	7029473
	1		C	P	83002		7029528
	1		C	P	51223		7030235
	2		C	N	54455		7030235
