urban park	53122
urban prefecture	81158
urban subdivision	84002
valley	21451
vassal state	81267
vegetation	21601
viceroyalty	82187
villa	51216
village	83020
villeneuve	83081
vineyard	54015
viniculture center	83308
voivodship	81191
volcanic landform	21407
volcano	21406
wadi	21167
wall	51227
war cemetery	54124
watercourse	21110
waterfall	21161
waterfront	53211
waterhole	21184
weapons production center	83387
weir	51265
well	51255
wetland	21301
whaling station	83316
wharf	51266
whirlpool	21183
wilderness	55110
wilderness area	53111
wildlife refuge	53112
woods	21641
wreck	51993
yard	53221
zone	81193
zoo	54611
undersea levee	23461
undersea median valley	23413
undersea moat	23463
undersea mound	23178
undersea mountain chain	23131
undersea peak	23135
undersea pinnacle	23162
undersea plain	23301
undersea platform	23211
undersea ramp	23117
undersea range	23145
undersea ravine	23415
undersea ridge	23151
undersea rise	23116
undersea saddle	23423
undersea shelf	23192
undersea shelf edge	23193
undersea shelf rise	23115
undersea shelf valley	23412
undersea shoal	23191
undersea sill	23196
undersea slope	23118
undersea spur	23182
undersea terrace	23212
undersea tongue	23181
undersea trench	23464
undersea trough	23462
undersea valley	23411
underwater area	23002
unincorporated area	83241
unincorporated territory	81183
union	82193
union territory	81186
unitary authority	81116
university	51557
university center	83361
upland	21493
urban center	83051
municipium	83045
museum	51222
narrows	21137
nation	81010
national capital	83111
national cemetery	54123
national forest	53115
national monument	53129
national park	53126
native peoples reservation	83514
natural arch	21445
natural pillar	21446
natural tunnel	21447
nature reserve	53110
naval base	54252
navigation channel	51257
necropolis	54113
neighborhood	84251
neutral zone	81284
noble residence	83183
nunatak	21495
oasis	21202
oasis settlement	83436
oblast	81145
observatory	54601
occupied territory	81283
ocean	21102
official residence	51213
oil field (gas field)	54213
oil field center	83376
oil terminal	54564
oligarchy	82155
oppidum	83033
oratory	52113
orchard	54014
overlordship	82154
overseas department	81185
overseas province	81164
overseas territory	81184
oxbow lake	21139
palace	51214
palatinate	82156
pampa	21605
pan	21521
papal residence	83185
parish (ecclesiastical)	82351
parish (political)	81151
parish seat	83117
park	53120
parkway	53154
parlement	83125
parliament building	51627
parliamentary democracy	82112
parliamentary monarchy	82152
part of inhabited place	84001
pass	21433
pass (delta)	21164
passage	21131
patriarchal see	83156
patriarchy	82161
peak	21490
penal settlement	83504
peninsula	21476
petroleum refining center	83378
physical feature	20001
piazza	53031
pier	51264
pilgrimage center	83152
plain	21461
plantation	54041
plateau	21441
plaza (administrative)	81292
plaza (open space)	53032
point	21464
polder	21522
poleis	83046
political center	83507
political entity	80002
pond	21104
pool	21119
port	83331
port of entry	83338
portage	53160
possession	81281
post office	51631
power plant	54231
power production center	83385
praetorium	51215
prairie	21606
precinct	82451
prefecture	81157
prehistoric site	54454
presbytery	52351
preserve	54321
presidency	81156
presidio	83173
primary political unit	81002
principality	82164
priory	54417
prison	51522
prison center	83104
promontory	21477
protected state	81232
protectorate	81159
province	81161
provincial capital	83115
provincial park	53127
public building	51610
publishing center	83366
pueblo	83513
pyramid	51234
quadrangle	53020
quarry	54217
quarrying center	83375
quarter	84271
quay	54569
quicksand	21503
racetrack	54342
railroad	53155
railroad camp	83132
railroad station	54556
railroad yard	54555
rain forest	21632
ranch	54051
rapids	21162
ravine	21427
reach	21499
recreation area	54310
reef	21479
refugee camp	83149
refugee center	83508
region	81165
general region	22101
regional capital	83112
regional center	83127
regional council	81119
religious building	51820
religious center	83150
religious community	54410
republic	82171
research institute	54602
reservoir	51259
residential center	83147
resort	54331
resort center	83352
rest stop	83148
retirement community	83502
ridge	21491
rione	84217
river	21105
river bed	21154
river mouth(s)	21156
river port	83337
river settlement	83433
river tributary	21157
riverbank	21155
road	53151
rock	21444
rock shelter	51219
rockfall	21504
rocky desert	21204
route	53152
royal residence	83181
ruined settlement	83212
ruins	51991
run	21163
rural community	83009
rural district	81127
sabkha	21368
sacred site	54418
saddle	21524
salt area	21506
salt flat	21459
salt lake	21116
salt marsh	21323
sanctuary (building)	52363
sand bar	21480
sandy area	21505
sandy desert	21203
sanitarium	51560
satellite community	83402
satrapy	82179
savanna	21607
school	51555
scientific center	83365
scientific facility	54600
scientific research base	54603
scrubland	21652
sea	21103
sea-mount	23133
sea-mounts	23132
seaport	83336
seasonally inhabited place	83245
second level subdivision	81300
section	84202
section of physical feature	21599
section of watercourse	21182
seigneury	82181
semi-independent political entity	80005
seminary	51558
senatorial district	81128
senatorial province	81162
sestiere	84216
shallow	21176
shantytown	84278
sheikhdom	82183
shipbuilding center	83334
shipping center	83326
shipyard	54563
shire	81171
shoal	21177
shopping center	54221
shore	21481
shrine	51829
sill	21367
sinkhole	21371
site	54450
skid row	84283
slide	21507
slope	21492
slough	21305
sluice	54560
slum	84285
snowfield	21146
social group	81401
sound	21129
spa center	83354
space colony	83403
space facility	54608
special area	81178
special city	81107
special municipality	83044
special territory	81189
spit	21465
sporting center	83353
sports building	51717
sports complex	54340
spring	21126
spur	21366
square	53030
squatter settlement	83503
stage	52411
stage station	54558
state	81175
state capital	83113
state forest	53116
asylum	51559
athletic field	53141
atoll	21472
atomic facility	54607
autonomous area	81215
autonomous city	81114
autonomous community	81170
autonomous district	81124
autonomous municipality	81104
autonomous province	81167
autonomous region	81166
artificial island(s)	51268
state park	53128
statistical area	81176
step	21404
strait	21132
stream	21107
stream channel	21165
stream distributory	21158
stream junction	21381
streams	21106
street	53157
street address	53208
structure	51010
subcontinent	21403
subdivision	84311
national subdivision	81177
subregional capital	83119
suburb	84561
sultanate	82185
suzerain	81008
suzerainty	82186
swamp	21324
synagogue	51827
talus slope	21508
tell	83215
temene	82371
temple	51828
tepes	83217
terrace	21513
territory	81181
textile center	83343
theater	51715
theocracy	82191
third level subdivision	82401
tidal watercourse	21130
timber center	83307
tomb(s)	51233
tourist center	83351
tower	52461
town	83030
township	82471
trade center	83325
traffic circle	52613
trail	53158
transport point	54549
transportation center	83131
transportation infrastructure	53150
treaty port	83332
trees	21643
triangulation station	54604
tribal area	83510
tribe	81441
tributary (political)	81194
trough	21512
trust territory	81278
tundra	21611
tunnel	51845
underground lake	21188
undersea apron	23187
undersea bank	23184
undersea basin	23421
undersea bench	23183
undersea canyon	23416
undersea channel	23451
undersea cliff	23194
undersea cordillera	23344
undersea fan	23188
undersea feature	23001
undersea fork	23453
undersea fracture zone	23550
undersea furrow	23467
undersea gap	23424
undersea hill	23176
undersea hills	23175
undersea hole	23431
undersea knoll	23172
undersea ledge	23195
communications center	83381
community	83006
company center	83309
complex	54010
concentration camp	51543
condominium	81261
cone	21418
confederation	81009
confluence	21160
constitutional monarchy	82153
continent	29000
continental plate	20010
continental rise	23110
continents	21402
contrada	84215
controlled region	81260
conurbation	83063
convent	54411
correctional institution	51521
corridor	21449
coulee	21425
country	81102
country house	51212
countship	82110
county	81115
county seat	83118
courthouse	51623
cove	21120
cow town	83145
craftsman center	83506
crater	21408
crater lake	21138
creek	21108
crossing	53159
crypt	52321
cuesta	21500
cultural center	83505
cultural group	81402
current	21169
cutoff	21134
dairy	54013
dam	51253
deaconry	82331
deep	21175
defense installation	54251
defile	21429
delta	21422
democracy	82111
department	81117
department capital	83116
dependency	81121
dependent political entity	80003
dependent state	81021
depot	54257
depression	21497
desert	21201
deserted settlement	83210
despotate	82113
dictatorship	82115
dike	51263
diocese	82311
disputed territory	81286
national district	81125
urban district	84218
district capital	83114
ditch	51256
divide	21440
national division	81126
urban division	84219
dock	21135
dockyard	54561
dominion	81268
drainage basin	21455
drumlin	21411
dry lake	21117
drydock	54565
ducal residence	83184
duchy	82121
dunes	21419
dwelling	51210
dynasty	82125
earldom	82127
ecclesiastical district	82310
ecclesiastical principality	82165
educational center	83360
educational complex	51551
electorate	82128
emirate	82131
empire	81003
enclave	81291
entertainment center	83355
ephemeral community	83219
episcopal see	83153
escarpment	21489
estate	54034
estuary	21152
ethnic group	81408
exhibition building	51221
external territory	81182
exurb	84521
factory center	83372
fairground	53142
family	81421
farm	54011
fault	21405
favela	84231
federal capital territory	81188
federal territory	81187
federation	81005
fen	21321
fief	81282
field	21456
financial center	83321
fiord	21122
first level subdivision	81100
fish-processing center	83313
fishing community	83314
fishing spot	83317
fissure	21416
flat	21457
flood control basin	51261
flood plain	21460
fluvial island	21428
fluvial landform	21420
ford	21170
forest	21642
forest reserve	55111
forest station	54615
former administrative division	81502
former body of water	21199
former community	83213
former island	21467
former physical feature	21009
former reservoir	51260
former structure	51012
former watercourse	21113
fort	51225
fortification	51223
fortified settlement	83175
forum	53203
fossilized forest	21649
fourth level subdivision	82402
free port	83333
freely associated state	80004
friary	54416
frontier	81264
frontier settlement	83144
funerary building	51231
fur station	83315
gap	21436
garden	53010
garden suburb	84563
gas/oil pipeline	52821
geographic region	81131
geyser	21171
ghetto	84241
ghost town	83211
glacial landform	21410
glacier	21141
gold town	83146
gorge	21426
government office building	51621
governmental installation	54255
governorate	82133
grand duchy	82123
grassland	21604
grave	51237
gravel field	21502
grazing area	54052
green	53204
grove	21645
gulf	21123
gully	21453
gut	21133
guyot	23171
hacienda	54031
hamlet	83010
hanging valley	21514
harbor	21124
headland	21463
headwater	21181
heath	21609
hermitage	54412
highland	21494
highway	53153
hill	21437
hill settlement	83432
hills	21438
historic building	51241
historical region	81501
historic site	54461
historic structure	51013
historical cultural group	81403
historical park	53123
hollow	21452
hospital	51554
house	51211
housing development	84312
hummock	21439
huyuk	83216
hydraulic structure	51250
ice sheet	21147
ice tongue	21143
iceberg	21142
icecap	21140
icecap depression	21145
icecap dome	21144
imperial city	83182
imperial province	81163
inactive mine	54214
incorporated area	83240
independent city	81113
independent nation	81012
independent political entity	80006
independent sovereign nation	81011
industrial center	83371
industrial complex	54210
inhabited place	83002
inhabited region	22201
inland port	83335
inlet	21128
institutional building	51510
intendancy	82135
interfluve	21450
intermittent body of water	21198
intermittent lake	21118
intermittent watercourse	21111
intermittent wetland	21306
solar system	29501
sun	29520
planetary body	29530
planet	29531
moon	29570
asteroid	29601
asteroid belt	29602
comet	29610
satellite	29771
Galilean satellite	29775
irregular satellite	29773
regular satellite	29772
galaxy	29470
star	29490
lake channel	21185
lakefront	53212
lakes	21114
lakeshore	21484
land	81136
land bridge	21478
land grant	81129
land-tied island	21511
landform	21401
landgraviate	82144
landing	53223
latifundia	54032
lava flow	21612
league	81007
legislative building	51625
legislative center	83102
leper colony	83109
levee	51251
lighthouse	52462
livestock center	83306
local council	81118
local region	81122
locale	83003
lock	51254
lordship	82145
lost area	83220
lost settlement	83218
lost watercourse	21112
lot	53205
mall	53169
mandate	81279
manmade object	50001
manor	54033
mansion	51217
manufacturing center	83377
march	81141
margraviate	82146
marina	54562
marine channel	21186
marine park	53121
market center	83323
marsh	21322
massif	21435
mausoleum	51232
meadow	21613
meander	21153
medical center	83367
medical facility	54609
medina	83041
megalithic site	54453
megalopolis	83064
memorial	51571
mesa	21442
metallurgical center	83379
meteorological station	54606
metropolis	83042
metropolitan area	83061
military center	83171
military installation	54250
military park	53124
military regime	82116
mill center	83373
mine	54211
mines	54212
mining center	83374
miscellaneous	10001
mission	83151
modern center	13502
mole	54568
monarchy	82151
monastery	54413
monastic center	83155
monument	51572
moor(s)	21608
moraine	21414
mosque	51826
mound(s)	21458
mountain	21430
mountain range	21431
mountain system	21432
mountains	21434
multistory building	51111
municipality	83043
Presbyterian center	11245
Protestant center	11230
Proto-Renaissance center	13225
Prussian center	13561
Ptolemaic center	12581
Qarakhanid center	15197
Qatabian center	12627
Quaker center	11266
Quasim center	15031
Queen Anne (period) center	13355
Ramesside period center	12563
Reform Jewish center	11514
Reformation (period)  center	13311
Regence (period) center	13365
Regency center	13521
Renaissance center	13301
Republican center	12422
Restauration center	13557
Restoration (period) center	13351
Revolutionnaire (Republicain) center	13551
Rhodian center	12287
Rococo center	13329
Roman center	12420
Romanesque center	13211
Romanian center	13051
Romano-British center	12446
Russian  center	13055
Sabaean center	12628
Safavid center	15199
Samanid center	15204
Samoan center	16891
Sassanian center	12693
Scandinavian center	13061
Scottish center	13007
Scythian center	12695
Second Dynasty center	12522
Second Empire center	13559
Second Intermediate period center	12550
Seleucid center	12689
Selim III center	15182
Semitic center	12621
Seventeenth Dynasty center	12555
Seventh Dynasty center	12526
Severan center	12435
Shaker center	11267
Shang center	14095
Shi'ite center	11452
Shin center	11142
Shingon center	11143
Shinto center	11741
Siberian center	14230
Sicilian center	12295
Sikhist center	11751
Sioux center	18697
Sivaist center	11153
Sixteenth Dynasty center	12554
Sixth Dynasty center	12518
Slavic (Slav) center	13254
Solutrian center	12121
South Italian center	12292
Southeast Asian center	14350
Spanish center	13071
Spanish Colonial center	13376
Stone Age center	12011
Stuart center	13343
Sub-Mycenaean center	12226
Sufist center	11453
Sulayhid center	15215
Suleyman I center	15156
Suleyman II center	15162
Sullan center	12425
Sumerian center	12670
Sunni center	11454
Swahili center	16528
Swedish center	13066
Swiss center	13081
Syrian center	12656
Syro-Hittite center	12620
Syro-Phoenician center	12655
Szeletian center	12112
T'ien-T'ai  center	11124
Tahitian center	16894
Tang center	14122
Taoist center	11761
Tarquinian center	12418
Tartar center	15415
Tasmanian center	16817
Tayacian center	12105
Temple Mound period center	18072
Tendai center	11144
Tenth Dynasty center	12529
Teotihuacan center	18282
Tetrarchic center	12437
Thai center	14440
Theban center	12557
Theodosian center	13113
Theran center	12288
Theravada center	11112
Thinite center	12523
Third Dynasty center	12516
Third Intermediate period center	12570
Thirteenth Dynasty center	12551
Thracian center	12698
Tibetan center	14286
Tlalpan center	18256
Tongan center	16895
Trajanic center	12432
Tudor center	13341
Tulunid center	15217
Tungus center	14235
Tuvalu center	16865
Twelfth Dynasty center	12542
Twentieth Dynasty center	12564
Twenty-fifth Dynasty center	12575
Twenty-first Dynasty center	12571
Twenty-fourth Dynasty center	12574
Twenty-second Dynasty center	12572
Twenty-third Dynasty center	12573
Uluzzian center	12122
Umayyad center	15226
Upper Paleolithic center	12015
Upper Perigordian center	12119
Urartian center	12616
Urguayan center	18028
Vaisnavist center	11154
Vajrayana  center	11115
Vandal center	13253
Vanuatu center	16849
Vedic center	14306
Venezuelan center	18029
Victorian center	13531
Viking center	13285
Villanovan center	12411
Visigothic center	13246
Welsh center	13008
Western Han center	14089
William and Mary (period)  center	13353
Xe center	18289
Yoruba center	16205
Yugoslav center	13085
Zand center	15232
Zen center	11145
Zhou (Chou) center	14102
Zirid center	15233
Zoroastrian center	11771
abandoned complex	54012
abandoned dwelling	51992
abandoned structure	51014
abbey	54414
abyssal plain	23302
academy	51552
administrative center	83101
administrative division	81099
administrative entity	80001
administrative region	81123
aeolian landform	21417
agglomeration	83062
agricultural building	51860
agricultural center	83303
agricultural land	55001
air base	54253
airfield	54550
airport	54551
alliance	81004
alluvial fan	21421
ally	81211
amphitheater	51714
amusement park	54311
anabranch	21136
anchorage	51262
ancient site	54455
animal breeding center	83302
annex	81285
apsidal building	51121
aqueduct	51258
aquifer	21168
arch	51573
archaeological site	54451
archdeaconry	82332
archdiocese	82312
archduchy	82122
archiepiscopal see	83154
archipelago	21474
arctic area	21207
area	81101
arena	51718
arrondissement	82405
arroyo	21423
artists' colony	83501
asphalt lake	21369
association	81006
astronomical station	54605
irrigation center	83304
island	21471
island group	21470
islands	21475
islet	21468
islets	21469
isthmus	21473
jetty	54567
judicial center	83103
jungle	21631
karst area	21509
khanate	82139
kibbutz	83603
kingdom	82141
kraal	83021
lagoon	21125
lake	21115
autonomous republic	81168
autonomous sector	81169
backwater	21302
badlands	21205
bailiwick	81103
bank	21466
bar	21531
barony	82101
barriada	84203
base	83004
basilica	51122
basin	21454
bastide	83177
battlefield	54462
battlefield park	53125
bay	21121
bayou	21303
beach	21482
bench	21498
bend	21159
bidonville	84205
bight	21127
blowhole	21172
blowout	21448
boatyard	53222
body of water	21101
bog	21304
boomtown	83305
borderland	81288
borough	82411
boulder field	21501
breakwater	54566
bridge	51841
brook	21109
buffer zone	81287
building	51011
burg	83031
burgraviate	82102
burial cave	54456
burial chamber	52451
burial site	54452
buried settlement	83214
bushes	21644
butte	21443
cairn	51236
caldera	21409
caliphate	82107
camp	54315
campus	51553
canal	51252
canton	81105
canyon	21424
cape	21462
capital	83110
capitol	51626
castello	83178
castle	51224
catacombs	54111
cataract	21166
cathedral	51822
causeway	53156
cave	21486
cave dwelling	51218
caves	21485
cemetery	54110
center	83005
ceremonial mound	51235
channel	21151
chapel	52112
charterhouse	54415
church	51821
churchyard	54121
cinarius	54122
cirque	21496
city	83040
city block	53201
city-state	81106
civitas	83047
clan	81412
clearing	21651
cleft	21415
client state	81231
cliff	21488
cliffs	21487
cloister	52301
close	82321
coastal settlement	83431
coastline	21483
collective settlement	83601
college	51556
college center	83362
colonial settlement	83141
colony	81108
columbarius	54112
commandery	82109
commercial center	83324
commissary	81109
common	53202
common land	55421
commonwealth	81111
commune (administrative)	81112
commune (social)	83602
Polynesian center	16870
Portuguese center	13043
Portuguese Colonial center	13374
Post-Angkorean center	14385
Pre-Chellean center	16008
Pre-projectile Point center	18033
Preceramic center	18427
Predynastic center	12502
Ewe center	16237
Fifteenth Dynasty center	12553
Final Neolithic center	12037
Finnish center	13064
First Dynasty center	12521
First Intermediate period center	12525
Five Dynasties center	14123
Flavian center	12431
Flemish center	13033
Fourteenth Dynasty center	12552
Fourth Dynasty center	12517
Franciscan center	11287
Franco-Saxon center	13275
French center	13012
Gallo-Roman center	12445
Georgian center	13356
German center	13017
Germanic (Teutonic) center	13236
Ghaznavid center	15013
Gothic center	13215
Gravettian center	12115
Greco-Etruscan center	12443
Greek center	12250
Hadrianic center	12433
Hallstatt center	12167
Hamdanid center	15015
Han (Chinese) center	14087
Hanseatic center	13238
Hawaiian center	16881
Helladic center	12220
Hellenistic center	12267
Heracleopolitan period center	12531
Hiberno-Saxon center	13263
High Baroque center	13323
High Gothic center	13217
High Palaeologan center	13133
High Renaissance center	13305
High Victorian center	13533
Himalayan center	14261
Hinayana center	11111
Hindu center	11151
Hindu-Buddhist center	11155
Hispano-Flemish center	13291
Hispano-Moresque center	13292
Hittite center	12611
Hittite Empire center	12614
Holoholo center	16415
Honduran center	18004
Hongwu center	14138
Hongxian center	14161
Huguenot center	11239
Hungarian center	13021
Huron center	18624
Hyksos center	12556
Ibrahim center	15171
Ikhshidid center	15017
Imperial (Roman) center	12426
Inca center	18455
Native American center	18030
Indo-European center	12696
Indus Valley center	14302
Inuit center	18492
Ionian center	12285
Ionic center	12275
Irian Jaya center	16829
Irish center	13023
Iron Age center	12061
Iroquois center	18590
Ishaq center	15028
Islamic (Muslim) center	11451
Italian center	13025
Italic center	12444
Italo-Byzantine center	13142
Jabrudian center	12641
Jacobean center	13345
Jacobite center	11262
Jainist center	11711
Jalairid center	15019
Jamaican center	18012
Japanese center	14170
Jesuit center	11288
Jewish center	11511
Jodo center	11141
Julio-Claudian center	12429
Justinianic center	13114
Kafuan center	16009
Karakoyunlu center	15225
Karaman b Nura Sufi center	15021
Karanga center	16079
Kassite center	12679
Keremian center	16005
Kerma center	16109
Khalji center	15035
Kimberly	16816
Kiribati center	16861
La Tene center	12177
Laconian center	12291
Lamaism  center	11113
Laotian center	14410
Late Antique center	12436
Late Baroque center	13325
Late Bronze Age center	12054
Late Byzantine center	13130
Late Chalcolithic center	12035
Late Cycladic center	12217
Late Cypriote center	12634
Late Etruscan center	12417
Late Gothic center	13218
Late Helladic center	12224
Late Iron Age center	12064
Late Minoan center	12234
Late Neolithic center	12024
Late Republican center	12423
Latin Empire center	13121
Lavalloisian center	12104
Levalloiso-Mousterian center	12106
Levantine center	12640
Llano center	18042
Lodi center	15036
Lombard center	13251
Louis XIII (period) center	13363
Louis XVI (period) center	13556
Lower Paleolithic center	12013
Lower Perigordian center	12118
Lutheran center	11241
Lycian center	12619
Lydian center	12618
Macedonian Renaissance center	13117
Magdalenian center	12116
Magyar center	13247
Mahayana center	11114
Mahmud I center	15174
Mahmud II center	15184
Malaysian center	14420
Mandalay center	14352
Manichaeist center	11721
Manus center	16822
Marcomannic center	13252
Maronite center	11263
Marshall Island center	16863
Maya (Mayan) center	18831
Medieval center	13201
Mediterranean center	12201
Mehmed I center	15155
Mehmed II center	15158
Mehmed III center	15165
Mehmed V center	15189
Melanesian center	16820
Melchite center	11264
Memphite center	12532
Mennonite center	11242
Merovingian center	13243
Mesoamerican center	18240
Mesolithic center	12017
Mesopotamian center	12660
Methodist center	11243
Micoquian center	12107
Middle Bronze Age center	12053
Middle Byzantine center	13115
Middle Chalcolithic center	12034
Middle Cycladic center	12216
Middle Cypriote center	12632
Middle Helladic center	12222
Middle Hittite Kingdom center	12613
Middle Iron Age center	12063
Middle Kingdom center	12540
Middle Minoan center	12232
Middle Neolithic center	12023
Middle Paleolithic center	12014
Migration period center	13204
Ming center	14137
Minoan center	12230
Mithraic center	11731
Mongol (Mongolian, Mongoloid) center	15038
Moravian center	11244
Mousterian center	12108
Mozarabic center	13294
Murad I center	15153
Murad IV center	15169
Muscovite center	13144
Mustafa IV center	15183
Mycenaean center	12225
Nabatean center	12626
Napatan center	16112
Nasrid center	15045
Nayak center	14338
Neo-Hittite center	12615
Neo-Sumerian center	12675
Neolithic center	12021
Nestorian center	11265
Netherlandish center	13031
New Caledonian center	16827
New Ireland center	16841
New Kingdom center	12560
New Zealand center	16885
Nicaraguan center	18007
Nigerian center	16043
Nineteenth Dynasty center	12562
Ninth Dynasty center	12528
Norman center	13281
Norse center	13284
Norwegian center	13065
Nubian center	16108
Oaxacan center	18352
Old Babylonian center	12677
Old Hittite Kingdom center	12612
Old Kingdom center	12515
Oldowen center	16011
Orhan center	15152
Orthodox Eastern center	11220
Orthodox Jewish center	11513
Osman I center	15151
Osman III center	15175
Ostrogothic center	13245
Ottoman center	15150
Ottonian center	13208
Paestan center	12294
Pahlevi center	15195
Palaeologan center	13131
Paleo-Indian center	18035
Paleolithic center	12012
Palestinian center	12652
Papal center	13026
Papua New Giunea center	16833
Paraguayan center	18025
Parthian center	12691
Pavlovian center	12111
Perigordian center	12117
Persian center	12683
Puerto Rican center	18013
Peruvian center	18026
Philistine center	12653
Phillipine center	14430
Phoenician center	12654
Phrygian center	12617
Pilgrim (American) center	18978
Pir Ahmad center	15029
Polish center	13035
Early Neolithic center	12022
Early Palaeologan center	13132
Early Renaissance center	13303
Early Victorian center	13532
Early period Californian center	18074
Early period Plateau center	18078
East Asian center	14071
East Gravettian center	12109
Easter Island center	16874
Eastern Han center	14088
Eastern Zhou center	14103
Edo (Japanese period) center	14201
Edwardian center	13541
Eighteenth Dynasty center	12561
Eighth Dynasty center	12527
El Salvadoran center	18005
Elamite center	12685
Eleventh Dynasty center	12541
Elizabethan center	13342
Empire (Napoleonic) center	13555
Eneolithic center	12036
English center	13006
Epipaleolithic center	12016
Episcopal center	11238
Etruscan center	12415
Etrusco-Italic center	12441
Etrusco-Roman center	12442
<supplementary terms>	10000
<the Americas - periods & cultures (FL)>	18000
<transitional>	12030
<undersea features>	23000
<vegetation & vegetation components>	21600
<wetlands>	21300
Abbasid (Dynasty) center	15003
Abbevillian center	12101
Abdulhamid II center	15188
Abdulmecid I center	15185
Aboriginal reserve	83512
Abua center	16183
Achaean (Achaian) center	12699
Achaemenid center	12687
Acheulian (Acheulean) center	12102
Acholi center	16595
Adzhina-Tepe center	14025
Aegean center	12202
Aeolic center	12272
African center	16001
Aghlabid center	15004
Ahmed I center	15166
Ahmed III center	15173
Akkadian center	12673
Ala-ad-Din Ali center	15027
Ala-ad-Din Khalil center	15024
Ala-ad-Din b Khalil center	15025
<African & Pacific periods & cultures (FL)>	16000
<Ancient European periods & cultures>	12100
<Ancient Italian periods & cultures>	12400
<Asian periods & cultures (FL)>	14000
<Bronze Age>	12050
<Buddhist>	11100
<Chinese Buddhist>	11120
<Christian>	11200
<Early Christian-Byzantine periods & cultures>	13100
<Egyptian periods & cultures>	12500
<European cultures (FL)>	13000
<Hindu>	11150
<Iron Age>	12060
<Islamic periods & cultures (FL)>	15000
<Islamic>	11450
<Japanese Buddhist>	11140
<Jewish>	11510
<Medieval periods & cultures>	13200
<Mediterranean periods & cultures>	12200
<Near Eastern periods & cultures>	12600
<Renaissance-Baroque periods & cultures>	13300
<Stone Age>	12010
<administrative bodies & associations>	81001
<ancient, general era, & Early Western periods & cultures (FL)>	12000
<bodies of water & components of bodies of water>	21100
<building divisions & site elements (RM)>	52000
<civil divisions; districts (RG)>	82400
<complexes (RG)>	54000
<complexes by development practice (RG)>	84300
<complexes by function>	54009
<cultural landscapes (RD)>	55000
<deserts>	21200
<landforms & landform components>	21400
<landscapes (RD)>	21000
<manmade physical world>	50000
<modern European periods & cultures>	13500
<natural physical world>	20000
<open spaces (RK)>	53000
<open spaces by form>	53009
<open spaces by function>	53100
<open spaces by location or context>	53200
<organizations (HG)>	81000
<other eastern religions>	11700
<parts of primary inhabited places>	84000
<political concepts (BM)>	82100
<political/administrative world>	80000
<primary inhabited places (e.g., cities)>	83000
<religions/religious cultures (BM)>	11000
<religious districts; districts (RG)>	82300
<residential districts; districts (RG)>	84201
<settlements by condition>	83200
<settlements by economic base>	83300
<settlements by form; settlements (RD)>	83001
<settlements by function>	83100
<settlements by location (RD)>	84500
<settlements by location>	83400
<settlements by occupants>	83500
<settlements by ownership>	83600
<single built works (RK)>	51000
<single built works by form>	51100
<single built works by function>	51200
<single built works by general type>	51009
<social & economic geography concepts (BM)>	22000
<social groups >	81400
Alamannic center	13237
Albanian center	13001
Aleut center	18082
Algonkin center	18514
Almohad center	15005
Almoravid center	15006
Aman-Kutan center	14003
Amarna period center	12565
Amba center	16433
Ambo center	16501
American center	18015
American Colonial center	18975
American Indian reservation	83511
Amish center	11234
Amorite center	12622
Anasazi center	18234
Anatolian center	12601
Ancient Egyptian center	12501
Ancient Italian center	12401
Angkorean center	14370
Anglican center	11235
Anglo-Norman center	13261
Anglo-Saxon center	13262
Antonine center	12434
Apache center	18751
Apennine center	12402
Apulian center	12293
Arabian (Arab) center	12623
Arapaho center	18671
Archaic center	12261
Arunta center	16812
Asian center	14001
Assyrian center	12681
Assyrian Colony period center	12605
Asturian center	12131
Attic center	12289
Augustan center	12428
Aurignacian center	12113
Haitian center	18011
North American center	18014
Mexican center	18017
South American center	18018
Argentine center	18019
Brazilian center	18022
Pre-Columbian center	18031
Archaic (North American) center	18034
Woodland Tradition center	18068
Plains Village center	18077
Eskimo center	18089
Badin center	18124
Baumer center	18143
Caddo center	18149
Adena center	18171
Hopewell center	18173
Casas Grandes center	18212
Preclassic center	18242
Toltec center	18283
Olmec center	18287
Ocos center	18328
Aztatlan center	18367
ancient American  center	18481
Achomawi center	18544
Abnaki center	18583
Mohawk center	18592
Shoshone center	18615
Fox (culture)  center	18623
Illinois (culture) center	18625
Alsea center	18635
Blackfoot center	18674
Atakapa center	18733
Australian Aboriginal center	16811
Austrian center	13002
Avar center	13235
Axum center	16101
Ayudhya center	14441
Ayyubid center	15007
Aztalan center	18113
Aztec center	18279
Badr-al-Din Mahmud center	15023
Baehr Hopewell center	18131
Bagirmi center	16301
Bamileke center	16131
Amahuaca center	18845
Pennsylvania Dutch center	18977
Latin American center	18980
Altoperuvian center	18981
protohistoric site	54457
hierarchy root	10002
facet	10003
organization	81022
Indigenous Protected Area	53113
protected environmental area	53114
marine sanctuary	53117
bulwark	51228
Chachapoya center	18456
local district	81120
fortress	51226
paleontological site	54491
island nation	81051
geological formation	20020
historic quarter	84272
prisoner of war camp	51544
Bannock center	18607
Banyun center	16269
Baptist center	11236
Bare Island center	18161
Baroque center	13320
Basal Neolithic center	12031
Basilian center	11281
Belgian center	13003
Benedictine center	11282
Berber center	16619
Bluff-dweller center	18177
Bolivian center	18021
Bolshevik center	13565
Brahman center	11152
British center	13005
Bronze Age center	12051
Buddhist center	11110
Bulgarian center	13009
Burgundian center	13241
Burial Mound period center	18069
Burmese center	14351
Buyid center	15011
Byzantine center	13111
Caesarian center	12424
California Yuman center	18571
Cambodian center	14361
Canaanite center	12651
Canadian center	18016
Capsian center	16004
Caroline Island center	16852
Carolingian center	13206
Carthusian center	11284
Catholic center	11210
Cayuse center	18708
Celtic center	12185
Central American (culture) center	18001
Central Asian center	14002
Cerro Mangote center	18385
Ceylonese (Lankan) center	14307
Ch'an  center	11121
Chalcidian center	12290
Chalcolithic (Copper Age) center	12032
Chamba (Nigerian) center	16153
Chatelperronian center	12114
Chelles-Acheul center	16012
Chen-Yen  center	11122
Cherokee center	18734
Cheyenne center	18677
Chian center	12286
Chilean center	18023
Chin-T'u  center	11123
Chinatown	84211
Chinese center	14072
Chokwe center	16375
Chontales center	18377
Christian center	11209
Cistercian center	11285
Clactonian center	12103
Classical center	12265
Clovis center	18043
Cluniac center	11283
Coastal Akan center	16225
Colombian center	18024
Comnenian center	13116
Confucian center	11701
Congregational center	11237
Conservative Jewish center	11512
Constantinian center	12438
Constantinopolitan center	13141
Cook Island center	16872
Coptic center	11261
Coptic (period) center	12582
Cora center	18788
Corinthian center	12273
Corsair center	16621
Costa Rican center	18002
Counter-Reformation center	13315
Couri center	18401
Cretan center	12270
Creto-Mycenaean center	12271
Crusader center	13231
Cuban center	18009
Cycladic center	12205
Cypriote center	12630
Cypro-Phoenician center	12635
Czech center	13011
Dabban center	16003
Dai-La center	14471
Dan center	16257
Danish center	13063
Darfur center	16118
Dawu center	16034
Delhi Sultanate center	14341
Dilmun center	12625
Dominican center	11286
Dong-Son center	14391
Doric center	12274
Dutch center	13032
Dutch Colonial center	13371
Early Baroque center	13322
Early Bronze center	12052
Early Byzantine center	13112
Early Chalcolithic center	12033
Early Christian center	13101
Early Cycladic center	12206
Early Cypriote center	12631
Early Dynastic center	12520
Early Etruscan center	12416
Early Gothic center	13216
Early Helladic center	12221
Early Imperial (Roman) center	12427
Early Iron Age center	12062
Early Medieval center	13203
Early Minoan center	12231
border (boundary)	85101
former nation/state/empire	81508
underground river(s)	21187
ceremonial site	54419
group of nations/states/cities	81030
former group of nations/states/cities	81031
Soviet (Russian) center	13056
Late Medieval center	13221
Frankish center	13242
Gothic (Migration period) center	13244
Insular (Medieval) center	13271
Franco-Flemish center	13276
Isabelline center	13293
Mudejar center	13295
Late Renaissance center	13307
Mannerist center	13335
Francois I (period) center	13361
Henri I (period) center	13362
Louis XIV (period) center	13366
Louis XV (period) center	13367
Late Victorian center	13534
Louis Philippe (period) center	13558
Western Zhou center	14104
Later Zhou (Late Chou) center	14128
Song (Sung) center	14131
Manchu center	14163
Korean center	14220
South Asian center	14260
Indian center	14301
Harappan center	14304
Tamil center	14308
Mughal center	14345
Shah Alam center	14346
Indravarman I (period) center	14375
Indonesian center	14390
Vietnamese center	14470
Fatimid center	15012
Hafsid center	15014
Idrisid center	15016
Il-Khanid center	15018
Karamanid center	15020
Muhammmad I (period)  center	15022
Muhammad II (period)  center	15026
Mamluk center	15037
Turkic center	15039
Muzaffarid center	15041
Orthodox Caliphate center	15046
Mayazid I center	15154
Murad II center	15157
Bayazid II center	15159
Selim I center	15161
Selim II center	15163
Murad III center	15164
Mustafa I center	15167
Osman II center	15168
Mehmed IV center	15172
Mustafa III center	15176
Abdulhamid I center	15181
Abdulaziz center	15186
Murad V center	15187
Mehmed VI center	15191
Qajar center	15196
Rasulid center	15198
Saffarid center	15203
Seljuk center	15205
Timurid center	15216
Turkman center	15218
Akkoyunlu center	15219
Uzbek center	15227
Ya Furid center	15231
Moorish center	15401
Saracenic center	15411
Aterian center	16002
Libyco-Capsian center	16006
Oranian center	16007
Fauresmith center	16013
Sangoan center	16014
Benin center	16044
Kongo Kingdom center	16074
Azanian center	16102
Kushite center	16111
Meroitic center	16113
Afro-Portuguese center	16121
Akan center	16215
Adangme center	16235
Bargu center	16285
Adarawa center	16323
Kuba center	16363
Bangi center	16453
Pygmy center	16466
Amhara center	16558
Bedouin center	16615
Pacific (culture) center	16800
Australian center	16810
Murngin center	16813
Washkuk center	16814
Arnhem Land center	16815
Fijian center	16821
New Britain center	16823
New Guinea center	16828
Solomon Island center	16842
Micronesian center	16850
Aua center	16851
Marianas Island center	16862
Wuvulu Island center	16866
Austral Island center	16871
Gambier Island center	16876
Society Island center	16893
Guatemalan center	18003
Caribbean center	18008
