S		2009007094	1000000
S	716	9000014	1000003
S	383	9006267	1000003
S		9006722	1000003
N	accessed June 27, 2003.	2009007181	1000003
S	184	9000014	1000080
S	plates 77-80	9004779	1000080
S	627	9004802	1000080
S	767; 780	9004954	1000080
S	II, 1994	9004959	1000080
S	634-635	9004960	1000080
S	60	9004966	1000080
S	XXII, 163 ff.	9005014	1000080
S	556-559	9006267	1000080
S	298-301	9006281	1000080
S		9006303	1000080
S	II, 426 ff	9006447	1000080
S		9006449	1000080
S	I-43	9006546	1000080
S	I, 366	9006550	1000080
S	789	9006560	1000080
S		9006561	1000080
S		9006562	1000080
S	16	9006690	1000080
S	accessed 01/20/99	9006765	1000080
S	19	9006851	1000080
S		9006561	1003460
S		2009007094	1003460
S		9006561	1003473
S		2009007094	1003473
S	713	9006004	1006715
S	39	9006037	1006715
S	I, 534	9006740	1006715
S	72	9006037	1007187
S	73	9006037	1007191
S	11	9006339	1007191
S	VIII, 280	9005014	1008204
S	784	9006267	1008204
S	II, 615	9006447	1008204
S		9006561	1008204
S	165	9006037	1012389
S		9006561	1043080
S		9006561	1043117
S	13	9006037	1043230
S		9006279	1043261
S	I-8	9006541	1043261
S	15	9006037	1043270
S	I-9	9006541	1043289
S		9006561	1043291
S	19	9006037	1043360
S		9006561	1043373
S	19	9006037	1043381
S		9006561	1043404
S		9006561	1043406
S	27	9006037	1043500
S	27	9006037	1043506
S		9006561	1043665
S		9006561	1043693
S		9006561	1043728
S	I-29	9006541	1043776
S		9006561	1043808
S	39	9006037	1043843
S	39	9006037	1043852
S		9006561	1043854
S	40	9006037	1043955
S	40	9006037	1043975
S	40	9006037	1043986
S	40	9006037	1043996
S		9006561	1044018
S		9006561	1044056
S	40	9006037	1044058
S	40	9006037	1044060
S		9006561	1044073
S	41	9006037	1044085
S	41	9006037	1044126
S		9006561	1044204
S	46	9006037	1044250
S		9006561	1044257
S		9006561	1044289
S	46	9006037	1044293
S	48	9006037	1044329
S	I-38	9006541	1044342
S		9006561	1044363
S	49	9006037	1044378
S	I-94	9006541	1044419
S		9006561	1044483
S		9006561	1044532
S	65	9006037	1044568
S	66	9006037	1044626
S	67	9006037	1044641
S	67	9006037	1044654
S		9006561	1044669
S		9006561	1044679
S	68	9006037	1044682
S	70	9006037	1044730
S	70; 77	9006037	1044749
S		9006561	1044775
S	71	9006037	1044778
S	73	9006037	1044816
S		9006561	1044983
S	109	9006037	1045019
S	109	9006037	1045020
S		9006561	1045050
S		9006561	1045051
S	112	9006037	1045082
S		9006561	1045085
S	118	9006037	1045182
S	120	9006037	1045211
S	122	9006037	1045242
S	122	9006037	1045243
S	122	9006037	1045256
S	122	9006037	1045258
S		9006561	1045259
S	122	9006037	1045261
S	122	9006037	1045262
S		9006561	1045265
S	122	9006037	1045266
S	123	9006037	1045278
S	123	9006037	1045307
S	130	9006037	1045466
S	130	9006037	1045544
S		9006561	1045551
S	130	9006037	1045557
S	I-114	9006541	1045557
S	I-114	9006541	1045563
S	130	9006037	1045566
S		9006561	1045576
S	131	9006037	1045577
S		9006561	1045582
S	I-116	9006541	1045612
S	133	9006037	1045629
S	I-128	9006541	1045754
S		9006561	1045918
S	152	9006037	1045931
S		9006561	1045959
S		9006561	1045962
S		9006561	1045970
S		9006561	1045991
S		9006561	1046000
S		9006561	1046002
S	154	9006037	1046031
S	155	9006037	1046075
S	156	9006037	1046082
S		9006561	1046089
S		9006561	1046095
S		9006561	1046096
S		9006561	1046097
S		9006561	1046118
S	156	9006037	1046135
S		9006279	1046135
S	157	9006037	1046139
S		9006561	1046148
S		9006561	1046205
S		9006561	1046210
S		9006561	1046215
S	160	9006037	1046217
S	88	9006279	1046217
S	161	9006037	1046228
S	165	9006037	1046288
S	I-145	9006541	1046302
S	166	9006037	1046346
S	4	9005423	1046384
S	167	9006037	1046384
S		9006561	1046385
S		9006561	1046438
S		9006561	1046451
S	174	9006037	1046545
S		9006561	1046567
S	I-154	9006541	1046615
S	176	9006037	1046641
S		9006561	1046703
S	175	9006037	1046709
S		9006561	1046712
S		9006561	1046721
S	178	9006037	1046802
S		9006561	1046803
S	189	9006037	1047001
S		9006561	1047023
S	192	9006037	1047036
S		9006561	1047087
S	196	9006037	1047093
S		9006561	1047112
S		9006561	1047144
S	200	9006037	1047151
S	I-177	9006541	1047166
S		9006561	1047269
S		9006561	1047332
S		9006561	1047338
S	208	9006037	1047352
S	209	9006037	1047366
S		9006561	1047446
S		9006561	1047514
S	I-114	9006541	1100052
S	XII, 303	2009007079	1100052
S		9006561	1100124
S	I-136	9006541	1100133
S	I-5	9006541	1101282
S	I-23	9006541	1101289
S	9	9006037	1103685
S	38	9006037	1104120
S	39	9006037	1104138
S	40	9006037	1104163
S		9006561	1104192
S	I-58	9006541	1104629
S		9006561	1105021
S	I-95	9006541	1105368
S	131	9006037	1105685
S		9006561	1106401
S		9006561	1106911
S	I-70	9006483	1108367
S	47	9006567	1108367
S		9006561	1108368
S	121	9006037	1108469
S	134	9006037	1108487
S		9006561	1108527
S	I-174	9006541	1108590
S		9006561	1108724
S	44	9006037	1108893
S	126	9006037	1109344
S	accessed 08/30/99	9006703	1109344
S		2009007094	1109344
S	accessed 08/30/99	2009007181	1109344
S	130	9006037	1109363
S		9006561	1109495
S		9006561	1109756
S		9006009	1111810
S		9006561	1111810
S	accessed 01/20/99	2009007181	1111810
S	117	9006037	1112063
S	67	9006037	1112377
S	154	9006037	1114232
S	146	9006037	1114802
S	45	9006037	1115906
S	123	9006037	1117234
S	14	9006037	1121328
S	I, 50	9006447	1121388
S		9006561	1121388
S	accessed 01/20/99	2009007181	1121388
S		9006561	1121940
S	34	9006037	1122250
S		9006561	1122612
S		9006561	1123066
S		9006561	1123775
S	I-53	9006541	1123823
S	I-65	9006541	1124371
S		9006561	1126117
S		9006561	1126122
S	119	9006037	1126668
S		9006561	1126668
S		9006561	1127088
S	145	9006037	1128089
S		9006561	1128089
S		9006561	1128141
S	152	9006037	1128558
S		9006561	1128558
S	21	9005423	1129867
S		9006561	1129867
S		9006561	1130008
S		9006561	1137022
S		9006009	4000491
S		9006561	4000491
S		9005498	4000862
S		9006561	4000862
S		9005498	4001112
S		9005498	4001206
S		9005498	4001386
S	212	9006009	4001692
S		9006303	4001692
S		9006561	4001692
S		9005498	4001976
S	213	9006009	4001976
S		9006009	4002142
S	326	9006009	4002143
S		9005498	4002281
S		9000791	4002300
S		9005498	4002300
S	Baldini, LIV/19 (1989), 27-35	9005718	4002300
S		9006009	4002300
S		2009007094	4002300
S		9005498	4002302
S	XVIII/3 (May-June 1979) 31-37	9005703	4002333
S	I, 335	9006455	4002333
S	Prezzolini, C, XCII (1985), 362-376	9000808	4002344
S		9005498	4002353
S		9000844	4002427
S	478	9006009	4002427
S		9005498	4002439
S		9005498	4002640
S		9006592	4002640
S		9005498	4002660
S		9006592	4002660
S		9005498	4002753
S		9006592	4002753
S	Santi, XXIV/1-3 (1985), 56-57	9005703	4002779
S		9005498	4002789
S	48	9006037	4002789
S		9006444	4002789
S		9005498	4002793
S		9005498	4002803
S	414	9005664	4002880
S		9005498	4003081
S		9005498	4003317
S	388	9005664	4003317
S		9005498	4003884
S		9005498	4003903
S		9000086	4003918
S	13 ff.	9005664	4003918
S		9006313	4003918
S	XV, 447	9006324	4003918
S	I, 928	9006455	4003918
N	"Florence." Accessed 07/08/2002.	2009007043	4003918
S		2009007043	4003918
S		2009007203	4003918
S	410	9005664	4003976
S		9005498	4004239
S		9005498	4004361
S		9006009	4004361
S		9006234	4004422
S		9005498	4004519
S		9005498	4005345
S	712	9006009	4005345
S		9006444	4005345
S		9005498	4006085
S		9006009	4006085
S		9005498	4006399
S		9005498	4006636
S		9006012	4006636
S		9005498	4006667
S		9005498	4006836
S		9005664	4006836
S		9005498	4006949
S		9006009	4006949
S		9005498	4006994
S	51	9002467	4007147
S	455, n. 3	9002468	4007147
S	Procacci, U, (1947), 123 n. 3 & 121 n. 5	9002469	4007147
S	Hodges, R, CLXXXII/3(January 1988),78-79	9005732	4007376
S	III, 323	9006455	4007376
S		9005498	4007395
S	199	9005503	4007415
S		9006444	4007415
S	348	9006009	4007418
S		9005498	4007428
S		9005498	4007430
S		9006009	4007430
S		9005498	4007432
S		9005498	4007436
S	100	9006009	4007436
S		9005498	4007536
S		9006444	4007536
S	III, 612	9006455	4007536
S	205	9005503	4007544
S		9006444	4007544
S		9005498	4007713
S		9005498	4008606
S		9005498	4008629
S	396	9005664	4008629
S		9005498	4008630
S		9005498	4008633
S		9005498	4008700
S		9006234	4008700
S		9005498	4008796
S		9005498	4008821
S		9005498	4008823
S	459	9006009	4008823
S		9006444	4008823
S		9005498	4008833
S	Salvatore, II, 685-701	9002993	4009026
S		9005498	4009026
S		9006009	4009026
S		2009007203	4009026
S	380	9006012	4009191
S		9005498	4009196
S		9005498	4009272
S		9005498	4009376
S		9005498	4009496
S	423	9005664	4009496
S		9005498	4009900
S		9005498	4009905
S		9006444	4009905
S	I, 226-227	9006455	4009905
S		9005498	4009908
S		9005498	4009921
S		9006234	4009934
S	4	9006408	4009934
S		9005498	4009964
S	426	9005664	4009964
S		2009007203	4009964
S		9005498	4009967
S		9006009	4009967
S		9006279	4009967
S		9006303	4009967
S		9005498	4009970
S		9006303	4009970
S		9005498	4009978
S	V, 172	9006455	4009978
S		9005498	4009984
S		9005498	4010042
S		9005498	4010045
S	Paolucci, A, XXVII/305 (July 1975),49-51	9003253	4010067
S		9005498	4010288
S		9006279	4010288
S		9005498	4010336
S		9005498	4010338
S		9005498	4010360
S		9005498	4010671
S		9005498	4011334
S		9005498	4011352
S	324	9006009	4011352
S		9005498	4011602
S	V, 626	9006455	4011602
S		9006009	4011603
S		9006455	4011603
S		9005498	4011735
S		9005498	4011776
S		9005498	4011913
S		9006444	4011913
S		9006303	5002255
S	449	9006009	5002811
S	671	9006009	5002812
S		9005503	5002824
S	II, 29	9006455	5002824
S		9004591	5002825
S		9006723	5002825
S	370	9006009	5002835
S	414	9006009	5002844
S	412	9006009	5002845
S	403	9006009	5002848
S		9006303	5002851
S		9006303	5002856
S	212	9006009	5002857
S	396	9005664	5002859
S		9006592	5002859
S	421	9005664	5002866
S	59	9004594	5002871
S	441	9005664	5002871
S		9006365	5002871
S	I, 736	9006455	5002871
S		9006303	5002872
S	445	9005664	5002873
S	336	9006009	5002876
S	416	9005664	5002884
S	427	9005664	5002885
S	371	9006009	5002887
S	451	9006009	5002890
S		9005664	5002891
S	436	9005664	5002892
S	421	9005664	5002893
S	436	9005664	5002894
S	336	9006009	5002895
S		9006073	5002895
S	368	9006009	5002898
S	448	9006009	5002899
S	450	9006009	5002901
S		9006736	5002901
S	441	9005664	5002902
S		9006561	5002902
S	59	9004594	5002903
S	III, 627	9006455	5002903
S	373	9005664	5002904
S	829	9006009	5002905
S	I, 653	9006455	5002905
S	423	9005664	5002906
S	11751	9006736	5002906
S	320	9006009	5002909
S	342	9006009	5002912
S	412	9005664	5002914
S	206	9006345	5002914
S	97; 97	9006009	5002915
S	416	9005664	5002918
S	338	9006009	5002919
S	419	9005664	5002920
S	436	9005664	5002921
S	415	9005664	5002922
S	331	9006009	5002923
S		9006073	5002923
S	336	9006009	5002924
S	398	9005664	5002926
S	424	9005664	5002927
S		9006073	5002927
S		9006303	5002927
S	375	9005664	5002928
S	435	9005664	5002929
S	423	9005664	5002930
S	448	9006009	5002931
S		9006736	5002931
S	376	9005664	5002934
S		9006073	5002934
S	428	9005664	5002935
S		9006073	5002935
S	101	9006009	5002936
S	411	9005664	5002937
S	417; 417, map	9005664	5002941
S	440	9005664	5002943
S	415	9005664	5002945
S	415	9005664	5002947
S	336	9006009	5002948
S	417-418	9005664	5002951
S		9006073	5002951
S	419-20	9005664	5002952
S	734	9006009	5002962
S	629	9006009	5002965
S		9006467	5002965
S	721	9006009	5002967
S		9006303	5002971
S	736	9006009	5002975
S	706	9006009	5002976
S	683	9006009	5002982
S	268	9006009	5002987
S	248	9006009	5002989
S	261	9006009	5002990
S	223	9006009	5002991
S	174	9006009	5002992
S	175	9006009	5002994
S		9006592	5002994
S	197	9006009	5002996
S	191	9006009	5002997
S		9006365	5002997
S	113	9006009	5003004
S		9006073	5003004
S		9006592	5003004
S	113	9006009	5003005
S	117	9006009	5003009
S	113	9006009	5003011
S	208	9006009	5003014
S	292	9006009	5003017
S	628	9006009	5003019
S	454	9006009	5003021
S		9006073	5003021
S	549	9006009	5003024
S		9006073	5003024
S	453	9006009	5003027
S	601	9006009	5003031
S		9006073	5003031
S		9006592	5003031
S	548	9006009	5003033
S	646	9006009	5003035
S	239	9005638	5003038
S	550	9006009	5003049
S		9006073	5003049
S	592	9006009	5003051
S		9006073	5003051
S	647	9006009	5003060
S	map 15	9005521	5004321
S	177	9006037	6005278
S	127	9006339	6005278
S	355	9006548	6005278
S	15111	9006736	6005278
S	595	9006009	7000214
S	14; 62 ff.	9004757	7000457
S	IV, 838	9005014	7000457
S	66	9006037	7000457
S	400	9006267	7000457
S		9006303	7000457
S	331	9006339	7000457
S	1:296	9006447	7000457
S		9006449	7000457
S	I-56	9006541	7000457
S	343	9006548	7000457
S	317	9006551	7000457
S		9006561	7000457
S		9006722	7000457
S	8354	9006736	7000457
N	accessed 26 Sep 2002	2009007043	7000457
S		9005498	7000478
S	424-425	9006009	7000478
S		9006073	7000478
S		9006303	7000478
S		9006561	7000478
S		9005498	7000479
S	130	9006037	7000479
S		9006253	7000479
S	15	9006037	7003162
S		9006449	7003162
S		2009007094	7003162
S	66	9006037	7003163
S		9006449	7003163
S		9006561	7003163
S		2009007094	7003163
S		9006561	7003164
S		2009007094	7003164
S		9005498	7003165
S	116	9006037	7003165
S		9006303	7003165
S		9006561	7003165
S		2009007094	7003165
S		9006449	7003166
S		9006561	7003166
S		2009007094	7003166
S		9000210	7003167
S		9005498	7003167
S	154	9006037	7003167
S		9006295	7003167
S		2009007094	7003167
S		9005498	7003168
S	511	9005895	7003168
S		9006449	7003168
S		9006561	7003168
S		2009007094	7003168
S		9005498	7004014
S		9006303	7004014
S		9006467	7004014
S		9006561	7004014
S		9005498	7004039
S	206	9006009	7004039
S		9005498	7004249
S	204; 182 ff.	9006009	7004249
S	123	9006037	7004249
S	II, 575	9006447	7004249
S	II, 343-344	9005014	7004847
S		9006303	7004847
S		9006339	7004847
S	I, 111	9006447	7004847
S	I-22	9006541	7004847
S	30	9006567	7004847
S		9006722	7004847
S	8299	9006736	7004847
S	accessed 06/24/99; 26 Sep 2002	9006807	7004847
N	accessed 26 Sep 2002	2009007043	7004847
S	accessed 26 Sep 2002	2009007043	7004847
S	accessed 06/24/99	2009007181	7004847
S		9005498	7004898
S	440	9005664	7004898
S		9005498	7004955
S		9006303	7004955
S		9006444	7004955
S	IX, 473	9005014	7005060
S		9005498	7005060
S	270	9006009	7005060
S	II, 739	9006447	7005060
S		9006449	7005060
S	353	9006548	7005060
S		9006561	7005060
N	accessed 26 Sep 2002	2009007043	7005060
S	accessed 26 Sep 2002	2009007043	7005060
S	VIII, 1019	9005014	7005124
S		9005498	7005124
S		9006303	7005124
S		9006339	7005124
S	II, 695	9006447	7005124
S		9006449	7005124
S		9006467	7005124
S		9006561	7005124
S		9006723	7005124
S	9395	9006736	7005124
S	accessed 26 Sep 2002	9006807	7005124
N	accessed 26 Sep 2002	2009007043	7005124
S	accessed 26 Sep 2002	2009007043	7005124
S		9005498	7006022
S	664	9006009	7006022
S		9006561	7006022
S	I, 539-540	9005014	7006072
S		9006009	7006072
S		9006303	7006072
S		9006339	7006072
S	I, 44-45	9006447	7006072
S		9006449	7006072
S		9006561	7006072
S	8075	9006736	7006072
N	accessed 26 Sep 2002	2009007043	7006072
S	V, 512	9005014	7006073
S		9005498	7006073
S	77	9006037	7006073
S	I, 355	9006447	7006073
S		9006449	7006073
S	VII, 418	9005014	7006074
S		9005498	7006074
S	114	9006037	7006074
S	I, 510-511	9006447	7006074
S		9006449	7006074
S	291	9006528	7006074
S	177	9006548	7006074
S		9006009	7006075
S	19	9006037	7006075
S		9005498	7006076
S	116	9006037	7006076
S		9006303	7006076
S	I, 535	9006447	7006076
N	2; 1797	9006740	7006076
S		9005498	7006077
S		9006303	7006077
S	I, 158	9006447	7006077
S		9006561	7006077
S		9005498	7006080
S	634 ff.	9006009	7006080
S	123	9006037	7006080
S		9006303	7006080
S	IX, 468	9005014	7006082
S		9005498	7006082
S	154	9006037	7006082
S		9006303	7006082
S		9006339	7006082
S	II, 739	9006447	7006082
S	353	9006548	7006082
S	8332	9006736	7006082
N	accessed 26 Sep 2002	2009007043	7006082
S	accessed 26 Sep 2002	2009007043	7006082
S	27	9006037	7006107
S		9006303	7006107
S		9006449	7006107
S		9005498	7006109
S		9006449	7006109
S		9006561	7006109
S	411	9006009	7006110
S		9006561	7006110
S		9005498	7006111
S	413	9006009	7006111
S	189	9006037	7006111
S		9005498	7006112
S	110	9006037	7006112
S	371	9006009	7006113
S	115	9006037	7006113
S		9005498	7006114
S		9006444	7006114
S		9006561	7006114
S		9006303	7006115
S		9006561	7006115
S		9005498	7006116
S	39	9006037	7006116
S		9005498	7006117
S		9006561	7006117
S		9005498	7006118
S	41	9006037	7006118
S		9006073	7006118
S		9006303	7006118
S		9005498	7006119
S	396	9006009	7006119
S	67	9006037	7006119
S		9006444	7006119
S	49	9006037	7006120
S		9006303	7006120
S	I, 207	9006447	7006120
S	294	9006449	7006120
S		9005498	7006121
S	122	9006037	7006121
S	I-106	9006541	7006121
S	562	9006009	7006122
S		9006303	7006122
S		9006444	7006122
S		9005498	7006123
S	130	9006037	7006123
S		9006073	7006123
S		9006303	7006123
S		9005498	7006124
S	429; 429	9005664	7006124
S	479	9005895	7006124
S		9006324	7006124
S		9006444	7006124
S		9004074	7006125
S		9005498	7006125
S	385 ff., 401	9005664	7006125
S		9006279	7006125
S		9006303	7006125
S		9005498	7006126
S		9006303	7006126
S		9005498	7006128
S	414; 414	9005664	7006128
S	181	9006279	7006129
S	181	9006279	7006130
S	181	9006279	7006131
S	181	9006279	7006132
S	181	9006279	7006133
S	181	9006279	7006134
S	181	9006279	7006135
S	425	9005664	7006136
S		9006561	7006136
S		9005498	7006137
S	442	9005664	7006137
S	422	9005664	7006138
S		9006009	7006138
S		9006303	7006138
S		9006561	7006138
S		9005498	7006139
S	38	9006037	7006139
S		9006444	7006139
S		9006449	7006139
S		9005498	7006140
S	418; 418	9005664	7006140
S	I, 442	9006455	7006140
S		9006736	7006140
S		9005498	7006141
S	402 ff.	9005664	7006141
S		9006339	7006141
S	I, 293	9006447	7006141
S		9006449	7006141
S		9006561	7006141
S	7973	9006736	7006141
S		9005498	7006142
S	388 ff.	9005664	7006142
S		9006449	7006142
S		9006561	7006142
S		9005498	7006143
S		9006561	7006143
S		9005498	7006144
S	89	9006037	7006144
S		9006449	7006144
S	449	9006009	7006145
S	195	9006037	7006145
S		9005498	7006146
S		9006073	7006146
S		9006303	7006146
S		9006561	7006146
S	337	9006009	7006147
S	209	9006037	7006147
S		9006073	7006147
S		9005498	7006148
S	359	9006009	7006148
S		9005498	7006149
S		9006303	7006149
S		2009007203	7006149
S	332	9006009	7006151
S	66	9006037	7006151
S		9006467	7006151
S		9005498	7006152
S		9006009	7006152
S		9006561	7006152
S		9005498	7006153
S	148	9006037	7006153
S		9005498	7006155
S	329	9006009	7006155
S		9005498	7006157
S	178	9006037	7006157
S		9006073	7006157
S		9006303	7006157
S		9006444	7006157
S		9006303	7006159
S		9006561	7006159
S	IX, 667	9005014	7006161
S		9005498	7006161
S		9006444	7006161
S	II, 755-756	9006447	7006161
S		9006449	7006161
S		9006561	7006161
S		9005498	7006162
S		9006303	7006162
S		9006592	7006162
S		9005498	7006163
S		9006303	7006163
S		9006467	7006163
S		9005498	7006164
S		9006009	7006164
S	130	9006037	7006164
S		9006073	7006164
S		9006303	7006164
S		9005498	7006165
S		9005664	7006165
S	110	9006037	7006165
S		9005498	7006166
S		9006303	7006166
S		9006467	7006166
S		9006561	7006166
S		9005498	7006167
S		9006009	7006167
S	40	9006037	7006167
S		9006073	7006167
S		9006449	7006167
S	39	9006037	7006168
S		9006303	7006168
S		9005498	7006169
S	42	9006037	7006169
S		9006073	7006169
S		9006449	7006169
S		9005498	7006170
S	69	9006037	7006170
S		9006303	7006170
S		9005498	7006172
S	130	9006037	7006172
S		9005498	7006173
S		9006009	7006173
S	210	9006037	7006173
S		9005498	7006174
S		9006303	7006174
S		9006561	7006174
S	683	9006009	7006175
S	39	9006037	7006175
S		9005498	7006176
S	723	9006009	7006176
S	146	9006037	7006176
S		9005498	7006177
S	154	9006037	7006177
S		9006303	7006177
S		9001430	7006178
S		9005498	7006178
S	73	9006037	7006178
S		9006444	7006178
S		9005498	7006181
S		9006303	7006181
S		9005498	7006183
S		9005895	7006183
S	618	9006009	7006183
S	15	9006037	7006183
S		9005498	7006184
S	38	9006037	7006184
S	721	9006009	7006185
S		9006365	7006185
S		9006444	7006185
S	693	9006009	7006186
S	130	9006037	7006186
S		9005498	7006188
S	627	9006009	7006188
S	148	9006037	7006188
S		9006303	7006189
S		9006467	7006189
S		9006561	7006189
S		9006723	7006189
S		9006362	7006190
S		9006561	7006190
S		9005498	7006191
S	669	9006009	7006191
S	41	9006037	7006191
S		9005498	7006192
S	38	9006037	7006192
S		9006009	7006194
S	154	9006037	7006194
S		9006303	7006194
S		9006444	7006194
S	156	9006037	7006195
S		9006339	7006195
S		9006723	7006195
S	28	9005423	7006196
S		9005498	7006196
S	769	9006009	7006196
S	157	9006037	7006196
S		2009007203	7006196
S		9005498	7006197
S	61	9006037	7006197
S	364	9006267	7006197
S		9006303	7006197
S		9006444	7006197
S		9006449	7006197
S	345	9006548	7006197
S		9006009	7006198
S	39	9006037	7006198
S	31	9006037	7006200
S		9006303	7006200
S		9006467	7006200
S		9005498	7006201
S		9006014	7006201
S	70	9006037	7006201
S		9005498	7006202
S	38	9006037	7006202
S		9006009	7006204
S	38	9006037	7006204
S		9006073	7006204
S		9006303	7006204
S		9005498	7006205
S	153	9006037	7006205
S		9005498	7006206
S	180	9006037	7006206
S		9006444	7006206
S		9005498	7006207
S	166; 166 ff.	9006009	7006207
S	209	9006037	7006207
S	II, 992	9006447	7006207
S		9006449	7006207
S	22	9006037	7006242
S		9006303	7006242
S		9005498	7006245
S		9006009	7006245
S	17	9006037	7006245
S	348	9005423	7006293
S		9005498	7006293
S	156	9006037	7006293
S		9006009	7006294
S		9006303	7006294
S		9005498	7006295
S		9006561	7006295
S		9005498	7006296
S		9006303	7006296
S		9006561	7006296
S		9005498	7006299
S		9006449	7006299
S		9006561	7006299
S		9005498	7006300
S	175	9006037	7006300
S		9006073	7006300
S		9006303	7006300
S	Mack, XI/3 (1988), 193-200	9000794	7006301
S		9005498	7006301
S	507 a	9005895	7006301
S	113	9006009	7006301
S	40	9006037	7006301
S		9006444	7006301
S		2009007203	7006301
S		9005498	7006302
S	148	9006037	7006302
S	151	9006037	7006303
S		9006303	7006303
S	40	9006037	7006304
S		9006303	7006304
S		9005498	7006305
S	211	9006037	7006305
S		9006449	7006305
S		9006723	7006305
S	8303	9006736	7006305
S		9005498	7006306
S		9006449	7006306
S		9006561	7006306
S		9005498	7006307
S	207	9006009	7006307
S	130	9006037	7006307
S		9005498	7006308
S	208 ff.	9006009	7006308
S	130	9006037	7006308
S		9006073	7006308
S		9006303	7006308
S		9006444	7006308
S	II, 615	9006447	7006308
S		9006449	7006308
S	403	9006009	7006309
S		9006561	7006309
S	114 ff.	9006009	7006310
S	40	9006037	7006310
S	I, 160	9006447	7006310
S		9006449	7006310
S	40	9006037	7006312
S		9006303	7006312
S		9005498	7006313
S		9006303	7006313
S		9006339	7006313
S		9006444	7006313
S	G	9006529	7006313
S		9006561	7006313
S	8269	9006736	7006313
S		9005498	7006314
S	161	9006037	7006314
S		9005498	7006315
S	551	9006009	7006315
S	187	9006037	7006315
S		9006303	7006315
S		9005498	7006317
S	614	9006009	7006317
S		9006561	7006317
S	12	9005423	7006318
S		9005498	7006318
S	130	9006037	7006318
S		9006303	7006318
S		9006009	7006319
S		9006303	7006319
S		9006561	7006319
S		9005498	7006320
S	593	9006009	7006320
S		9006073	7006320
S		9005498	7006321
S	607	9006009	7006321
S		9005498	7006322
S	588 ff.; 589 ff.	9006009	7006322
S		9006303	7006322
S		9006561	7006322
S		9005498	7006323
S		9006449	7006323
S		9006561	7006323
S		9006009	7006324
S		9006303	7006324
S		9006561	7006324
S		9005498	7006325
S		9006009	7006325
S		9006561	7006325
S	201	9006037	7006326
S		9006303	7006326
S		9006303	7006327
S		9006561	7006327
S		9005498	7006328
S	48	9006037	7006328
S		9006073	7006328
S		9006303	7006328
S	455, 819-map	9006009	7006329
S		9006561	7006329
S		2009007203	7006329
S		9005498	7006330
S	451	9006009	7006330
S	962	9006267	7006330
S		9006449	7006330
S		9006561	7006330
S	646	9006009	7006331
S	161	9006037	7006331
S		9005498	7006332
S	453	9006009	7006332
S		9006303	7006333
S		9006561	7006333
S	X, 389	9005014	7006334
S		9005498	7006334
S		9005967	7006334
S	467 ff.	9006009	7006334
S		9006352	7006334
S	II, 823	9006447	7006334
S		9006449	7006334
S		9006561	7006334
S		2009007094	7006334
S		9006303	7006335
S		9006561	7006335
S		9005498	7006336
S	564	9006009	7006336
S		9005498	7006337
S	562	9006009	7006337
S		9006303	7006337
S		9005498	7006338
S		9006009	7006338
S		9006449	7006338
S		9006561	7006338
S	200	9006037	7006339
S		9006073	7006339
S		9006303	7006339
S		9005498	7006341
S	42	9006037	7006341
S		9006303	7006341
S	568 ff.	9006004	7006344
S	45	9006037	7006344
S	262	9006267	7006344
S		9006303	7006344
S		9006339	7006344
S	I, 192	9006447	7006344
S		9006449	7006344
S	341	9006548	7006344
S	7994	9006736	7006344
S		9005498	7006345
S		9006303	7006345
S		9006561	7006345
S	accessed 26 Sep 2002	2009007043	7006345
S	560	9006009	7006346
S	162	9006037	7006346
S		9006303	7006346
S	73	9004534	7006520
S		9005498	7006520
S		9005498	7006522
S		9006303	7006522
S		9006561	7006522
S		9005498	7006523
S	392	9005664	7006523
S		9006073	7006523
S	I-114	9006037	7006524
S		9006303	7006524
S		9005498	7006526
S	578	9006009	7006526
S		9006303	7006526
S	44	9006549	7006526
S		9005498	7006528
S	66	9006037	7006528
S		9006073	7006528
S		9006303	7006528
S	77	9006037	7006530
S	50	9006279	7006530
S		9006449	7006530
S	334	9006009	7006531
S	133	9006037	7006531
S		9006303	7006533
S	I-35	9006541	7006533
S	4	9005423	7006537
S		9005498	7006537
S		9006303	7006537
S		9006449	7006537
S		9006561	7006537
S	65	9006037	7006539
S		9006303	7006539
S		9006467	7006539
S		9005498	7006543
S	321; 321	9006009	7006543
S		9005498	7006544
S	168	9006037	7006544
S	440; 440	9005664	7006547
S		9005498	7006548
S	459	9006009	7006548
S		9005498	7006555
S	375	9005664	7006555
S		9005498	7006556
S	347	9006009	7006556
S	156	9006037	7006556
S		9006303	7006556
S	413	9005664	7006565
S	478	9005895	7006565
S		9006324	7006565
S		9006455	7006565
S		9005498	7006573
S	151	9006037	7006573
S		9006303	7006573
S		9005498	7006574
S	435	9005664	7006574
S	IV, 481	9005014	7006575
S		9005498	7006575
S		9006009	7006575
S	62	9006037	7006575
S	I, 274	9006447	7006575
S		9006449	7006575
S		9005498	7006579
S	337	9006009	7006579
S		9005498	7006581
S	207	9006037	7006581
S		9006303	7006581
S	V, 512	9005014	7006582
S	122	9006037	7006582
S		9006303	7006582
S		9006324	7006582
S		9006449	7006582
S		9005498	7006584
S	722	9006009	7006584
S	166	9006037	7006584
S		9005498	7006588
S	193	9006037	7006588
S	891	9006339	7006588
S	8817	9006736	7006588
S	360	9006009	7006589
S	69	9006037	7006589
S		9006365	7006589
S		9005498	7006590
S	19	9006279	7006590
S		9006303	7006590
S		9006561	7006590
S	445	9005664	7006591
S	550	9006009	7006591
S		9005498	7006592
S		9006009	7006592
S		9006073	7006592
S		9006449	7006592
S		9006561	7006592
S		9005498	7007728
S	620	9006009	7007728
S	41	9006037	7007728
S		9005498	7007731
S	415; 415 ff.; 416	9006009	7007731
S	II, 1097	9006015	7007731
S	I-28	9006541	7007731
S		9006561	7007731
S		9005498	7008397
S		9006009	7008397
S		9006324	7008397
S		9006444	7008397
S		9006561	7008397
S		9005498	7008555
S		9006561	7008555
S		9005498	7008900
S	174	9006037	7008900
S	733-734 & map on 823	9006009	7009080
S	9	9006037	7009080
S		9006444	7009080
S		9006561	7009080
S		2009007203	7009080
S		9005498	7009760
S		9006303	7009760
S		9006324	7009760
S	II, 955	9006447	7009760
S		9006449	7009760
S		9006561	7009760
S		9006722	7009760
S		2009007029	7009760
S		9006561	7009957
S		9005498	7010020
S		9006561	7010020
S		9005498	7010381
S	728; 728-729	9006009	7010381
S	245-247	9006339	7010381
S	I, 207; I, 208-209	9006447	7010381
S		9006561	7010381
S	612; 679	9006009	7010394
S	I-6	9006541	7010394
S	accessed 08/30/99	2009007181	7010394
S	6 ff.	9000009	7011179
S	passim	9004777	7011179
S	1508	9004778	7011179
S		9005498	7011179
S	479; 479 ff.	9006009	7011179
S	183	9006037	7011179
N	1114	9006267	7011179
S	2/861	9006447	7011179
S	1114	9006449	7011179
S	I-162	9006541	7011179
S		9006722	7011179
S	12592	9006736	7011179
N	accessed 6 June 2003	2009007043	7011179
S	accessed 26 Sep 2002	2009007043	7011179
S	accessed 21 April 1999	2009007181	7011179
S		9005498	7011181
S	186	9006037	7011181
S		9006303	7011181
S	V, 512	9005014	7015413
S	629	9006009	7015413
S	I, 355	9006447	7015413
S	354	9006548	7015413
S	12667	9006736	7015413
S		9006009	7015529
S	34	9006037	7015529
S	249	9005498	7017499
S	232	9005498	7017500
S	463	9006009	7017853
S	44	9006037	7017853
S	619; 797	9006009	7018786
S		9006444	7018786
S		9006009	7023825
S	40	9006037	7023825
S	574	9006009	7023893
S	173	9006037	7023893
S		9006561	7023893
S	I-153	9006037	7023894
S		9006449	7023894
S	I-153	9006541	7023894
S	381	9006267	7024113
S		9006303	7024113
S		9006449	7024113
S	accessed 11/16/98	2009007181	7024113
S	accessed 02/22/00	9006848	7024602
S	accessed 07/05/00	9006864	7024741
S		2009007094	7024741
S	accessed 10/30/2001	9006879	7028107
S		2009007094	7029392
S	Accessed 06/25 /2002.	9006879	7029393
N		2009007098	7029473
S	accessed 10 March 2003	9006879	7029528
S	accessed 10 March 2003	9006921	7029528
S		9006753	7030235
