	U	2009007094	1000000	0
383	U	9006267	1000003	3
716	U	9000014	1000003	138465
	U	9006722	1000003	1159543
plates 77-80	U	9004779	1000080	109
627	U	9004802	1000080	109
60	U	9004966	1000080	109
XXII, 163 ff.	U	9005014	1000080	109
556-559	U	9006267	1000080	109
	U	9006449	1000080	109
I-43	U	9006546	1000080	109
	U	9006561	1000080	109
	U	9006303	1000080	110
II, 426 ff	U	9006447	1000080	110
	U	9006449	1000080	110
	U	9006562	1000080	110
I, 366	U	9006550	1000080	138641
60	U	9004966	1000080	138642
II, 1994	U	9004959	1000080	138643
789	U	9006560	1000080	182800
298-301	U	9006281	1000080	182801
298-301	U	9006281	1000080	182802
767	U	9004954	1000080	182805
780	U	9004954	1000080	182806
634-635	U	9004960	1000080	322851
184	U	9000014	1000080	327996
16	U	9006690	1000080	1156674
16	U	9006690	1000080	1156675
accessed 01/20/99	U	9006765	1000080	1158190
19	U	9006851	1000080	1159389
	U	9006561	1003460	3625
	U	9006561	1003460	352792
	U	2009007094	1003460	182745
	U	9006561	1003473	3638
	U	9006561	1003473	352837
	U	2009007094	1003473	141375
39	U	9006037	1006715	6904
713	U	9006004	1006715	1159279
I, 534	U	9006740	1006715	1159279
72	U	9006037	1007187	7381
73	U	9006037	1007191	7385
11	U	9006339	1007191	1158789
	U	9006561	1008204	8413
VIII, 280	U	9005014	1008204	320086
II, 615	U	9006447	1008204	320087
784	U	9006267	1008204	1155247
165	U	9006037	1012389	12659
	U	9006561	1043080	43501
	U	9006561	1043117	43538
13	U	9006037	1043230	43651
I-8	U	9006541	1043261	43684
	U	9006279	1043261	315991
15	U	9006037	1043270	43693
I-9	U	9006541	1043289	43712
	U	9006561	1043291	43714
19	U	9006037	1043360	43784
	U	9006561	1043373	43797
19	U	9006037	1043381	43805
	U	9006561	1043404	43828
	U	9006561	1043406	43830
27	U	9006037	1043500	43924
27	U	9006037	1043506	43930
	U	9006561	1043665	44095
	U	9006561	1043693	44124
	U	9006561	1043728	44160
I-29	U	9006541	1043776	44209
	U	9006561	1043808	44244
39	U	9006037	1043843	44279
39	U	9006037	1043852	44288
	U	9006561	1043854	44290
40	U	9006037	1043955	44391
40	U	9006037	1043975	44411
40	U	9006037	1043986	44422
40	U	9006037	1043996	44432
	U	9006561	1044018	44455
	U	9006561	1044056	44493
40	U	9006037	1044058	44495
40	U	9006037	1044060	44497
	U	9006561	1044073	44510
41	U	9006037	1044085	44522
41	U	9006037	1044126	44563
	U	9006561	1044204	44642
46	U	9006037	1044250	44691
	U	9006561	1044257	44698
	U	9006561	1044289	44730
46	U	9006037	1044293	44734
48	U	9006037	1044329	44772
I-38	U	9006541	1044342	44785
	U	9006561	1044363	44806
49	U	9006037	1044378	44821
I-94	U	9006541	1044419	44863
	U	9006561	1044483	44928
	U	9006561	1044532	44979
65	U	9006037	1044568	45015
66	U	9006037	1044626	45075
67	U	9006037	1044641	45091
67	U	9006037	1044654	45104
	U	9006561	1044669	45119
	U	9006561	1044679	45129
68	U	9006037	1044682	45133
70	U	9006037	1044730	45181
70	U	9006037	1044749	45200
77	U	9006037	1044749	352763
	U	9006561	1044775	45227
71	U	9006037	1044778	45230
73	U	9006037	1044816	45269
	U	9006561	1044983	45437
109	U	9006037	1045019	45477
109	U	9006037	1045020	45478
	U	9006561	1045050	45509
	U	9006561	1045051	45510
112	U	9006037	1045082	45541
	U	9006561	1045085	45544
118	U	9006037	1045182	45644
120	U	9006037	1045211	45675
122	U	9006037	1045242	45706
122	U	9006037	1045243	45707
122	U	9006037	1045256	45720
122	U	9006037	1045258	45722
	U	9006561	1045259	45723
122	U	9006037	1045261	45725
122	U	9006037	1045262	45726
	U	9006561	1045265	45729
122	U	9006037	1045266	45730
123	U	9006037	1045278	45742
123	U	9006037	1045307	45771
130	U	9006037	1045466	45934
130	U	9006037	1045544	46012
	U	9006561	1045551	46019
130	U	9006037	1045557	46025
I-114	U	9006541	1045557	352803
I-114	U	9006541	1045563	46031
130	U	9006037	1045566	46034
	U	9006561	1045576	46044
131	U	9006037	1045577	46045
	U	9006561	1045582	46050
I-116	U	9006541	1045612	46082
133	U	9006037	1045629	46099
I-128	U	9006541	1045754	46230
	U	9006561	1045918	46398
152	U	9006037	1045931	46411
	U	9006561	1045959	46439
	U	9006561	1045962	46442
	U	9006561	1045970	46450
	U	9006561	1045991	46471
	U	9006561	1046000	46480
	U	9006561	1046002	46482
154	U	9006037	1046031	46511
155	U	9006037	1046075	46555
156	U	9006037	1046082	46562
	U	9006561	1046089	46570
	U	9006561	1046095	46576
	U	9006561	1046096	46577
	U	9006561	1046097	46578
	U	9006561	1046118	46599
156	U	9006037	1046135	46616
	U	9006279	1046135	316132
157	U	9006037	1046139	46620
	U	9006561	1046148	46629
	U	9006561	1046205	46688
	U	9006561	1046210	46693
	U	9006561	1046215	46698
160	U	9006037	1046217	46700
88	U	9006279	1046217	315548
161	U	9006037	1046228	46711
165	U	9006037	1046288	46773
I-145	U	9006541	1046302	46787
166	U	9006037	1046346	46832
167	U	9006037	1046384	46871
4	U	9005423	1046384	1158962
4	U	9005423	1046384	1158963
	U	9006561	1046385	46872
	U	9006561	1046438	46925
	U	9006561	1046438	352846
	U	9006561	1046451	46939
174	U	9006037	1046545	47038
	U	9006561	1046567	47062
I-154	U	9006541	1046615	47115
176	U	9006037	1046641	47142
	U	9006561	1046703	47204
175	U	9006037	1046709	47210
	U	9006561	1046712	47214
	U	9006561	1046721	47223
178	U	9006037	1046802	47306
	U	9006561	1046803	47307
189	U	9006037	1047001	47511
	U	9006561	1047023	47533
192	U	9006037	1047036	47546
	U	9006561	1047087	47599
196	U	9006037	1047093	47605
	U	9006561	1047112	47627
	U	9006561	1047144	47660
200	U	9006037	1047151	47667
I-177	U	9006541	1047166	47682
	U	9006561	1047269	47786
	U	9006561	1047332	47852
	U	9006561	1047338	47858
208	U	9006037	1047352	47873
209	U	9006037	1047366	47887
	U	9006561	1047446	47969
	U	9006561	1047514	48038
I-114	U	9006541	1100052	101018
XII, 303	U	2009007079	1100052	328098
	U	9006561	1100124	101091
I-136	U	9006541	1100133	101100
I-5	U	9006541	1101282	102285
I-23	U	9006541	1101289	102292
9	U	9006037	1103685	104707
38	U	9006037	1104120	105145
39	U	9006037	1104138	105163
40	U	9006037	1104163	105188
	U	9006561	1104192	105219
I-58	U	9006541	1104629	105663
	U	9006561	1105021	106063
I-95	U	9006541	1105368	106413
131	U	9006037	1105685	106736
	U	9006561	1106401	107460
	U	9006561	1106911	107974
47	U	9006567	1108367	109440
I-70	U	9006483	1108367	354995
	U	9006561	1108368	109441
121	U	9006037	1108469	109550
134	U	9006037	1108487	109570
	U	9006561	1108527	109610
I-174	U	9006541	1108590	109680
	U	9006561	1108724	109818
44	U	9006037	1108893	109996
126	U	9006037	1109344	110464
accessed 08/30/99	U	9006703	1109344	110464
accessed 08/30/99	U	2009007181	1109344	1158664
	U	2009007094	1109344	320092
accessed 19 December 2005	N	2009007306	1109344	1001183631
130	U	9006037	1109363	110483
	U	9006561	1109495	110616
	U	9006561	1109756	110887
	U	9006561	1111810	112977
accessed 01/20/99	U	2009007181	1111810	112977
	U	9006009	1111810	1157269
117	U	9006037	1112063	113232
67	U	9006037	1112377	113590
154	U	9006037	1114232	115467
146	U	9006037	1114802	116040
45	U	9006037	1115906	117175
123	U	9006037	1117234	118515
14	U	9006037	1121328	122659
	U	9006561	1121388	122721
	U	9006561	1121388	352752
accessed 01/20/99	U	2009007181	1121388	1157270
I, 50	U	9006447	1121388	1157271
	U	9006561	1121940	123290
34	U	9006037	1122250	123611
	U	9006561	1122612	123979
	U	9006561	1123066	124441
	U	9006561	1123066	352754
	U	9006561	1123775	125194
	U	9006561	1123775	352756
I-53	U	9006541	1123823	125248
I-65	U	9006541	1124371	125815
	U	9006561	1126117	127631
	U	9006561	1126117	352804
	U	9006561	1126122	127637
	U	9006561	1126122	352805
	U	9006561	1126122	352806
119	U	9006037	1126668	128215
	U	9006561	1126668	352838
	U	9006561	1127088	128654
	U	9006561	1127088	352839
145	U	9006037	1128089	129698
	U	9006561	1128089	352840
	U	9006561	1128141	129752
	U	9006561	1128141	352841
	U	9006561	1128141	352842
152	U	9006037	1128558	130178
	U	9006561	1128558	352843
	U	9006561	1128558	352844
	U	9006561	1129867	131550
	U	9006561	1129867	352866
21	U	9005423	1129867	1160331
21	U	9005423	1129867	1160332
	U	9006561	1130008	131697
	U	9006561	1130008	352764
	U	9006561	1137022	177133
	U	9006009	4000491	143878
	U	9006561	4000491	143878
	U	9005498	4000862	144252
	U	9006561	4000862	144252
	U	9005498	4001112	144506
	U	9005498	4001206	144601
	U	9005498	4001386	144782
212	U	9006009	4001692	145090
	U	9006561	4001692	145090
	U	9006303	4001692	145090
	U	9005498	4001976	145375
213	U	9006009	4001976	145375
	U	9006009	4002142	145543
326	U	9006009	4002143	145544
	U	9005498	4002281	145683
	U	9000791	4002300	145702
	U	9005498	4002300	145702
Baldini, LIV/19 (1989), 27-35	U	9005718	4002300	145702
	U	9006009	4002300	145702
	U	2009007094	4002300	313455
	U	9005498	4002302	145704
XVIII/3 (May-June 1979) 31-37	U	9005703	4002333	145735
I, 335	U	9006455	4002333	145735
Prezzolini, C, XCII (1985), 362-376	U	9000808	4002344	145746
	U	9005498	4002353	145755
	U	9000844	4002427	145829
478	U	9006009	4002427	145829
	U	9005498	4002439	145841
	U	9005498	4002640	146044
	U	9006592	4002640	146044
	U	9005498	4002660	146064
	U	9006592	4002660	146064
	U	9005498	4002753	146157
	U	9006592	4002753	146157
Santi, XXIV/1-3 (1985), 56-57	U	9005703	4002779	146183
	U	9005498	4002789	146193
48	U	9006037	4002789	146193
	U	9006444	4002789	146193
48	U	9006037	4002789	352848
	U	9005498	4002793	146197
	U	9005498	4002803	146207
414	U	9005664	4002880	146286
	U	9005498	4003081	146488
	U	9005498	4003317	146727
388	U	9005664	4003317	146727
	U	9005498	4003884	147300
	U	9005498	4003903	147319
	U	9000086	4003918	147335
	U	9006313	4003918	147335
XV, 447	U	9006324	4003918	147335
I, 928	U	9006455	4003918	147335
	N	2009007203	4003918	157102
	N	2009007043	4003918	157102
13 ff.	N	9005664	4003918	1001175531
	N	2009007203	4003918	156480
410	U	9005664	4003976	147393
	U	9005498	4004239	147657
	U	9005498	4004361	147780
	U	9006009	4004361	147780
	U	9006234	4004422	147841
	U	9005498	4004519	147938
	U	9005498	4005345	148776
712	U	9006009	4005345	148776
	U	9006444	4005345	148776
	U	9005498	4006085	149520
	U	9006009	4006085	149520
	U	9005498	4006399	149836
	U	9005498	4006636	150073
	U	9006012	4006636	150073
	U	9005498	4006667	150104
	U	9005498	4006836	150276
	U	9005664	4006836	150276
	U	9005498	4006949	150390
	U	9006009	4006949	150390
	U	9005498	4006994	150436
51	U	9002467	4007147	150589
455, n. 3	U	9002468	4007147	150589
Procacci, U, (1947), 123 n. 3 & 121 n. 5	U	9002469	4007147	150589
Hodges, R, CLXXXII/3(January 1988),78-79	U	9005732	4007376	150820
III, 323	U	9006455	4007376	319998
III, 323	U	9006455	4007376	320000
	U	9005498	4007395	150839
199	U	9005503	4007415	150859
	U	9006444	4007415	150859
348	U	9006009	4007418	150862
	U	9005498	4007428	150872
	U	9005498	4007430	150874
	U	9006009	4007430	150874
	U	9005498	4007432	150876
	U	9005498	4007436	150880
100	U	9006009	4007436	150880
	U	9005498	4007536	150980
	U	9006444	4007536	150980
III, 612	U	9006455	4007536	150980
III, 612	U	9006455	4007536	319981
205	U	9005503	4007544	150989
	U	9006444	4007544	150989
	U	9005498	4007713	151159
	U	9005498	4008606	152064
	U	9005498	4008629	152088
396	U	9005664	4008629	152088
	U	9005498	4008630	152089
	U	9005498	4008633	152092
	U	9005498	4008700	152159
	U	9006234	4008700	152159
	U	9005498	4008796	152256
	U	9005498	4008821	152281
	U	9005498	4008823	152283
459	U	9006009	4008823	152283
	U	9006444	4008823	152283
	U	9005498	4008833	152293
Salvatore, II, 685-701	U	9002993	4009026	152488
	U	9005498	4009026	152488
	U	9006009	4009026	152488
	U	2009007203	4009026	157858
380	U	9006012	4009191	152653
	U	9005498	4009196	152658
	U	9005498	4009272	152734
	U	9005498	4009376	152838
	U	9005498	4009496	152959
423	U	9005664	4009496	152959
	U	9005498	4009900	153363
	U	9005498	4009905	153368
	U	9006444	4009905	153368
I, 226-227	U	9006455	4009905	320001
	U	9005498	4009908	153371
	U	9005498	4009921	153384
	U	9006234	4009934	153397
4	U	9006408	4009934	153397
	U	9005498	4009964	153428
426	U	9005664	4009964	153428
	U	2009007203	4009964	157958
	U	9005498	4009967	153431
	U	9006009	4009967	153431
	U	9006303	4009967	153431
	U	9006279	4009967	316104
	U	9005498	4009970	153434
	U	9006303	4009970	153434
	U	9005498	4009978	153442
V, 172	U	9006455	4009978	153442
	U	9005498	4009984	153448
	U	9005498	4010042	153506
	U	9005498	4010045	153509
Paolucci, A, XXVII/305 (July 1975),49-51	U	9003253	4010067	153531
	U	9006279	4010288	319308
	U	9005498	4010288	153753
	U	9005498	4010336	153802
	U	9005498	4010338	153804
	U	9005498	4010360	153826
	U	9005498	4010671	154141
	U	9005498	4011334	154808
	U	9005498	4011352	154826
324	U	9006009	4011352	154826
	U	9005498	4011602	155080
V, 626	U	9006455	4011602	155080
	U	9006009	4011603	155081
	U	9006455	4011603	155081
	U	9005498	4011735	155214
	U	9005498	4011776	155255
	U	9005498	4011913	155392
	U	9006444	4011913	155392
	U	9006303	5002255	161759
449	U	9006009	5002811	162440
671	U	9006009	5002812	162441
	U	9005503	5002824	162458
II, 29	U	9006455	5002824	162458
	U	9004591	5002825	162459
	U	9006723	5002825	1156507
	U	9006723	5002825	1156508
370	U	9006009	5002835	162471
414	U	9006009	5002844	162484
412	U	9006009	5002845	162485
403	U	9006009	5002848	162491
	U	9006303	5002851	162494
	U	9006303	5002856	162500
212	U	9006009	5002857	162501
396	U	9005664	5002859	162504
	U	9006592	5002859	162504
421	U	9005664	5002866	162513
59	U	9004594	5002871	162521
441	U	9005664	5002871	162521
	U	9006365	5002871	162522
I, 736	U	9006455	5002871	319993
I, 736	U	9006455	5002871	319994
I, 736	U	9006455	5002871	319995
	U	9006303	5002872	162523
445	U	9005664	5002873	162524
336	U	9006009	5002876	162528
416	U	9005664	5002884	162541
427	U	9005664	5002885	162542
371	U	9006009	5002887	162544
451	U	9006009	5002890	162547
	U	9005664	5002891	162548
436	U	9005664	5002892	162549
421	U	9005664	5002893	162550
436	U	9005664	5002894	162551
336	U	9006009	5002895	162552
	U	9006073	5002895	162553
368	U	9006009	5002898	162557
448	U	9006009	5002899	162558
450	U	9006009	5002901	162560
	U	9006736	5002901	323619
441	U	9005664	5002902	162561
	U	9006561	5002902	162561
59	U	9004594	5002903	162562
III, 627	U	9006455	5002903	162562
373	U	9005664	5002904	162563
829	U	9006009	5002905	162564
I, 653	U	9006455	5002905	319996
423	U	9005664	5002906	162565
11751	U	9006736	5002906	1157228
320	U	9006009	5002909	162568
342	U	9006009	5002912	162572
206	U	9006345	5002914	162574
412	U	9005664	5002914	162575
97; 97	U	9006009	5002915	162576
416	U	9005664	5002918	162579
338	U	9006009	5002919	162580
419	U	9005664	5002920	162581
436	U	9005664	5002921	162582
415	U	9005664	5002922	162583
331	U	9006009	5002923	162584
	U	9006073	5002923	162585
336	U	9006009	5002924	162586
398	U	9005664	5002926	162591
424	U	9005664	5002927	162592
	U	9006303	5002927	162593
	U	9006073	5002927	162594
375	U	9005664	5002928	162595
435	U	9005664	5002929	162596
423	U	9005664	5002930	162597
448	U	9006009	5002931	162600
	U	9006736	5002931	162601
376	U	9005664	5002934	162604
	U	9006073	5002934	162605
428	U	9005664	5002935	162606
	U	9006073	5002935	162607
101	U	9006009	5002936	162608
411	U	9005664	5002937	162609
417	U	9005664	5002941	162614
417, map	U	9005664	5002941	162615
440	U	9005664	5002943	162617
415	U	9005664	5002945	162619
415	U	9005664	5002947	162621
336	U	9006009	5002948	162622
417-418	U	9005664	5002951	162626
	U	9006073	5002951	162627
419-20	U	9005664	5002952	162628
734	U	9006009	5002962	162640
629	U	9006009	5002965	162643
	U	9006467	5002965	162644
721	U	9006009	5002967	162646
	U	9006303	5002971	162650
736	U	9006009	5002975	162654
706	U	9006009	5002976	162655
683	U	9006009	5002982	162662
268	U	9006009	5002987	162669
248	U	9006009	5002989	162671
261	U	9006009	5002990	162672
223	U	9006009	5002991	162673
174	U	9006009	5002992	162674
175	U	9006009	5002994	162676
	U	9006592	5002994	162676
197	U	9006009	5002996	162678
191	U	9006009	5002997	162679
	U	9006365	5002997	162680
113	U	9006009	5003004	162688
	U	9006592	5003004	162688
	U	9006073	5003004	162689
113	U	9006009	5003005	162690
117	U	9006009	5003009	162694
113	U	9006009	5003011	162697
208	U	9006009	5003014	162702
292	U	9006009	5003017	162705
628	U	9006009	5003019	162707
	U	9006073	5003021	162709
454	U	9006009	5003021	162710
549	U	9006009	5003024	162714
	U	9006073	5003024	162715
	U	9006073	5003024	162716
453	U	9006009	5003027	162719
601	U	9006009	5003031	162723
	U	9006592	5003031	162723
	U	9006073	5003031	162724
548	U	9006009	5003033	162727
646	U	9006009	5003035	162729
239	U	9005638	5003038	162733
550	U	9006009	5003049	162746
	U	9006073	5003049	162747
592	U	9006009	5003051	162750
	U	9006073	5003051	162751
647	U	9006009	5003060	162762
647	U	9006009	5003060	162763
map 15	U	9005521	5004321	164691
177	U	9006037	6005278	170597
355	U	9006548	6005278	170597
127	U	9006339	6005278	314424
15111	U	9006736	6005278	314424
595	U	9006009	7000214	143382
595	U	9006009	7000214	143383
62 ff.	U	9004757	7000457	45063
66	U	9006037	7000457	45063
	U	9006303	7000457	45063
	U	9006449	7000457	45063
4:838	U	9005014	7000457	45064
400	U	9006267	7000457	45064
1:296	U	9006447	7000457	45064
	U	9006449	7000457	45064
I-56	U	9006541	7000457	139941
317	U	9006551	7000457	139941
	U	9006561	7000457	139942
331	U	9006339	7000457	164779
343	U	9006548	7000457	164779
8354	U	9006736	7000457	164779
14	U	9004757	7000457	165290
	U	9006722	7000457	1159547
	U	9005498	7000478	47158
424-425	U	9006009	7000478	47158
	U	9006303	7000478	47158
	U	9006561	7000478	47158
	U	9006073	7000478	157967
	U	9006073	7000478	162488
	U	9006073	7000478	162490
	U	9005498	7000479	46015
130	U	9006037	7000479	46015
	U	9006253	7000479	46015
15	U	9006037	7003162	3596
	U	9006449	7003162	3596
15	U	9006037	7003162	352747
	U	2009007094	7003162	141371
66	U	9006037	7003163	3619
	U	9006449	7003163	3619
	U	9006561	7003163	352757
	U	2009007094	7003163	141372
	N	2009007094	7003163	1001178321
	U	9006561	7003164	3634
	U	9006561	7003164	352807
	U	2009007094	7003164	141374
	U	9005498	7003165	3635
116	U	9006037	7003165	3635
	U	9006303	7003165	3635
	U	9006561	7003165	352836
	U	2009007094	7003165	141376
	U	9006449	7003166	3652
	U	9006561	7003166	3652
	U	9006561	7003166	352845
	U	2009007094	7003166	141377
	U	9000210	7003167	3653
	U	9005498	7003167	3653
154	U	9006037	7003167	3653
	U	9006295	7003167	3653
154	U	9006037	7003167	352847
	U	2009007094	7003167	141378
	U	9005498	7003168	3664
511	U	9005895	7003168	3664
	U	9006449	7003168	3664
	U	9006561	7003168	3664
	U	9006561	7003168	352867
	U	2009007094	7003168	141379
	U	9005498	7004014	47117
	U	9006303	7004014	47117
	U	9006561	7004014	47117
	U	9006467	7004014	162749
	U	9005498	7004039	153809
206	U	9006009	7004039	153809
	U	9005498	7004249	45763
204; 182 ff.	U	9006009	7004249	45763
123	U	9006037	7004249	45763
II, 575	U	9006447	7004249	45763
II, 343-344	U	9005014	7004847	43961
	U	9006303	7004847	43961
30	U	9006567	7004847	43961
accessed 06/24/99	U	9006807	7004847	43961
I-22	U	9006541	7004847	139680
I-22	U	9006541	7004847	139681
	U	9006339	7004847	166199
I, 111	U	9006447	7004847	166199
accessed 06/24/99	U	2009007181	7004847	166199
8299	U	9006736	7004847	166199
	U	9006303	7004847	172431
accessed 06/24/99	U	2009007181	7004847	172431
	U	9006722	7004847	1159546
accessed 26 Sep 2002	N	9006807	7004847	172431
	U	9005498	7004898	162559
440	U	9005664	7004898	162559
	U	9005498	7004955	162566
	U	9006303	7004955	162566
	U	9006444	7004955	162566
	U	9005498	7005060	46510
II, 739	U	9006447	7005060	46510
	U	9006449	7005060	46510
353	U	9006548	7005060	173868
IX, 473	U	9005014	7005060	314380
270	U	9006009	7005060	314380
	U	9006561	7005060	46510
VIII, 1019	U	9005014	7005124	46260
	U	9005498	7005124	46260
	U	9006303	7005124	46260
	U	9006449	7005124	46260
	U	9006561	7005124	46260
	U	9006449	7005124	142981
	U	9006449	7005124	142983
	U	9006303	7005124	142984
II, 695	U	9006447	7005124	142984
	U	9006449	7005124	142984
	U	9006467	7005124	142984
	U	9006339	7005124	164803
9395	U	9006736	7005124	164803
	U	9006723	7005124	1156343
	U	9006723	7005124	1157059
	U	9006723	7005124	1157060
329	N	2009007099	7005124	142981
accessed 26 Sep 2002	N	9006807	7005124	1001175590
accessed 26 Sep 2002	N	9006807	7005124	1001175588
accessed 26 Sep 2002	N	9006807	7005124	1001175589
accessed 26 Sep 2002	N	9006807	7005124	164803
	U	9005498	7006022	47334
664	U	9006009	7006022	47334
	U	9006561	7006022	47334
1/539-540	U	9005014	7006072	43698
	U	9006009	7006072	43698
	U	9006303	7006072	43698
	U	9006449	7006072	43698
	U	9006561	7006072	43698
1/44-45	U	9006447	7006072	142980
	U	9006449	7006072	142980
8075	U	9006736	7006072	142980
	U	9006339	7006072	142980
accessed 26 Sep 2002	N	9006807	7006072	142980
V, 512	U	9005014	7006073	45351
77	U	9006037	7006073	45351
I, 355	U	9006447	7006073	45351
	U	9006449	7006073	45351
	U	9005498	7006073	45351
	U	9005498	7006074	45565
	U	9006449	7006074	45565
I, 510-511	U	9006447	7006074	45566
	U	9006449	7006074	45566
177	U	9006548	7006074	45566
291	U	9006528	7006074	140381
VII, 418	U	9005014	7006074	323489
114	U	9006037	7006074	45565
VII, 418	U	9005014	7006074	323490
	U	9006009	7006075	43794
19	U	9006037	7006075	43794
	U	9005498	7006076	45603
116	U	9006037	7006076	45603
	U	9006303	7006076	45603
I, 535	U	9006447	7006076	323491
	N	2009007345	7006076	1001180009
	U	9005498	7006077	44353
	U	9006303	7006077	44353
	U	9006561	7006077	44353
I, 158	U	9006447	7006077	326742
	U	9005498	7006080	150435
634 ff.	U	9006009	7006080	150435
123	U	9006037	7006080	150435
	U	9006303	7006080	150435
IX, 468	U	9005014	7006082	46506
	U	9005498	7006082	46506
154	U	9006037	7006082	46506
	U	9006303	7006082	46506
II, 739	U	9006447	7006082	46506
	U	9006339	7006082	170035
353	U	9006548	7006082	170035
8332	U	9006736	7006082	170035
27	U	9006037	7006107	43923
	U	9006303	7006107	43923
	U	9006449	7006107	43923
	U	9005498	7006109	46609
	U	9006449	7006109	46609
	U	9006561	7006109	46609
411	U	9006009	7006110	44004
	U	9006561	7006110	44004
	U	9005498	7006111	47515
413	U	9006009	7006111	47515
189	U	9006037	7006111	47515
	U	9005498	7006112	45485
110	U	9006037	7006112	45485
371	U	9006009	7006113	45596
115	U	9006037	7006113	45596
	U	9005498	7006114	46037
	U	9006444	7006114	46037
	U	9006561	7006114	46037
	U	9006303	7006115	43641
	U	9006561	7006115	43641
	U	9005498	7006116	44298
39	U	9006037	7006116	44298
	U	9005498	7006117	47388
	U	9006561	7006117	47388
	U	9005498	7006118	44511
41	U	9006037	7006118	44511
	U	9006303	7006118	44511
	U	9006073	7006118	162473
	U	9005498	7006119	45086
396	U	9006009	7006119	45086
67	U	9006037	7006119	45086
	U	9006444	7006119	45086
49	U	9006037	7006120	44850
	U	9006303	7006120	44850
294	U	9006449	7006120	44850
I, 207	U	9006447	7006120	326740
	U	9005498	7006121	45709
I-106	U	9006541	7006121	45709
122	U	9006037	7006121	352749
562	U	9006009	7006122	143380
	U	9006303	7006122	143380
	U	9006444	7006122	143380
562	U	9006009	7006122	143381
	U	9005498	7006123	45950
130	U	9006037	7006123	45950
	U	9006303	7006123	45950
	U	9006073	7006123	162479
	U	9006073	7006123	162480
	U	9005498	7006124	147631
429; 429	U	9005664	7006124	147631
479	U	9005895	7006124	147631
	U	9006324	7006124	147631
	U	9006444	7006124	147631
	U	9004074	7006125	156091
	U	9005498	7006125	156091
385 ff., 401	U	9005664	7006125	156091
	U	9006279	7006125	156091
	U	9006303	7006125	156091
	U	9005498	7006126	145637
	U	9006303	7006126	145637
	U	9005498	7006128	153825
414; 414	U	9005664	7006128	153825
181	U	9006279	7006129	314401
181	U	9006279	7006130	314402
181	U	9006279	7006131	314403
181	U	9006279	7006132	314404
181	U	9006279	7006133	314405
181	U	9006279	7006134	314406
181	U	9006279	7006135	314408
425	U	9005664	7006136	144110
	U	9006561	7006136	144110
	U	9005498	7006137	144507
442	U	9005664	7006137	162495
	U	9006009	7006138	43798
	U	9006303	7006138	43798
	U	9006561	7006138	43798
422	U	9005664	7006138	315709
	U	9005498	7006139	44206
38	U	9006037	7006139	44206
	U	9006444	7006139	44206
	U	9006449	7006139	44206
	U	9005498	7006140	145570
418; 418	U	9005664	7006140	145570
I, 442	U	9006455	7006140	324893
	U	9006736	7006140	323618
	U	9005498	7006141	45048
402 ff.	U	9005664	7006141	45048
	U	9006449	7006141	45048
	U	9006561	7006141	45048
	U	9006339	7006141	167279
I, 293	U	9006447	7006141	167279
7973	U	9006736	7006141	167279
	U	9005498	7006142	47392
388 ff.	U	9005664	7006142	47392
	U	9006449	7006142	47392
	U	9006561	7006142	47392
	U	9005498	7006143	47304
	U	9006561	7006143	47304
	U	9005498	7006144	45396
89	U	9006037	7006144	45396
	U	9006449	7006144	45396
449	U	9006009	7006145	47569
195	U	9006037	7006145	47569
	U	9005498	7006146	43998
	U	9006303	7006146	43998
	U	9006561	7006146	43998
	U	9006073	7006146	162499
337	U	9006009	7006147	47916
209	U	9006037	7006147	47916
	U	9006073	7006147	162625
	U	9005498	7006148	145805
359	U	9006009	7006148	145805
	U	9005498	7006149	145481
	U	2009007203	7006149	145481
	U	9006303	7006149	162503
332	U	9006009	7006151	45065
66	U	9006037	7006151	45065
	U	9006467	7006151	162536
	U	9005498	7006152	47784
	U	9006009	7006152	47784
	U	9006561	7006152	47784
	U	9005498	7006153	46328
148	U	9006037	7006153	46328
	U	9005498	7006155	153425
329	U	9006009	7006155	153425
	U	9005498	7006157	47308
178	U	9006037	7006157	47308
	U	9006303	7006157	47308
	U	9006444	7006157	47308
	U	9006073	7006157	162611
	U	9006303	7006159	44170
	U	9006561	7006159	44170
	U	9005498	7006161	46667
	U	9006444	7006161	46667
II, 755-756	U	9006447	7006161	46667
	U	9006449	7006161	46667
	U	9006561	7006161	46667
IX, 667	U	9005014	7006161	323492
	U	9005498	7006162	145652
	U	9006303	7006162	145652
	U	9006592	7006162	145652
	U	9005498	7006163	152199
	U	9006303	7006163	152199
	U	9006467	7006163	162571
	U	9005498	7006164	46000
	U	9006009	7006164	46000
130	U	9006037	7006164	46000
	U	9006303	7006164	46000
	U	9006073	7006164	162556
	U	9005498	7006165	45483
	U	9005664	7006165	45483
110	U	9006037	7006165	45483
	U	9006303	7006166	44603
	U	9006561	7006166	44603
	U	9006467	7006166	162518
	U	9005498	7006166	44603
	U	9006009	7006167	44446
40	U	9006037	7006167	44446
	U	9006449	7006167	44446
	U	9005498	7006167	44446
	U	9006073	7006167	162511
39	U	9006037	7006168	44295
	U	9006303	7006168	44295
	U	9005498	7006169	44609
42	U	9006037	7006169	44609
	U	9006073	7006169	162520
	U	9006449	7006169	44609
	U	9005498	7006170	45163
69	U	9006037	7006170	45163
	U	9006303	7006170	45163
	U	9005498	7006172	45929
130	U	9006037	7006172	45929
	U	9005498	7006173	48002
	U	9006009	7006173	48002
210	U	9006037	7006173	48002
	U	9005498	7006174	47415
	U	9006303	7006174	47415
	U	9006561	7006174	47415
683	U	9006009	7006175	44278
39	U	9006037	7006175	44278
723	U	9006009	7006176	46235
146	U	9006037	7006176	46235
	U	9005498	7006176	46235
	U	9005498	7006177	46512
154	U	9006037	7006177	46512
	U	9006303	7006177	46512
	U	9001430	7006178	45268
	U	9005498	7006178	45268
73	U	9006037	7006178	45268
	U	9006444	7006178	45268
	U	9005498	7006181	154132
	U	9006303	7006181	154132
	U	9005498	7006183	43683
	U	9005895	7006183	43683
618	U	9006009	7006183	43683
15	U	9006037	7006183	43683
	U	9005498	7006184	44201
38	U	9006037	7006184	44201
721	U	9006009	7006185	148786
	U	9006444	7006185	148786
	U	9006365	7006185	162637
693	U	9006009	7006186	46009
130	U	9006037	7006186	46009
	U	9005498	7006188	46309
148	U	9006037	7006188	46309
627	U	9006009	7006188	162642
	U	9006303	7006189	47906
	U	9006561	7006189	47906
	U	9006467	7006189	162464
	U	9006723	7006189	1156915
accessed 2 Apr 2003	P	9006807	7006189	47906
accessed 2 Apr 2003	N	9006807	7006189	1001176101
	U	9006362	7006190	47722
	U	9006561	7006190	47722
	U	9005498	7006191	44512
669	U	9006009	7006191	44512
41	U	9006037	7006191	44512
	U	9005498	7006192	44208
38	U	9006037	7006192	44208
	U	9006009	7006194	46500
154	U	9006037	7006194	46500
	U	9006303	7006194	46500
	U	9006444	7006194	46500
156	U	9006037	7006195	46610
	U	9006339	7006195	46610
	U	9006723	7006195	1156488
	U	9006723	7006195	1156489
	U	9006723	7006195	1156490
	U	9005498	7006196	46634
769	U	9006009	7006196	46634
157	U	9006037	7006196	46634
28	U	9005423	7006196	1160871
28	U	9005423	7006196	1160872
	U	2009007203	7006196	157825
61	U	9006037	7006197	7212
	U	9005498	7006197	148774
	U	9006444	7006197	148774
	U	9006449	7006197	148774
345	U	9006548	7006197	168056
	U	9006303	7006197	173188
364	U	9006267	7006197	320088
	U	9006009	7006198	44280
39	U	9006037	7006198	44280
31	U	9006037	7006200	44003
	U	9006303	7006200	44003
	U	9006467	7006200	162666
	U	9005498	7006201	45189
	U	9006014	7006201	45189
70	U	9006037	7006201	45189
	U	9005498	7006202	44239
38	U	9006037	7006202	44239
	U	9006009	7006204	44187
38	U	9006037	7006204	44187
	U	9006303	7006204	44187
	U	9006073	7006204	162668
	U	9005498	7006205	46477
153	U	9006037	7006205	46477
	U	9005498	7006206	47360
180	U	9006037	7006206	47360
	U	9006444	7006206	47360
	U	9005498	7006207	47912
166 ff.	U	9006009	7006207	47912
209	U	9006037	7006207	47912
II, 992	U	9006447	7006207	47912
	U	9006449	7006207	47912
166	U	9006009	7006207	326741
22	U	9006037	7006242	43838
	U	9006303	7006242	43838
	U	9005498	7006245	43759
	U	9006009	7006245	43759
17	U	9006037	7006245	43759
	U	9005498	7006293	46605
156	U	9006037	7006293	46605
348	U	9005423	7006293	1158730
348	U	9005423	7006293	1158731
	U	9006009	7006294	145494
	U	9006303	7006294	145494
	U	9005498	7006295	47104
	U	9006561	7006295	47104
	U	9005498	7006296	47922
	U	9006303	7006296	47922
	U	9006561	7006296	47922
	U	9005498	7006299	46593
	U	9006449	7006299	46593
	U	9006561	7006299	46593
	U	9005498	7006300	47092
175	U	9006037	7006300	47092
	U	9006303	7006300	47092
	U	9006073	7006300	162696
Mack, XI/3 (1988), 193-200	U	9000794	7006301	44380
	U	9005498	7006301	44380
507 a	U	9005895	7006301	44380
113	U	9006009	7006301	44380
40	U	9006037	7006301	44380
	U	9006444	7006301	44380
	U	2009007203	7006301	323623
	U	2009007203	7006301	323621
	U	2009007203	7006301	323622
	U	2009007203	7006301	323624
	U	2009007203	7006301	156922
	U	2009007203	7006301	156923
	U	9005498	7006302	46318
148	U	9006037	7006302	46318
151	U	9006037	7006303	46380
	U	9006303	7006303	162691
40	U	9006037	7006304	44472
	U	9006303	7006304	44472
	U	9005498	7006305	48026
211	U	9006037	7006305	48026
	U	9006449	7006305	48026
	U	9006449	7006305	171709
8303	U	9006736	7006305	171709
	U	9006723	7006305	1156911
	U	9006723	7006305	1156912
	U	9005498	7006306	46417
	U	9006449	7006306	46417
	U	9006561	7006306	46417
	U	9005498	7006307	45924
207	U	9006009	7006307	45924
130	U	9006037	7006307	45924
	U	9006449	7006308	45963
	U	9005498	7006308	150849
208 ff.	U	9006009	7006308	150849
130	U	9006037	7006308	150849
	U	9006303	7006308	150849
	U	9006444	7006308	150849
	U	9006073	7006308	162700
II, 615	U	9006447	7006308	162700
	U	9006561	7006309	43783
403	U	9006009	7006309	162466
	U	9006009	7006310	44381
40	U	9006037	7006310	44381
I, 160	U	9006447	7006310	44381
114 ff.	U	9006009	7006310	162686
	U	9006449	7006310	162686
40	U	9006037	7006312	44488
	U	9006303	7006312	44488
	U	9005498	7006313	46105
	U	9006303	7006313	46105
	U	9006444	7006313	46105
	U	9006561	7006313	46105
	U	9006339	7006313	164783
G	U	9006529	7006313	164783
8269	U	9006736	7006313	164783
G	U	9006529	7006313	328070
	U	9005498	7006314	46709
161	U	9006037	7006314	46709
	U	9005498	7006315	47481
187	U	9006037	7006315	47481
	U	9006303	7006315	47481
551	U	9006009	7006315	314997
	U	9005498	7006317	43498
614	U	9006009	7006317	43498
	U	9006561	7006317	43498
	U	9005498	7006318	45932
130	U	9006037	7006318	45932
	U	9006303	7006318	45932
12	U	9005423	7006318	1159888
12	U	9005423	7006318	1159889
12	U	9005423	7006318	1159890
12	U	9005423	7006318	1159891
12	U	9005423	7006318	1159892
12	U	9005423	7006318	1159893
12	U	9005423	7006318	1159894
12	U	9005423	7006318	1159895
12	U	9005423	7006318	1159896
	U	9006009	7006319	44102
	U	9006303	7006319	44102
	U	9006561	7006319	44102
	U	9005498	7006320	150907
593	U	9006009	7006320	150907
	U	9006073	7006320	162735
	U	9005498	7006321	150915
607	U	9006009	7006321	150915
	U	9005498	7006322	46464
589 ff.	U	9006009	7006322	46464
	U	9006303	7006322	46464
	U	9006561	7006322	46464
588 ff.	U	9006009	7006322	326672
	U	9005498	7006323	47031
	U	9006449	7006323	47031
	U	9006561	7006323	47031
	U	9006009	7006324	44392
	U	9006303	7006324	44392
	U	9006561	7006324	44392
	U	9005498	7006325	46018
	U	9006009	7006325	46018
	U	9006561	7006325	46018
201	U	9006037	7006326	47712
	U	9006303	7006326	47712
	U	9006303	7006327	43829
	U	9006561	7006327	43829
	U	9005498	7006328	44764
48	U	9006037	7006328	44764
	U	9006303	7006328	44764
	U	9006073	7006328	162726
	U	9006561	7006329	125133
455, 819-map	U	9006009	7006329	147021
	U	9006561	7006329	352755
	U	2009007203	7006329	156466
	U	9005498	7006330	46526
962	U	9006267	7006330	46526
	U	9006449	7006330	46526
	U	9006561	7006330	46526
451	U	9006009	7006330	314996
646	U	9006009	7006331	46712
161	U	9006037	7006331	46712
	U	9005498	7006332	154189
453	U	9006009	7006332	154189
	U	9006303	7006333	43734
	U	9006561	7006333	43734
	U	9005498	7006334	47004
	U	9005967	7006334	47004
467 ff.	U	9006009	7006334	47004
II, 823	U	9006447	7006334	47004
	U	9006449	7006334	47004
	U	9006561	7006334	47004
X, 389	U	9005014	7006334	323496
	U	2009007094	7006334	323176
	U	9006352	7006334	142952
	U	9006352	7006334	142953
	U	9006303	7006335	47274
	U	9006561	7006335	47274
	U	9005498	7006336	153725
564	U	9006009	7006336	153725
	U	9005498	7006337	153811
562	U	9006009	7006337	153811
	U	9006303	7006337	162755
	U	9005498	7006338	47425
	U	9006009	7006338	47425
	U	9006449	7006338	47425
	U	9006561	7006338	47425
200	U	9006037	7006339	47675
	U	9006303	7006339	47675
	U	9006073	7006339	162760
	U	9005498	7006341	44631
42	U	9006037	7006341	44631
	U	9006303	7006341	44631
45	U	9006037	7006344	44671
262	U	9006267	7006344	44671
	U	9006303	7006344	44671
	U	9006449	7006344	44671
568 ff.	U	9006004	7006344	164689
	U	9006339	7006344	164689
341	U	9006548	7006344	164689
7994	U	9006736	7006344	164689
I, 192	U	9006447	7006344	326743
I, 192	U	9006447	7006344	326744
I, 192	U	9006447	7006344	326745
568 ff.	U	9006004	7006344	1155882
7994	U	9006736	7006344	1157203
	U	9005498	7006345	46014
	U	9006303	7006345	46014
	U	9006561	7006345	46014
560	U	9006009	7006346	46720
162	U	9006037	7006346	46720
	U	9006303	7006346	162742
73	U	9004534	7006520	162630
	U	9005498	7006520	162630
	U	9005498	7006522	112801
	U	9006303	7006522	112801
	U	9006561	7006522	112801
	U	9005498	7006523	145842
	U	9006073	7006523	145842
392	U	9005664	7006523	162515
I-114	U	9006037	7006524	45999
	U	9006303	7006524	45999
	U	9005498	7006526	44641
578	U	9006009	7006526	44641
44	U	9006549	7006526	44641
	U	9006303	7006526	162721
	U	9005498	7006528	45051
66	U	9006037	7006528	45051
	U	9006303	7006528	45051
	U	9006073	7006528	162532
77	U	9006037	7006530	45338
	U	9006449	7006530	45338
50	U	9006279	7006530	314939
334	U	9006009	7006531	112885
133	U	9006037	7006531	112885
I-35	U	9006541	7006533	112803
	U	9006303	7006533	162461
	U	9006303	7006533	162462
	U	9005498	7006537	47027
	U	9006303	7006537	47027
	U	9006449	7006537	47027
	U	9006561	7006537	47027
4	U	9005423	7006537	1158960
4	U	9005423	7006537	1158961
65	U	9006037	7006539	105612
	U	9006303	7006539	162526
	U	9006467	7006539	162526
	U	9005498	7006543	162529
321; 321	U	9006009	7006543	162529
	U	9005498	7006544	46897
168	U	9006037	7006544	46897
440; 440	U	9005664	7006547	162546
	U	9005498	7006548	162554
459	U	9006009	7006548	162554
	U	9005498	7006555	162569
375	U	9005664	7006555	162569
	U	9005498	7006556	46566
347	U	9006009	7006556	46566
156	U	9006037	7006556	46566
	U	9006303	7006556	46566
413	U	9005664	7006565	162629
478	U	9005895	7006565	162629
	U	9006324	7006565	162629
	U	9006455	7006565	162629
	U	9005498	7006573	46387
151	U	9006037	7006573	46387
	U	9006303	7006573	162567
	U	9005498	7006574	162577
435	U	9005664	7006574	162577
IV, 481	U	9005014	7006575	44971
	U	9005498	7006575	44971
	U	9006009	7006575	44971
62	U	9006037	7006575	44971
I, 274	U	9006447	7006575	44971
	U	9006449	7006575	44971
	U	9005498	7006579	162623
337	U	9006009	7006579	162623
	U	9005498	7006581	47822
207	U	9006037	7006581	47822
	U	9006303	7006581	47822
V, 512	U	9005014	7006582	113245
122	U	9006037	7006582	113245
	U	9006303	7006582	113245
	U	9006324	7006582	113245
	U	9006449	7006582	113245
	U	9005498	7006584	46822
722	U	9006009	7006584	46822
166	U	9006037	7006584	46822
	U	9005498	7006588	47557
193	U	9006037	7006588	47557
891	U	9006339	7006588	162652
891	U	9006339	7006588	164781
8817	U	9006736	7006588	164781
69	U	9006037	7006589	109478
360	U	9006009	7006589	162681
	U	9006365	7006589	162682
	U	9005498	7006590	177117
	U	9006303	7006590	177117
	U	9006561	7006590	177117
19	U	9006279	7006590	314990
445	U	9005664	7006591	162728
550	U	9006009	7006591	162728
	U	9005498	7006592	46964
	U	9006009	7006592	46964
	U	9006449	7006592	46964
	U	9006561	7006592	46964
	U	9006073	7006592	162589
	U	9005498	7007728	44517
620	U	9006009	7007728	44517
41	U	9006037	7007728	44517
I-28	U	9006541	7007731	100939
	U	9005498	7007731	145523
415	U	9006009	7007731	145523
415 ff.	U	9006009	7007731	161887
	U	9006561	7007731	161887
II, 1097	U	9006015	7007731	315438
416	U	9006009	7007731	326739
	U	9006561	7008397	45397
	U	9005498	7008397	148700
	U	9006009	7008397	148700
	U	9006324	7008397	148700
	U	9006444	7008397	148700
	U	9005498	7008555	46738
	U	9006561	7008555	46738
	U	9005498	7008900	47043
174	U	9006037	7008900	47043
9	U	9006037	7009080	122405
733-734 & map on 823	U	9006009	7009080	143876
	U	9006444	7009080	143876
	U	9006561	7009080	352794
	U	2009007203	7009080	156407
	U	9005498	7009760	1909
	U	9006303	7009760	1909
	U	9006449	7009760	1909
	U	9006561	7009760	1909
II, 955	U	9006447	7009760	1910
	U	9006449	7009760	1910
	U	9006324	7009760	154915
	U	9006722	7009760	1159558
	U	9006722	7009760	1159559
	U	9006561	7009957	46769
	U	9005498	7010020	46671
	U	9006561	7010020	46671
	U	9005498	7010381	100690
728-729	U	9006009	7010381	100690
245-247	U	9006339	7010381	100690
	U	9006561	7010381	100690
728	U	9006009	7010381	100691
I, 208-209	U	9006447	7010381	100691
I, 207	U	9006447	7010381	328141
I, 207	U	9006447	7010381	328142
I-6	U	9006541	7010394	104738
679	U	9006009	7010394	162442
612	U	9006009	7010394	319349
612	U	9006009	7010394	319350
accessed 08/30/99	U	2009007181	7010394	1158662
6 ff.	U	9000009	7011179	47413
passim	U	9004777	7011179	47413
	U	9005498	7011179	47413
479 ff.	U	9006009	7011179	47413
183	U	9006037	7011179	47413
2:861	U	9006447	7011179	47413
	U	9006449	7011179	47413
accessed 21 April 1999	U	2009007181	7011179	47413
I-162	U	9006541	7011179	140808
1114	U	9006449	7011179	141380
12592	U	9006736	7011179	141380
479	U	9006009	7011179	181414
479	U	9006009	7011179	181415
	U	9004778	7011179	181416
1508	U	9004778	7011179	181456
	U	9006722	7011179	1159549
	U	9005498	7011181	47464
186	U	9006037	7011181	47464
	U	9006303	7011181	47464
629	U	9006009	7015413	162648
V, 512	U	9005014	7015413	323486
354	U	9006548	7015413	323486
12667	U	9006736	7015413	323486
I, 355	U	9006447	7015413	323487
V, 512	U	9005014	7015413	323488
accessed 2 Apr 2003	P	9006807	7015413	323486
accessed 2 Apr 2003	N	9006807	7015413	162648
34	U	9006037	7015529	104782
	U	9006009	7015529	150831
249	U	9005498	7017499	326305
232	U	9005498	7017500	326306
232	U	9005498	7017500	326307
463	U	9006009	7017853	1800
44	U	9006037	7017853	1800
619	U	9006009	7018786	150834
	U	9006444	7018786	150834
797	U	9006009	7018786	347054
	U	9006009	7023825	44473
40	U	9006037	7023825	44473
574	U	9006009	7023893	46963
173	U	9006037	7023893	46963
	U	9006561	7023893	46963
I-153	U	9006037	7023894	101025
I-153	U	9006541	7023894	101025
	U	9006449	7023894	162460
381	U	9006267	7024113	1157128
	U	9006303	7024113	1157128
	U	9006449	7024113	1157128
accessed 11/16/98	U	2009007181	7024113	1157128
accessed 11/16/98	U	2009007181	7024113	1157129
accessed 11/16/98	U	2009007181	7024113	1157130
accessed 11/16/98	U	2009007181	7024113	1157131
accessed 02/22/00	U	9006848	7024602	1159281
accessed 02/22/00	U	9006848	7024602	1159282
accessed 07/05/00	U	9006864	7024741	1161157
	U	9006864	7024741	1161158
	U	2009007094	7024741	1161159
accessed 10/30/2001	P	9006879	7028107	1001171685
	N	9006879	7028107	1001171686
	U	2009007094	7029392	1001175299
Accessed 06/25 /2002.	N	9006879	7029393	1001175303
	N	2009007098	7029473	1001175586
accessed 10 March 2003	N	9006879	7029528	1001175910
	N	9006753	7030235	1001178670
