1000000		1000000	N	1000000	F	This is the top or "root" of the TGN hierarchy.	1		1000000
1000000		1000003	N	7029392	P	Europe was an early home to Homo erectus, Neanderthal and modern Homo sapiens. Agricultural settlements arose in the 7th millennium BCE. Advanced civilizations developed here in the Mediterranean area with Asian and African influences. Modern European nations began to form after the fall of the Western Roman Empire in the fifth century CE. The late 20th and early 21st centuries have witnessed the formation and expansion of the European Union, a group of European nations allied for trade and some administrative purposes, such as a common currency. 	1		1000003
1000000		1000080	N	1000003	A	Inhabited since 50,000 BCE; settled by Indo-Europeans 1850 BCE, Etruscans 1600 BCE, and Greeks 800 BCE; united by Romans 270 BCE; independent states rose after fall of Holy Roman Empire, notably Naples, Milan, Florence, Venice and papacy; reunited in the 19th century; official language is Italian, though significant minorities speak German, French, and Slovene.	1		1000080
1000000		1003460	N	7009760	A		1		1003460
1000000		1003473	N	7009760	A		1		1003473
1000000		1006715	N	7003164	P	Volcanic island charted by Greeks & Romans; refuge of monks in 4th cen.; taken by Saracens in 1055; passed to the rule of Genovese in 15th cen; site of a penal colony in 1872.	1		1006715
1000000		1007187	N	1003460	P		1		1007187
1000000		1007191	N	1003460	P	Was inhabited from Stone Age through Roman era; Roman ruins are visible at Giglio Porto.	1		1007191
1000000		1008204	N	7003164	A	Part of Arcipelago Toscano, S of island of Elba; state hunting preserve; site of ruins of 13th-cen. monastery abandoned in 1553 after having been destroyed by pirates; noted as setting for novel The Count of Monte Cristo (1844) by Alexandre Dumas p$02ere.	1		1008204
1000000		1012389	N	7006197	P		1		1012389
1000000		1043080	N	7003167	A		1		1043080
1000000		1043117	N	7003167	A		1		1043117
1000000		1043230	N	7003164	A		1		1043230
1000000		1043261	N	1003460	A		1		1043261
1000000		1043270	N	7003164	A		1		1043270
1000000		1043289	N	7003166	A		1		1043289
1000000		1043291	N	7003165	A		1		1043291
1000000		1043360	N	7003162	A		1		1043360
1000000		1043373	N	7003168	A		1		1043373
1000000		1043381	N	1003473	A		1		1043381
1000000		1043404	N	1003473	A		1		1043404
1000000		1043406	N	7003163	A		1		1043406
1000000		1043500	N	7003164	A		1		1043500
1000000		1043506	N	7003166	A		1		1043506
1000000		1043665	N	7003162	A		1		1043665
1000000		1043693	N	7003166	A		1		1043693
1000000		1043728	N	7003166	A		1		1043728
1000000		1043776	N	7003168	A		1		1043776
1000000		1043808	N	7003162	A		1		1043808
1000000		1043843	N	7003166	A		1		1043843
1000000		1043852	N	7006197	A		1		1043852
1000000		1043854	N	7003167	A		1		1043854
1000000		1043955	N	1003473	A		1		1043955
1000000		1043975	N	7003164	A		1		1043975
1000000		1043986	N	7003168	A		1		1043986
1000000		1043996	N	1003460	A		1		1043996
1000000		1044018	N	1003460	A		1		1044018
1000000		1044056	N	7003168	A		1		1044056
1000000		1044058	N	7003165	A		1		1044058
1000000		1044060	N	7003166	A		1		1044060
1000000		1044073	N	7003162	A		1		1044073
1000000		1044085	N	1003460	A		1		1044085
1000000		1044126	N	7003164	A		1		1044126
1000000		1044204	N	7003166	A		1		1044204
1000000		1044250	N	1003460	A		1		1044250
1000000		1044257	N	7003167	A		1		1044257
1000000		1044289	N	1003460	A		1		1044289
1000000		1044293	N	7003162	A		1		1044293
1000000		1044329	N	7003164	A		1		1044329
1000000		1044342	N	1003473	A		1		1044342
1000000		1044363	N	7003163	A		1		1044363
1000000		1044378	N	7003165	A		1		1044378
1000000		1044419	N	7003163	A		1		1044419
1000000		1044483	N	7003163	A		1		1044483
1000000		1044532	N	1003473	A		1		1044532
1000000		1044568	N	7003166	A		1		1044568
1000000		1044626	N	1003473	A		1		1044626
1000000		1044641	N	1003460	A		1		1044641
1000000		1044654	N	1003460	A		1		1044654
1000000		1044669	N	7003163	A		1		1044669
1000000		1044679	N	7003165	A		1		1044679
1000000		1044682	N	1003473	A		1		1044682
1000000		1044730	N	7003168	A		1		1044730
1000000		1044749	N	7003163	A		1		1044749
1000000		1044775	N	7003167	A		1		1044775
1000000		1044778	N	1003460	A		1		1044778
1000000		1044816	N	1007191	A		1		1044816
1000000		1044983	N	7003167	A		1		1044983
1000000		1045019	N	7003166	A		1		1045019
1000000		1045020	N	7003166	A		1		1045020
1000000		1045050	N	7003165	A		1		1045050
1000000		1045051	N	7003167	A		1		1045051
1000000		1045082	N	1003473	A		1		1045082
1000000		1045085	N	7003165	A		1		1045085
1000000		1045182	N	1003460	A		1		1045182
1000000		1045211	N	1003460	A		1		1045211
1000000		1045242	N	7006197	A		1		1045242
1000000		1045243	N	7006197	A		1		1045243
1000000		1045256	N	7006197	A		1		1045256
1000000		1045258	N	1003473	A		1		1045258
1000000		1045259	N	7003164	A		1		1045259
1000000		1045261	N	1003460	A		1		1045261
1000000		1045262	N	1003473	A		1		1045262
1000000		1045265	N	7003165	A		1		1045265
1000000		1045266	N	7003166	A		1		1045266
1000000		1045278	N	7003163	A		1		1045278
1000000		1045307	N	7003165	A		1		1045307
1000000		1045466	N	7003167	A		1		1045466
1000000		1045544	N	1003460	A		1		1045544
1000000		1045551	N	7003168	A		1		1045551
1000000		1045557	N	1003460	A		1		1045557
1000000		1045563	N	7003166	A		1		1045563
1000000		1045566	N	7003163	A		1		1045566
1000000		1045576	N	7003168	A		1		1045576
1000000		1045577	N	1003460	A		1		1045577
1000000		1045582	N	7003166	A		1		1045582
1000000		1045612	N	7003165	A		1		1045612
1000000		1045629	N	1003473	A		1		1045629
1000000		1045754	N	7003167	A		1		1045754
1000000		1045918	N	7003162	A		1		1045918
1000000		1045931	N	7003165	A		1		1045931
1000000		1045959	N	7003162	A		1		1045959
1000000		1045962	N	7003168	A		1		1045962
1000000		1045970	N	7003167	A		1		1045970
1000000		1045991	N	7003163	A		1		1045991
1000000		1046000	N	7003165	A		1		1046000
1000000		1046002	N	7003162	A		1		1046002
1000000		1046031	N	7003167	A		1		1046031
1000000		1046075	N	7003166	A		1		1046075
1000000		1046082	N	7003166	A		1		1046082
1000000		1046089	N	7003163	A		1		1046089
1000000		1046095	N	7003163	A		1		1046095
1000000		1046096	N	7003165	A		1		1046096
1000000		1046097	N	7003168	A		1		1046097
1000000		1046118	N	7003167	A		1		1046118
1000000		1046135	N	1003460	A		1		1046135
1000000		1046139	N	7006197	A		1		1046139
1000000		1046148	N	1003460	A		1		1046148
1000000		1046205	N	7006197	A		1		1046205
1000000		1046210	N	7003162	A		1		1046210
1000000		1046215	N	7003167	A		1		1046215
1000000		1046217	N	7003164	A		1		1046217
1000000		1046228	N	7003168	A		1		1046228
1000000		1046288	N	7006197	A		1		1046288
1000000		1046302	N	1003460	A		1		1046302
1000000		1046346	N	1003460	A		1		1046346
1000000		1046384	N	7003164	A		1		1046384
1000000		1046385	N	7003164	A		1		1046385
1000000		1046438	N	7003166	A		1		1046438
1000000		1046451	N	7003167	A		1		1046451
1000000		1046545	N	7003166	A		1		1046545
1000000		1046567	N	7003167	A		1		1046567
1000000		1046615	N	7003164	A		1		1046615
1000000		1046641	N	7003164	A		1		1046641
1000000		1046703	N	7003166	A		1		1046703
1000000		1046709	N	1003460	A		1		1046709
1000000		1046712	N	7003166	A		1		1046712
1000000		1046721	N	7003166	A		1		1046721
1000000		1046802	N	1003460	A		1		1046802
1000000		1046803	N	1003460	A		1		1046803
1000000		1047001	N	7003165	A		1		1047001
1000000		1047023	N	7003162	A		1		1047023
1000000		1047036	N	7003164	A		1		1047036
1000000		1047087	N	7003162	A		1		1047087
1000000		1047093	N	7003162	A		1		1047093
1000000		1047112	N	7003166	A		1		1047112
1000000		1047144	N	7003165	A		1		1047144
1000000		1047151	N	7003168	A		1		1047151
1000000		1047166	N	7003163	A		1		1047166
1000000		1047269	N	7024741	A		1		1047269
1000000		1047332	N	7003166	A		1		1047332
1000000		1047338	N	7003167	A		1		1047338
1000000		1047352	N	7003164	A		1		1047352
1000000		1047366	N	7024741	A		1		1047366
1000000		1047446	N	1003473	A		1		1047446
1000000		1047514	N	1003473	A		1		1047514
1000000		1100052	N	7003168	A		1		1100052
1000000		1100124	N	7003162	A		1		1100124
1000000		1100133	N	7003166	A		1		1100133
1000000		1101282	N	7009760	A		1		1101282
1000000		1101289	N	1003473	A		1		1101289
1000000		1103685	N	7009760	P		1		1103685
1000000		1104120	N	7003164	P		1		1104120
1000000		1104138	N	7006197	P		1		1104138
1000000		1104163	N	1006715	P		1		1104163
1000000		1104192	N	7003168	P		1		1104192
1000000		1104629	N	7003162	P		1		1104629
1000000		1105021	N	1003460	P		1		1105021
1000000		1105368	N	1003460	P		1		1105368
1000000		1105685	N	1003460	P		1		1105685
1000000		1106401	N	7009760	P		1		1106401
1000000		1106911	N	7009760	P		1		1106911
1000000		1108367	N	7003167	P		1		1108367
1000000		1108368	N	7009760	P		1		1108368
1000000		1108469	N	7009760	P		1		1108469
1000000		1108487	N	7009760	P		1		1108487
1000000		1108527	N	7009760	P		1		1108527
1000000		1108590	N	7003165	P		1		1108590
1000000		1108724	N	7009760	P		1		1108724
1000000		1108893	N	7009760	P		1		1108893
1000000		1109344	N	7009760	P	Was a productive source of copper and iron for at least since the time of the Etruscans.	1		1109344
1000000		1109363	N	7003168	P		1		1109363
1000000		1109495	N	7009760	P	Long mountain ridge to the SE of Florence, between the Valdarno & the Casentino.	1		1109495
1000000		1109756	N	1003460	P		1		1109756
1000000		1111810	N	7009760	A	Comprises the fertile valley area around the middle course of the Arno river.	1		1111810
1000000		1112063	N	7009760	A		1		1112063
1000000		1112377	N	1003460	P		1		1112377
1000000		1114232	N	7003164	P		1		1114232
1000000		1114802	N	1003460	P		1		1114802
1000000		1115906	N	7003168	P		1		1115906
1000000		1117234	N	7003165	P		1		1117234
1000000		1121328	N	7009760	P		1		1121328
1000000		1121388	N	7009760	P	Principal body of water in Tuscany, though mainly unnavigable; rises on Monte Falterona in Tuscan Apennines; flows southwest for 150 miles, through Florence to the Ligurian Sea; valley of the Arno has been altered by man and ancient delta has been largely reclaimed.	1		1121388
1000000		1121940	N	7009760	P		1		1121940
1000000		1122250	N	1003460	P		1		1122250
1000000		1122612	N	7009760	P		1		1122612
1000000		1123066	N	7009760	P		1		1123066
1000000		1123775	N	7009760	P		1		1123775
1000000		1123823	N	7009760	P		1		1123823
1000000		1124371	N	7009760	P		1		1124371
1000000		1126117	N	7009760	P		1		1126117
1000000		1126122	N	7009760	P		1		1126122
1000000		1126668	N	1003473	P		1		1126668
1000000		1127088	N	7009760	P		1		1127088
1000000		1128089	N	7009760	P		1		1128089
1000000		1128141	N	7009760	P		1		1128141
1000000		1128558	N	7009760	P		1		1128558
1000000		1129867	N	7009760	P		1		1129867
1000000		1130008	N	7003163	P		1		1130008
1000000		1137022	N	1003473	A		1		1137022
1000000		4000491	N	1003460	A		1		4000491
1000000		4000862	N	7003163	A		1		4000862
1000000		4001112	N	7000457	A		1		4001112
1000000		4001206	N	7003164	A		1		4001206
1000000		4001386	N	7003165	A		1		4001386
1000000		4001692	N	7003167	A		1		4001692
1000000		4001976	N	7003167	A		1		4001976
1000000		4002142	N	7003165	A		1		4002142
1000000		4002143	N	7003163	A		1		4002143
1000000		4002281	N	7003163	A		1		4002281
1000000		4002300	N	7003163	A		1		4002300
1000000		4002302	N	7003166	A		1		4002302
1000000		4002333	N	7003163	A		1		4002333
1000000		4002344	N	1003460	A		1		4002344
1000000		4002353	N	7003163	A		1		4002353
1000000		4002427	N	7003168	A		1		4002427
1000000		4002439	N	7003163	A		1		4002439
1000000		4002640	N	7003168	A		1		4002640
1000000		4002660	N	7003162	A		1		4002660
1000000		4002753	N	1003473	A		1		4002753
1000000		4002779	N	7003163	A		1		4002779
1000000		4002789	N	7003167	A		1		4002789
1000000		4002793	N	7003167	A		1		4002793
1000000		4002803	N	7003164	A		1		4002803
1000000		4002880	N	7003163	A		1		4002880
1000000		4003081	N	7003168	A		1		4003081
1000000		4003317	N	7003163	A	Frazione of Pontassieve, famous for the ceramics factory founded in 1735 by Carlo Ginori.	1		4003317
1000000		4003884	N	7003163	A		1		4003884
1000000		4003903	N	7003163	A		1		4003903
1000000		4003918	N	7009760	A	Refers to the city of Florence and surrounding territory that was briefly ruled as a republic in the late 15th and early 16th centuries. In 1494 Florence declared itself a republic, aided by the French under King Charles VIII and after the death of the powerful ruler Lorenzo de'Medici. Republican Florence was led briefly by the outspoken Dominican preacher, Girolamo Savonarola; his strict rule came to an end in 1498. The republic virtually ended when the Medici returned to Florence in triumph in 1512 behind the papal and Spanish armies, reasserting unambiguous power. Republicans again expelled the Medici from Florence from 1527-1530. In 1537 Charles V officially installed Cosimo I de' Medici as duke of Florence and, in 1569, as grand duke of Tuscany.	1		4003918
1000000		4003976	N	7003163	A		1		4003976
1000000		4004239	N	7003162	A		1		4004239
1000000		4004361	N	1003460	A		1		4004361
1000000		4004422	N	7003163	A		1		4004422
1000000		4004519	N	7003163	A		1		4004519
1000000		4005345	N	7003164	P		1		4005345
1000000		4006085	N	7003165	A		1		4006085
1000000		4006399	N	7003163	A		1		4006399
1000000		4006636	N	7003163	A		1		4006636
1000000		4006667	N	1003473	A		1		4006667
1000000		4006836	N	7003163	A		1		4006836
1000000		4006949	N	7003165	A		1		4006949
1000000		4006994	N	7003165	A		1		4006994
1000000		4007147	N	7003162	A		1		4007147
1000000		4007376	N	7003168	A		1		4007376
1000000		4007395	N	7003165	A		1		4007395
1000000		4007415	N	7003162	A		1		4007415
1000000		4007418	N	7003163	A		1		4007418
1000000		4007428	N	7003165	A		1		4007428
1000000		4007430	N	1003460	A		1		4007430
1000000		4007432	N	7024741	A		1		4007432
1000000		4007436	N	7003163	A		1		4007436
1000000		4007536	N	7003163	A		1		4007536
1000000		4007544	N	7003164	A		1		4007544
1000000		4007713	N	7003163	A		1		4007713
1000000		4008606	N	7003168	A		1		4008606
1000000		4008629	N	7003163	A		1		4008629
1000000		4008630	N	7003163	A		1		4008630
1000000		4008633	N	7003167	A		1		4008633
1000000		4008700	N	7003163	A		1		4008700
1000000		4008796	N	7000457	A		1		4008796
1000000		4008821	N	7003167	A		1		4008821
1000000		4008823	N	7003163	A		1		4008823
1000000		4008833	N	7003162	A		1		4008833
1000000		4009026	N	7003168	A		1		4009026
1000000		4009191	N	7003163	A		1		4009191
1000000		4009196	N	7003168	A		1		4009196
1000000		4009272	N	7000457	A		1		4009272
1000000		4009376	N	7003165	A		1		4009376
1000000		4009496	N	7003163	A		1		4009496
1000000		4009900	N	7003163	A		1		4009900
1000000		4009905	N	7003168	A		1		4009905
1000000		4009908	N	7003165	A		1		4009908
1000000		4009921	N	7003168	A		1		4009921
1000000		4009934	N	7003163	A		1		4009934
1000000		4009964	N	7003163	A		1		4009964
1000000		4009967	N	7003163	A		1		4009967
1000000		4009970	N	7003166	A		1		4009970
1000000		4009978	N	7003168	A		1		4009978
1000000		4009984	N	7003163	A		1		4009984
1000000		4010042	N	7003163	A		1		4010042
1000000		4010045	N	7003163	A		1		4010045
1000000		4010067	N	7003168	A		1		4010067
1000000		4010288	N	7003165	A		1		4010288
1000000		4010336	N	7003163	A		1		4010336
1000000		4010338	N	7003167	A		1		4010338
1000000		4010360	N	7003163	A		1		4010360
1000000		4010671	N	7003167	A		1		4010671
1000000		4011334	N	1003473	A		1		4011334
1000000		4011352	N	7003163	A		1		4011352
1000000		4011602	N	7003167	A		1		4011602
1000000		4011603	N	7009760	P		1		4011603
1000000		4011735	N	1003473	A		1		4011735
1000000		4011776	N	7003165	A		1		4011776
1000000		4011913	N	7003168	A		1		4011913
1000000		5002255	N	7003163	A		1		5002255
1000000		5002811	N	7003163	A		1		5002811
1000000		5002812	N	7003168	A		1		5002812
1000000		5002824	N	7003168	A		1		5002824
1000000		5002825	N	7003163	A		1		5002825
1000000		5002835	N	7003162	A		1		5002835
1000000		5002844	N	7003167	A		1		5002844
1000000		5002845	N	7003162	A		1		5002845
1000000		5002848	N	7003162	A		1		5002848
1000000		5002851	N	7000457	A		1		5002851
1000000		5002856	N	7000457	A		1		5002856
1000000		5002857	N	7003167	A		1		5002857
1000000		5002859	N	7003163	A		1		5002859
1000000		5002866	N	7003163	A		1		5002866
1000000		5002871	N	7003163	A	Village in the Arno valley, near Florence; church of San Bartolo (reconstructed in 1304) has a memorial stone attesting to its original construction, & an altarpiece attributed to Neri di Bicci (ca. 1418-ca. 1492).	1		5002871
1000000		5002872	N	7003163	A		1		5002872
1000000		5002873	N	7003163	A		1		5002873
1000000		5002876	N	7003162	A		1		5002876
1000000		5002884	N	7009760	P	Bend in the Arno River, near Rovezzano; site of church of San Jacopo al Girone.	1		5002884
1000000		5002885	N	7003163	A		1		5002885
1000000		5002887	N	7003162	A		1		5002887
1000000		5002890	N	7003163	A		1		5002890
1000000		5002891	N	7003163	A		1		5002891
1000000		5002892	N	7003163	A		1		5002892
1000000		5002893	N	7003163	A		1		5002893
1000000		5002894	N	7003163	A		1		5002894
1000000		5002895	N	7003166	A		1		5002895
1000000		5002898	N	7003162	A		1		5002898
1000000		5002899	N	7003163	A		1		5002899
1000000		5002901	N	7003163	A		1		5002901
1000000		5002902	N	7003163	A		1		5002902
1000000		5002903	N	7003163	A		1		5002903
1000000		5002904	N	7000457	A		1		5002904
1000000		5002905	N	7003163	A		1		5002905
1000000		5002906	N	7003163	A		1		5002906
1000000		5002909	N	7000457	A		1		5002909
1000000		5002912	N	7003163	A		1		5002912
1000000		5002914	N	7003163	A		1		5002914
1000000		5002915	N	7003163	A	Suburb of Empoli; noted as birthplace of the painter Jacopo Carrucci, called Pontormo (1494-1556).	1		5002915
1000000		5002918	N	7003163	A		1		5002918
1000000		5002919	N	7003163	A		1		5002919
1000000		5002920	N	7003163	A		1		5002920
1000000		5002921	N	7003163	A		1		5002921
1000000		5002922	N	7000457	A		1		5002922
1000000		5002923	N	7003163	A		1		5002923
1000000		5002924	N	7003163	A		1		5002924
1000000		5002926	N	7003163	A		1		5002926
1000000		5002927	N	7003163	A		1		5002927
1000000		5002928	N	7003163	A		1		5002928
1000000		5002929	N	7000457	A		1		5002929
1000000		5002930	N	7003163	A		1		5002930
1000000		5002931	N	7003163	A		1		5002931
1000000		5002934	N	7003163	A		1		5002934
1000000		5002935	N	7003163	A		1		5002935
1000000		5002936	N	7003163	A		1		5002936
1000000		5002937	N	7003163	A		1		5002937
1000000		5002941	N	7003163	A		1		5002941
1000000		5002943	N	7003163	A		1		5002943
1000000		5002945	N	7003163	A		1		5002945
1000000		5002947	N	7000457	A		1		5002947
1000000		5002948	N	7003163	A		1		5002948
1000000		5002951	N	7003163	A		1		5002951
1000000		5002952	N	7003166	A		1		5002952
1000000		5002962	N	1003460	A		1		5002962
1000000		5002965	N	1003460	P		1		5002965
1000000		5002967	N	1003460	A		1		5002967
1000000		5002971	N	1003460	A		1		5002971
1000000		5002975	N	1003460	A		1		5002975
1000000		5002976	N	7006197	A		1		5002976
1000000		5002982	N	1003460	A		1		5002982
1000000		5002987	N	7003165	A		1		5002987
1000000		5002989	N	7003165	A		1		5002989
1000000		5002990	N	7003165	A		1		5002990
1000000		5002991	N	7003165	A		1		5002991
1000000		5002992	N	7003165	A		1		5002992
1000000		5002994	N	1003473	A		1		5002994
1000000		5002996	N	1003473	A		1		5002996
1000000		5002997	N	1003473	A		1		5002997
1000000		5003004	N	7003166	A		1		5003004
1000000		5003005	N	7003166	A		1		5003005
1000000		5003009	N	7003166	A		1		5003009
1000000		5003011	N	7003166	A		1		5003011
1000000		5003014	N	7003167	A		1		5003014
1000000		5003017	N	7003167	A		1		5003017
1000000		5003019	N	7003168	A		1		5003019
1000000		5003021	N	7003168	A		1		5003021
1000000		5003024	N	7003168	A		1		5003024
1000000		5003027	N	7003168	A		1		5003027
1000000		5003031	N	7003168	A		1		5003031
1000000		5003033	N	7003168	A		1		5003033
1000000		5003035	N	7003168	A		1		5003035
1000000		5003038	N	7003168	A		1		5003038
1000000		5003049	N	7003168	A		1		5003049
1000000		5003051	N	7003168	A		1		5003051
1000000		5003060	N	7003166	A		1		5003060
1000000		5004321	N	1003460	A		1		5004321
1000000		6005278	N	1003460	A		1		6005278
1000000		7000214	N	7003168	A	Tiny hill town overlooking the Arbia river; was fortified in 14th cen.	1		7000214
1000000		7000457	M	7003163	A	The original settlement was a Roman military center at the head of navigation on the Arno river and on the Casian Way. It escaped capture by the Goths in the 5th century, and by the 12th century was a thriving center. It was torn apart in Medieval times by the violent Guelph/Ghibelline rivalry: a series of wars was fought from the mid-13th century through the early 14th century between Guelf-controlled Florence and its allies (Montepulciano, Bologna, and Orvieto) and its Ghibelline opponents (Pisa, Siena, Pistoia, and Arezzo).  Florence came under the rule of the  Medici family from 1434. 	1		7000457
1000000		7000478	M	7003162	A	Oratory was founded on the site in 10th cen.; was an important medieval & Renaissance center; noted as birthplace of painters Piero della Francesca (died 1492) & Matteo di Giovanni & as home of the Alberti family of architects & sculptors.	1		7000478
1000000		7000479	M	7003162	A		1		7000479
1000000		7003162	M	7009760	A		1		7003162
1000000		7003163	M	7009760	A		1		7003163
1000000		7003164	M	7009760	A		1		7003164
1000000		7003165	M	7009760	A		1		7003165
1000000		7003166	M	7009760	A		1		7003166
1000000		7003167	M	7009760	A		1		7003167
1000000		7003168	M	7009760	A		1		7003168
1000000		7004014	M	7003168	A		1		7004014
1000000		7004039	M	7003167	A		1		7004039
1000000		7004249	M	1003473	A	Was first fortified as feudal holding of Obertenghi family; was long an object of dispute between Pisa & Lucca, then between Visconti & Florentines; went to marchese Malaspina in 15th cen.; was capital of independent principality & duchy until 1859.	1		7004249
1000000		7004847	M	7003127	A	Etruscan town was taken by Gallic Boii 4th century BCE; was Roman colony ca. 196 BCE; part of Greek exarchate of Ravenna 6th century CE, then went to pope; damaged in Goth and Hun invasions. There was internal Guelph-Ghibelline strife and a series of wars was fought from the mid-13th century through the early 14th century between Guelf-controlled Florence and allies (Montepulciano, Bologna, and Orvieto) and their Ghibelline opponents (Pisa, Siena, Pistoia, and Arezzo). Bologna thrived under Papal States from 1506.	1		7004847
1000000		7004898	M	7003163	A		1		7004898
1000000		7004955	M	7003163	A		1		7004955
1000000		7005060	M	7003167	A	Located on Ombrone river; noted as site of death of Roman demagogue Catiline in battle of 63 BCE; important early Christian center; flourished as prosperous, free commune from the 11th century; became important banking center; held by Florence from the 14th century. A series of wars was fought from the mid-13th century through the early 14th century between Guelf-controlled Florence and allies (Montepulciano, Bologna, and Orvieto) and their Ghibelline opponents (Pisa, Siena, Pistoia, and Arezzo).	1		7005060
1000000		7005124	M	7003171	A	Located on Poglia river; was one of 12 ancient cities of Etruria; sacked and taken by Rome in 264 BCE; later ruled by Goths, Byzantines and Lombards; was an independent commune in 12th century; torn by civil strife and external wars. A series of wars was fought from the mid-13th century through the early 14th century between Guelf-controlled Florence and allies (Montepulciano, Bologna, and Orvieto) and their Ghibelline opponents (Pisa, Siena, Pistoia, and Arezzo). Orvieto was taken by the papacy in 1448.	1		7005124
1000000		7006022	M	1003460	A		1		7006022
1000000		7006072	M	7003162	A	Was one of 12 ancient cities of Etruria and was allied with Rome from the 3rd century BCE. A thriving medieval center, Arezzo was taken by Florence in 1384. A series of wars was fought from the mid-13th century through the early 14th century between Guelf-controlled Florence and allies (Montepulciano, Bologna, and Orvieto) and their Ghibelline opponents (Pisa, Siena, Pistoia, and Arezzo). Arezzo was later a part of grand duchy of Tuscany; it was ruled by the French after Napoleonic Wars, and then by the Hapsburgs. The city was damaged during WW II. 	1		7006072
1000000		7006073	M	1003460	A	Located on low-lying Maremma coastal plain near Ombrone river; site was once in a shallow gulf, now the marshy desert Maremma; was plagued by malaria until the marsh was drained; noted for 13th-cen. Gothic cathedral, fortified citadel & Etruscan museum.	1		7006073
1000000		7006074	M	7003164	A	Located on Ligurian Sea, surrounded by low hills; was given by countess Matilda of Tuscany to Pisan church in 1103; flourished as commercial center; went to Visconti family in 1399, to Genoa & then to Florence in 15th cen.; was damaged in WW II.	1		7006074
1000000		7006075	M	7003165	A		1		7006075
1000000		7006076	M	7003165	A	Located in Serchio river valley, near the Ligurian Sea. Was settled by Ligurians and was later an Etruscan center; Romans probably established colony here in 180 BCE. It was ruled by Goths from CE 476, Byzantines, Lombards & Franks from 774. Lucca was an independent republic from 1118 until Napoleon I made it a principality in 1805. In 1817 it became part of the duchy of Parma and in 1847 part of the grand duchy of Tuscany. Lucca was annexed to the kingdom of Sardinia in 1860.	1		7006076
1000000		7006077	M	1003473	A	Located on the Carrione river; gained importance as marble-quarrying center, noted for fine white marble suitable for sculpture; was important medieval center; was center of Massa-Carrara principality & duchy (after 1633).	1		7006077
1000000		7006080	M	1003460	A	Was probably founded by the Etruscans; gained stature in 9th cen., when episcopal see was transferred here from Populonia; destroyed by Saracens in 935; was at war with Pisa & Siena in Middle Ages; was birthplace of St. Bernardino da Siena in 1380.	1		7006080
1000000		7006082	M	7003166	A	Located on Arno river, six miles from Ligurian sea, it was developed as Roman naval base. It became a leading medieval city-state and maritime power; made commercial contacts in Syria during the 11th-century Crusades. Pisa was a Ghibelline stronghold; a series of wars was fought from the mid-13th century through the early 14th century between Guelf-controlled Florence and allies (Montepulciano, Bologna, and Orvieto) and their Ghibelline opponents (Pisa, Siena, Pistoia, and Arezzo). Pisa was held by Florence from the 15th century.	1		7006082
1000000		7006107	M	7003162	A		1		7006107
1000000		7006109	M	7003162	A		1		7006109
1000000		7006110	M	7003162	A		1		7006110
1000000		7006111	M	7003162	A		1		7006111
1000000		7006112	M	7003162	A		1		7006112
1000000		7006113	M	7003162	A		1		7006113
1000000		7006114	M	7003162	A		1		7006114
1000000		7006115	M	7003162	A		1		7006115
1000000		7006116	M	7003162	A		1		7006116
1000000		7006117	M	7003162	A		1		7006117
1000000		7006118	M	7003162	A		1		7006118
1000000		7006119	M	7003162	A		1		7006119
1000000		7006120	M	7003162	A	Located on a hillside; was one of the 12 original Etruscan cities; was confederated with Rome in 310 BCE; taken by Vandals in 405 CE; became part of Grand Duchy of Tuscany after a siege by Pope Clement VII and Emperor Charles V in 1529.	1		7006120
1000000		7006121	M	7003162	A		1		7006121
1000000		7006122	M	7003162	A	Hill town with broad view of the Val di Chiana; was an ancient Etrusco-Roman center; later was an important medieval center; modern town retains many medieval buildings.	1		7006122
1000000		7006123	M	7003162	A		1		7006123
1000000		7006124	M	7000457	A		1		7006124
1000000		7006125	M	7000457	A		1		7006125
1000000		7006126	M	7000457	A		1		7006126
1000000		7006128	M	7000457	A		1		7006128
1000000		7006129	N	7000457	A		1		7006129
1000000		7006130	N	7000457	A		1		7006130
1000000		7006131	N	7000457	A		1		7006131
1000000		7006132	N	7000457	A		1		7006132
1000000		7006133	N	7000457	A		1		7006133
1000000		7006134	N	7000457	A		1		7006134
1000000		7006135	N	7000457	A		1		7006135
1000000		7006136	M	7003163	A		1		7006136
1000000		7006137	M	7003163	A		1		7006137
1000000		7006138	M	7003163	A		1		7006138
1000000		7006139	M	7003163	A		1		7006139
1000000		7006140	M	7003163	A	Small village near Florence, site of 11th-cen. church of Sant'Andrea, damaged during World War II & later restored.	1		7006140
1000000		7006141	M	7003163	A	Hill town located above Florence; was an Etruscan center, possibly founded in 8th century BCE; was conquered by Rome in 283 BCE; taken by Florence in 1125 CE; noted as home of painter Fra Angelico.	1		7006141
1000000		7006142	M	7003163	A		1		7006142
1000000		7006143	M	7003163	A		1		7006143
1000000		7006144	M	7003163	A		1		7006144
1000000		7006145	M	7003163	A		1		7006145
1000000		7006146	M	7003163	A		1		7006146
1000000		7006147	M	7003163	A		1		7006147
1000000		7006148	M	7003163	A		1		7006148
1000000		7006149	M	7003163	A		1		7006149
1000000		7006151	M	7003163	A		1		7006151
1000000		7006152	M	7003163	A		1		7006152
1000000		7006153	M	7003163	A		1		7006153
1000000		7006155	M	7003163	A		1		7006155
1000000		7006157	M	7003163	A		1		7006157
1000000		7006159	M	7003163	A		1		7006159
1000000		7006161	M	7024741	A	Located on Bisenzio river NW of Florence; by Middle Ages was a famous commercial center; was an independent commune by 11th cen.; taken by Florence in 1350; was sacked by Spanish in 1512 during campaign to restore Medici of Florence.	1		7006161
1000000		7006162	M	7003163	A		1		7006162
1000000		7006163	M	7003163	A		1		7006163
1000000		7006164	M	7003163	A		1		7006164
1000000		7006165	M	7003163	A		1		7006165
1000000		7006166	M	7003163	A		1		7006166
1000000		7006167	M	7003163	A		1		7006167
1000000		7006168	M	1006715	A		1		7006168
1000000		7006169	M	7003163	A		1		7006169
1000000		7006170	M	7003163	A		1		7006170
1000000		7006172	M	7003163	A		1		7006172
1000000		7006173	M	7003163	A	Hill town surrounded by olive groves & vineyards; noted as birthplace of the painter Leonardo da Vinci (1452-1519).	1		7006173
1000000		7006174	M	7003163	A		1		7006174
1000000		7006175	M	1003460	A		1		7006175
1000000		7006176	M	1003460	A		1		7006176
1000000		7006177	M	1003460	A		1		7006177
1000000		7006178	M	1007191	A		1		7006178
1000000		7006181	M	1003460	A		1		7006181
1000000		7006183	M	1003460	A		1		7006183
1000000		7006184	M	1003460	A		1		7006184
1000000		7006185	M	1003460	A		1		7006185
1000000		7006186	M	7003164	A		1		7006186
1000000		7006188	M	1003460	A	Located on the Ombrone river, near its confluence with the Gretano; was a feudal holding of the Aldobrandeschi family; went to Siena in 1193.	1		7006188
1000000		7006189	M	1003460	A		1		7006189
1000000		7006190	M	1003460	A		1		7006190
1000000		7006191	M	7003164	A		1		7006191
1000000		7006192	M	7003164	A		1		7006192
1000000		7006194	M	7003164	A		1		7006194
1000000		7006195	M	7003164	A		1		7006195
1000000		7006196	M	7006197	A		1		7006196
1000000		7006197	M	7003164	P	Largest Italian island after Sicily and Sardinia; iron ore has been mined here since Antiquity; was conquered by Etruscans, later by Romans (453 BCE); invaded by Longobards; dominated by Greek, Norman and Saracen pirates (9th-10th centuries CE).	1		7006197
1000000		7006198	M	7003165	A		1		7006198
1000000		7006200	M	7003165	A		1		7006200
1000000		7006201	M	7003165	A		1		7006201
1000000		7006202	M	7003165	A		1		7006202
1000000		7006204	M	7003165	A		1		7006204
1000000		7006205	M	7003165	A		1		7006205
1000000		7006206	M	7003165	A		1		7006206
1000000		7006207	M	7003165	A	Located on Ligurian Sea; Lucca constructed a wharf & fortification here in 12th cen.; houses had been constricted in the area by second half of 15th cen.; was a commercial center by late 16th cen.; developed as a spa center in 19th cen.	1		7006207
1000000		7006242	M	7003165	A		1		7006242
1000000		7006245	M	1003473	A		1		7006245
1000000		7006293	M	1003473	A		1		7006293
1000000		7006294	M	7003166	A		1		7006294
1000000		7006295	M	7003166	A		1		7006295
1000000		7006296	M	7003166	A		1		7006296
1000000		7006299	M	7003166	A		1		7006299
1000000		7006300	M	7003166	A		1		7006300
1000000		7006301	M	7003166	A		1		7006301
1000000		7006302	M	7003166	A		1		7006302
1000000		7006303	M	7003166	A		1		7006303
1000000		7006304	M	7003166	A		1		7006304
1000000		7006305	M	7003166	A		1		7006305
1000000		7006306	M	7003167	A		1		7006306
1000000		7006307	M	7003167	A		1		7006307
1000000		7006308	M	7003167	A	Located on thermal mineral springs & baths; famous as site of defeat of Florence by Uguccione della Faggiuola of Pisa in 1315, in wars between Black & White factions of Guelphs; mineral baths were constructed in 14th cen. & town became a spa center.	1		7006308
1000000		7006309	M	7003162	A		1		7006309
1000000		7006310	M	7003166	A	Located on the left bank of the Arno; was long affected by battles between Lucca & Pisa, & between Pisa & Florence; noted for incident when Florentines sacked the town following defeat of Pisans in 1364 in long Guelph/Ghibelline struggle.	1		7006310
1000000		7006312	M	7003168	A		1		7006312
1000000		7006313	M	7003168	A	Noted as site of early monumental Archaic Etruscan sanctuary dating ca. 650 BC & other ancient structures.	1		7006313
1000000		7006314	M	7003168	A		1		7006314
1000000		7006315	M	7003168	A		1		7006315
1000000		7006317	M	7003168	A		1		7006317
1000000		7006318	M	7003168	A		1		7006318
1000000		7006319	M	7003168	A		1		7006319
1000000		7006320	M	7003168	A		1		7006320
1000000		7006321	M	7003168	A		1		7006321
1000000		7006322	M	7003168	A	Town planning was sponsored by Pius II (of Piccolomini family); was created as a haven for Humanist culture; architect Bernardo Rossellino designed the urban plan that included a cathedral, episcopal palace, town hall & the Piccolomini palace.	1		7006322
1000000		7006323	M	7003168	A		1		7006323
1000000		7006324	M	7003168	A		1		7006324
1000000		7006325	M	7003168	A		1		7006325
1000000		7006326	M	7003168	A		1		7006326
1000000		7006327	M	7003163	A		1		7006327
1000000		7006328	M	7003168	A		1		7006328
1000000		7006329	M	7009760	P		1		7006329
1000000		7006330	M	7003168	A		1		7006330
1000000		7006331	M	7003168	A		1		7006331
1000000		7006332	M	7003168	A		1		7006332
1000000		7006333	M	7003168	A		1		7006333
1000000		7006334	M	7003168	A	Walled hill town that still retains medieval character; named for 4th-cen. bishop who freed the town from Germanic control; troubled by Guelph/Ghibelline conflict of 2 feuding families in Middle Ages; taken by Florence in 1250, & again in 14th cen.	1		7006334
1000000		7006335	M	7003168	A		1		7006335
1000000		7006336	M	7003168	A		1		7006336
1000000		7006337	M	7003168	A		1		7006337
1000000		7006338	M	7003168	A		1		7006338
1000000		7006339	M	7003168	A		1		7006339
1000000		7006341	M	7003168	A		1		7006341
1000000		7006344	M	7003168	A	Was one of the 12 original cities of Etruria; flourished 7th-6th centuries BCE; noted as site from which Lars Porsena marched against Rome ca. 500 BCE; was subject to Rome from 295 BCE; declined in Middle Ages due to proximity to swamps of Chiani river.	1		7006344
1000000		7006345	M	7003168	A	A series of wars was fought from the mid-13th century through the early 14th century between Guelf-controlled Florence and allies (Montepulciano, Bologna, and Orvieto) and their Ghibelline opponents (Pisa, Siena, Pistoia, and Arezzo).	1		7006345
1000000		7006346	M	7003168	A		1		7006346
1000000		7006520	M	7003163	A		1		7006520
1000000		7006522	M	7009760	A	Mountainous region in Tuscany that occupies the upper Arno Valley.	1		7006522
1000000		7006523	M	7003163	A		1		7006523
1000000		7006524	M	7003162	A		1		7006524
1000000		7006526	M	7003168	A		1		7006526
1000000		7006528	M	7003163	A		1		7006528
1000000		7006530	M	7003163	A		1		7006530
1000000		7006531	M	7009760	A	Area north of Florence, between the Apennine ridge & the Arno Valley.	1		7006531
1000000		7006533	M	7009760	A		1		7006533
1000000		7006537	M	7003162	A		1		7006537
1000000		7006539	M	7003163	P		1		7006539
1000000		7006543	M	7003163	A	Village in provincia di Firenze, near Vaiano; church has altarpiece by the Master of the Castello Nativity (15th cen.).	1		7006543
1000000		7006544	M	7003163	A		1		7006544
1000000		7006547	M	7003163	A		1		7006547
1000000		7006548	M	7003163	A		1		7006548
1000000		7006555	M	7003163	A		1		7006555
1000000		7006556	M	7003163	A		1		7006556
1000000		7006565	M	7003163	A		1		7006565
1000000		7006573	M	7003163	A		1		7006573
1000000		7006574	M	7003163	A		1		7006574
1000000		7006575	M	7003163	A	Located on lower Arno river; was active in medieval Florentine wars; famed for Ghibelline congress of 1260, where destruction of defeated Florence was successfully opposed (referred to in Dante's Inferno); was heavily damaged in WW II, but rebuilt.	1		7006575
1000000		7006579	M	7003163	A		1		7006579
1000000		7006581	M	7003163	A		1		7006581
1000000		7006582	M	7009760	A	Marshy region in W Italy, chiefly in province of Grosseto in Tuscany; was a malarial swamp until it was drained in 18th cen.; now is an important cattle-grazing & agricultural region.	1		7006582
1000000		7006584	M	1003460	A		1		7006584
1000000		7006588	M	1003460	A	Was ancient Etruscan town known for the battle fought with the Gauls in 225 BC; appears to have been destroyed by Sulla's troops in 82 BC.	1		7006588
1000000		7006589	M	7003163	P	Pass in the Tusco-Emiliano Apennines, between the Santerno & Sieve valleys.	1		7006589
1000000		7006590	M	7003166	A		1		7006590
1000000		7006591	M	7003168	A		1		7006591
1000000		7006592	M	7003163	A		1		7006592
1000000		7007728	M	7003168	A		1		7007728
1000000		7007731	M	7003162	A	Comprises 2 monasteries & surrounding dwellings; includes cenobitical monastery (altitude 2680 feet) as well as an eremitical monastery 2 miles farther up, both built by St. Romuald, founder of the Camaldolese congregation (1012-1015).	1		7007731
1000000		7008397	M	7003163	A		1		7008397
1000000		7008555	M	7003163	A		1		7008555
1000000		7008900	M	7003163	A		1		7008900
1000000		7009080	M	1003460	P		1		7009080
1000000		7009760	M	1000080	A	Area was core of ancient Etruria; conquered by Romans 4th century BCE; ruled by Lombards, then Franks; most cities became independent communes 11th-12th centuries; saw great strife between Guelphs and Ghibellines; part of grand duchy of Florence from the 16th century.	1		7009760
1000000		7009957	M	7003163	A		1		7009957
1000000		7010020	M	7003163	A		1		7010020
1000000		7010381	M	1003460	A	Was a Latin colony on rocky promontory on the Tyrrhenian coast N of Rome; was Etruscan Vulci center; had close ties to Magna Graecia; Romans founded colony here in 273 BC; remained loyal to Rome during 2nd Punic War; declined & last documented in 49 BC.	1		7010381
1000000		7010394	M	7003168	P	Highest mountain in Tuscany S of the Arno.	1		7010394
1000000		7011179	M	7003168	A	Siena was founded as an Etruscan hill town; later it was the Roman city of Sena Julia (3rd century BCE). It flourished under the Lombard kings (6th century CE) and was a Medieval self-governing commune (constitution dates to 1179). Siena was a Medieval seat of pro-imperial Ghibelline power and was an economic and territorial rival of Guelf (anti-imperial) Florence. The population was ravaged by the Black Death (bubonic plague) in 1348. Siena was ruled by Charles of Anjou in the 13th century, the Visconti of Milan in the early 15th century, and the Medici of Florence after 1557.	1		7011179
1000000		7011181	M	1003460	A		1		7011181
1000000		7015413	M	1003460	A	Located near Grosseto, near a warm mineral springs; was ancient Etruscan city, then a Roman city and later an episcopal see; was sacked by the Saracens in 935, and deserted by the 12th century.	1		7015413
1000000		7015529	M	1003460	P		1		7015529
1000000		7017499	N	7003168	A		1		7017499
1000000		7017500	N	1003460	A		1		7017500
1000000		7017853	M	7009760	A	Hilly area in central Toscana corresponding roughly to modern communes of Radda, Castellina & Gaiole; inhabited since Etruscan times; was later under Roman rule; noted for feud of the Firidolfi family in 8th cen.; famous for wine production.	1		7017853
1000000		7018786	M	7003168	P		1		7018786
1000000		7023825	M	7003168	A		1		7023825
1000000		7023893	M	7003168	A		1		7023893
1000000		7023894	M	7003168	A		1		7023894
1000000		7024113	M	7023981	A	Includes area of Etruscan culture in central Italy, particularly confederation of 12 city states; Etruscans possibly arrived from Asia Minor in 9th century BCE, or were of local origins; modern scholars believe they include early Villanovan culture; economy was based on agriculture, mining iron and copper, and harvesting forests; was noted as fierce maritime power; flourished in the 7th-3rd centuries BCE, culture had been absorbed by Roman culture by 1st century BCE.	1		7024113
1000000		7024602	N	7003164	P		1		7024602
1000000		7024741	N	7009760	A		1		7024741
			N	7003168	A		1		7028107
			N	1000000	F	Level in TGN under which are placed all modern and historical continents, physical features, and nations on planet Earth.	1		7029392
			N	7003163	A		1		7029393
			N	7003168	A	Etruscan settlement located at southwest edge of modern Siena; it is on a flattened conical hill. It was founded in the Late Etruscan perod, which was a period of economic growth and turbulent political change in this part of Etruria. It is believed that the entire area was depopulated of Etruscans in the early 1st century BCE, then repopulated by a Roman colony at Siena.	1		7029473
			N	7003165	A		1		7029528
			N	7006192	A		1		7030235
