		C	P	P		1000000	1000000
		C	P	P		7029392	1000003
		C	P	P		1000003	1000080
		C	P	P		7009760	1003460
		C	P	P		7009760	1003473
		C	P	P		7003164	1006715
		C	P	P		1003460	1007187
		C	P	P		1003460	1007191
		C	P	P		7003164	1008204
		C	P	P		7006197	1012389
		C	P	P		7003167	1043080
		C	P	P		7003167	1043117
		C	P	P		7003164	1043230
		C	P	P		1003460	1043261
		C	P	P		7003164	1043270
		C	P	P		7003166	1043289
		C	P	P		7003165	1043291
		C	P	P		7003162	1043360
		C	P	P		7003168	1043373
		C	P	P		1003473	1043381
		C	P	P		1003473	1043404
		C	P	P		7003163	1043406
		C	P	P		7003164	1043500
		C	P	P		7003166	1043506
		C	P	P		7003162	1043665
		C	P	P		7003166	1043693
		C	P	P		7003166	1043728
		C	P	P		7003168	1043776
		C	P	P		7003162	1043808
		C	P	P		7003166	1043843
		C	P	P		7006197	1043852
		C	P	P		7003167	1043854
		C	P	P		1003473	1043955
		C	P	P		7003164	1043975
		C	P	P		7003168	1043986
		C	P	P		1003460	1043996
		C	P	P		1003460	1044018
		C	P	P		7003168	1044056
		C	P	P		7003165	1044058
		C	P	P		7003166	1044060
		C	P	P		7003162	1044073
		C	P	P		1003460	1044085
		C	P	P		7003164	1044126
		C	P	P		7003166	1044204
		C	P	P		1003460	1044250
		C	P	P		7003167	1044257
		C	P	P		1003460	1044289
		C	P	P		7003162	1044293
		C	P	P		7003164	1044329
		C	P	P		1003473	1044342
		C	P	P		7003163	1044363
		C	P	P		7003165	1044378
		C	P	P		7003163	1044419
		C	P	P		7003163	1044483
		C	P	P		1003473	1044532
		C	P	P		7003166	1044568
		C	P	P		1003473	1044626
		C	P	P		1003460	1044641
		C	P	P		1003460	1044654
		C	P	P		7003163	1044669
		C	P	P		7003165	1044679
		C	P	P		1003473	1044682
		C	P	P		7003168	1044730
		C	P	P		7003163	1044749
		C	P	P		7003167	1044775
		C	P	P		1003460	1044778
		C	P	P		1007191	1044816
		C	P	P		7003167	1044983
		C	P	P		7003166	1045019
		C	P	P		7003166	1045020
		C	P	P		7003165	1045050
		C	P	P		7003167	1045051
		C	P	P		1003473	1045082
		C	P	P		7003165	1045085
		C	P	P		1003460	1045182
		C	P	P		1003460	1045211
		C	P	P		7006197	1045242
		C	P	P		7006197	1045243
		C	P	P		7006197	1045256
		C	P	P		1003473	1045258
		C	P	P		7003164	1045259
		C	P	P		1003460	1045261
		C	P	P		1003473	1045262
		C	P	P		7003165	1045265
		C	P	P		7003166	1045266
		C	P	P		7003163	1045278
		C	P	P		7003165	1045307
		C	P	P		7003167	1045466
		C	P	P		1003460	1045544
		C	P	P		7003168	1045551
		C	P	P		1003460	1045557
		C	P	P		7003166	1045563
		C	P	P		7003163	1045566
		C	P	P		7003168	1045576
		C	P	P		1003460	1045577
		C	P	P		7003166	1045582
		C	P	P		7003165	1045612
		C	P	P		1003473	1045629
		C	P	P		7003167	1045754
		C	P	P		7003162	1045918
		C	P	P		7003165	1045931
		C	P	P		7003162	1045959
		C	P	P		7003168	1045962
		C	P	P		7003167	1045970
		C	P	P		7003163	1045991
		C	P	P		7003165	1046000
		C	P	P		7003162	1046002
		C	P	P		7003167	1046031
		C	P	P		7003166	1046075
		C	P	P		7003166	1046082
		C	P	P		7003163	1046089
		C	P	P		7003163	1046095
		C	P	P		7003165	1046096
		C	P	P		7003168	1046097
		C	P	P		7003167	1046118
		C	P	P		1003460	1046135
		C	P	P		7006197	1046139
		C	P	P		1003460	1046148
		C	P	P		7006197	1046205
		C	P	P		7003162	1046210
		C	P	P		7003167	1046215
		C	P	P		7003164	1046217
		C	P	P		7003168	1046228
		C	P	P		7006197	1046288
		C	P	P		1003460	1046302
		C	P	P		1003460	1046346
		C	P	P		7003164	1046384
		C	P	P		7003164	1046385
		C	P	P		7003166	1046438
		C	P	P		7003167	1046451
		C	P	P		7003166	1046545
		C	P	P		7003167	1046567
		C	P	P		7003164	1046615
		C	P	P		7003164	1046641
		C	P	P		7003166	1046703
		C	P	P		1003460	1046709
		C	P	P		7003166	1046712
		C	P	P		7003166	1046721
		C	P	P		1003460	1046802
		C	P	P		1003460	1046803
		C	P	P		7003165	1047001
		C	P	P		7003162	1047023
		C	P	P		7003164	1047036
		C	P	P		7003162	1047087
		C	P	P		7003162	1047093
		C	P	P		7003166	1047112
		C	P	P		7003165	1047144
		C	P	P		7003168	1047151
		C	P	P		7003163	1047166
		C	P	P		7024741	1047269
		C	P	P		7003166	1047332
		C	P	P		7003167	1047338
		C	P	P		7003164	1047352
		C	P	P		7024741	1047366
		C	P	P		1003473	1047446
		C	P	P		1003473	1047514
		C	P	P		7003168	1100052
		C	P	P		7003162	1100124
		C	P	P		7003166	1100133
		C	P	P		7009760	1101282
		C	P	P		1003473	1101289
		C	P	P		7009760	1103685
		C	P	P		7003164	1104120
		C	P	P		7006197	1104138
		C	P	P		1006715	1104163
		C	P	P		7003168	1104192
		C	P	P		7003162	1104629
		C	P	P		1003460	1105021
		C	P	P		1003460	1105368
		C	P	P		1003460	1105685
		C	P	P		7009760	1106401
		C	P	P		7009760	1106911
		C	P	P		7003167	1108367
		C	P	P		7009760	1108368
		C	P	P		7009760	1108469
		C	P	P		7009760	1108487
		C	P	P		7009760	1108527
		C	P	P		7003165	1108590
		C	P	P		7009760	1108724
		C	P	P		7009760	1108893
		C	P	P		7009760	1109344
		C	P	P		7003168	1109363
		C	P	P		7009760	1109495
		C	P	P		1003460	1109756
		C	P	P		7009760	1111810
		C	P	P		7009760	1112063
		C	P	P		1003460	1112377
		C	P	P		7003164	1114232
		C	P	P		1003460	1114802
		C	P	P		7003168	1115906
		C	P	P		7003165	1117234
		C	P	P		7009760	1121328
		C	P	P		7009760	1121388
		C	P	P		7009760	1121940
		C	P	P		1003460	1122250
		C	P	P		7009760	1122612
		C	P	P		7009760	1123066
		C	P	P		7009760	1123775
		C	P	P		7009760	1123823
		C	P	P		7009760	1124371
		C	P	P		7009760	1126117
		C	P	P		7009760	1126122
		C	P	P		1003473	1126668
		C	P	P		7009760	1127088
		C	P	P		7009760	1128089
		C	P	P		7009760	1128141
		C	P	P		7009760	1128558
		C	P	P		7009760	1129867
		C	P	P		7003163	1130008
		C	P	P		1003473	1137022
		C	P	P		1003460	4000491
		C	P	P		7003163	4000862
		C	P	P		7000457	4001112
		C	P	P		7003164	4001206
		C	P	P		7003165	4001386
		C	P	P		7003167	4001692
		C	P	P		7003167	4001976
		C	P	P		7003165	4002142
		C	P	P		7003163	4002143
		C	P	P		7003163	4002281
		C	P	P		7003163	4002300
		C	P	P		7003166	4002302
		C	P	P		7003163	4002333
		C	P	P		1003460	4002344
		C	P	P		7003163	4002353
		C	P	P		7003168	4002427
		C	P	P		7003163	4002439
		C	P	P		7003168	4002640
		C	P	P		7003162	4002660
		C	P	P		1003473	4002753
		C	P	P		7003163	4002779
		C	P	P		7003167	4002789
		C	P	P		7003167	4002793
		C	P	P		7003164	4002803
		C	P	P		7003163	4002880
		C	P	P		7003168	4003081
		C	P	P		7003163	4003317
		C	P	P		7003163	4003884
		C	P	P		7003163	4003903
		H	P	P		7009760	4003918
		C	P	P		7003163	4003976
		C	P	P		7003162	4004239
		C	P	P		1003460	4004361
		C	P	P		7003163	4004422
		C	P	P		7003163	4004519
		C	P	P		7003164	4005345
		C	P	P		7003165	4006085
		C	P	P		7003163	4006399
		C	P	P		7003163	4006636
		C	P	P		1003473	4006667
		C	P	P		7003163	4006836
		C	P	P		7003165	4006949
		C	P	P		7003165	4006994
		C	P	P		7003162	4007147
		C	P	P		7003168	4007376
		C	P	P		7003165	4007395
		C	P	P		7003162	4007415
		C	P	P		7003163	4007418
		C	P	P		7003165	4007428
		C	P	P		1003460	4007430
		C	P	P		7024741	4007432
		C	P	P		7003163	4007436
		C	P	P		7003163	4007536
		C	P	P		7003164	4007544
		C	P	P		7003163	4007713
		C	P	P		7003168	4008606
		C	P	P		7003163	4008629
		C	P	P		7003163	4008630
		C	P	P		7003167	4008633
		C	P	P		7003163	4008700
		C	P	P		7000457	4008796
		C	P	P		7003167	4008821
		C	P	P		7003163	4008823
		C	P	P		7003162	4008833
		C	P	P		7003168	4009026
		C	P	P		7003163	4009191
		C	P	P		7003168	4009196
		C	P	P		7000457	4009272
		C	P	P		7003165	4009376
		C	P	P		7003163	4009496
		C	P	P		7003163	4009900
		C	P	P		7003168	4009905
		C	P	P		7003165	4009908
		C	P	P		7003168	4009921
		C	P	P		7003163	4009934
		C	P	P		7003163	4009964
		C	P	P		7003163	4009967
		C	P	P		7003166	4009970
		C	P	P		7003168	4009978
		C	P	P		7003163	4009984
		C	P	P		7003163	4010042
		C	P	P		7003163	4010045
		C	P	P		7003168	4010067
		C	P	P		7003165	4010288
		C	P	P		7003163	4010336
		C	P	P		7003167	4010338
		C	P	P		7003163	4010360
		C	P	P		7003167	4010671
		C	P	P		1003473	4011334
		C	P	P		7003163	4011352
		C	P	P		7003167	4011602
		C	P	P		7009760	4011603
		C	P	P		1003473	4011735
		C	P	P		7003165	4011776
		C	P	P		7003168	4011913
		C	P	P		7003163	5002255
		C	P	P		7003163	5002811
		C	P	P		7003168	5002812
		C	P	P		7003168	5002824
		C	P	P		7003163	5002825
		C	P	P		7003162	5002835
		C	P	P		7003167	5002844
		C	P	P		7003162	5002845
		C	P	P		7003162	5002848
		C	P	P		7000457	5002851
		C	P	P		7000457	5002856
		C	P	P		7003167	5002857
		C	P	P		7003163	5002859
		C	P	P		7003163	5002866
		C	P	P		7003163	5002871
		C	P	P		7003163	5002872
		C	P	P		7003163	5002873
		C	P	P		7003162	5002876
		C	P	P		7009760	5002884
		C	P	P		7003163	5002885
		C	P	P		7003162	5002887
		C	P	P		7003163	5002890
		C	P	P		7003163	5002891
		C	P	P		7003163	5002892
		C	P	P		7003163	5002893
		C	P	P		7003163	5002894
		C	P	P		7003166	5002895
		C	P	P		7003162	5002898
		C	P	P		7003163	5002899
		C	P	P		7003163	5002901
		C	P	P		7003163	5002902
		C	P	P		7003163	5002903
		C	P	P		7000457	5002904
		C	P	P		7003163	5002905
		C	P	P		7003163	5002906
		C	P	P		7000457	5002909
		C	P	P		7003163	5002912
		C	P	P		7003163	5002914
		C	P	P		7003163	5002915
		C	P	P		7003163	5002918
		C	P	P		7003163	5002919
		C	P	P		7003163	5002920
		C	P	P		7003163	5002921
		C	P	P		7000457	5002922
		C	P	P		7003163	5002923
		C	P	P		7003163	5002924
		C	P	P		7003163	5002926
		C	P	P		7003163	5002927
		C	P	P		7003163	5002928
		C	P	P		7000457	5002929
		C	P	P		7003163	5002930
		C	P	P		7003163	5002931
		C	P	P		7003163	5002934
		C	P	P		7003163	5002935
		C	P	P		7003163	5002936
		C	P	P		7003163	5002937
		C	P	P		7003163	5002941
		C	P	P		7003163	5002943
		C	P	P		7003163	5002945
		C	P	P		7000457	5002947
		C	P	P		7003163	5002948
		C	P	P		7003163	5002951
		C	P	P		7003166	5002952
		C	P	P		1003460	5002962
		C	P	P		1003460	5002965
		C	P	P		1003460	5002967
		C	P	P		1003460	5002971
		C	P	P		1003460	5002975
		C	P	P		7006197	5002976
		C	P	P		1003460	5002982
		C	P	P		7003165	5002987
		C	P	P		7003165	5002989
		C	P	P		7003165	5002990
		C	P	P		7003165	5002991
		C	P	P		7003165	5002992
		C	P	P		1003473	5002994
		C	P	P		1003473	5002996
		C	P	P		1003473	5002997
		C	P	P		7003166	5003004
		C	P	P		7003166	5003005
		C	P	P		7003166	5003009
		C	P	P		7003166	5003011
		C	P	P		7003167	5003014
		C	P	P		7003167	5003017
		C	P	P		7003168	5003019
		C	P	P		7003168	5003021
		C	P	P		7003168	5003024
		C	P	P		7003168	5003027
		C	P	P		7003168	5003031
		C	P	P		7003168	5003033
		C	P	P		7003168	5003035
		C	P	P		7003168	5003038
		C	P	P		7003168	5003049
		C	P	P		7003168	5003051
		C	P	P		7003166	5003060
		C	P	P		1003460	5004321
		C	P	P		1003460	6005278
		C	P	P		7003168	7000214
		C	P	P		7003163	7000457
		C	P	P		7003162	7000478
		C	P	P		7003162	7000479
		C	P	P		7009760	7003162
		C	P	P		7009760	7003163
		C	P	P		7009760	7003164
		C	P	P		7009760	7003165
		C	P	P		7009760	7003166
		C	P	P		7009760	7003167
		C	P	P		7009760	7003168
		C	P	P		7003168	7004014
		C	P	P		7003167	7004039
		C	P	P		1003473	7004249
the Etruscan city of Felsina was taken by Gallic Boii in the 4th century BCE	-300	H	N	P	-1000	7024113	7004847
		C	P	P		7003163	7004898
		C	P	P		7003163	7004955
		C	P	P		7003167	7005060
as Velzna, one of the major cities of the Etruscan federation, was destroyed in 264 BCE	-264	H	N	P	-1100	7024113	7005124
		C	P	P		1003460	7006022
		C	P	P		7003162	7006072
		H	N	P		7024113	7006072
		C	P	P		1003460	7006073
		C	P	P		7003164	7006074
		C	P	P		7003165	7006075
		C	P	P		7003165	7006076
		C	P	P		1003473	7006077
		C	P	P		1003460	7006080
		C	P	P		7003166	7006082
		H	N	P		7024113	7006082
		C	P	P		7003162	7006107
		C	P	P		7003162	7006109
		C	P	P		7003162	7006110
		C	P	P		7003162	7006111
		C	P	P		7003162	7006112
		C	P	P		7003162	7006113
		C	P	P		7003162	7006114
		C	P	P		7003162	7006115
		C	P	P		7003162	7006116
		C	P	P		7003162	7006117
		C	P	P		7003162	7006118
		C	P	P		7003162	7006119
		C	P	P		7003162	7006120
		H	N	P		7024113	7006120
		C	P	P		7003162	7006121
		C	P	P		7003162	7006122
		C	P	P		7003162	7006123
		C	P	P		7000457	7006124
		C	P	P		7000457	7006125
		C	P	P		7000457	7006126
		C	P	P		7000457	7006128
		C	P	P		7000457	7006129
		C	P	P		7000457	7006130
		C	P	P		7000457	7006131
		C	P	P		7000457	7006132
		C	P	P		7000457	7006133
		C	P	P		7000457	7006134
		C	P	P		7000457	7006135
		C	P	P		7003163	7006136
		C	P	P		7003163	7006137
		C	P	P		7003163	7006138
		C	P	P		7003163	7006139
		C	P	P		7003163	7006140
		C	P	P		7003163	7006141
		H	N	P		7024113	7006141
		C	P	P		7003163	7006142
		C	P	P		7003163	7006143
		C	P	P		7003163	7006144
		C	P	P		7003163	7006145
		C	P	P		7003163	7006146
		C	P	P		7003163	7006147
		C	P	P		7003163	7006148
		C	P	P		7003163	7006149
		C	P	P		7003163	7006151
		C	P	P		7003163	7006152
		C	P	P		7003163	7006153
		C	P	P		7003163	7006155
		C	P	P		7003163	7006157
		C	P	P		7003163	7006159
		C	P	P		7024741	7006161
		C	P	P		7003163	7006162
		C	P	P		7003163	7006163
		C	P	P		7003163	7006164
		C	P	P		7003163	7006165
		C	P	P		7003163	7006166
		C	P	P		7003163	7006167
		C	P	P		1006715	7006168
		C	P	P		7003163	7006169
		C	P	P		7003163	7006170
		C	P	P		7003163	7006172
		C	P	P		7003163	7006173
		C	P	P		7003163	7006174
		C	P	P		1003460	7006175
		C	P	P		1003460	7006176
		C	P	P		1003460	7006177
		C	P	P		1007191	7006178
		C	P	P		1003460	7006181
		C	P	P		1003460	7006183
		C	P	P		1003460	7006184
		C	P	P		1003460	7006185
		C	P	P		7003164	7006186
		C	P	P		1003460	7006188
		C	P	P		1003460	7006189
		C	N	P		7024113	7006189
		C	P	P		1003460	7006190
		C	P	P		7003164	7006191
		C	P	P		7003164	7006192
		C	P	P		7003164	7006194
		C	P	P		7003164	7006195
		H	N	P		7024113	7006195
		C	P	P		7006197	7006196
		C	P	P		7003164	7006197
		C	P	P		7003165	7006198
		C	P	P		7003165	7006200
		C	P	P		7003165	7006201
		C	P	P		7003165	7006202
		C	P	P		7003165	7006204
		C	P	P		7003165	7006205
		C	P	P		7003165	7006206
		C	P	P		7003165	7006207
		C	P	P		7003165	7006242
		C	P	P		1003473	7006245
		C	P	P		1003473	7006293
		C	P	P		7003166	7006294
		C	P	P		7003166	7006295
		C	P	P		7003166	7006296
		C	P	P		7003166	7006299
		C	P	P		7003166	7006300
		C	P	P		7003166	7006301
		C	P	P		7003166	7006302
		C	P	P		7003166	7006303
		C	P	P		7003166	7006304
		C	P	P		7003166	7006305
		H	N	P		7024113	7006305
		C	P	P		7003167	7006306
		C	P	P		7003167	7006307
		C	P	P		7003167	7006308
		C	P	P		7003162	7006309
		C	P	P		7003166	7006310
		C	P	P		7003168	7006312
		C	P	P		7003168	7006313
		C	P	P		7003168	7006314
		C	P	P		7003168	7006315
		C	P	P		7003168	7006317
		C	P	P		7003168	7006318
		C	P	P		7003168	7006319
		C	P	P		7003168	7006320
		C	P	P		7003168	7006321
		C	P	P		7003168	7006322
		C	P	P		7003168	7006323
		C	P	P		7003168	7006324
		C	P	P		7003168	7006325
		C	P	P		7003168	7006326
		C	P	P		7003163	7006327
		C	P	P		7003168	7006328
		C	P	P		7009760	7006329
		C	P	P		7003168	7006330
		C	P	P		7003168	7006331
		C	P	P		7003168	7006332
		C	P	P		7003168	7006333
		C	P	P		7003168	7006334
		C	P	P		7003168	7006335
		C	P	P		7003168	7006336
		C	P	P		7003168	7006337
		C	P	P		7003168	7006338
		C	P	P		7003168	7006339
		C	P	P		7003168	7006341
		C	P	P		7003168	7006344
		H	N	P		7024113	7006344
		C	P	P		7003168	7006345
		C	P	P		7003168	7006346
		C	P	P		7003163	7006520
		C	P	P		7009760	7006522
		C	P	P		7003163	7006523
		C	P	P		7003162	7006524
		C	P	P		7003168	7006526
		H	N	P		7024113	7006526
		C	P	P		7003163	7006528
		C	P	P		7003163	7006530
		C	P	P		7009760	7006531
		C	P	P		7009760	7006533
		C	P	P		7003162	7006537
		C	P	P		7003163	7006539
		C	P	P		7003163	7006543
		C	P	P		7003163	7006544
		C	P	P		7003163	7006547
		C	P	P		7003163	7006548
		C	P	P		7003163	7006555
		C	P	P		7003163	7006556
		C	P	P		7003163	7006565
		C	P	P		7003163	7006573
		C	P	P		7003163	7006574
		C	P	P		7003163	7006575
		C	P	P		7003163	7006579
		C	P	P		7003163	7006581
		C	P	P		7009760	7006582
		C	P	P		1003460	7006584
		C	P	P		1003460	7006588
		C	P	P		7003163	7006589
		C	P	P		7003166	7006590
		C	P	P		7003168	7006591
		C	P	P		7003163	7006592
		C	P	P		7003168	7007728
		C	P	P		7003162	7007731
		C	P	P		7003163	7008397
		C	P	P		7003163	7008555
		C	P	P		7003163	7008900
		C	P	P		1003460	7009080
part of new kingdom of Italy from 1861	9999	C	P	P	1861	1000080	7009760
		C	P	P		7003163	7009957
		C	P	P		7003163	7010020
		C	P	P		1003460	7010381
		C	P	P		7003168	7010394
		C	P	P		7003168	7011179
sites near Siena date to the Late Etruscan period	100	H	N	P	-400	7024113	7011179
		C	P	P		1003460	7011181
		C	P	P		1003460	7015413
		H	N	P		7024113	7015413
		C	P	P		1003460	7015529
		C	P	P		7003168	7017499
		C	P	P		1003460	7017500
		C	P	P		7009760	7017853
		C	P	P		7003168	7018786
		C	P	P		7003168	7023825
		C	P	P		7003168	7023893
		C	P	P		7003168	7023894
		C	P	P		7003164	7024602
		C	P	P		7009760	7024741
		C	P	P		7003168	7028107
		C	P	P		1000000	7029392
		C	P	P		7003163	7029393
		C	P	P		7003168	7029473
		C	P	P		7003165	7029528
		C	P	P		7006192	7030235
