aberdeen - directories
abolition of slavery
aborigines
abstinence
accidents
accountancy
accounting
accounts of club activities
acting
actor
actors
actresses
addresses
administration
adventure
adventure and adventurers
advertisement sheet
advertising
advice
aeronautics
africa
african culture
african heritage
african information
agents
agitation
agnosticism
agri.-economics
agri.-tenant farm...
agricultural - yearbooks
agricultural machinery
agricultural engineering
agricultural information
agricultural policy
agricultural products
agricultural statistics
agriculture
agriculture - annual reports
agriculture - societies
agriculture - study and teaching
agriculture - tenant farming
agriculture-leisure
alcohol
alcoholism
almanacs
almanacs with calendar
almanacs with general information and advice
alnwick - clubs
amat. theatric.
amateur theatricals
america
amusements
amusements of the month
anarchism
anatomy
ancestry
ancient greece
ancient civilizations
and adventure and adventures
and other denominational intelligence. together with the usual almanacs information
and the weekly averages. weekly calendars of gardening operations
anecdotes
anglican church
angling
anglo-saxon antiquities
animal activism
animal parasites
animals
animals, diseases
annals
annual reports
anthropology
anti-slavery
antiquarian science
antiquaries
antiquary
antiques
antiquities
antislavery
ants
apologetics
apothecaries
applied science
apprentices
arboriculture
archaelogoy of the district
archaeology
archaology
archeology
archit. eng
archit., ecclesiast
architect
architectural
architectural engineering
architecture
architecture and antiquities
architecture art
architecture, ecclesiastical
archives
arionidae
aristocracy
arminianism
arms and armor
army
art
art - galleries
art - museums
art - teaching and study
art and literary review
art criticism
art exhibitions
artifacts
artillery
artists
arts
asia
associations
assurance
astral science
astro-meteorology
astrology
astronomic meteorology
astronomical ephemeris
astronomical information
astronomy
asylums
athletics
atlases
auctions
australia
authors
autographs
automobiles
bachelor
bakeries
bakeries and baking
baking
ballads
ballot
banff
banff - directories
bankers in london
banking directory
bankruptcy
banks
banks  and  banking
banks and banking
baptisms
baptist
baptist societies
baptist information
bar
barbering
bark
baronage
barristers
bars
bazaars
beer
bees
belgium
belles lettres
bible
bible - criticism
bible - criticism, interpretation
bible - societies
bible - study
bible associations
biblical
biblical information
bibliography
bicycles
bicycles and bicycling
billiards
bills
biography
biology
birds
birmingham information
births
blasphemy
blind
board game
boards of trade
boat
bohemia
bonds
book making and selling
book reviews
bookbinding
books
booksellers  and  bookselling
booksellers and bookselling
botanical
botany
bowling
boxing
boys
bradford general information
breeding
brethren
brewing
brewing and general information
bricklaying
bridge - building
british law
british universities
british butterflies
british constitution
british empire
british fossils
builders
building
burgh - directories
burials
bury information
buses
business
business directory
business and industry - annual reports
business markets
cab fares
calendar
california
calvinism
canada
canals
carlisle - societies
carpentry
cartography
cash account
cash account for farmers
cash book
cash memoranda
catalogues
caterers and catering
cathedrals
catholic
catholic church
catholic church - clergy
catholic church - education
catholic church - history
catholic church - missions
catholic church - societies
catholic lit.
catholic literature
catholicism
cats
cattle
cattle home economics
cavan
celts
celts literature
cemeteries
chambers of com.
chambers of commerce
chapel directory
charitable institutions
charities
charities - london
charity
chartism
chartist
checkers
chemicals
chemistry
chemistry, medical and pharmaceutical
chess
child - charities
children
children - charities
children - diseases
children - education
children - hospitals
children - literature
children - magazines
children - periodicals
children - protection
children - relig lit
children - religious life
children - religious lit.
children - religious literature
children's literature
china
chinese history
choir
christadelphianism
christenings
christian
christian doctrine
christian education
christian information
christian life
christian literature
christian mission
christian readings and scripture readings
christian teaching
christianity
christianity - evidences
christianity parish government  and  administration
christianity and literature
christianity and politics
christmas
chronological history of manchester
church
church  and  education
church organizations
church societies
church almanacs
church and education
church and general information
church and social problems
church architecture
church finance
church furniture
church history
church information
church music
church news
church of england
church of scotland
church schools
church service books
church unity
church work
churches
churchyards
city government
civil service
civil engineering
civil rights
clans
classical music
classical studies
cleanliness
clergy
clergy information
clerks
cloth
clothing
clubs
co of - annuals
co of - direct
co of - directories
co of directories
co-operation
coal
coast guard
coffee houses
college information
college journalism
college periodicals
colleges
colonies
comedy
comic
comics
commerce
commercial
commercial affairs
commercial employees
commercial information
commercial matter.
communicable diseases
compagnies territoriales financieres et d'exploration sud-africaines
companies
companion to calendar
composition
composition printing
conchology
congregationalism
congress
conservative party
constitution
construction
contagious diseases
contagious diseases
cookery
cork
corn
corn laws
corporations
correctional institutions
correspondence
counties
country life
county government
county officers
courts
crafts
credit
crests
crichton - asylums
cricket
crime
crime and criminals
criminal law
criminals
criticism
crops
cruelty to children
crystallography
curates
curiosities of nature and art
curling
current events
current affairs
customs, social
daily scripture readings
daily events
daily meditations
dairies
dairying
dates
deaf
death notices
deaths
defence
deism
delinquents
demography
denmark
denominational school
dental
dentistry
design
destitution
devotion
devotional literature
devotional exercises
diamonds
diary
diocesan societies
diocesan magazine
directories
directories - belfast
disease pathology
diseases
diseases of animals
diseases, infectious
dispensaries
dissenters
dividends
divinity
dock dues
docks
doctors
doctrines
dogs
domestic account for the family
domestic arts
domestic information
domestic medicine
donegal
drama
drama and literature
dramatic art
draughts
drawing
dress patterns
drugs
dumb deaf-mutes
dumfries
dumfries - almanacs
dumfries - asylums
durham university
duties
dyes and dyeing
earlestown - directories
east asia
eastern europe
eastern arts and crafts
ecclesiastical affairs
ecclesiastical architecture
ecclesiastical directories
ecclesiastical furniture
ecclesiastical history
ecclesiology
eclipses
ecology
economical natural history
economics
economy
edinburgh - associations
edinburgh - clubs
edinburgh - hospitals
edinburgh - societies
educ., industr
education
education - societies
education and religion
education of children
education of girls
education of women
education, christian
education, industrial
education, schools, employment - directories
education, elementary
educational associations
educatn
eels
electioneering
elections
electrical
electrical engineering
electricity
electroplate
elementary
elgin - directories
emancipation of slaves
emigration
employees and officials
employees clerical
employment
employment management
endodontidae
endowed charities
engagements and cash account
engineering
engineers
england
english
english presbyterian church
english counties
english topography
engraving
entertainment
entertainments
entomology
ephemeres
episcopal church
episcopal church in england - clergy
erastianism
essays
essays, science
essays, short stories
etching
ethics
ethnology
etiquette
europe
evangelical
evangelistic work
events
evidences of christianity
examinations
exchange
exhibitions
exports
fabric
facetiae
factories
factory laws
fairs
family
family life
family medicines
family notices
family receipts
farm
farm - directories
farm and garden
farm engines
farm implements
farm life
farm management
farm mechanics
farm produce - marketing
farmers
farming
farming and gardening information
fashion
fauna
feasts
feminism
festivals
fiction
finance
financial
financial information
fine arts
fire-arms
fires
fisheries
fishing
flax
flora
flora and fauna
flora of halifax
floral almanacs
flour and flour mills
flowers
folk songs
folk-lore
food
football
foreign affairs
foreign and domestic issues
foreign and imperial intelligence
foreign news
foreign trade
foreign/domestic politics
forestry
forests
forests and forestry
fossils
france
free church
free church of england - associations
free church of england - missions
free church of scotland
free church of scotland - missions
free thought
free trade
freemasons
french socialism
friendly societies
fruit
fruit culture
funny literature
furnishing
furniture
gaelic - literature
gaelic-periodicals
gaels
galleries
game
game laws
games
gardeners
gardening
gardens
gas
gas manufacture
gas companies
gastronomy
gendre
genealogy
general family information
general information about exeter
general information about rugby
general interest topics
genetics
gentlemen
geography
geography-climate
geology
geomorphology
geoology
german literature
germany
gibraltar information
girls
girls - clubs
girls-clubs
glasgow - associations
glasgow - societies
god
golf
gossip
gossip. entertainment
government
government service
grain
graphic arts
graves
great britain
great britain army
greece
grocery trade
guide books
guilds
gymnastics
gynaecology
halifax information
hampshire
handbills
handbooks
handicraft
harbours
hats
hay
health
hebrew
heirs at law and next of kin information
helicidae
higher education
historical facts
history
history of settle and giggleswick
holidays
holland
home
home farm
home economics
homes institutions
homoeopathy
homosexuality
honey
hong kong
hops
horse racing
horse racing results
horses
horticulture
horticulture - societies
hosiery
hospitals
hours of labour
house of commons
house of lords
household
household advice
household information
housekeeping
houses
housing
humanitaries
humanities
humour
humourous sketches
hunting
hygiene
hymns
illustrations
immigrants
immigration
implements
imports
in memoriam
income
index to bankers in london
indexes
india
industr arts
industrial
industrial arts
industrial management
industry
industry- coal
industry-medicine
industry-railway
information about east grinstead
inland navigation
insanity
insects
insolvency
institutions - charitable and philanthropic
instruction
insurance
insurance - societies
insurance information
intelligence
international relations
international trade
interpretation
intoxicants
inventions
inventor
investments
ireland
irish
irish language
irish language - societies
irish language periodicals
irographies
iron industry and trade
ironmongers tools and articles
ironmongery
israel
italy
jamaica
jewellers
jewelry
jewish studies
jews
jokes
journalism
judaeo-german
judaism
judges
jurisprudence
kalendar
labour
labour institutional care
labour unions
labouring classes
ladies
lakes
lancashire dialect
lancashire stories
land
land tenure
landlord
landscape
language
language and languages
languages - modern study and teaching
law
law - annual reports
law - study and teaching
law and university terms
law terms
laws of the female school of industry
lawyers
leather
leather industry and trade
lectures
legal
legal and parliamentary reports
legal information
legends
legislation
leigh - directories
leisure
lepidoptera
letters
letters from the public
liberal
liberty
libraries
library catalogues
limacidae
linen
liquor trade
list of fairs
list of fairs  and  markets
list of important dates
list of members
literarature
literarture
literary
literary criticism
literary dates
literary history and curiosites
literary reviews
literature
literature - criticism and hist.
literature - criticism and history
literature - history and criticism
literature- periodicals
lithography
liturgies
liverpool
livestock
local and world news
local information
local interest
local news
london
london - societies
london exhibitions
lunacy
machinery
magazines
magazines presbyterian
magic
magnetism
maine law
malacology
male-female roles
manchester information
manners
manufacture
manufactures
manufacturing
maps
marine biology
marine engineering
market intelligence and local matters
marketing
marketing table
markets
marriage
masonic lists and information
masonry
mathematics
meat industry and trade
mechanic
mechanical
mechanical  engineering
mechanical trades
mechanics
mechanics and engineering
mechanics institutions
medical
medical / pharmaceutical chemistry
medical practice
medical practitioners
medical professional
medical student guide
medical universities
medical institutions
medical schools
medical societies
medice
medicine
medicine - research
medicine - societies
medicine - study and teaching
medicinemilitary medicine
medicineplants
medicines
memoranda
men
mercantile
metal
metal trade
metaphysics
meteorology
methodism
methodist church
microscopes and microscopy
microscopes and microscopy - societies
microscopic research
microscopy
military
military intelligence
military art and science
military art...
military science
militia
mills
mineralogy
mines
mines and mineral resources
mines de diamant
mines diverses
mining
mining engineering
missionaries
missionary
missions
missions - societies
modern - study and teaching
mollusca
money markets
monopolies
monstrosity
monuments
moon
moon phases
moral
moral and political philosophy
moral and religious
morality
morals of trade
moravian
moravians
mortality
motherhood
motor cars
municipal improvement
music
music - criticism and history
music - study and teaching
music, popular
mysticism
mythology
nairn - directories
names of officers
national issues
nationalism
nationalist
natives
natural history
natural history - associations
natural history - clubs
natural history - societies
natural history and applied science
natural history and vertebrate zoology
natural medicine
natural science
natural science - societies
natural theology
naturalism
naturalists
nature
nature study
nautical
nautical information
naval and mercantile societies in england
naval battles
naval information
navigation
navy
negroes
nepal
new world
new zealand
news
newspapers
newspapers monthly
newspapers, chartist
newton - directories
nobility
nonconformity
nonpublic schools
north america
norway
novels
nurseries
nursery
nurses
obituaries
obstetrics
occult sciences
ocean travel
oddfellows
office employees
officers of the university
offices
officials
old catholics
old age pensions
old almanacs
opera
oppression
optics
original papers
orithology
ornamental design
ornithology
orphans  and  orphans' homes
orphans and orphans' homes
otology
oxford movement
painting
palaeobotany
palaeography
palaeontography
palaeontology
paleontology
pantomimes
paper manufacturers
paper making and trade
paris exhibition
paris universal exhibition
parish magazines
parishes
parishes - directories
parliament
parliament of england
parliamentary register
parliamentary reporting
parochial schools
pastimes
pastors
patents
pathology
patronage
pauperism
peace
pediatrics
penal codes
persia
petrology
pets
pharmaceutical
pharmacy
philology
philosophy
philosophy - societies
philosophy- philanthropy
phonetic spelling
phonograph
phonography
photography
phrenology
physical
physical and mathematics
physical education and training
physical sciences
physicians
physics
physiology
pigs
pilgrims and pilgrimages
plants
plays
plymouth general information
pocket book
poems
poetry
poetry and prose
poland
police
polite literature
political
political campaigns
political science
political- capital punishment
politics
politics and christianity
politics and government
polytechnics
poor
poor law
pope
popular science
population
portraits
portugal
post office
postage
postage information
postage rates
postal service
potatoes
pottery
poultry
poverty
practical microscopy
practitioners
prayer
preachers
preaching
predictions
predictions of coming events
prehistoric archaeology
presbyterian
presbyterian church
presbyterian church - biography
presbyterian church - associations
presbyterian church - history
presbyterian church - missions
presbyterian church - societies
prices
primary education
printing
prisons
private theatricals
property
prophecies
prose
prostitution
protection - associations
protection of children
protestant
protestantism
psalmody
psychical research
psychology
public schools
public welfare
public works
public abuses
public administration
public affairs
public health
public institutions
public libraries
public medical service
pugilism
pulpit
puzzles
pythagoric life
quarterly
queen victoria
queen's ministers
race
racing
radical
railroads
railroads - directories
railroads - directories , timetables
railways
readers
readings
receipts
recipes
recreation
recreative science
rectors
reform
reformatories
reformer
register
register of miscellanies
registers of births
registration of designs
relief church
religion
religion - annual reports
religion - associations
religion and education
religious
religious transportation, timetables
religious educat.
religious education
religious history
religious information
religious liberty
religious literature
religious music
religious readings for each month
rent
rental accommodation
repli
repository
representative government and representation
retail trade
reviews
revivals
rhetoric
riddles
river
rochdale information
roman catholic church
rome
rooming houses
rowing
royal almanack
royal family
royal visits
royalty
rugby
runcorn - directories
rural life
russia
sabbatarianism
sabbath schools
sacred music
sailors
salvation army
sanitary engineering
sanitation
satire
schools
science
science - annual reports
science and medicine
science and technology
science- societies
science-chemistry
science[?]
sciences
scientific societies
scientific discoveries
scotch
scotland
scottish literature
scriptural holiness
scriptural information
scripture quotations for each day
scripture readings
sculpture
seamen
secession church
securities
seeds
serialized literary publications
serials
sermons
sewage treatment
shakespeare
sheet almanacs
shipbuilding
shipments of coal
shipping
shipping - directories, timetables
shipping and commercial
shipping news
ships
shipwrecks
shooting
short stories
sickness
singing
slavery
smoking
social
social problems
social and domestic life
social conditions
social facts
social progress
social reform
social sciences
social work
socialism
socialist
societarian science
societies
societies - london
societies connected with science and art
society
sociology
soldiers
solicitor
songs
south africa
south america
spain
speeches
speleogy
sphinges/sphinxes
spiritual life
sports
squibs
st. helens - directories
stamp table
stamps
stars
state
statistics
steamboats
steamboats - directories, timetables
stock breeding
stock exchange
stocks
stories
study and teaching
style
suffolk information
suffrage
suffragist
sugar
sunday school union information
sunday schools
sunday calendar
sunday schools - associations
sunday schools - societies
surgeon
surgery
surveying
surveys of current periodicals
sweden
swedenborgianism
swimming
switzerland
table of stamps
tables
tactics
tailoring
tannery
tariff
taxation
taxes
teachers
teachers and teaching
teaching
technical education
technical educat.
technical schools
technology
telegraph
temperance
temperance - societies
temperance societies and information
tennis
tenure
testacellidae
textile
textile industry and fabrics
theatre
theatre art
theatre reviews
theatrical criticism
theology
theology - study and teaching
theosophy
tides
timber
timetables
tobacconist
tools
topographical writing
topography
tourist trade
towns
towns - directories
tractarianism
trade
trade - directories
trade marks
trade unions
trade, boards of
trades
tramway
transportation
transportation - directories
travel
trees
tricycles
trolley
tuberculosis
turkey
turning
tyldesley - directories
undertakers and undertaking
unions
unitarian
unitarianism
unitarianism - societies
united free church
united states of america
universalism
universities
university
university intelligence
university periodicals
upper classes
urban planning
vaccination
vatican
vegetables
vegetation
vessel
veterinary
veterinary medicine
vice
visitor's guide
voluntaryism
wages table
wales
war
warrington - directories
watchmakers
water
water supply
water companies
weather
weather forecasting
weaving
weekly
weights
weights and measures
welfare
west indies
west suffolk and north essex information
widnes - directories
widows
wigan - directories
wills
wine
wit and humour
women
women - periodicals
women - religious life
women fashion
women's issues
women's reform movements
women's studies art
woodcuts
wool
working class
world
world issues
writers
yacht racing
yachting
yachts and yachting
yarmouth
yearbook
yearbooks
yiddish
yorkshire and halifax information
youth
youth - periodicals
zonitidae
zoology
zoology and botany
zoology and entomology
ancient music
