ANNALEN DER PHARMACIE
AVERAGE PRICES OF CORN AND OATMEAL
BREWERS' JOURNAL AND HOP AND MALT TRADES' REVIEW
CAB TRADE RECORD
CHAIN MAKERS' JOURNAL AND TRADES' CIRCULAR OF THE NORTH STAFFORDSHIRE AND WALES
CHELTENHAM NATURAL SCIENCE SOCIETY
CHESTER SOCIETY OF NATURAL SCIENCE, LITERATURE AND ART
CORN CIRCULAR
GARDENER
HARROGATE AND DISTRICT CO-OPERATIVE SOCIETY
JOURNAL EXPLANATORY OF MEANS TO WELL-PLACE, WELL-EMPLOY AND WELL-EDUCATE THE POPULATION OF THE WORLD
JUVENILE ALBUM
LABOUR LEAF
LEAN'S ENGINE REPORTER
LEICESTER DISTRICT CO-OPERATIVE RECORD
LONDONER BRIEFMARKEN-AUKTIONAR
MAGAZINE OF SCIENCE AND ARTISTS, ARCHITECTS AND BUILDERS' JOURNAL
MINERS' MONTHLY MAGAZINE
MINING, RAILWAY AND STEAM NAVIGATION GAZETTE AND COMMERCIAL REGISTER
MONTHLY IMPORTATION OF COAL, CULM, AND CINDERS
OLOMBIA COMMONWEALTH HERCULES
SOUTH WEST HAM WORKER
STRICT BAPTIST MISSION HERALD
THE CHESTER SOCIETY OF NATURAL SCIENCE, LITERATURE AND ART
THE GARDENER
THE JOURNAL EXPLANATORY OF MEANS TO WELL-PLACE, WELL-EMPLOY AND WELL-EDUCATE THE POPULATION OF THE WORLD
THE JUVENILE ALBUM
THE MAGAZINE OF SCIENCE AND ARTISTS, ARCHITECTS AND BUILDERS' JOURNAL
THE MINERS' MONTHLY MAGAZINE
THE OLOMBIA COMMONWEALTH HERCULES
